============================= test session starts ==============================
platform darwin -- Python 3.11.9, pytest-8.3.3, pluggy-1.5.0 -- /Users/tnguyen287/anaconda3/envs/ds/bin/python
cachedir: .pytest_cache
rootdir: /Users/tnguyen287/Documents/class_2024-2025/DS3500/HW_file/assignta
plugins: cov-6.0.0
collecting ... collected 6 items

test_assignta.py::test_evolve_with_time_limit PASSED                     [ 16%]
test_assignta.py::test_calculate_overallocation PASSED                   [ 33%]
test_assignta.py::test_calculate_conflicts PASSED                        [ 50%]
test_assignta.py::test_calculate_undersupport PASSED                     [ 66%]
test_assignta.py::test_calculate_unwilling PASSED                        [ 83%]
test_assignta.py::test_calculate_unpreferred PASSED                      [100%]

=============================== warnings summary ===============================
test_assignta.py: 814 warnings
  /Users/tnguyen287/Documents/class_2024-2025/DS3500/HW_file/assignta/assignta.py:52: FutureWarning: Series.__getitem__ treating keys as positions is deprecated. In a future version, integer keys will always be treated as labels (consistent with DataFrame behavior). To access a value by position, use `ser.iloc[pos]`
    unwilling_count += sum(preferences[assigned_sections.index[assigned_sections]] == 'U')

test_assignta.py: 814 warnings
  /Users/tnguyen287/Documents/class_2024-2025/DS3500/HW_file/assignta/assignta.py:61: FutureWarning: Series.__getitem__ treating keys as positions is deprecated. In a future version, integer keys will always be treated as labels (consistent with DataFrame behavior). To access a value by position, use `ser.iloc[pos]`
    unpreferred_count += sum(preferences[assigned_sections.index[assigned_sections]] == 'W')

-- Docs: https://docs.pytest.org/en/stable/how-to/capture-warnings.html
====================== 6 passed, 1628 warnings in 15.47s =======================
/Users/tnguyen287/anaconda3/bin/python /Applications/PyCharm.app/Contents/plugins/python-ce/helpers/pycharm/_jb_pytest_runner.py --path /Users/tnguyen287/Documents/class_2024-2025/DS3500/HW_file/assignta/test_assignta.py
Testing started at 4:51 PM ...
Launching pytest with arguments /Users/tnguyen287/Documents/class_2024-2025/DS3500/HW_file/assignta/test_assignta.py --no-header --no-summary -q in /Users/tnguyen287/Documents/class_2024-2025/DS3500/HW_file/assignta

============================= test session starts ==============================
collecting ... collected 6 items

test_assignta.py::test_evolve_with_time_limit TA Assignments (per TA): 0     1
1     3
2     2
3     2
4     2
5     1
6     1
7     3
8     4
9     3
10    1
11    1
12    3
13    2
14    4
15    1
16    2
17    2
18    2
19    1
20    3
21    1
22    3
23    3
24    5
25    1
26    3
27    1
28    2
29    2
30    2
31    2
32    2
33    1
34    0
35    0
36    1
37    3
38    3
39    4
40    3
41    3
42    1
dtype: int64
Overallocation penalty: 41
Time conflicts: 5
TA Counts per Section: 0      3
1      3
2      4
3      5
4      5
5      5
6      4
7      3
8      7
9      5
10    10
11     8
12     4
13     5
14     2
15    11
16     6
dtype: int64
Undersupport penalty: 0
PASSED                     [ 16%]TA Assignments (per TA): 0     2
1     3
2     2
3     2
4     2
5     1
6     1
7     3
8     4
9     3
10    1
11    1
12    3
13    2
14    4
15    1
16    2
17    2
18    2
19    1
20    3
21    1
22    3
23    3
24    5
25    1
26    3
27    1
28    2
29    2
30    2
31    2
32    2
33    1
34    0
35    0
36    1
37    3
38    3
39    4
40    3
41    3
42    1
dtype: int64
Overallocation penalty: 42
Time conflicts: 5
TA Counts per Section: 0      4
1      3
2      4
3      5
4      5
5      5
6      4
7      3
8      7
9      5
10    10
11     8
12     4
13     5
14     2
15    11
16     6
dtype: int64
Undersupport penalty: 0
Iteration: 0
Size: 1
(('overallocation', 41), ('conflicts', 5), ('undersupport', 0), ('unwilling', 58), ('unpreferred', 19)):	    0   1   2   3   4   5   6   7   8   9   10  11  12  13  14  15  16
0    0   0   0   0   0   0   0   0   0   0   0   1   0   0   0   0   0
1    0   1   1   0   0   0   0   0   0   0   1   0   0   0   0   0   0
2    0   0   0   0   1   0   0   0   0   0   1   0   0   0   0   0   0
3    0   0   0   0   0   0   0   0   0   1   1   0   0   0   0   0   0
4    0   0   0   0   1   0   0   0   0   0   1   0   0   0   0   0   0
5    0   0   1   0   0   0   0   0   0   0   0   0   0   0   0   0   0
6    0   0   0   0   0   0   0   0   0   0   0   1   0   0   0   0   0
7    0   0   0   1   0   0   0   0   1   0   0   0   0   0   0   1   0
8    0   0   0   0   0   0   1   0   0   0   0   0   0   1   0   1   1
9    1   0   0   0   0   0   0   0   0   0   0   0   1   0   0   0   1
10   0   1   0   0   0   0   0   0   0   0   0   0   0   0   0   0   0
11   0   0   0   0   0   0   0   0   1   0   0   0   0   0   0   0   0
12   0   0   0   1   0   0   0   0   0   0   0   0   0   1   0   0   1
13   0   0   0   0   0   0   0   0   0   0   0   0   0   1   0   1   0
14   0   0   0   0   1   0   0   1   1   0   0   0   0   0   0   1   0
15   0   0   0   0   0   0   0   0   0   1   0   0   0   0   0   0   0
16   0   0   0   0   0   0   0   0   1   0   0   0   1   0   0   0   0
17   0   0   1   0   0   0   0   0   0   0   1   0   0   0   0   0   0
18   0   1   0   0   0   0   0   0   0   1   0   0   0   0   0   0   0
19   0   0   0   0   0   0   0   0   0   0   0   1   0   0   0   0   0
20   0   0   0   1   0   1   0   0   0   0   0   1   0   0   0   0   0
21   0   0   0   0   0   0   0   0   0   0   0   0   1   0   0   0   0
22   0   0   0   0   0   0   1   0   0   1   1   0   0   0   0   0   0
23   0   0   0   0   0   0   0   0   0   0   1   0   0   0   1   0   1
24   0   0   1   0   0   1   0   1   0   0   1   1   0   0   0   0   0
25   0   0   0   0   0   0   1   0   0   0   0   0   0   0   0   0   0
26   0   0   0   1   0   0   0   0   0   0   0   1   0   0   0   1   0
27   1   0   0   0   0   0   0   0   0   0   0   0   0   0   0   0   0
28   1   0   0   0   0   0   0   0   0   0   0   0   0   0   0   0   1
29   0   0   0   0   0   0   0   0   0   0   0   0   0   1   0   1   0
30   0   0   0   0   0   0   0   0   1   0   0   0   1   0   0   0   0
31   0   0   0   0   0   1   0   0   0   0   0   0   0   1   0   0   0
32   0   0   0   0   0   0   0   0   0   0   1   0   0   0   0   0   1
33   0   0   0   0   0   0   0   0   1   0   0   0   0   0   0   0   0
34   0   0   0   0   0   0   0   0   0   0   0   0   0   0   0   0   0
35   0   0   0   0   0   0   0   0   0   0   0   0   0   0   0   0   0
36   0   0   0   0   0   0   0   0   1   0   0   0   0   0   0   0   0
37   0   0   0   0   0   0   0   0   0   1   0   1   0   0   0   1   0
38   0   0   0   0   1   0   0   0   0   0   1   0   0   0   0   1   0
39   0   0   0   1   1   0   1   0   0   0   0   0   0   0   1   0   0
40   0   0   0   0   0   1   0   0   0   0   0   1   0   0   0   1   0
41   0   0   0   0   0   1   0   1   0   0   0   0   0   0   0   1   0
42   0   0   0   0   0   0   0   0   0   0   0   0   0   0   0   1   0

TA Assignments (per TA): 0     2
1     3
2     2
3     2
4     2
5     1
6     1
7     3
8     4
9     3
10    1
11    1
12    3
13    2
14    4
15    1
16    2
17    2
18    2
19    1
20    3
21    1
22    3
23    3
24    5
25    1
26    3
27    1
28    2
29    2
30    2
31    2
32    2
33    1
34    0
35    0
36    1
37    3
38    3
39    4
40    3
41    3
42    1
dtype: int64
Overallocation penalty: 42
Time conflicts: 5
TA Counts per Section: 0      4
1      3
2      4
3      5
4      5
5      5
6      4
7      3
8      7
9      5
10    10
11     8
12     4
13     5
14     2
15    11
16     6
dtype: int64
Undersupport penalty: 0
TA Assignments (per TA): 0     2
1     3
2     2
3     2
4     2
5     1
6     1
7     3
8     4
9     3
10    1
11    1
12    3
13    2
14    4
15    1
16    2
17    2
18    2
19    1
20    3
21    1
22    3
23    3
24    5
25    1
26    3
27    1
28    2
29    2
30    2
31    2
32    2
33    1
34    0
35    0
36    1
37    3
38    3
39    4
40    3
41    3
42    1
dtype: int64
Overallocation penalty: 42
Time conflicts: 5
TA Counts per Section: 0      4
1      3
2      4
3      5
4      5
5      5
6      4
7      3
8      7
9      5
10    10
11     8
12     4
13     5
14     2
15    11
16     6
dtype: int64
Undersupport penalty: 0
TA Assignments (per TA): 0     3
1     3
2     2
3     2
4     2
5     1
6     1
7     3
8     4
9     3
10    1
11    1
12    3
13    2
14    4
15    1
16    2
17    2
18    2
19    1
20    3
21    1
22    3
23    3
24    5
25    1
26    3
27    1
28    2
29    2
30    2
31    2
32    2
33    1
34    0
35    0
36    1
37    3
38    3
39    4
40    3
41    3
42    1
dtype: int64
Overallocation penalty: 43
Time conflicts: 5
TA Counts per Section: 0      5
1      3
2      4
3      5
4      5
5      5
6      4
7      3
8      7
9      5
10    10
11     8
12     4
13     5
14     2
15    11
16     6
dtype: int64
Undersupport penalty: 0
TA Assignments (per TA): 0     4
1     3
2     2
3     2
4     2
5     1
6     1
7     3
8     4
9     3
10    1
11    1
12    3
13    2
14    4
15    1
16    2
17    2
18    2
19    1
20    3
21    1
22    3
23    3
24    5
25    1
26    3
27    1
28    2
29    2
30    2
31    2
32    2
33    1
34    0
35    0
36    1
37    3
38    3
39    4
40    3
41    3
42    1
dtype: int64
Overallocation penalty: 44
Time conflicts: 5
TA Counts per Section: 0      6
1      3
2      4
3      5
4      5
5      5
6      4
7      3
8      7
9      5
10    10
11     8
12     4
13     5
14     2
15    11
16     6
dtype: int64
Undersupport penalty: 0
TA Assignments (per TA): 0     3
1     3
2     2
3     2
4     2
5     1
6     1
7     3
8     4
9     3
10    1
11    1
12    3
13    2
14    4
15    1
16    2
17    2
18    2
19    1
20    3
21    1
22    3
23    3
24    5
25    1
26    3
27    1
28    2
29    2
30    2
31    2
32    2
33    1
34    0
35    0
36    1
37    3
38    3
39    4
40    3
41    3
42    1
dtype: int64
Overallocation penalty: 43
Time conflicts: 5
TA Counts per Section: 0      5
1      3
2      4
3      5
4      5
5      5
6      4
7      3
8      7
9      5
10    10
11     8
12     4
13     5
14     2
15    11
16     6
dtype: int64
Undersupport penalty: 0
TA Assignments (per TA): 0     5
1     3
2     2
3     2
4     2
5     1
6     1
7     3
8     4
9     3
10    1
11    1
12    3
13    2
14    4
15    1
16    2
17    2
18    2
19    1
20    3
21    1
22    3
23    3
24    5
25    1
26    3
27    1
28    2
29    2
30    2
31    2
32    2
33    1
34    0
35    0
36    1
37    3
38    3
39    4
40    3
41    3
42    1
dtype: int64
Overallocation penalty: 45
Time conflicts: 5
TA Counts per Section: 0      7
1      3
2      4
3      5
4      5
5      5
6      4
7      3
8      7
9      5
10    10
11     8
12     4
13     5
14     2
15    11
16     6
dtype: int64
Undersupport penalty: 0
TA Assignments (per TA): 0     6
1     3
2     2
3     2
4     2
5     1
6     1
7     3
8     4
9     3
10    1
11    1
12    3
13    2
14    4
15    1
16    2
17    2
18    2
19    1
20    3
21    1
22    3
23    3
24    5
25    1
26    3
27    1
28    2
29    2
30    2
31    2
32    2
33    1
34    0
35    0
36    1
37    3
38    3
39    4
40    3
41    3
42    1
dtype: int64
Overallocation penalty: 46
Time conflicts: 5
TA Counts per Section: 0      8
1      3
2      4
3      5
4      5
5      5
6      4
7      3
8      7
9      5
10    10
11     8
12     4
13     5
14     2
15    11
16     6
dtype: int64
Undersupport penalty: 0
TA Assignments (per TA): 0     3
1     3
2     2
3     2
4     2
5     1
6     1
7     3
8     4
9     3
10    1
11    1
12    3
13    2
14    4
15    1
16    2
17    2
18    2
19    1
20    3
21    1
22    3
23    3
24    5
25    1
26    3
27    1
28    2
29    2
30    2
31    2
32    2
33    1
34    0
35    0
36    1
37    3
38    3
39    4
40    3
41    3
42    1
dtype: int64
Overallocation penalty: 43
Time conflicts: 5
TA Counts per Section: 0      5
1      3
2      4
3      5
4      5
5      5
6      4
7      3
8      7
9      5
10    10
11     8
12     4
13     5
14     2
15    11
16     6
dtype: int64
Undersupport penalty: 0
TA Assignments (per TA): 0     2
1     3
2     2
3     2
4     2
5     1
6     1
7     3
8     4
9     3
10    1
11    1
12    3
13    2
14    4
15    1
16    2
17    2
18    2
19    1
20    3
21    1
22    3
23    3
24    5
25    1
26    3
27    1
28    2
29    2
30    2
31    2
32    2
33    1
34    0
35    0
36    1
37    3
38    3
39    4
40    3
41    3
42    1
dtype: int64
Overallocation penalty: 42
Time conflicts: 5
TA Counts per Section: 0      4
1      3
2      4
3      5
4      5
5      5
6      4
7      3
8      7
9      5
10    10
11     8
12     4
13     5
14     2
15    11
16     6
dtype: int64
Undersupport penalty: 0
TA Assignments (per TA): 0     4
1     3
2     2
3     2
4     2
5     1
6     1
7     3
8     4
9     3
10    1
11    1
12    3
13    2
14    4
15    1
16    2
17    2
18    2
19    1
20    3
21    1
22    3
23    3
24    5
25    1
26    3
27    1
28    2
29    2
30    2
31    2
32    2
33    1
34    0
35    0
36    1
37    3
38    3
39    4
40    3
41    3
42    1
dtype: int64
Overallocation penalty: 44
Time conflicts: 5
TA Counts per Section: 0      6
1      3
2      4
3      5
4      5
5      5
6      4
7      3
8      7
9      5
10    10
11     8
12     4
13     5
14     2
15    11
16     6
dtype: int64
Undersupport penalty: 0
TA Assignments (per TA): 0     5
1     3
2     2
3     2
4     2
5     1
6     1
7     3
8     4
9     3
10    1
11    1
12    3
13    2
14    4
15    1
16    2
17    2
18    2
19    1
20    3
21    1
22    3
23    3
24    5
25    1
26    3
27    1
28    2
29    2
30    2
31    2
32    2
33    1
34    0
35    0
36    1
37    3
38    3
39    4
40    3
41    3
42    1
dtype: int64
Overallocation penalty: 45
Time conflicts: 5
TA Counts per Section: 0      7
1      3
2      4
3      5
4      5
5      5
6      4
7      3
8      7
9      5
10    10
11     8
12     4
13     5
14     2
15    11
16     6
dtype: int64
Undersupport penalty: 0
TA Assignments (per TA): 0     4
1     3
2     2
3     2
4     2
5     1
6     1
7     3
8     4
9     3
10    1
11    1
12    3
13    2
14    4
15    1
16    2
17    2
18    2
19    1
20    3
21    1
22    3
23    3
24    5
25    1
26    3
27    1
28    2
29    2
30    2
31    2
32    2
33    1
34    0
35    0
36    1
37    3
38    3
39    4
40    3
41    3
42    1
dtype: int64
Overallocation penalty: 44
Time conflicts: 5
TA Counts per Section: 0      6
1      3
2      4
3      5
4      5
5      5
6      4
7      3
8      7
9      5
10    10
11     8
12     4
13     5
14     2
15    11
16     6
dtype: int64
Undersupport penalty: 0
TA Assignments (per TA): 0     5
1     3
2     2
3     2
4     2
5     1
6     1
7     3
8     4
9     3
10    1
11    1
12    3
13    2
14    4
15    1
16    2
17    2
18    2
19    1
20    3
21    1
22    3
23    3
24    5
25    1
26    3
27    1
28    2
29    2
30    2
31    2
32    2
33    1
34    0
35    0
36    1
37    3
38    3
39    4
40    3
41    3
42    1
dtype: int64
Overallocation penalty: 45
Time conflicts: 5
TA Counts per Section: 0      7
1      3
2      4
3      5
4      5
5      5
6      4
7      3
8      7
9      5
10    10
11     8
12     4
13     5
14     2
15    11
16     6
dtype: int64
Undersupport penalty: 0
TA Assignments (per TA): 0     6
1     3
2     2
3     2
4     2
5     1
6     1
7     3
8     4
9     3
10    1
11    1
12    3
13    2
14    4
15    1
16    2
17    2
18    2
19    1
20    3
21    1
22    3
23    3
24    5
25    1
26    3
27    1
28    2
29    2
30    2
31    2
32    2
33    1
34    0
35    0
36    1
37    3
38    3
39    4
40    3
41    3
42    1
dtype: int64
Overallocation penalty: 46
Time conflicts: 5
TA Counts per Section: 0      8
1      3
2      4
3      5
4      5
5      5
6      4
7      3
8      7
9      5
10    10
11     8
12     4
13     5
14     2
15    11
16     6
dtype: int64
Undersupport penalty: 0
TA Assignments (per TA): 0     7
1     3
2     2
3     2
4     2
5     1
6     1
7     3
8     4
9     3
10    1
11    1
12    3
13    2
14    4
15    1
16    2
17    2
18    2
19    1
20    3
21    1
22    3
23    3
24    5
25    1
26    3
27    1
28    2
29    2
30    2
31    2
32    2
33    1
34    0
35    0
36    1
37    3
38    3
39    4
40    3
41    3
42    1
dtype: int64
Overallocation penalty: 47
Time conflicts: 5
TA Counts per Section: 0      9
1      3
2      4
3      5
4      5
5      5
6      4
7      3
8      7
9      5
10    10
11     8
12     4
13     5
14     2
15    11
16     6
dtype: int64
Undersupport penalty: 0
TA Assignments (per TA): 0     6
1     3
2     2
3     2
4     2
5     1
6     1
7     3
8     4
9     3
10    1
11    1
12    3
13    2
14    4
15    1
16    2
17    2
18    2
19    1
20    3
21    1
22    3
23    3
24    5
25    1
26    3
27    1
28    2
29    2
30    2
31    2
32    2
33    1
34    0
35    0
36    1
37    3
38    3
39    4
40    3
41    3
42    1
dtype: int64
Overallocation penalty: 46
Time conflicts: 5
TA Counts per Section: 0      8
1      3
2      4
3      5
4      5
5      5
6      4
7      3
8      7
9      5
10    10
11     8
12     4
13     5
14     2
15    11
16     6
dtype: int64
Undersupport penalty: 0
TA Assignments (per TA): 0     2
1     3
2     2
3     2
4     2
5     1
6     1
7     3
8     4
9     3
10    1
11    1
12    3
13    2
14    4
15    1
16    2
17    2
18    2
19    1
20    3
21    1
22    3
23    3
24    5
25    1
26    3
27    1
28    2
29    2
30    2
31    2
32    2
33    1
34    0
35    0
36    1
37    3
38    3
39    4
40    3
41    3
42    1
dtype: int64
Overallocation penalty: 42
Time conflicts: 5
TA Counts per Section: 0      4
1      3
2      4
3      5
4      5
5      5
6      4
7      3
8      7
9      5
10    10
11     8
12     4
13     5
14     2
15    11
16     6
dtype: int64
Undersupport penalty: 0
TA Assignments (per TA): 0     2
1     3
2     2
3     2
4     2
5     1
6     1
7     3
8     4
9     3
10    1
11    1
12    3
13    2
14    4
15    1
16    2
17    2
18    2
19    1
20    3
21    1
22    3
23    3
24    5
25    1
26    3
27    1
28    2
29    2
30    2
31    2
32    2
33    1
34    0
35    0
36    1
37    3
38    3
39    4
40    3
41    3
42    1
dtype: int64
Overallocation penalty: 42
Time conflicts: 5
TA Counts per Section: 0      4
1      3
2      4
3      5
4      5
5      5
6      4
7      3
8      7
9      5
10    10
11     8
12     4
13     5
14     2
15    11
16     6
dtype: int64
Undersupport penalty: 0
TA Assignments (per TA): 0     8
1     3
2     2
3     2
4     2
5     1
6     1
7     3
8     4
9     3
10    1
11    1
12    3
13    2
14    4
15    1
16    2
17    2
18    2
19    1
20    3
21    1
22    3
23    3
24    5
25    1
26    3
27    1
28    2
29    2
30    2
31    2
32    2
33    1
34    0
35    0
36    1
37    3
38    3
39    4
40    3
41    3
42    1
dtype: int64
Overallocation penalty: 48
Time conflicts: 5
TA Counts per Section: 0     10
1      3
2      4
3      5
4      5
5      5
6      4
7      3
8      7
9      5
10    10
11     8
12     4
13     5
14     2
15    11
16     6
dtype: int64
Undersupport penalty: 0
TA Assignments (per TA): 0     8
1     3
2     2
3     2
4     2
5     1
6     1
7     3
8     4
9     3
10    1
11    1
12    3
13    2
14    4
15    1
16    2
17    2
18    2
19    1
20    3
21    1
22    3
23    3
24    5
25    1
26    3
27    1
28    2
29    2
30    2
31    2
32    2
33    1
34    0
35    0
36    1
37    3
38    3
39    4
40    3
41    3
42    1
dtype: int64
Overallocation penalty: 48
Time conflicts: 5
TA Counts per Section: 0     10
1      3
2      4
3      5
4      5
5      5
6      4
7      3
8      7
9      5
10    10
11     8
12     4
13     5
14     2
15    11
16     6
dtype: int64
Undersupport penalty: 0
TA Assignments (per TA): 0     4
1     3
2     2
3     2
4     2
5     1
6     1
7     3
8     4
9     3
10    1
11    1
12    3
13    2
14    4
15    1
16    2
17    2
18    2
19    1
20    3
21    1
22    3
23    3
24    5
25    1
26    3
27    1
28    2
29    2
30    2
31    2
32    2
33    1
34    0
35    0
36    1
37    3
38    3
39    4
40    3
41    3
42    1
dtype: int64
Overallocation penalty: 44
Time conflicts: 5
TA Counts per Section: 0      6
1      3
2      4
3      5
4      5
5      5
6      4
7      3
8      7
9      5
10    10
11     8
12     4
13     5
14     2
15    11
16     6
dtype: int64
Undersupport penalty: 0
TA Assignments (per TA): 0     3
1     3
2     2
3     2
4     2
5     1
6     1
7     3
8     4
9     3
10    1
11    1
12    3
13    2
14    4
15    1
16    2
17    2
18    2
19    1
20    3
21    1
22    3
23    3
24    5
25    1
26    3
27    1
28    2
29    2
30    2
31    2
32    2
33    1
34    0
35    0
36    1
37    3
38    3
39    4
40    3
41    3
42    1
dtype: int64
Overallocation penalty: 43
Time conflicts: 5
TA Counts per Section: 0      5
1      3
2      4
3      5
4      5
5      5
6      4
7      3
8      7
9      5
10    10
11     8
12     4
13     5
14     2
15    11
16     6
dtype: int64
Undersupport penalty: 0
TA Assignments (per TA): 0     3
1     3
2     2
3     2
4     2
5     1
6     1
7     3
8     4
9     3
10    1
11    1
12    3
13    2
14    4
15    1
16    2
17    2
18    2
19    1
20    3
21    1
22    3
23    3
24    5
25    1
26    3
27    1
28    2
29    2
30    2
31    2
32    2
33    1
34    0
35    0
36    1
37    3
38    3
39    4
40    3
41    3
42    1
dtype: int64
Overallocation penalty: 43
Time conflicts: 5
TA Counts per Section: 0      5
1      3
2      4
3      5
4      5
5      5
6      4
7      3
8      7
9      5
10    10
11     8
12     4
13     5
14     2
15    11
16     6
dtype: int64
Undersupport penalty: 0
TA Assignments (per TA): 0     2
1     3
2     2
3     2
4     2
5     1
6     1
7     3
8     4
9     3
10    1
11    1
12    3
13    2
14    4
15    1
16    2
17    2
18    2
19    1
20    3
21    1
22    3
23    3
24    5
25    1
26    3
27    1
28    2
29    2
30    2
31    2
32    2
33    1
34    0
35    0
36    1
37    3
38    3
39    4
40    3
41    3
42    1
dtype: int64
Overallocation penalty: 42
Time conflicts: 5
TA Counts per Section: 0      4
1      3
2      4
3      5
4      5
5      5
6      4
7      3
8      7
9      5
10    10
11     8
12     4
13     5
14     2
15    11
16     6
dtype: int64
Undersupport penalty: 0
TA Assignments (per TA): 0     6
1     3
2     2
3     2
4     2
5     1
6     1
7     3
8     4
9     3
10    1
11    1
12    3
13    2
14    4
15    1
16    2
17    2
18    2
19    1
20    3
21    1
22    3
23    3
24    5
25    1
26    3
27    1
28    2
29    2
30    2
31    2
32    2
33    1
34    0
35    0
36    1
37    3
38    3
39    4
40    3
41    3
42    1
dtype: int64
Overallocation penalty: 46
Time conflicts: 5
TA Counts per Section: 0      8
1      3
2      4
3      5
4      5
5      5
6      4
7      3
8      7
9      5
10    10
11     8
12     4
13     5
14     2
15    11
16     6
dtype: int64
Undersupport penalty: 0
TA Assignments (per TA): 0     6
1     3
2     2
3     2
4     2
5     1
6     1
7     3
8     4
9     3
10    1
11    1
12    3
13    2
14    4
15    1
16    2
17    2
18    2
19    1
20    3
21    1
22    3
23    3
24    5
25    1
26    3
27    1
28    2
29    2
30    2
31    2
32    2
33    1
34    0
35    0
36    1
37    3
38    3
39    4
40    3
41    3
42    1
dtype: int64
Overallocation penalty: 46
Time conflicts: 5
TA Counts per Section: 0      8
1      3
2      4
3      5
4      5
5      5
6      4
7      3
8      7
9      5
10    10
11     8
12     4
13     5
14     2
15    11
16     6
dtype: int64
Undersupport penalty: 0
TA Assignments (per TA): 0     5
1     3
2     2
3     2
4     2
5     1
6     1
7     3
8     4
9     3
10    1
11    1
12    3
13    2
14    4
15    1
16    2
17    2
18    2
19    1
20    3
21    1
22    3
23    3
24    5
25    1
26    3
27    1
28    2
29    2
30    2
31    2
32    2
33    1
34    0
35    0
36    1
37    3
38    3
39    4
40    3
41    3
42    1
dtype: int64
Overallocation penalty: 45
Time conflicts: 5
TA Counts per Section: 0      7
1      3
2      4
3      5
4      5
5      5
6      4
7      3
8      7
9      5
10    10
11     8
12     4
13     5
14     2
15    11
16     6
dtype: int64
Undersupport penalty: 0
TA Assignments (per TA): 0     4
1     3
2     2
3     2
4     2
5     1
6     1
7     3
8     4
9     3
10    1
11    1
12    3
13    2
14    4
15    1
16    2
17    2
18    2
19    1
20    3
21    1
22    3
23    3
24    5
25    1
26    3
27    1
28    2
29    2
30    2
31    2
32    2
33    1
34    0
35    0
36    1
37    3
38    3
39    4
40    3
41    3
42    1
dtype: int64
Overallocation penalty: 44
Time conflicts: 5
TA Counts per Section: 0      6
1      3
2      4
3      5
4      5
5      5
6      4
7      3
8      7
9      5
10    10
11     8
12     4
13     5
14     2
15    11
16     6
dtype: int64
Undersupport penalty: 0
TA Assignments (per TA): 0     8
1     3
2     2
3     2
4     2
5     1
6     1
7     3
8     4
9     3
10    1
11    1
12    3
13    2
14    4
15    1
16    2
17    2
18    2
19    1
20    3
21    1
22    3
23    3
24    5
25    1
26    3
27    1
28    2
29    2
30    2
31    2
32    2
33    1
34    0
35    0
36    1
37    3
38    3
39    4
40    3
41    3
42    1
dtype: int64
Overallocation penalty: 48
Time conflicts: 5
TA Counts per Section: 0     10
1      3
2      4
3      5
4      5
5      5
6      4
7      3
8      7
9      5
10    10
11     8
12     4
13     5
14     2
15    11
16     6
dtype: int64
Undersupport penalty: 0
TA Assignments (per TA): 0     7
1     3
2     2
3     2
4     2
5     1
6     1
7     3
8     4
9     3
10    1
11    1
12    3
13    2
14    4
15    1
16    2
17    2
18    2
19    1
20    3
21    1
22    3
23    3
24    5
25    1
26    3
27    1
28    2
29    2
30    2
31    2
32    2
33    1
34    0
35    0
36    1
37    3
38    3
39    4
40    3
41    3
42    1
dtype: int64
Overallocation penalty: 47
Time conflicts: 5
TA Counts per Section: 0      9
1      3
2      4
3      5
4      5
5      5
6      4
7      3
8      7
9      5
10    10
11     8
12     4
13     5
14     2
15    11
16     6
dtype: int64
Undersupport penalty: 0
TA Assignments (per TA): 0     2
1     3
2     2
3     2
4     2
5     1
6     1
7     3
8     4
9     3
10    1
11    1
12    3
13    2
14    4
15    1
16    2
17    2
18    2
19    1
20    3
21    1
22    3
23    3
24    5
25    1
26    3
27    1
28    2
29    2
30    2
31    2
32    2
33    1
34    0
35    0
36    1
37    3
38    3
39    4
40    3
41    3
42    1
dtype: int64
Overallocation penalty: 42
Time conflicts: 5
TA Counts per Section: 0      4
1      3
2      4
3      5
4      5
5      5
6      4
7      3
8      7
9      5
10    10
11     8
12     4
13     5
14     2
15    11
16     6
dtype: int64
Undersupport penalty: 0
TA Assignments (per TA): 0     3
1     3
2     2
3     2
4     2
5     1
6     1
7     3
8     4
9     3
10    1
11    1
12    3
13    2
14    4
15    1
16    2
17    2
18    2
19    1
20    3
21    1
22    3
23    3
24    5
25    1
26    3
27    1
28    2
29    2
30    2
31    2
32    2
33    1
34    0
35    0
36    1
37    3
38    3
39    4
40    3
41    3
42    1
dtype: int64
Overallocation penalty: 43
Time conflicts: 5
TA Counts per Section: 0      5
1      3
2      4
3      5
4      5
5      5
6      4
7      3
8      7
9      5
10    10
11     8
12     4
13     5
14     2
15    11
16     6
dtype: int64
Undersupport penalty: 0
TA Assignments (per TA): 0     7
1     3
2     2
3     2
4     2
5     1
6     1
7     3
8     4
9     3
10    1
11    1
12    3
13    2
14    4
15    1
16    2
17    2
18    2
19    1
20    3
21    1
22    3
23    3
24    5
25    1
26    3
27    1
28    2
29    2
30    2
31    2
32    2
33    1
34    0
35    0
36    1
37    3
38    3
39    4
40    3
41    3
42    1
dtype: int64
Overallocation penalty: 47
Time conflicts: 5
TA Counts per Section: 0      9
1      3
2      4
3      5
4      5
5      5
6      4
7      3
8      7
9      5
10    10
11     8
12     4
13     5
14     2
15    11
16     6
dtype: int64
Undersupport penalty: 0
TA Assignments (per TA): 0     8
1     3
2     2
3     2
4     2
5     1
6     1
7     3
8     4
9     3
10    1
11    1
12    3
13    2
14    4
15    1
16    2
17    2
18    2
19    1
20    3
21    1
22    3
23    3
24    5
25    1
26    3
27    1
28    2
29    2
30    2
31    2
32    2
33    1
34    0
35    0
36    1
37    3
38    3
39    4
40    3
41    3
42    1
dtype: int64
Overallocation penalty: 48
Time conflicts: 5
TA Counts per Section: 0     10
1      3
2      4
3      5
4      5
5      5
6      4
7      3
8      7
9      5
10    10
11     8
12     4
13     5
14     2
15    11
16     6
dtype: int64
Undersupport penalty: 0
TA Assignments (per TA): 0     4
1     3
2     2
3     2
4     2
5     1
6     1
7     3
8     4
9     3
10    1
11    1
12    3
13    2
14    4
15    1
16    2
17    2
18    2
19    1
20    3
21    1
22    3
23    3
24    5
25    1
26    3
27    1
28    2
29    2
30    2
31    2
32    2
33    1
34    0
35    0
36    1
37    3
38    3
39    4
40    3
41    3
42    1
dtype: int64
Overallocation penalty: 44
Time conflicts: 5
TA Counts per Section: 0      6
1      3
2      4
3      5
4      5
5      5
6      4
7      3
8      7
9      5
10    10
11     8
12     4
13     5
14     2
15    11
16     6
dtype: int64
Undersupport penalty: 0
TA Assignments (per TA): 0     3
1     3
2     2
3     2
4     2
5     1
6     1
7     3
8     4
9     3
10    1
11    1
12    3
13    2
14    4
15    1
16    2
17    2
18    2
19    1
20    3
21    1
22    3
23    3
24    5
25    1
26    3
27    1
28    2
29    2
30    2
31    2
32    2
33    1
34    0
35    0
36    1
37    3
38    3
39    4
40    3
41    3
42    1
dtype: int64
Overallocation penalty: 43
Time conflicts: 5
TA Counts per Section: 0      5
1      3
2      4
3      5
4      5
5      5
6      4
7      3
8      7
9      5
10    10
11     8
12     4
13     5
14     2
15    11
16     6
dtype: int64
Undersupport penalty: 0
TA Assignments (per TA): 0     3
1     3
2     2
3     2
4     2
5     1
6     1
7     3
8     4
9     3
10    1
11    1
12    3
13    2
14    4
15    1
16    2
17    2
18    2
19    1
20    3
21    1
22    3
23    3
24    5
25    1
26    3
27    1
28    2
29    2
30    2
31    2
32    2
33    1
34    0
35    0
36    1
37    3
38    3
39    4
40    3
41    3
42    1
dtype: int64
Overallocation penalty: 43
Time conflicts: 5
TA Counts per Section: 0      5
1      3
2      4
3      5
4      5
5      5
6      4
7      3
8      7
9      5
10    10
11     8
12     4
13     5
14     2
15    11
16     6
dtype: int64
Undersupport penalty: 0
TA Assignments (per TA): 0     6
1     3
2     2
3     2
4     2
5     1
6     1
7     3
8     4
9     3
10    1
11    1
12    3
13    2
14    4
15    1
16    2
17    2
18    2
19    1
20    3
21    1
22    3
23    3
24    5
25    1
26    3
27    1
28    2
29    2
30    2
31    2
32    2
33    1
34    0
35    0
36    1
37    3
38    3
39    4
40    3
41    3
42    1
dtype: int64
Overallocation penalty: 46
Time conflicts: 5
TA Counts per Section: 0      8
1      3
2      4
3      5
4      5
5      5
6      4
7      3
8      7
9      5
10    10
11     8
12     4
13     5
14     2
15    11
16     6
dtype: int64
Undersupport penalty: 0
TA Assignments (per TA): 0     4
1     3
2     2
3     2
4     2
5     1
6     1
7     3
8     4
9     3
10    1
11    1
12    3
13    2
14    4
15    1
16    2
17    2
18    2
19    1
20    3
21    1
22    3
23    3
24    5
25    1
26    3
27    1
28    2
29    2
30    2
31    2
32    2
33    1
34    0
35    0
36    1
37    3
38    3
39    4
40    3
41    3
42    1
dtype: int64
Overallocation penalty: 44
Time conflicts: 5
TA Counts per Section: 0      6
1      3
2      4
3      5
4      5
5      5
6      4
7      3
8      7
9      5
10    10
11     8
12     4
13     5
14     2
15    11
16     6
dtype: int64
Undersupport penalty: 0
TA Assignments (per TA): 0     6
1     3
2     2
3     2
4     2
5     1
6     1
7     3
8     4
9     3
10    1
11    1
12    3
13    2
14    4
15    1
16    2
17    2
18    2
19    1
20    3
21    1
22    3
23    3
24    5
25    1
26    3
27    1
28    2
29    2
30    2
31    2
32    2
33    1
34    0
35    0
36    1
37    3
38    3
39    4
40    3
41    3
42    1
dtype: int64
Overallocation penalty: 46
Time conflicts: 5
TA Counts per Section: 0      8
1      3
2      4
3      5
4      5
5      5
6      4
7      3
8      7
9      5
10    10
11     8
12     4
13     5
14     2
15    11
16     6
dtype: int64
Undersupport penalty: 0
TA Assignments (per TA): 0     2
1     3
2     2
3     2
4     2
5     1
6     1
7     3
8     4
9     3
10    1
11    1
12    3
13    2
14    4
15    1
16    2
17    2
18    2
19    1
20    3
21    1
22    3
23    3
24    5
25    1
26    3
27    1
28    2
29    2
30    2
31    2
32    2
33    1
34    0
35    0
36    1
37    3
38    3
39    4
40    3
41    3
42    1
dtype: int64
Overallocation penalty: 42
Time conflicts: 5
TA Counts per Section: 0      4
1      3
2      4
3      5
4      5
5      5
6      4
7      3
8      7
9      5
10    10
11     8
12     4
13     5
14     2
15    11
16     6
dtype: int64
Undersupport penalty: 0
TA Assignments (per TA): 0     6
1     3
2     2
3     2
4     2
5     1
6     1
7     3
8     4
9     3
10    1
11    1
12    3
13    2
14    4
15    1
16    2
17    2
18    2
19    1
20    3
21    1
22    3
23    3
24    5
25    1
26    3
27    1
28    2
29    2
30    2
31    2
32    2
33    1
34    0
35    0
36    1
37    3
38    3
39    4
40    3
41    3
42    1
dtype: int64
Overallocation penalty: 46
Time conflicts: 5
TA Counts per Section: 0      8
1      3
2      4
3      5
4      5
5      5
6      4
7      3
8      7
9      5
10    10
11     8
12     4
13     5
14     2
15    11
16     6
dtype: int64
Undersupport penalty: 0
TA Assignments (per TA): 0     6
1     3
2     2
3     2
4     2
5     1
6     1
7     3
8     4
9     3
10    1
11    1
12    3
13    2
14    4
15    1
16    2
17    2
18    2
19    1
20    3
21    1
22    3
23    3
24    5
25    1
26    3
27    1
28    2
29    2
30    2
31    2
32    2
33    1
34    0
35    0
36    1
37    3
38    3
39    4
40    3
41    3
42    1
dtype: int64
Overallocation penalty: 46
Time conflicts: 5
TA Counts per Section: 0      8
1      3
2      4
3      5
4      5
5      5
6      4
7      3
8      7
9      5
10    10
11     8
12     4
13     5
14     2
15    11
16     6
dtype: int64
Undersupport penalty: 0
TA Assignments (per TA): 0     8
1     3
2     2
3     2
4     2
5     1
6     1
7     3
8     4
9     3
10    1
11    1
12    3
13    2
14    4
15    1
16    2
17    2
18    2
19    1
20    3
21    1
22    3
23    3
24    5
25    1
26    3
27    1
28    2
29    2
30    2
31    2
32    2
33    1
34    0
35    0
36    1
37    3
38    3
39    4
40    3
41    3
42    1
dtype: int64
Overallocation penalty: 48
Time conflicts: 5
TA Counts per Section: 0     10
1      3
2      4
3      5
4      5
5      5
6      4
7      3
8      7
9      5
10    10
11     8
12     4
13     5
14     2
15    11
16     6
dtype: int64
Undersupport penalty: 0
TA Assignments (per TA): 0     7
1     3
2     2
3     2
4     2
5     1
6     1
7     3
8     4
9     3
10    1
11    1
12    3
13    2
14    4
15    1
16    2
17    2
18    2
19    1
20    3
21    1
22    3
23    3
24    5
25    1
26    3
27    1
28    2
29    2
30    2
31    2
32    2
33    1
34    0
35    0
36    1
37    3
38    3
39    4
40    3
41    3
42    1
dtype: int64
Overallocation penalty: 47
Time conflicts: 5
TA Counts per Section: 0      9
1      3
2      4
3      5
4      5
5      5
6      4
7      3
8      7
9      5
10    10
11     8
12     4
13     5
14     2
15    11
16     6
dtype: int64
Undersupport penalty: 0
TA Assignments (per TA): 0     5
1     3
2     2
3     2
4     2
5     1
6     1
7     3
8     4
9     3
10    1
11    1
12    3
13    2
14    4
15    1
16    2
17    2
18    2
19    1
20    3
21    1
22    3
23    3
24    5
25    1
26    3
27    1
28    2
29    2
30    2
31    2
32    2
33    1
34    0
35    0
36    1
37    3
38    3
39    4
40    3
41    3
42    1
dtype: int64
Overallocation penalty: 45
Time conflicts: 5
TA Counts per Section: 0      7
1      3
2      4
3      5
4      5
5      5
6      4
7      3
8      7
9      5
10    10
11     8
12     4
13     5
14     2
15    11
16     6
dtype: int64
Undersupport penalty: 0
TA Assignments (per TA): 0     8
1     3
2     2
3     2
4     2
5     1
6     1
7     3
8     4
9     3
10    1
11    1
12    3
13    2
14    4
15    1
16    2
17    2
18    2
19    1
20    3
21    1
22    3
23    3
24    5
25    1
26    3
27    1
28    2
29    2
30    2
31    2
32    2
33    1
34    0
35    0
36    1
37    3
38    3
39    4
40    3
41    3
42    1
dtype: int64
Overallocation penalty: 48
Time conflicts: 5
TA Counts per Section: 0     10
1      3
2      4
3      5
4      5
5      5
6      4
7      3
8      7
9      5
10    10
11     8
12     4
13     5
14     2
15    11
16     6
dtype: int64
Undersupport penalty: 0
TA Assignments (per TA): 0     7
1     3
2     2
3     2
4     2
5     1
6     1
7     3
8     4
9     3
10    1
11    1
12    3
13    2
14    4
15    1
16    2
17    2
18    2
19    1
20    3
21    1
22    3
23    3
24    5
25    1
26    3
27    1
28    2
29    2
30    2
31    2
32    2
33    1
34    0
35    0
36    1
37    3
38    3
39    4
40    3
41    3
42    1
dtype: int64
Overallocation penalty: 47
Time conflicts: 5
TA Counts per Section: 0      9
1      3
2      4
3      5
4      5
5      5
6      4
7      3
8      7
9      5
10    10
11     8
12     4
13     5
14     2
15    11
16     6
dtype: int64
Undersupport penalty: 0
TA Assignments (per TA): 0     3
1     3
2     2
3     2
4     2
5     1
6     1
7     3
8     4
9     3
10    1
11    1
12    3
13    2
14    4
15    1
16    2
17    2
18    2
19    1
20    3
21    1
22    3
23    3
24    5
25    1
26    3
27    1
28    2
29    2
30    2
31    2
32    2
33    1
34    0
35    0
36    1
37    3
38    3
39    4
40    3
41    3
42    1
dtype: int64
Overallocation penalty: 43
Time conflicts: 5
TA Counts per Section: 0      5
1      3
2      4
3      5
4      5
5      5
6      4
7      3
8      7
9      5
10    10
11     8
12     4
13     5
14     2
15    11
16     6
dtype: int64
Undersupport penalty: 0
TA Assignments (per TA): 0     2
1     3
2     2
3     2
4     2
5     1
6     1
7     3
8     4
9     3
10    1
11    1
12    3
13    2
14    4
15    1
16    2
17    2
18    2
19    1
20    3
21    1
22    3
23    3
24    5
25    1
26    3
27    1
28    2
29    2
30    2
31    2
32    2
33    1
34    0
35    0
36    1
37    3
38    3
39    4
40    3
41    3
42    1
dtype: int64
Overallocation penalty: 42
Time conflicts: 5
TA Counts per Section: 0      4
1      3
2      4
3      5
4      5
5      5
6      4
7      3
8      7
9      5
10    10
11     8
12     4
13     5
14     2
15    11
16     6
dtype: int64
Undersupport penalty: 0
TA Assignments (per TA): 0     7
1     3
2     2
3     2
4     2
5     1
6     1
7     3
8     4
9     3
10    1
11    1
12    3
13    2
14    4
15    1
16    2
17    2
18    2
19    1
20    3
21    1
22    3
23    3
24    5
25    1
26    3
27    1
28    2
29    2
30    2
31    2
32    2
33    1
34    0
35    0
36    1
37    3
38    3
39    4
40    3
41    3
42    1
dtype: int64
Overallocation penalty: 47
Time conflicts: 5
TA Counts per Section: 0      9
1      3
2      4
3      5
4      5
5      5
6      4
7      3
8      7
9      5
10    10
11     8
12     4
13     5
14     2
15    11
16     6
dtype: int64
Undersupport penalty: 0
TA Assignments (per TA): 0     8
1     3
2     2
3     2
4     2
5     1
6     1
7     3
8     4
9     3
10    1
11    1
12    3
13    2
14    4
15    1
16    2
17    2
18    2
19    1
20    3
21    1
22    3
23    3
24    5
25    1
26    3
27    1
28    2
29    2
30    2
31    2
32    2
33    1
34    0
35    0
36    1
37    3
38    3
39    4
40    3
41    3
42    1
dtype: int64
Overallocation penalty: 48
Time conflicts: 5
TA Counts per Section: 0     10
1      3
2      4
3      5
4      5
5      5
6      4
7      3
8      7
9      5
10    10
11     8
12     4
13     5
14     2
15    11
16     6
dtype: int64
Undersupport penalty: 0
TA Assignments (per TA): 0     8
1     3
2     2
3     2
4     2
5     1
6     1
7     3
8     4
9     3
10    1
11    1
12    3
13    2
14    4
15    1
16    2
17    2
18    2
19    1
20    3
21    1
22    3
23    3
24    5
25    1
26    3
27    1
28    2
29    2
30    2
31    2
32    2
33    1
34    0
35    0
36    1
37    3
38    3
39    4
40    3
41    3
42    1
dtype: int64
Overallocation penalty: 48
Time conflicts: 5
TA Counts per Section: 0     10
1      3
2      4
3      5
4      5
5      5
6      4
7      3
8      7
9      5
10    10
11     8
12     4
13     5
14     2
15    11
16     6
dtype: int64
Undersupport penalty: 0
TA Assignments (per TA): 0     5
1     3
2     2
3     2
4     2
5     1
6     1
7     3
8     4
9     3
10    1
11    1
12    3
13    2
14    4
15    1
16    2
17    2
18    2
19    1
20    3
21    1
22    3
23    3
24    5
25    1
26    3
27    1
28    2
29    2
30    2
31    2
32    2
33    1
34    0
35    0
36    1
37    3
38    3
39    4
40    3
41    3
42    1
dtype: int64
Overallocation penalty: 45
Time conflicts: 5
TA Counts per Section: 0      7
1      3
2      4
3      5
4      5
5      5
6      4
7      3
8      7
9      5
10    10
11     8
12     4
13     5
14     2
15    11
16     6
dtype: int64
Undersupport penalty: 0
TA Assignments (per TA): 0     9
1     3
2     2
3     2
4     2
5     1
6     1
7     3
8     4
9     3
10    1
11    1
12    3
13    2
14    4
15    1
16    2
17    2
18    2
19    1
20    3
21    1
22    3
23    3
24    5
25    1
26    3
27    1
28    2
29    2
30    2
31    2
32    2
33    1
34    0
35    0
36    1
37    3
38    3
39    4
40    3
41    3
42    1
dtype: int64
Overallocation penalty: 49
Time conflicts: 5
TA Counts per Section: 0     11
1      3
2      4
3      5
4      5
5      5
6      4
7      3
8      7
9      5
10    10
11     8
12     4
13     5
14     2
15    11
16     6
dtype: int64
Undersupport penalty: 0
TA Assignments (per TA): 0     6
1     3
2     2
3     2
4     2
5     1
6     1
7     3
8     4
9     3
10    1
11    1
12    3
13    2
14    4
15    1
16    2
17    2
18    2
19    1
20    3
21    1
22    3
23    3
24    5
25    1
26    3
27    1
28    2
29    2
30    2
31    2
32    2
33    1
34    0
35    0
36    1
37    3
38    3
39    4
40    3
41    3
42    1
dtype: int64
Overallocation penalty: 46
Time conflicts: 5
TA Counts per Section: 0      8
1      3
2      4
3      5
4      5
5      5
6      4
7      3
8      7
9      5
10    10
11     8
12     4
13     5
14     2
15    11
16     6
dtype: int64
Undersupport penalty: 0
TA Assignments (per TA): 0     10
1      3
2      2
3      2
4      2
5      1
6      1
7      3
8      4
9      3
10     1
11     1
12     3
13     2
14     4
15     1
16     2
17     2
18     2
19     1
20     3
21     1
22     3
23     3
24     5
25     1
26     3
27     1
28     2
29     2
30     2
31     2
32     2
33     1
34     0
35     0
36     1
37     3
38     3
39     4
40     3
41     3
42     1
dtype: int64
Overallocation penalty: 50
Time conflicts: 5
TA Counts per Section: 0     12
1      3
2      4
3      5
4      5
5      5
6      4
7      3
8      7
9      5
10    10
11     8
12     4
13     5
14     2
15    11
16     6
dtype: int64
Undersupport penalty: 0
TA Assignments (per TA): 0     6
1     3
2     2
3     2
4     2
5     1
6     1
7     3
8     4
9     3
10    1
11    1
12    3
13    2
14    4
15    1
16    2
17    2
18    2
19    1
20    3
21    1
22    3
23    3
24    5
25    1
26    3
27    1
28    2
29    2
30    2
31    2
32    2
33    1
34    0
35    0
36    1
37    3
38    3
39    4
40    3
41    3
42    1
dtype: int64
Overallocation penalty: 46
Time conflicts: 5
TA Counts per Section: 0      8
1      3
2      4
3      5
4      5
5      5
6      4
7      3
8      7
9      5
10    10
11     8
12     4
13     5
14     2
15    11
16     6
dtype: int64
Undersupport penalty: 0
TA Assignments (per TA): 0     6
1     3
2     2
3     2
4     2
5     1
6     1
7     3
8     4
9     3
10    1
11    1
12    3
13    2
14    4
15    1
16    2
17    2
18    2
19    1
20    3
21    1
22    3
23    3
24    5
25    1
26    3
27    1
28    2
29    2
30    2
31    2
32    2
33    1
34    0
35    0
36    1
37    3
38    3
39    4
40    3
41    3
42    1
dtype: int64
Overallocation penalty: 46
Time conflicts: 5
TA Counts per Section: 0      8
1      3
2      4
3      5
4      5
5      5
6      4
7      3
8      7
9      5
10    10
11     8
12     4
13     5
14     2
15    11
16     6
dtype: int64
Undersupport penalty: 0
TA Assignments (per TA): 0     7
1     3
2     2
3     2
4     2
5     1
6     1
7     3
8     4
9     3
10    1
11    1
12    3
13    2
14    4
15    1
16    2
17    2
18    2
19    1
20    3
21    1
22    3
23    3
24    5
25    1
26    3
27    1
28    2
29    2
30    2
31    2
32    2
33    1
34    0
35    0
36    1
37    3
38    3
39    4
40    3
41    3
42    1
dtype: int64
Overallocation penalty: 47
Time conflicts: 5
TA Counts per Section: 0      9
1      3
2      4
3      5
4      5
5      5
6      4
7      3
8      7
9      5
10    10
11     8
12     4
13     5
14     2
15    11
16     6
dtype: int64
Undersupport penalty: 0
TA Assignments (per TA): 0     7
1     3
2     2
3     2
4     2
5     1
6     1
7     3
8     4
9     3
10    1
11    1
12    3
13    2
14    4
15    1
16    2
17    2
18    2
19    1
20    3
21    1
22    3
23    3
24    5
25    1
26    3
27    1
28    2
29    2
30    2
31    2
32    2
33    1
34    0
35    0
36    1
37    3
38    3
39    4
40    3
41    3
42    1
dtype: int64
Overallocation penalty: 47
Time conflicts: 5
TA Counts per Section: 0      9
1      3
2      4
3      5
4      5
5      5
6      4
7      3
8      7
9      5
10    10
11     8
12     4
13     5
14     2
15    11
16     6
dtype: int64
Undersupport penalty: 0
TA Assignments (per TA): 0     10
1      3
2      2
3      2
4      2
5      1
6      1
7      3
8      4
9      3
10     1
11     1
12     3
13     2
14     4
15     1
16     2
17     2
18     2
19     1
20     3
21     1
22     3
23     3
24     5
25     1
26     3
27     1
28     2
29     2
30     2
31     2
32     2
33     1
34     0
35     0
36     1
37     3
38     3
39     4
40     3
41     3
42     1
dtype: int64
Overallocation penalty: 50
Time conflicts: 5
TA Counts per Section: 0     12
1      3
2      4
3      5
4      5
5      5
6      4
7      3
8      7
9      5
10    10
11     8
12     4
13     5
14     2
15    11
16     6
dtype: int64
Undersupport penalty: 0
TA Assignments (per TA): 0     2
1     3
2     2
3     2
4     2
5     1
6     1
7     3
8     4
9     3
10    1
11    1
12    3
13    2
14    4
15    1
16    2
17    2
18    2
19    1
20    3
21    1
22    3
23    3
24    5
25    1
26    3
27    1
28    2
29    2
30    2
31    2
32    2
33    1
34    0
35    0
36    1
37    3
38    3
39    4
40    3
41    3
42    1
dtype: int64
Overallocation penalty: 42
Time conflicts: 5
TA Counts per Section: 0      4
1      3
2      4
3      5
4      5
5      5
6      4
7      3
8      7
9      5
10    10
11     8
12     4
13     5
14     2
15    11
16     6
dtype: int64
Undersupport penalty: 0
TA Assignments (per TA): 0     7
1     3
2     2
3     2
4     2
5     1
6     1
7     3
8     4
9     3
10    1
11    1
12    3
13    2
14    4
15    1
16    2
17    2
18    2
19    1
20    3
21    1
22    3
23    3
24    5
25    1
26    3
27    1
28    2
29    2
30    2
31    2
32    2
33    1
34    0
35    0
36    1
37    3
38    3
39    4
40    3
41    3
42    1
dtype: int64
Overallocation penalty: 47
Time conflicts: 5
TA Counts per Section: 0      9
1      3
2      4
3      5
4      5
5      5
6      4
7      3
8      7
9      5
10    10
11     8
12     4
13     5
14     2
15    11
16     6
dtype: int64
Undersupport penalty: 0
TA Assignments (per TA): 0     9
1     3
2     2
3     2
4     2
5     1
6     1
7     3
8     4
9     3
10    1
11    1
12    3
13    2
14    4
15    1
16    2
17    2
18    2
19    1
20    3
21    1
22    3
23    3
24    5
25    1
26    3
27    1
28    2
29    2
30    2
31    2
32    2
33    1
34    0
35    0
36    1
37    3
38    3
39    4
40    3
41    3
42    1
dtype: int64
Overallocation penalty: 49
Time conflicts: 5
TA Counts per Section: 0     11
1      3
2      4
3      5
4      5
5      5
6      4
7      3
8      7
9      5
10    10
11     8
12     4
13     5
14     2
15    11
16     6
dtype: int64
Undersupport penalty: 0
TA Assignments (per TA): 0     11
1      3
2      2
3      2
4      2
5      1
6      1
7      3
8      4
9      3
10     1
11     1
12     3
13     2
14     4
15     1
16     2
17     2
18     2
19     1
20     3
21     1
22     3
23     3
24     5
25     1
26     3
27     1
28     2
29     2
30     2
31     2
32     2
33     1
34     0
35     0
36     1
37     3
38     3
39     4
40     3
41     3
42     1
dtype: int64
Overallocation penalty: 51
Time conflicts: 5
TA Counts per Section: 0     13
1      3
2      4
3      5
4      5
5      5
6      4
7      3
8      7
9      5
10    10
11     8
12     4
13     5
14     2
15    11
16     6
dtype: int64
Undersupport penalty: 0
TA Assignments (per TA): 0     10
1      3
2      2
3      2
4      2
5      1
6      1
7      3
8      4
9      3
10     1
11     1
12     3
13     2
14     4
15     1
16     2
17     2
18     2
19     1
20     3
21     1
22     3
23     3
24     5
25     1
26     3
27     1
28     2
29     2
30     2
31     2
32     2
33     1
34     0
35     0
36     1
37     3
38     3
39     4
40     3
41     3
42     1
dtype: int64
Overallocation penalty: 50
Time conflicts: 5
TA Counts per Section: 0     12
1      3
2      4
3      5
4      5
5      5
6      4
7      3
8      7
9      5
10    10
11     8
12     4
13     5
14     2
15    11
16     6
dtype: int64
Undersupport penalty: 0
TA Assignments (per TA): 0     8
1     3
2     2
3     2
4     2
5     1
6     1
7     3
8     4
9     3
10    1
11    1
12    3
13    2
14    4
15    1
16    2
17    2
18    2
19    1
20    3
21    1
22    3
23    3
24    5
25    1
26    3
27    1
28    2
29    2
30    2
31    2
32    2
33    1
34    0
35    0
36    1
37    3
38    3
39    4
40    3
41    3
42    1
dtype: int64
Overallocation penalty: 48
Time conflicts: 5
TA Counts per Section: 0     10
1      3
2      4
3      5
4      5
5      5
6      4
7      3
8      7
9      5
10    10
11     8
12     4
13     5
14     2
15    11
16     6
dtype: int64
Undersupport penalty: 0
TA Assignments (per TA): 0     9
1     3
2     2
3     2
4     2
5     1
6     1
7     3
8     4
9     3
10    1
11    1
12    3
13    2
14    4
15    1
16    2
17    2
18    2
19    1
20    3
21    1
22    3
23    3
24    5
25    1
26    3
27    1
28    2
29    2
30    2
31    2
32    2
33    1
34    0
35    0
36    1
37    3
38    3
39    4
40    3
41    3
42    1
dtype: int64
Overallocation penalty: 49
Time conflicts: 5
TA Counts per Section: 0     11
1      3
2      4
3      5
4      5
5      5
6      4
7      3
8      7
9      5
10    10
11     8
12     4
13     5
14     2
15    11
16     6
dtype: int64
Undersupport penalty: 0
TA Assignments (per TA): 0     8
1     3
2     2
3     2
4     2
5     1
6     1
7     3
8     4
9     3
10    1
11    1
12    3
13    2
14    4
15    1
16    2
17    2
18    2
19    1
20    3
21    1
22    3
23    3
24    5
25    1
26    3
27    1
28    2
29    2
30    2
31    2
32    2
33    1
34    0
35    0
36    1
37    3
38    3
39    4
40    3
41    3
42    1
dtype: int64
Overallocation penalty: 48
Time conflicts: 5
TA Counts per Section: 0     10
1      3
2      4
3      5
4      5
5      5
6      4
7      3
8      7
9      5
10    10
11     8
12     4
13     5
14     2
15    11
16     6
dtype: int64
Undersupport penalty: 0
TA Assignments (per TA): 0     7
1     3
2     2
3     2
4     2
5     1
6     1
7     3
8     4
9     3
10    1
11    1
12    3
13    2
14    4
15    1
16    2
17    2
18    2
19    1
20    3
21    1
22    3
23    3
24    5
25    1
26    3
27    1
28    2
29    2
30    2
31    2
32    2
33    1
34    0
35    0
36    1
37    3
38    3
39    4
40    3
41    3
42    1
dtype: int64
Overallocation penalty: 47
Time conflicts: 5
TA Counts per Section: 0      9
1      3
2      4
3      5
4      5
5      5
6      4
7      3
8      7
9      5
10    10
11     8
12     4
13     5
14     2
15    11
16     6
dtype: int64
Undersupport penalty: 0
TA Assignments (per TA): 0     5
1     3
2     2
3     2
4     2
5     1
6     1
7     3
8     4
9     3
10    1
11    1
12    3
13    2
14    4
15    1
16    2
17    2
18    2
19    1
20    3
21    1
22    3
23    3
24    5
25    1
26    3
27    1
28    2
29    2
30    2
31    2
32    2
33    1
34    0
35    0
36    1
37    3
38    3
39    4
40    3
41    3
42    1
dtype: int64
Overallocation penalty: 45
Time conflicts: 5
TA Counts per Section: 0      7
1      3
2      4
3      5
4      5
5      5
6      4
7      3
8      7
9      5
10    10
11     8
12     4
13     5
14     2
15    11
16     6
dtype: int64
Undersupport penalty: 0
TA Assignments (per TA): 0     10
1      3
2      2
3      2
4      2
5      1
6      1
7      3
8      4
9      3
10     1
11     1
12     3
13     2
14     4
15     1
16     2
17     2
18     2
19     1
20     3
21     1
22     3
23     3
24     5
25     1
26     3
27     1
28     2
29     2
30     2
31     2
32     2
33     1
34     0
35     0
36     1
37     3
38     3
39     4
40     3
41     3
42     1
dtype: int64
Overallocation penalty: 50
Time conflicts: 5
TA Counts per Section: 0     12
1      3
2      4
3      5
4      5
5      5
6      4
7      3
8      7
9      5
10    10
11     8
12     4
13     5
14     2
15    11
16     6
dtype: int64
Undersupport penalty: 0
TA Assignments (per TA): 0     11
1      3
2      2
3      2
4      2
5      1
6      1
7      3
8      4
9      3
10     1
11     1
12     3
13     2
14     4
15     1
16     2
17     2
18     2
19     1
20     3
21     1
22     3
23     3
24     5
25     1
26     3
27     1
28     2
29     2
30     2
31     2
32     2
33     1
34     0
35     0
36     1
37     3
38     3
39     4
40     3
41     3
42     1
dtype: int64
Overallocation penalty: 51
Time conflicts: 5
TA Counts per Section: 0     13
1      3
2      4
3      5
4      5
5      5
6      4
7      3
8      7
9      5
10    10
11     8
12     4
13     5
14     2
15    11
16     6
dtype: int64
Undersupport penalty: 0
TA Assignments (per TA): 0     3
1     3
2     2
3     2
4     2
5     1
6     1
7     3
8     4
9     3
10    1
11    1
12    3
13    2
14    4
15    1
16    2
17    2
18    2
19    1
20    3
21    1
22    3
23    3
24    5
25    1
26    3
27    1
28    2
29    2
30    2
31    2
32    2
33    1
34    0
35    0
36    1
37    3
38    3
39    4
40    3
41    3
42    1
dtype: int64
Overallocation penalty: 43
Time conflicts: 5
TA Counts per Section: 0      5
1      3
2      4
3      5
4      5
5      5
6      4
7      3
8      7
9      5
10    10
11     8
12     4
13     5
14     2
15    11
16     6
dtype: int64
Undersupport penalty: 0
TA Assignments (per TA): 0     10
1      3
2      2
3      2
4      2
5      1
6      1
7      3
8      4
9      3
10     1
11     1
12     3
13     2
14     4
15     1
16     2
17     2
18     2
19     1
20     3
21     1
22     3
23     3
24     5
25     1
26     3
27     1
28     2
29     2
30     2
31     2
32     2
33     1
34     0
35     0
36     1
37     3
38     3
39     4
40     3
41     3
42     1
dtype: int64
Overallocation penalty: 50
Time conflicts: 5
TA Counts per Section: 0     12
1      3
2      4
3      5
4      5
5      5
6      4
7      3
8      7
9      5
10    10
11     8
12     4
13     5
14     2
15    11
16     6
dtype: int64
Undersupport penalty: 0
TA Assignments (per TA): 0     6
1     3
2     2
3     2
4     2
5     1
6     1
7     3
8     4
9     3
10    1
11    1
12    3
13    2
14    4
15    1
16    2
17    2
18    2
19    1
20    3
21    1
22    3
23    3
24    5
25    1
26    3
27    1
28    2
29    2
30    2
31    2
32    2
33    1
34    0
35    0
36    1
37    3
38    3
39    4
40    3
41    3
42    1
dtype: int64
Overallocation penalty: 46
Time conflicts: 5
TA Counts per Section: 0      8
1      3
2      4
3      5
4      5
5      5
6      4
7      3
8      7
9      5
10    10
11     8
12     4
13     5
14     2
15    11
16     6
dtype: int64
Undersupport penalty: 0
TA Assignments (per TA): 0     6
1     3
2     2
3     2
4     2
5     1
6     1
7     3
8     4
9     3
10    1
11    1
12    3
13    2
14    4
15    1
16    2
17    2
18    2
19    1
20    3
21    1
22    3
23    3
24    5
25    1
26    3
27    1
28    2
29    2
30    2
31    2
32    2
33    1
34    0
35    0
36    1
37    3
38    3
39    4
40    3
41    3
42    1
dtype: int64
Overallocation penalty: 46
Time conflicts: 5
TA Counts per Section: 0      8
1      3
2      4
3      5
4      5
5      5
6      4
7      3
8      7
9      5
10    10
11     8
12     4
13     5
14     2
15    11
16     6
dtype: int64
Undersupport penalty: 0
TA Assignments (per TA): 0     7
1     3
2     2
3     2
4     2
5     1
6     1
7     3
8     4
9     3
10    1
11    1
12    3
13    2
14    4
15    1
16    2
17    2
18    2
19    1
20    3
21    1
22    3
23    3
24    5
25    1
26    3
27    1
28    2
29    2
30    2
31    2
32    2
33    1
34    0
35    0
36    1
37    3
38    3
39    4
40    3
41    3
42    1
dtype: int64
Overallocation penalty: 47
Time conflicts: 5
TA Counts per Section: 0      9
1      3
2      4
3      5
4      5
5      5
6      4
7      3
8      7
9      5
10    10
11     8
12     4
13     5
14     2
15    11
16     6
dtype: int64
Undersupport penalty: 0
TA Assignments (per TA): 0     7
1     3
2     2
3     2
4     2
5     1
6     1
7     3
8     4
9     3
10    1
11    1
12    3
13    2
14    4
15    1
16    2
17    2
18    2
19    1
20    3
21    1
22    3
23    3
24    5
25    1
26    3
27    1
28    2
29    2
30    2
31    2
32    2
33    1
34    0
35    0
36    1
37    3
38    3
39    4
40    3
41    3
42    1
dtype: int64
Overallocation penalty: 47
Time conflicts: 5
TA Counts per Section: 0      9
1      3
2      4
3      5
4      5
5      5
6      4
7      3
8      7
9      5
10    10
11     8
12     4
13     5
14     2
15    11
16     6
dtype: int64
Undersupport penalty: 0
TA Assignments (per TA): 0     3
1     3
2     2
3     2
4     2
5     1
6     1
7     3
8     4
9     3
10    1
11    1
12    3
13    2
14    4
15    1
16    2
17    2
18    2
19    1
20    3
21    1
22    3
23    3
24    5
25    1
26    3
27    1
28    2
29    2
30    2
31    2
32    2
33    1
34    0
35    0
36    1
37    3
38    3
39    4
40    3
41    3
42    1
dtype: int64
Overallocation penalty: 43
Time conflicts: 5
TA Counts per Section: 0      5
1      3
2      4
3      5
4      5
5      5
6      4
7      3
8      7
9      5
10    10
11     8
12     4
13     5
14     2
15    11
16     6
dtype: int64
Undersupport penalty: 0
TA Assignments (per TA): 0     10
1      3
2      2
3      2
4      2
5      1
6      1
7      3
8      4
9      3
10     1
11     1
12     3
13     2
14     4
15     1
16     2
17     2
18     2
19     1
20     3
21     1
22     3
23     3
24     5
25     1
26     3
27     1
28     2
29     2
30     2
31     2
32     2
33     1
34     0
35     0
36     1
37     3
38     3
39     4
40     3
41     3
42     1
dtype: int64
Overallocation penalty: 50
Time conflicts: 5
TA Counts per Section: 0     12
1      3
2      4
3      5
4      5
5      5
6      4
7      3
8      7
9      5
10    10
11     8
12     4
13     5
14     2
15    11
16     6
dtype: int64
Undersupport penalty: 0
TA Assignments (per TA): 0     5
1     3
2     2
3     2
4     2
5     1
6     1
7     3
8     4
9     3
10    1
11    1
12    3
13    2
14    4
15    1
16    2
17    2
18    2
19    1
20    3
21    1
22    3
23    3
24    5
25    1
26    3
27    1
28    2
29    2
30    2
31    2
32    2
33    1
34    0
35    0
36    1
37    3
38    3
39    4
40    3
41    3
42    1
dtype: int64
Overallocation penalty: 45
Time conflicts: 5
TA Counts per Section: 0      7
1      3
2      4
3      5
4      5
5      5
6      4
7      3
8      7
9      5
10    10
11     8
12     4
13     5
14     2
15    11
16     6
dtype: int64
Undersupport penalty: 0
TA Assignments (per TA): 0     2
1     3
2     2
3     2
4     2
5     1
6     1
7     3
8     4
9     3
10    1
11    1
12    3
13    2
14    4
15    1
16    2
17    2
18    2
19    1
20    3
21    1
22    3
23    3
24    5
25    1
26    3
27    1
28    2
29    2
30    2
31    2
32    2
33    1
34    0
35    0
36    1
37    3
38    3
39    4
40    3
41    3
42    1
dtype: int64
Overallocation penalty: 42
Time conflicts: 5
TA Counts per Section: 0      4
1      3
2      4
3      5
4      5
5      5
6      4
7      3
8      7
9      5
10    10
11     8
12     4
13     5
14     2
15    11
16     6
dtype: int64
Undersupport penalty: 0
TA Assignments (per TA): 0     12
1      3
2      2
3      2
4      2
5      1
6      1
7      3
8      4
9      3
10     1
11     1
12     3
13     2
14     4
15     1
16     2
17     2
18     2
19     1
20     3
21     1
22     3
23     3
24     5
25     1
26     3
27     1
28     2
29     2
30     2
31     2
32     2
33     1
34     0
35     0
36     1
37     3
38     3
39     4
40     3
41     3
42     1
dtype: int64
Overallocation penalty: 52
Time conflicts: 5
TA Counts per Section: 0     14
1      3
2      4
3      5
4      5
5      5
6      4
7      3
8      7
9      5
10    10
11     8
12     4
13     5
14     2
15    11
16     6
dtype: int64
Undersupport penalty: 0
TA Assignments (per TA): 0     11
1      3
2      2
3      2
4      2
5      1
6      1
7      3
8      4
9      3
10     1
11     1
12     3
13     2
14     4
15     1
16     2
17     2
18     2
19     1
20     3
21     1
22     3
23     3
24     5
25     1
26     3
27     1
28     2
29     2
30     2
31     2
32     2
33     1
34     0
35     0
36     1
37     3
38     3
39     4
40     3
41     3
42     1
dtype: int64
Overallocation penalty: 51
Time conflicts: 5
TA Counts per Section: 0     13
1      3
2      4
3      5
4      5
5      5
6      4
7      3
8      7
9      5
10    10
11     8
12     4
13     5
14     2
15    11
16     6
dtype: int64
Undersupport penalty: 0
TA Assignments (per TA): 0     12
1      3
2      2
3      2
4      2
5      1
6      1
7      3
8      4
9      3
10     1
11     1
12     3
13     2
14     4
15     1
16     2
17     2
18     2
19     1
20     3
21     1
22     3
23     3
24     5
25     1
26     3
27     1
28     2
29     2
30     2
31     2
32     2
33     1
34     0
35     0
36     1
37     3
38     3
39     4
40     3
41     3
42     1
dtype: int64
Overallocation penalty: 52
Time conflicts: 5
TA Counts per Section: 0     14
1      3
2      4
3      5
4      5
5      5
6      4
7      3
8      7
9      5
10    10
11     8
12     4
13     5
14     2
15    11
16     6
dtype: int64
Undersupport penalty: 0
TA Assignments (per TA): 0     12
1      3
2      2
3      2
4      2
5      1
6      1
7      3
8      4
9      3
10     1
11     1
12     3
13     2
14     4
15     1
16     2
17     2
18     2
19     1
20     3
21     1
22     3
23     3
24     5
25     1
26     3
27     1
28     2
29     2
30     2
31     2
32     2
33     1
34     0
35     0
36     1
37     3
38     3
39     4
40     3
41     3
42     1
dtype: int64
Overallocation penalty: 52
Time conflicts: 5
TA Counts per Section: 0     14
1      3
2      4
3      5
4      5
5      5
6      4
7      3
8      7
9      5
10    10
11     8
12     4
13     5
14     2
15    11
16     6
dtype: int64
Undersupport penalty: 0
TA Assignments (per TA): 0     7
1     3
2     2
3     2
4     2
5     1
6     1
7     3
8     4
9     3
10    1
11    1
12    3
13    2
14    4
15    1
16    2
17    2
18    2
19    1
20    3
21    1
22    3
23    3
24    5
25    1
26    3
27    1
28    2
29    2
30    2
31    2
32    2
33    1
34    0
35    0
36    1
37    3
38    3
39    4
40    3
41    3
42    1
dtype: int64
Overallocation penalty: 47
Time conflicts: 5
TA Counts per Section: 0      9
1      3
2      4
3      5
4      5
5      5
6      4
7      3
8      7
9      5
10    10
11     8
12     4
13     5
14     2
15    11
16     6
dtype: int64
Undersupport penalty: 0
TA Assignments (per TA): 0     3
1     3
2     2
3     2
4     2
5     1
6     1
7     3
8     4
9     3
10    1
11    1
12    3
13    2
14    4
15    1
16    2
17    2
18    2
19    1
20    3
21    1
22    3
23    3
24    5
25    1
26    3
27    1
28    2
29    2
30    2
31    2
32    2
33    1
34    0
35    0
36    1
37    3
38    3
39    4
40    3
41    3
42    1
dtype: int64
Overallocation penalty: 43
Time conflicts: 5
TA Counts per Section: 0      5
1      3
2      4
3      5
4      5
5      5
6      4
7      3
8      7
9      5
10    10
11     8
12     4
13     5
14     2
15    11
16     6
dtype: int64
Undersupport penalty: 0
TA Assignments (per TA): 0     5
1     3
2     2
3     2
4     2
5     1
6     1
7     3
8     4
9     3
10    1
11    1
12    3
13    2
14    4
15    1
16    2
17    2
18    2
19    1
20    3
21    1
22    3
23    3
24    5
25    1
26    3
27    1
28    2
29    2
30    2
31    2
32    2
33    1
34    0
35    0
36    1
37    3
38    3
39    4
40    3
41    3
42    1
dtype: int64
Overallocation penalty: 45
Time conflicts: 5
TA Counts per Section: 0      7
1      3
2      4
3      5
4      5
5      5
6      4
7      3
8      7
9      5
10    10
11     8
12     4
13     5
14     2
15    11
16     6
dtype: int64
Undersupport penalty: 0
TA Assignments (per TA): 0     9
1     3
2     2
3     2
4     2
5     1
6     1
7     3
8     4
9     3
10    1
11    1
12    3
13    2
14    4
15    1
16    2
17    2
18    2
19    1
20    3
21    1
22    3
23    3
24    5
25    1
26    3
27    1
28    2
29    2
30    2
31    2
32    2
33    1
34    0
35    0
36    1
37    3
38    3
39    4
40    3
41    3
42    1
dtype: int64
Overallocation penalty: 49
Time conflicts: 5
TA Counts per Section: 0     11
1      3
2      4
3      5
4      5
5      5
6      4
7      3
8      7
9      5
10    10
11     8
12     4
13     5
14     2
15    11
16     6
dtype: int64
Undersupport penalty: 0
TA Assignments (per TA): 0     5
1     3
2     2
3     2
4     2
5     1
6     1
7     3
8     4
9     3
10    1
11    1
12    3
13    2
14    4
15    1
16    2
17    2
18    2
19    1
20    3
21    1
22    3
23    3
24    5
25    1
26    3
27    1
28    2
29    2
30    2
31    2
32    2
33    1
34    0
35    0
36    1
37    3
38    3
39    4
40    3
41    3
42    1
dtype: int64
Overallocation penalty: 45
Time conflicts: 5
TA Counts per Section: 0      7
1      3
2      4
3      5
4      5
5      5
6      4
7      3
8      7
9      5
10    10
11     8
12     4
13     5
14     2
15    11
16     6
dtype: int64
Undersupport penalty: 0
TA Assignments (per TA): 0     8
1     3
2     2
3     2
4     2
5     1
6     1
7     3
8     4
9     3
10    1
11    1
12    3
13    2
14    4
15    1
16    2
17    2
18    2
19    1
20    3
21    1
22    3
23    3
24    5
25    1
26    3
27    1
28    2
29    2
30    2
31    2
32    2
33    1
34    0
35    0
36    1
37    3
38    3
39    4
40    3
41    3
42    1
dtype: int64
Overallocation penalty: 48
Time conflicts: 5
TA Counts per Section: 0     10
1      3
2      4
3      5
4      5
5      5
6      4
7      3
8      7
9      5
10    10
11     8
12     4
13     5
14     2
15    11
16     6
dtype: int64
Undersupport penalty: 0
TA Assignments (per TA): 0     4
1     3
2     2
3     2
4     2
5     1
6     1
7     3
8     4
9     3
10    1
11    1
12    3
13    2
14    4
15    1
16    2
17    2
18    2
19    1
20    3
21    1
22    3
23    3
24    5
25    1
26    3
27    1
28    2
29    2
30    2
31    2
32    2
33    1
34    0
35    0
36    1
37    3
38    3
39    4
40    3
41    3
42    1
dtype: int64
Overallocation penalty: 44
Time conflicts: 5
TA Counts per Section: 0      6
1      3
2      4
3      5
4      5
5      5
6      4
7      3
8      7
9      5
10    10
11     8
12     4
13     5
14     2
15    11
16     6
dtype: int64
Undersupport penalty: 0
TA Assignments (per TA): 0     10
1      3
2      2
3      2
4      2
5      1
6      1
7      3
8      4
9      3
10     1
11     1
12     3
13     2
14     4
15     1
16     2
17     2
18     2
19     1
20     3
21     1
22     3
23     3
24     5
25     1
26     3
27     1
28     2
29     2
30     2
31     2
32     2
33     1
34     0
35     0
36     1
37     3
38     3
39     4
40     3
41     3
42     1
dtype: int64
Overallocation penalty: 50
Time conflicts: 5
TA Counts per Section: 0     12
1      3
2      4
3      5
4      5
5      5
6      4
7      3
8      7
9      5
10    10
11     8
12     4
13     5
14     2
15    11
16     6
dtype: int64
Undersupport penalty: 0
TA Assignments (per TA): 0     4
1     3
2     2
3     2
4     2
5     1
6     1
7     3
8     4
9     3
10    1
11    1
12    3
13    2
14    4
15    1
16    2
17    2
18    2
19    1
20    3
21    1
22    3
23    3
24    5
25    1
26    3
27    1
28    2
29    2
30    2
31    2
32    2
33    1
34    0
35    0
36    1
37    3
38    3
39    4
40    3
41    3
42    1
dtype: int64
Overallocation penalty: 44
Time conflicts: 5
TA Counts per Section: 0      6
1      3
2      4
3      5
4      5
5      5
6      4
7      3
8      7
9      5
10    10
11     8
12     4
13     5
14     2
15    11
16     6
dtype: int64
Undersupport penalty: 0
TA Assignments (per TA): 0     3
1     3
2     2
3     2
4     2
5     1
6     1
7     3
8     4
9     3
10    1
11    1
12    3
13    2
14    4
15    1
16    2
17    2
18    2
19    1
20    3
21    1
22    3
23    3
24    5
25    1
26    3
27    1
28    2
29    2
30    2
31    2
32    2
33    1
34    0
35    0
36    1
37    3
38    3
39    4
40    3
41    3
42    1
dtype: int64
Overallocation penalty: 43
Time conflicts: 5
TA Counts per Section: 0      5
1      3
2      4
3      5
4      5
5      5
6      4
7      3
8      7
9      5
10    10
11     8
12     4
13     5
14     2
15    11
16     6
dtype: int64
Undersupport penalty: 0
TA Assignments (per TA): 0     7
1     3
2     2
3     2
4     2
5     1
6     1
7     3
8     4
9     3
10    1
11    1
12    3
13    2
14    4
15    1
16    2
17    2
18    2
19    1
20    3
21    1
22    3
23    3
24    5
25    1
26    3
27    1
28    2
29    2
30    2
31    2
32    2
33    1
34    0
35    0
36    1
37    3
38    3
39    4
40    3
41    3
42    1
dtype: int64
Overallocation penalty: 47
Time conflicts: 5
TA Counts per Section: 0      9
1      3
2      4
3      5
4      5
5      5
6      4
7      3
8      7
9      5
10    10
11     8
12     4
13     5
14     2
15    11
16     6
dtype: int64
Undersupport penalty: 0
TA Assignments (per TA): 0     9
1     3
2     2
3     2
4     2
5     1
6     1
7     3
8     4
9     3
10    1
11    1
12    3
13    2
14    4
15    1
16    2
17    2
18    2
19    1
20    3
21    1
22    3
23    3
24    5
25    1
26    3
27    1
28    2
29    2
30    2
31    2
32    2
33    1
34    0
35    0
36    1
37    3
38    3
39    4
40    3
41    3
42    1
dtype: int64
Overallocation penalty: 49
Time conflicts: 5
TA Counts per Section: 0     11
1      3
2      4
3      5
4      5
5      5
6      4
7      3
8      7
9      5
10    10
11     8
12     4
13     5
14     2
15    11
16     6
dtype: int64
Undersupport penalty: 0
TA Assignments (per TA): 0     2
1     3
2     2
3     2
4     2
5     1
6     1
7     3
8     4
9     3
10    1
11    1
12    3
13    2
14    4
15    1
16    2
17    2
18    2
19    1
20    3
21    1
22    3
23    3
24    5
25    1
26    3
27    1
28    2
29    2
30    2
31    2
32    2
33    1
34    0
35    0
36    1
37    3
38    3
39    4
40    3
41    3
42    1
dtype: int64
Overallocation penalty: 42
Time conflicts: 5
TA Counts per Section: 0      4
1      3
2      4
3      5
4      5
5      5
6      4
7      3
8      7
9      5
10    10
11     8
12     4
13     5
14     2
15    11
16     6
dtype: int64
Undersupport penalty: 0
TA Assignments (per TA): 0     2
1     3
2     2
3     2
4     2
5     1
6     1
7     3
8     4
9     3
10    1
11    1
12    3
13    2
14    4
15    1
16    2
17    2
18    2
19    1
20    3
21    1
22    3
23    3
24    5
25    1
26    3
27    1
28    2
29    2
30    2
31    2
32    2
33    1
34    0
35    0
36    1
37    3
38    3
39    4
40    3
41    3
42    1
dtype: int64
Overallocation penalty: 42
Time conflicts: 5
TA Counts per Section: 0      4
1      3
2      4
3      5
4      5
5      5
6      4
7      3
8      7
9      5
10    10
11     8
12     4
13     5
14     2
15    11
16     6
dtype: int64
Undersupport penalty: 0
TA Assignments (per TA): 0     3
1     3
2     2
3     2
4     2
5     1
6     1
7     3
8     4
9     3
10    1
11    1
12    3
13    2
14    4
15    1
16    2
17    2
18    2
19    1
20    3
21    1
22    3
23    3
24    5
25    1
26    3
27    1
28    2
29    2
30    2
31    2
32    2
33    1
34    0
35    0
36    1
37    3
38    3
39    4
40    3
41    3
42    1
dtype: int64
Overallocation penalty: 43
Time conflicts: 5
TA Counts per Section: 0      5
1      3
2      4
3      5
4      5
5      5
6      4
7      3
8      7
9      5
10    10
11     8
12     4
13     5
14     2
15    11
16     6
dtype: int64
Undersupport penalty: 0
TA Assignments (per TA): 0     2
1     3
2     2
3     2
4     2
5     1
6     1
7     3
8     4
9     3
10    1
11    1
12    3
13    2
14    4
15    1
16    2
17    2
18    2
19    1
20    3
21    1
22    3
23    3
24    5
25    1
26    3
27    1
28    2
29    2
30    2
31    2
32    2
33    1
34    0
35    0
36    1
37    3
38    3
39    4
40    3
41    3
42    1
dtype: int64
Overallocation penalty: 42
Time conflicts: 5
TA Counts per Section: 0      4
1      3
2      4
3      5
4      5
5      5
6      4
7      3
8      7
9      5
10    10
11     8
12     4
13     5
14     2
15    11
16     6
dtype: int64
Undersupport penalty: 0
TA Assignments (per TA): 0     2
1     3
2     2
3     2
4     2
5     1
6     1
7     3
8     4
9     3
10    1
11    1
12    3
13    2
14    4
15    1
16    2
17    2
18    2
19    1
20    3
21    1
22    3
23    3
24    5
25    1
26    3
27    1
28    2
29    2
30    2
31    2
32    2
33    1
34    0
35    0
36    1
37    3
38    3
39    4
40    3
41    3
42    1
dtype: int64
Overallocation penalty: 42
Time conflicts: 5
TA Counts per Section: 0      4
1      3
2      4
3      5
4      5
5      5
6      4
7      3
8      7
9      5
10    10
11     8
12     4
13     5
14     2
15    11
16     6
dtype: int64
Undersupport penalty: 0
TA Assignments (per TA): 0     4
1     3
2     2
3     2
4     2
5     1
6     1
7     3
8     4
9     3
10    1
11    1
12    3
13    2
14    4
15    1
16    2
17    2
18    2
19    1
20    3
21    1
22    3
23    3
24    5
25    1
26    3
27    1
28    2
29    2
30    2
31    2
32    2
33    1
34    0
35    0
36    1
37    3
38    3
39    4
40    3
41    3
42    1
dtype: int64
Overallocation penalty: 44
Time conflicts: 5
TA Counts per Section: 0      6
1      3
2      4
3      5
4      5
5      5
6      4
7      3
8      7
9      5
10    10
11     8
12     4
13     5
14     2
15    11
16     6
dtype: int64
Undersupport penalty: 0
TA Assignments (per TA): 0     3
1     3
2     2
3     2
4     2
5     1
6     1
7     3
8     4
9     3
10    1
11    1
12    3
13    2
14    4
15    1
16    2
17    2
18    2
19    1
20    3
21    1
22    3
23    3
24    5
25    1
26    3
27    1
28    2
29    2
30    2
31    2
32    2
33    1
34    0
35    0
36    1
37    3
38    3
39    4
40    3
41    3
42    1
dtype: int64
Overallocation penalty: 43
Time conflicts: 5
TA Counts per Section: 0      5
1      3
2      4
3      5
4      5
5      5
6      4
7      3
8      7
9      5
10    10
11     8
12     4
13     5
14     2
15    11
16     6
dtype: int64
Undersupport penalty: 0
TA Assignments (per TA): 0     4
1     3
2     2
3     2
4     2
5     1
6     1
7     3
8     4
9     3
10    1
11    1
12    3
13    2
14    4
15    1
16    2
17    2
18    2
19    1
20    3
21    1
22    3
23    3
24    5
25    1
26    3
27    1
28    2
29    2
30    2
31    2
32    2
33    1
34    0
35    0
36    1
37    3
38    3
39    4
40    3
41    3
42    1
dtype: int64
Overallocation penalty: 44
Time conflicts: 5
TA Counts per Section: 0      6
1      3
2      4
3      5
4      5
5      5
6      4
7      3
8      7
9      5
10    10
11     8
12     4
13     5
14     2
15    11
16     6
dtype: int64
Undersupport penalty: 0
TA Assignments (per TA): 0     2
1     3
2     2
3     2
4     2
5     1
6     1
7     3
8     4
9     3
10    1
11    1
12    3
13    2
14    4
15    1
16    2
17    2
18    2
19    1
20    3
21    1
22    3
23    3
24    5
25    1
26    3
27    1
28    2
29    2
30    2
31    2
32    2
33    1
34    0
35    0
36    1
37    3
38    3
39    4
40    3
41    3
42    1
dtype: int64
Overallocation penalty: 42
Time conflicts: 5
TA Counts per Section: 0      4
1      3
2      4
3      5
4      5
5      5
6      4
7      3
8      7
9      5
10    10
11     8
12     4
13     5
14     2
15    11
16     6
dtype: int64
Undersupport penalty: 0
TA Assignments (per TA): 0     4
1     3
2     2
3     2
4     2
5     1
6     1
7     3
8     4
9     3
10    1
11    1
12    3
13    2
14    4
15    1
16    2
17    2
18    2
19    1
20    3
21    1
22    3
23    3
24    5
25    1
26    3
27    1
28    2
29    2
30    2
31    2
32    2
33    1
34    0
35    0
36    1
37    3
38    3
39    4
40    3
41    3
42    1
dtype: int64
Overallocation penalty: 44
Time conflicts: 5
TA Counts per Section: 0      6
1      3
2      4
3      5
4      5
5      5
6      4
7      3
8      7
9      5
10    10
11     8
12     4
13     5
14     2
15    11
16     6
dtype: int64
Undersupport penalty: 0
TA Assignments (per TA): 0     3
1     3
2     2
3     2
4     2
5     1
6     1
7     3
8     4
9     3
10    1
11    1
12    3
13    2
14    4
15    1
16    2
17    2
18    2
19    1
20    3
21    1
22    3
23    3
24    5
25    1
26    3
27    1
28    2
29    2
30    2
31    2
32    2
33    1
34    0
35    0
36    1
37    3
38    3
39    4
40    3
41    3
42    1
dtype: int64
Overallocation penalty: 43
Time conflicts: 5
TA Counts per Section: 0      5
1      3
2      4
3      5
4      5
5      5
6      4
7      3
8      7
9      5
10    10
11     8
12     4
13     5
14     2
15    11
16     6
dtype: int64
Undersupport penalty: 0
TA Assignments (per TA): 0     5
1     3
2     2
3     2
4     2
5     1
6     1
7     3
8     4
9     3
10    1
11    1
12    3
13    2
14    4
15    1
16    2
17    2
18    2
19    1
20    3
21    1
22    3
23    3
24    5
25    1
26    3
27    1
28    2
29    2
30    2
31    2
32    2
33    1
34    0
35    0
36    1
37    3
38    3
39    4
40    3
41    3
42    1
dtype: int64
Overallocation penalty: 45
Time conflicts: 5
TA Counts per Section: 0      7
1      3
2      4
3      5
4      5
5      5
6      4
7      3
8      7
9      5
10    10
11     8
12     4
13     5
14     2
15    11
16     6
dtype: int64
Undersupport penalty: 0
TA Assignments (per TA): 0     5
1     3
2     2
3     2
4     2
5     1
6     1
7     3
8     4
9     3
10    1
11    1
12    3
13    2
14    4
15    1
16    2
17    2
18    2
19    1
20    3
21    1
22    3
23    3
24    5
25    1
26    3
27    1
28    2
29    2
30    2
31    2
32    2
33    1
34    0
35    0
36    1
37    3
38    3
39    4
40    3
41    3
42    1
dtype: int64
Overallocation penalty: 45
Time conflicts: 5
TA Counts per Section: 0      7
1      3
2      4
3      5
4      5
5      5
6      4
7      3
8      7
9      5
10    10
11     8
12     4
13     5
14     2
15    11
16     6
dtype: int64
Undersupport penalty: 0
TA Assignments (per TA): 0     4
1     3
2     2
3     2
4     2
5     1
6     1
7     3
8     4
9     3
10    1
11    1
12    3
13    2
14    4
15    1
16    2
17    2
18    2
19    1
20    3
21    1
22    3
23    3
24    5
25    1
26    3
27    1
28    2
29    2
30    2
31    2
32    2
33    1
34    0
35    0
36    1
37    3
38    3
39    4
40    3
41    3
42    1
dtype: int64
Overallocation penalty: 44
Time conflicts: 5
TA Counts per Section: 0      6
1      3
2      4
3      5
4      5
5      5
6      4
7      3
8      7
9      5
10    10
11     8
12     4
13     5
14     2
15    11
16     6
dtype: int64
Undersupport penalty: 0
TA Assignments (per TA): 0     6
1     3
2     2
3     2
4     2
5     1
6     1
7     3
8     4
9     3
10    1
11    1
12    3
13    2
14    4
15    1
16    2
17    2
18    2
19    1
20    3
21    1
22    3
23    3
24    5
25    1
26    3
27    1
28    2
29    2
30    2
31    2
32    2
33    1
34    0
35    0
36    1
37    3
38    3
39    4
40    3
41    3
42    1
dtype: int64
Overallocation penalty: 46
Time conflicts: 5
TA Counts per Section: 0      8
1      3
2      4
3      5
4      5
5      5
6      4
7      3
8      7
9      5
10    10
11     8
12     4
13     5
14     2
15    11
16     6
dtype: int64
Undersupport penalty: 0
TA Assignments (per TA): 0     5
1     3
2     2
3     2
4     2
5     1
6     1
7     3
8     4
9     3
10    1
11    1
12    3
13    2
14    4
15    1
16    2
17    2
18    2
19    1
20    3
21    1
22    3
23    3
24    5
25    1
26    3
27    1
28    2
29    2
30    2
31    2
32    2
33    1
34    0
35    0
36    1
37    3
38    3
39    4
40    3
41    3
42    1
dtype: int64
Overallocation penalty: 45
Time conflicts: 5
TA Counts per Section: 0      7
1      3
2      4
3      5
4      5
5      5
6      4
7      3
8      7
9      5
10    10
11     8
12     4
13     5
14     2
15    11
16     6
dtype: int64
Undersupport penalty: 0
TA Assignments (per TA): 0     5
1     3
2     2
3     2
4     2
5     1
6     1
7     3
8     4
9     3
10    1
11    1
12    3
13    2
14    4
15    1
16    2
17    2
18    2
19    1
20    3
21    1
22    3
23    3
24    5
25    1
26    3
27    1
28    2
29    2
30    2
31    2
32    2
33    1
34    0
35    0
36    1
37    3
38    3
39    4
40    3
41    3
42    1
dtype: int64
Overallocation penalty: 45
Time conflicts: 5
TA Counts per Section: 0      7
1      3
2      4
3      5
4      5
5      5
6      4
7      3
8      7
9      5
10    10
11     8
12     4
13     5
14     2
15    11
16     6
dtype: int64
Undersupport penalty: 0
TA Assignments (per TA): 0     2
1     3
2     2
3     2
4     2
5     1
6     1
7     3
8     4
9     3
10    1
11    1
12    3
13    2
14    4
15    1
16    2
17    2
18    2
19    1
20    3
21    1
22    3
23    3
24    5
25    1
26    3
27    1
28    2
29    2
30    2
31    2
32    2
33    1
34    0
35    0
36    1
37    3
38    3
39    4
40    3
41    3
42    1
dtype: int64
Overallocation penalty: 42
Time conflicts: 5
TA Counts per Section: 0      4
1      3
2      4
3      5
4      5
5      5
6      4
7      3
8      7
9      5
10    10
11     8
12     4
13     5
14     2
15    11
16     6
dtype: int64
Undersupport penalty: 0
TA Assignments (per TA): 0     3
1     3
2     2
3     2
4     2
5     1
6     1
7     3
8     4
9     3
10    1
11    1
12    3
13    2
14    4
15    1
16    2
17    2
18    2
19    1
20    3
21    1
22    3
23    3
24    5
25    1
26    3
27    1
28    2
29    2
30    2
31    2
32    2
33    1
34    0
35    0
36    1
37    3
38    3
39    4
40    3
41    3
42    1
dtype: int64
Overallocation penalty: 43
Time conflicts: 5
TA Counts per Section: 0      5
1      3
2      4
3      5
4      5
5      5
6      4
7      3
8      7
9      5
10    10
11     8
12     4
13     5
14     2
15    11
16     6
dtype: int64
Undersupport penalty: 0
TA Assignments (per TA): 0     6
1     3
2     2
3     2
4     2
5     1
6     1
7     3
8     4
9     3
10    1
11    1
12    3
13    2
14    4
15    1
16    2
17    2
18    2
19    1
20    3
21    1
22    3
23    3
24    5
25    1
26    3
27    1
28    2
29    2
30    2
31    2
32    2
33    1
34    0
35    0
36    1
37    3
38    3
39    4
40    3
41    3
42    1
dtype: int64
Overallocation penalty: 46
Time conflicts: 5
TA Counts per Section: 0      8
1      3
2      4
3      5
4      5
5      5
6      4
7      3
8      7
9      5
10    10
11     8
12     4
13     5
14     2
15    11
16     6
dtype: int64
Undersupport penalty: 0
TA Assignments (per TA): 0     5
1     3
2     2
3     2
4     2
5     1
6     1
7     3
8     4
9     3
10    1
11    1
12    3
13    2
14    4
15    1
16    2
17    2
18    2
19    1
20    3
21    1
22    3
23    3
24    5
25    1
26    3
27    1
28    2
29    2
30    2
31    2
32    2
33    1
34    0
35    0
36    1
37    3
38    3
39    4
40    3
41    3
42    1
dtype: int64
Overallocation penalty: 45
Time conflicts: 5
TA Counts per Section: 0      7
1      3
2      4
3      5
4      5
5      5
6      4
7      3
8      7
9      5
10    10
11     8
12     4
13     5
14     2
15    11
16     6
dtype: int64
Undersupport penalty: 0
TA Assignments (per TA): 0     3
1     3
2     2
3     2
4     2
5     1
6     1
7     3
8     4
9     3
10    1
11    1
12    3
13    2
14    4
15    1
16    2
17    2
18    2
19    1
20    3
21    1
22    3
23    3
24    5
25    1
26    3
27    1
28    2
29    2
30    2
31    2
32    2
33    1
34    0
35    0
36    1
37    3
38    3
39    4
40    3
41    3
42    1
dtype: int64
Overallocation penalty: 43
Time conflicts: 5
TA Counts per Section: 0      5
1      3
2      4
3      5
4      5
5      5
6      4
7      3
8      7
9      5
10    10
11     8
12     4
13     5
14     2
15    11
16     6
dtype: int64
Undersupport penalty: 0
TA Assignments (per TA): 0     6
1     3
2     2
3     2
4     2
5     1
6     1
7     3
8     4
9     3
10    1
11    1
12    3
13    2
14    4
15    1
16    2
17    2
18    2
19    1
20    3
21    1
22    3
23    3
24    5
25    1
26    3
27    1
28    2
29    2
30    2
31    2
32    2
33    1
34    0
35    0
36    1
37    3
38    3
39    4
40    3
41    3
42    1
dtype: int64
Overallocation penalty: 46
Time conflicts: 5
TA Counts per Section: 0      8
1      3
2      4
3      5
4      5
5      5
6      4
7      3
8      7
9      5
10    10
11     8
12     4
13     5
14     2
15    11
16     6
dtype: int64
Undersupport penalty: 0
TA Assignments (per TA): 0     3
1     3
2     2
3     2
4     2
5     1
6     1
7     3
8     4
9     3
10    1
11    1
12    3
13    2
14    4
15    1
16    2
17    2
18    2
19    1
20    3
21    1
22    3
23    3
24    5
25    1
26    3
27    1
28    2
29    2
30    2
31    2
32    2
33    1
34    0
35    0
36    1
37    3
38    3
39    4
40    3
41    3
42    1
dtype: int64
Overallocation penalty: 43
Time conflicts: 5
TA Counts per Section: 0      5
1      3
2      4
3      5
4      5
5      5
6      4
7      3
8      7
9      5
10    10
11     8
12     4
13     5
14     2
15    11
16     6
dtype: int64
Undersupport penalty: 0
TA Assignments (per TA): 0     2
1     3
2     2
3     2
4     2
5     1
6     1
7     3
8     4
9     3
10    1
11    1
12    3
13    2
14    4
15    1
16    2
17    2
18    2
19    1
20    3
21    1
22    3
23    3
24    5
25    1
26    3
27    1
28    2
29    2
30    2
31    2
32    2
33    1
34    0
35    0
36    1
37    3
38    3
39    4
40    3
41    3
42    1
dtype: int64
Overallocation penalty: 42
Time conflicts: 5
TA Counts per Section: 0      4
1      3
2      4
3      5
4      5
5      5
6      4
7      3
8      7
9      5
10    10
11     8
12     4
13     5
14     2
15    11
16     6
dtype: int64
Undersupport penalty: 0
TA Assignments (per TA): 0     2
1     3
2     2
3     2
4     2
5     1
6     1
7     3
8     4
9     3
10    1
11    1
12    3
13    2
14    4
15    1
16    2
17    2
18    2
19    1
20    3
21    1
22    3
23    3
24    5
25    1
26    3
27    1
28    2
29    2
30    2
31    2
32    2
33    1
34    0
35    0
36    1
37    3
38    3
39    4
40    3
41    3
42    1
dtype: int64
Overallocation penalty: 42
Time conflicts: 5
TA Counts per Section: 0      4
1      3
2      4
3      5
4      5
5      5
6      4
7      3
8      7
9      5
10    10
11     8
12     4
13     5
14     2
15    11
16     6
dtype: int64
Undersupport penalty: 0
TA Assignments (per TA): 0     3
1     3
2     2
3     2
4     2
5     1
6     1
7     3
8     4
9     3
10    1
11    1
12    3
13    2
14    4
15    1
16    2
17    2
18    2
19    1
20    3
21    1
22    3
23    3
24    5
25    1
26    3
27    1
28    2
29    2
30    2
31    2
32    2
33    1
34    0
35    0
36    1
37    3
38    3
39    4
40    3
41    3
42    1
dtype: int64
Overallocation penalty: 43
Time conflicts: 5
TA Counts per Section: 0      5
1      3
2      4
3      5
4      5
5      5
6      4
7      3
8      7
9      5
10    10
11     8
12     4
13     5
14     2
15    11
16     6
dtype: int64
Undersupport penalty: 0
TA Assignments (per TA): 0     3
1     3
2     2
3     2
4     2
5     1
6     1
7     3
8     4
9     3
10    1
11    1
12    3
13    2
14    4
15    1
16    2
17    2
18    2
19    1
20    3
21    1
22    3
23    3
24    5
25    1
26    3
27    1
28    2
29    2
30    2
31    2
32    2
33    1
34    0
35    0
36    1
37    3
38    3
39    4
40    3
41    3
42    1
dtype: int64
Overallocation penalty: 43
Time conflicts: 5
TA Counts per Section: 0      5
1      3
2      4
3      5
4      5
5      5
6      4
7      3
8      7
9      5
10    10
11     8
12     4
13     5
14     2
15    11
16     6
dtype: int64
Undersupport penalty: 0
TA Assignments (per TA): 0     5
1     3
2     2
3     2
4     2
5     1
6     1
7     3
8     4
9     3
10    1
11    1
12    3
13    2
14    4
15    1
16    2
17    2
18    2
19    1
20    3
21    1
22    3
23    3
24    5
25    1
26    3
27    1
28    2
29    2
30    2
31    2
32    2
33    1
34    0
35    0
36    1
37    3
38    3
39    4
40    3
41    3
42    1
dtype: int64
Overallocation penalty: 45
Time conflicts: 5
TA Counts per Section: 0      7
1      3
2      4
3      5
4      5
5      5
6      4
7      3
8      7
9      5
10    10
11     8
12     4
13     5
14     2
15    11
16     6
dtype: int64
Undersupport penalty: 0
TA Assignments (per TA): 0     4
1     3
2     2
3     2
4     2
5     1
6     1
7     3
8     4
9     3
10    1
11    1
12    3
13    2
14    4
15    1
16    2
17    2
18    2
19    1
20    3
21    1
22    3
23    3
24    5
25    1
26    3
27    1
28    2
29    2
30    2
31    2
32    2
33    1
34    0
35    0
36    1
37    3
38    3
39    4
40    3
41    3
42    1
dtype: int64
Overallocation penalty: 44
Time conflicts: 5
TA Counts per Section: 0      6
1      3
2      4
3      5
4      5
5      5
6      4
7      3
8      7
9      5
10    10
11     8
12     4
13     5
14     2
15    11
16     6
dtype: int64
Undersupport penalty: 0
TA Assignments (per TA): 0     7
1     3
2     2
3     2
4     2
5     1
6     1
7     3
8     4
9     3
10    1
11    1
12    3
13    2
14    4
15    1
16    2
17    2
18    2
19    1
20    3
21    1
22    3
23    3
24    5
25    1
26    3
27    1
28    2
29    2
30    2
31    2
32    2
33    1
34    0
35    0
36    1
37    3
38    3
39    4
40    3
41    3
42    1
dtype: int64
Overallocation penalty: 47
Time conflicts: 5
TA Counts per Section: 0      9
1      3
2      4
3      5
4      5
5      5
6      4
7      3
8      7
9      5
10    10
11     8
12     4
13     5
14     2
15    11
16     6
dtype: int64
Undersupport penalty: 0
TA Assignments (per TA): 0     6
1     3
2     2
3     2
4     2
5     1
6     1
7     3
8     4
9     3
10    1
11    1
12    3
13    2
14    4
15    1
16    2
17    2
18    2
19    1
20    3
21    1
22    3
23    3
24    5
25    1
26    3
27    1
28    2
29    2
30    2
31    2
32    2
33    1
34    0
35    0
36    1
37    3
38    3
39    4
40    3
41    3
42    1
dtype: int64
Overallocation penalty: 46
Time conflicts: 5
TA Counts per Section: 0      8
1      3
2      4
3      5
4      5
5      5
6      4
7      3
8      7
9      5
10    10
11     8
12     4
13     5
14     2
15    11
16     6
dtype: int64
Undersupport penalty: 0
TA Assignments (per TA): 0     7
1     3
2     2
3     2
4     2
5     1
6     1
7     3
8     4
9     3
10    1
11    1
12    3
13    2
14    4
15    1
16    2
17    2
18    2
19    1
20    3
21    1
22    3
23    3
24    5
25    1
26    3
27    1
28    2
29    2
30    2
31    2
32    2
33    1
34    0
35    0
36    1
37    3
38    3
39    4
40    3
41    3
42    1
dtype: int64
Overallocation penalty: 47
Time conflicts: 5
TA Counts per Section: 0      9
1      3
2      4
3      5
4      5
5      5
6      4
7      3
8      7
9      5
10    10
11     8
12     4
13     5
14     2
15    11
16     6
dtype: int64
Undersupport penalty: 0
TA Assignments (per TA): 0     4
1     3
2     2
3     2
4     2
5     1
6     1
7     3
8     4
9     3
10    1
11    1
12    3
13    2
14    4
15    1
16    2
17    2
18    2
19    1
20    3
21    1
22    3
23    3
24    5
25    1
26    3
27    1
28    2
29    2
30    2
31    2
32    2
33    1
34    0
35    0
36    1
37    3
38    3
39    4
40    3
41    3
42    1
dtype: int64
Overallocation penalty: 44
Time conflicts: 5
TA Counts per Section: 0      6
1      3
2      4
3      5
4      5
5      5
6      4
7      3
8      7
9      5
10    10
11     8
12     4
13     5
14     2
15    11
16     6
dtype: int64
Undersupport penalty: 0
TA Assignments (per TA): 0     6
1     3
2     2
3     2
4     2
5     1
6     1
7     3
8     4
9     3
10    1
11    1
12    3
13    2
14    4
15    1
16    2
17    2
18    2
19    1
20    3
21    1
22    3
23    3
24    5
25    1
26    3
27    1
28    2
29    2
30    2
31    2
32    2
33    1
34    0
35    0
36    1
37    3
38    3
39    4
40    3
41    3
42    1
dtype: int64
Overallocation penalty: 46
Time conflicts: 5
TA Counts per Section: 0      8
1      3
2      4
3      5
4      5
5      5
6      4
7      3
8      7
9      5
10    10
11     8
12     4
13     5
14     2
15    11
16     6
dtype: int64
Undersupport penalty: 0
TA Assignments (per TA): 0     5
1     3
2     2
3     2
4     2
5     1
6     1
7     3
8     4
9     3
10    1
11    1
12    3
13    2
14    4
15    1
16    2
17    2
18    2
19    1
20    3
21    1
22    3
23    3
24    5
25    1
26    3
27    1
28    2
29    2
30    2
31    2
32    2
33    1
34    0
35    0
36    1
37    3
38    3
39    4
40    3
41    3
42    1
dtype: int64
Overallocation penalty: 45
Time conflicts: 5
TA Counts per Section: 0      7
1      3
2      4
3      5
4      5
5      5
6      4
7      3
8      7
9      5
10    10
11     8
12     4
13     5
14     2
15    11
16     6
dtype: int64
Undersupport penalty: 0
TA Assignments (per TA): 0     2
1     3
2     2
3     2
4     2
5     1
6     1
7     3
8     4
9     3
10    1
11    1
12    3
13    2
14    4
15    1
16    2
17    2
18    2
19    1
20    3
21    1
22    3
23    3
24    5
25    1
26    3
27    1
28    2
29    2
30    2
31    2
32    2
33    1
34    0
35    0
36    1
37    3
38    3
39    4
40    3
41    3
42    1
dtype: int64
Overallocation penalty: 42
Time conflicts: 5
TA Counts per Section: 0      4
1      3
2      4
3      5
4      5
5      5
6      4
7      3
8      7
9      5
10    10
11     8
12     4
13     5
14     2
15    11
16     6
dtype: int64
Undersupport penalty: 0
TA Assignments (per TA): 0     2
1     3
2     2
3     2
4     2
5     1
6     1
7     3
8     4
9     3
10    1
11    1
12    3
13    2
14    4
15    1
16    2
17    2
18    2
19    1
20    3
21    1
22    3
23    3
24    5
25    1
26    3
27    1
28    2
29    2
30    2
31    2
32    2
33    1
34    0
35    0
36    1
37    3
38    3
39    4
40    3
41    3
42    1
dtype: int64
Overallocation penalty: 42
Time conflicts: 5
TA Counts per Section: 0      4
1      3
2      4
3      5
4      5
5      5
6      4
7      3
8      7
9      5
10    10
11     8
12     4
13     5
14     2
15    11
16     6
dtype: int64
Undersupport penalty: 0
TA Assignments (per TA): 0     3
1     3
2     2
3     2
4     2
5     1
6     1
7     3
8     4
9     3
10    1
11    1
12    3
13    2
14    4
15    1
16    2
17    2
18    2
19    1
20    3
21    1
22    3
23    3
24    5
25    1
26    3
27    1
28    2
29    2
30    2
31    2
32    2
33    1
34    0
35    0
36    1
37    3
38    3
39    4
40    3
41    3
42    1
dtype: int64
Overallocation penalty: 43
Time conflicts: 5
TA Counts per Section: 0      5
1      3
2      4
3      5
4      5
5      5
6      4
7      3
8      7
9      5
10    10
11     8
12     4
13     5
14     2
15    11
16     6
dtype: int64
Undersupport penalty: 0
TA Assignments (per TA): 0     5
1     3
2     2
3     2
4     2
5     1
6     1
7     3
8     4
9     3
10    1
11    1
12    3
13    2
14    4
15    1
16    2
17    2
18    2
19    1
20    3
21    1
22    3
23    3
24    5
25    1
26    3
27    1
28    2
29    2
30    2
31    2
32    2
33    1
34    0
35    0
36    1
37    3
38    3
39    4
40    3
41    3
42    1
dtype: int64
Overallocation penalty: 45
Time conflicts: 5
TA Counts per Section: 0      7
1      3
2      4
3      5
4      5
5      5
6      4
7      3
8      7
9      5
10    10
11     8
12     4
13     5
14     2
15    11
16     6
dtype: int64
Undersupport penalty: 0
TA Assignments (per TA): 0     2
1     3
2     2
3     2
4     2
5     1
6     1
7     3
8     4
9     3
10    1
11    1
12    3
13    2
14    4
15    1
16    2
17    2
18    2
19    1
20    3
21    1
22    3
23    3
24    5
25    1
26    3
27    1
28    2
29    2
30    2
31    2
32    2
33    1
34    0
35    0
36    1
37    3
38    3
39    4
40    3
41    3
42    1
dtype: int64
Overallocation penalty: 42
Time conflicts: 5
TA Counts per Section: 0      4
1      3
2      4
3      5
4      5
5      5
6      4
7      3
8      7
9      5
10    10
11     8
12     4
13     5
14     2
15    11
16     6
dtype: int64
Undersupport penalty: 0
TA Assignments (per TA): 0     8
1     3
2     2
3     2
4     2
5     1
6     1
7     3
8     4
9     3
10    1
11    1
12    3
13    2
14    4
15    1
16    2
17    2
18    2
19    1
20    3
21    1
22    3
23    3
24    5
25    1
26    3
27    1
28    2
29    2
30    2
31    2
32    2
33    1
34    0
35    0
36    1
37    3
38    3
39    4
40    3
41    3
42    1
dtype: int64
Overallocation penalty: 48
Time conflicts: 5
TA Counts per Section: 0     10
1      3
2      4
3      5
4      5
5      5
6      4
7      3
8      7
9      5
10    10
11     8
12     4
13     5
14     2
15    11
16     6
dtype: int64
Undersupport penalty: 0
TA Assignments (per TA): 0     8
1     3
2     2
3     2
4     2
5     1
6     1
7     3
8     4
9     3
10    1
11    1
12    3
13    2
14    4
15    1
16    2
17    2
18    2
19    1
20    3
21    1
22    3
23    3
24    5
25    1
26    3
27    1
28    2
29    2
30    2
31    2
32    2
33    1
34    0
35    0
36    1
37    3
38    3
39    4
40    3
41    3
42    1
dtype: int64
Overallocation penalty: 48
Time conflicts: 5
TA Counts per Section: 0     10
1      3
2      4
3      5
4      5
5      5
6      4
7      3
8      7
9      5
10    10
11     8
12     4
13     5
14     2
15    11
16     6
dtype: int64
Undersupport penalty: 0
TA Assignments (per TA): 0     4
1     3
2     2
3     2
4     2
5     1
6     1
7     3
8     4
9     3
10    1
11    1
12    3
13    2
14    4
15    1
16    2
17    2
18    2
19    1
20    3
21    1
22    3
23    3
24    5
25    1
26    3
27    1
28    2
29    2
30    2
31    2
32    2
33    1
34    0
35    0
36    1
37    3
38    3
39    4
40    3
41    3
42    1
dtype: int64
Overallocation penalty: 44
Time conflicts: 5
TA Counts per Section: 0      6
1      3
2      4
3      5
4      5
5      5
6      4
7      3
8      7
9      5
10    10
11     8
12     4
13     5
14     2
15    11
16     6
dtype: int64
Undersupport penalty: 0
TA Assignments (per TA): 0     5
1     3
2     2
3     2
4     2
5     1
6     1
7     3
8     4
9     3
10    1
11    1
12    3
13    2
14    4
15    1
16    2
17    2
18    2
19    1
20    3
21    1
22    3
23    3
24    5
25    1
26    3
27    1
28    2
29    2
30    2
31    2
32    2
33    1
34    0
35    0
36    1
37    3
38    3
39    4
40    3
41    3
42    1
dtype: int64
Overallocation penalty: 45
Time conflicts: 5
TA Counts per Section: 0      7
1      3
2      4
3      5
4      5
5      5
6      4
7      3
8      7
9      5
10    10
11     8
12     4
13     5
14     2
15    11
16     6
dtype: int64
Undersupport penalty: 0
TA Assignments (per TA): 0     9
1     3
2     2
3     2
4     2
5     1
6     1
7     3
8     4
9     3
10    1
11    1
12    3
13    2
14    4
15    1
16    2
17    2
18    2
19    1
20    3
21    1
22    3
23    3
24    5
25    1
26    3
27    1
28    2
29    2
30    2
31    2
32    2
33    1
34    0
35    0
36    1
37    3
38    3
39    4
40    3
41    3
42    1
dtype: int64
Overallocation penalty: 49
Time conflicts: 5
TA Counts per Section: 0     11
1      3
2      4
3      5
4      5
5      5
6      4
7      3
8      7
9      5
10    10
11     8
12     4
13     5
14     2
15    11
16     6
dtype: int64
Undersupport penalty: 0
TA Assignments (per TA): 0     8
1     3
2     2
3     2
4     2
5     1
6     1
7     3
8     4
9     3
10    1
11    1
12    3
13    2
14    4
15    1
16    2
17    2
18    2
19    1
20    3
21    1
22    3
23    3
24    5
25    1
26    3
27    1
28    2
29    2
30    2
31    2
32    2
33    1
34    0
35    0
36    1
37    3
38    3
39    4
40    3
41    3
42    1
dtype: int64
Overallocation penalty: 48
Time conflicts: 5
TA Counts per Section: 0     10
1      3
2      4
3      5
4      5
5      5
6      4
7      3
8      7
9      5
10    10
11     8
12     4
13     5
14     2
15    11
16     6
dtype: int64
Undersupport penalty: 0
TA Assignments (per TA): 0     6
1     3
2     2
3     2
4     2
5     1
6     1
7     3
8     4
9     3
10    1
11    1
12    3
13    2
14    4
15    1
16    2
17    2
18    2
19    1
20    3
21    1
22    3
23    3
24    5
25    1
26    3
27    1
28    2
29    2
30    2
31    2
32    2
33    1
34    0
35    0
36    1
37    3
38    3
39    4
40    3
41    3
42    1
dtype: int64
Overallocation penalty: 46
Time conflicts: 5
TA Counts per Section: 0      8
1      3
2      4
3      5
4      5
5      5
6      4
7      3
8      7
9      5
10    10
11     8
12     4
13     5
14     2
15    11
16     6
dtype: int64
Undersupport penalty: 0
TA Assignments (per TA): 0     6
1     3
2     2
3     2
4     2
5     1
6     1
7     3
8     4
9     3
10    1
11    1
12    3
13    2
14    4
15    1
16    2
17    2
18    2
19    1
20    3
21    1
22    3
23    3
24    5
25    1
26    3
27    1
28    2
29    2
30    2
31    2
32    2
33    1
34    0
35    0
36    1
37    3
38    3
39    4
40    3
41    3
42    1
dtype: int64
Overallocation penalty: 46
Time conflicts: 5
TA Counts per Section: 0      8
1      3
2      4
3      5
4      5
5      5
6      4
7      3
8      7
9      5
10    10
11     8
12     4
13     5
14     2
15    11
16     6
dtype: int64
Undersupport penalty: 0
TA Assignments (per TA): 0     8
1     3
2     2
3     2
4     2
5     1
6     1
7     3
8     4
9     3
10    1
11    1
12    3
13    2
14    4
15    1
16    2
17    2
18    2
19    1
20    3
21    1
22    3
23    3
24    5
25    1
26    3
27    1
28    2
29    2
30    2
31    2
32    2
33    1
34    0
35    0
36    1
37    3
38    3
39    4
40    3
41    3
42    1
dtype: int64
Overallocation penalty: 48
Time conflicts: 5
TA Counts per Section: 0     10
1      3
2      4
3      5
4      5
5      5
6      4
7      3
8      7
9      5
10    10
11     8
12     4
13     5
14     2
15    11
16     6
dtype: int64
Undersupport penalty: 0
TA Assignments (per TA): 0     3
1     3
2     2
3     2
4     2
5     1
6     1
7     3
8     4
9     3
10    1
11    1
12    3
13    2
14    4
15    1
16    2
17    2
18    2
19    1
20    3
21    1
22    3
23    3
24    5
25    1
26    3
27    1
28    2
29    2
30    2
31    2
32    2
33    1
34    0
35    0
36    1
37    3
38    3
39    4
40    3
41    3
42    1
dtype: int64
Overallocation penalty: 43
Time conflicts: 5
TA Counts per Section: 0      5
1      3
2      4
3      5
4      5
5      5
6      4
7      3
8      7
9      5
10    10
11     8
12     4
13     5
14     2
15    11
16     6
dtype: int64
Undersupport penalty: 0
TA Assignments (per TA): 0     8
1     3
2     2
3     2
4     2
5     1
6     1
7     3
8     4
9     3
10    1
11    1
12    3
13    2
14    4
15    1
16    2
17    2
18    2
19    1
20    3
21    1
22    3
23    3
24    5
25    1
26    3
27    1
28    2
29    2
30    2
31    2
32    2
33    1
34    0
35    0
36    1
37    3
38    3
39    4
40    3
41    3
42    1
dtype: int64
Overallocation penalty: 48
Time conflicts: 5
TA Counts per Section: 0     10
1      3
2      4
3      5
4      5
5      5
6      4
7      3
8      7
9      5
10    10
11     8
12     4
13     5
14     2
15    11
16     6
dtype: int64
Undersupport penalty: 0
TA Assignments (per TA): 0     7
1     3
2     2
3     2
4     2
5     1
6     1
7     3
8     4
9     3
10    1
11    1
12    3
13    2
14    4
15    1
16    2
17    2
18    2
19    1
20    3
21    1
22    3
23    3
24    5
25    1
26    3
27    1
28    2
29    2
30    2
31    2
32    2
33    1
34    0
35    0
36    1
37    3
38    3
39    4
40    3
41    3
42    1
dtype: int64
Overallocation penalty: 47
Time conflicts: 5
TA Counts per Section: 0      9
1      3
2      4
3      5
4      5
5      5
6      4
7      3
8      7
9      5
10    10
11     8
12     4
13     5
14     2
15    11
16     6
dtype: int64
Undersupport penalty: 0
TA Assignments (per TA): 0     4
1     3
2     2
3     2
4     2
5     1
6     1
7     3
8     4
9     3
10    1
11    1
12    3
13    2
14    4
15    1
16    2
17    2
18    2
19    1
20    3
21    1
22    3
23    3
24    5
25    1
26    3
27    1
28    2
29    2
30    2
31    2
32    2
33    1
34    0
35    0
36    1
37    3
38    3
39    4
40    3
41    3
42    1
dtype: int64
Overallocation penalty: 44
Time conflicts: 5
TA Counts per Section: 0      6
1      3
2      4
3      5
4      5
5      5
6      4
7      3
8      7
9      5
10    10
11     8
12     4
13     5
14     2
15    11
16     6
dtype: int64
Undersupport penalty: 0
TA Assignments (per TA): 0     7
1     3
2     2
3     2
4     2
5     1
6     1
7     3
8     4
9     3
10    1
11    1
12    3
13    2
14    4
15    1
16    2
17    2
18    2
19    1
20    3
21    1
22    3
23    3
24    5
25    1
26    3
27    1
28    2
29    2
30    2
31    2
32    2
33    1
34    0
35    0
36    1
37    3
38    3
39    4
40    3
41    3
42    1
dtype: int64
Overallocation penalty: 47
Time conflicts: 5
TA Counts per Section: 0      9
1      3
2      4
3      5
4      5
5      5
6      4
7      3
8      7
9      5
10    10
11     8
12     4
13     5
14     2
15    11
16     6
dtype: int64
Undersupport penalty: 0
TA Assignments (per TA): 0     6
1     3
2     2
3     2
4     2
5     1
6     1
7     3
8     4
9     3
10    1
11    1
12    3
13    2
14    4
15    1
16    2
17    2
18    2
19    1
20    3
21    1
22    3
23    3
24    5
25    1
26    3
27    1
28    2
29    2
30    2
31    2
32    2
33    1
34    0
35    0
36    1
37    3
38    3
39    4
40    3
41    3
42    1
dtype: int64
Overallocation penalty: 46
Time conflicts: 5
TA Counts per Section: 0      8
1      3
2      4
3      5
4      5
5      5
6      4
7      3
8      7
9      5
10    10
11     8
12     4
13     5
14     2
15    11
16     6
dtype: int64
Undersupport penalty: 0
TA Assignments (per TA): 0     8
1     3
2     2
3     2
4     2
5     1
6     1
7     3
8     4
9     3
10    1
11    1
12    3
13    2
14    4
15    1
16    2
17    2
18    2
19    1
20    3
21    1
22    3
23    3
24    5
25    1
26    3
27    1
28    2
29    2
30    2
31    2
32    2
33    1
34    0
35    0
36    1
37    3
38    3
39    4
40    3
41    3
42    1
dtype: int64
Overallocation penalty: 48
Time conflicts: 5
TA Counts per Section: 0     10
1      3
2      4
3      5
4      5
5      5
6      4
7      3
8      7
9      5
10    10
11     8
12     4
13     5
14     2
15    11
16     6
dtype: int64
Undersupport penalty: 0
TA Assignments (per TA): 0     3
1     3
2     2
3     2
4     2
5     1
6     1
7     3
8     4
9     3
10    1
11    1
12    3
13    2
14    4
15    1
16    2
17    2
18    2
19    1
20    3
21    1
22    3
23    3
24    5
25    1
26    3
27    1
28    2
29    2
30    2
31    2
32    2
33    1
34    0
35    0
36    1
37    3
38    3
39    4
40    3
41    3
42    1
dtype: int64
Overallocation penalty: 43
Time conflicts: 5
TA Counts per Section: 0      5
1      3
2      4
3      5
4      5
5      5
6      4
7      3
8      7
9      5
10    10
11     8
12     4
13     5
14     2
15    11
16     6
dtype: int64
Undersupport penalty: 0
TA Assignments (per TA): 0     4
1     3
2     2
3     2
4     2
5     1
6     1
7     3
8     4
9     3
10    1
11    1
12    3
13    2
14    4
15    1
16    2
17    2
18    2
19    1
20    3
21    1
22    3
23    3
24    5
25    1
26    3
27    1
28    2
29    2
30    2
31    2
32    2
33    1
34    0
35    0
36    1
37    3
38    3
39    4
40    3
41    3
42    1
dtype: int64
Overallocation penalty: 44
Time conflicts: 5
TA Counts per Section: 0      6
1      3
2      4
3      5
4      5
5      5
6      4
7      3
8      7
9      5
10    10
11     8
12     4
13     5
14     2
15    11
16     6
dtype: int64
Undersupport penalty: 0
TA Assignments (per TA): 0     5
1     3
2     2
3     2
4     2
5     1
6     1
7     3
8     4
9     3
10    1
11    1
12    3
13    2
14    4
15    1
16    2
17    2
18    2
19    1
20    3
21    1
22    3
23    3
24    5
25    1
26    3
27    1
28    2
29    2
30    2
31    2
32    2
33    1
34    0
35    0
36    1
37    3
38    3
39    4
40    3
41    3
42    1
dtype: int64
Overallocation penalty: 45
Time conflicts: 5
TA Counts per Section: 0      7
1      3
2      4
3      5
4      5
5      5
6      4
7      3
8      7
9      5
10    10
11     8
12     4
13     5
14     2
15    11
16     6
dtype: int64
Undersupport penalty: 0
TA Assignments (per TA): 0     8
1     3
2     2
3     2
4     2
5     1
6     1
7     3
8     4
9     3
10    1
11    1
12    3
13    2
14    4
15    1
16    2
17    2
18    2
19    1
20    3
21    1
22    3
23    3
24    5
25    1
26    3
27    1
28    2
29    2
30    2
31    2
32    2
33    1
34    0
35    0
36    1
37    3
38    3
39    4
40    3
41    3
42    1
dtype: int64
Overallocation penalty: 48
Time conflicts: 5
TA Counts per Section: 0     10
1      3
2      4
3      5
4      5
5      5
6      4
7      3
8      7
9      5
10    10
11     8
12     4
13     5
14     2
15    11
16     6
dtype: int64
Undersupport penalty: 0
TA Assignments (per TA): 0     9
1     3
2     2
3     2
4     2
5     1
6     1
7     3
8     4
9     3
10    1
11    1
12    3
13    2
14    4
15    1
16    2
17    2
18    2
19    1
20    3
21    1
22    3
23    3
24    5
25    1
26    3
27    1
28    2
29    2
30    2
31    2
32    2
33    1
34    0
35    0
36    1
37    3
38    3
39    4
40    3
41    3
42    1
dtype: int64
Overallocation penalty: 49
Time conflicts: 5
TA Counts per Section: 0     11
1      3
2      4
3      5
4      5
5      5
6      4
7      3
8      7
9      5
10    10
11     8
12     4
13     5
14     2
15    11
16     6
dtype: int64
Undersupport penalty: 0
TA Assignments (per TA): 0     2
1     3
2     2
3     2
4     2
5     1
6     1
7     3
8     4
9     3
10    1
11    1
12    3
13    2
14    4
15    1
16    2
17    2
18    2
19    1
20    3
21    1
22    3
23    3
24    5
25    1
26    3
27    1
28    2
29    2
30    2
31    2
32    2
33    1
34    0
35    0
36    1
37    3
38    3
39    4
40    3
41    3
42    1
dtype: int64
Overallocation penalty: 42
Time conflicts: 5
TA Counts per Section: 0      4
1      3
2      4
3      5
4      5
5      5
6      4
7      3
8      7
9      5
10    10
11     8
12     4
13     5
14     2
15    11
16     6
dtype: int64
Undersupport penalty: 0
TA Assignments (per TA): 0     4
1     3
2     2
3     2
4     2
5     1
6     1
7     3
8     4
9     3
10    1
11    1
12    3
13    2
14    4
15    1
16    2
17    2
18    2
19    1
20    3
21    1
22    3
23    3
24    5
25    1
26    3
27    1
28    2
29    2
30    2
31    2
32    2
33    1
34    0
35    0
36    1
37    3
38    3
39    4
40    3
41    3
42    1
dtype: int64
Overallocation penalty: 44
Time conflicts: 5
TA Counts per Section: 0      6
1      3
2      4
3      5
4      5
5      5
6      4
7      3
8      7
9      5
10    10
11     8
12     4
13     5
14     2
15    11
16     6
dtype: int64
Undersupport penalty: 0
TA Assignments (per TA): 0     3
1     3
2     2
3     2
4     2
5     1
6     1
7     3
8     4
9     3
10    1
11    1
12    3
13    2
14    4
15    1
16    2
17    2
18    2
19    1
20    3
21    1
22    3
23    3
24    5
25    1
26    3
27    1
28    2
29    2
30    2
31    2
32    2
33    1
34    0
35    0
36    1
37    3
38    3
39    4
40    3
41    3
42    1
dtype: int64
Overallocation penalty: 43
Time conflicts: 5
TA Counts per Section: 0      5
1      3
2      4
3      5
4      5
5      5
6      4
7      3
8      7
9      5
10    10
11     8
12     4
13     5
14     2
15    11
16     6
dtype: int64
Undersupport penalty: 0
TA Assignments (per TA): 0     3
1     3
2     2
3     2
4     2
5     1
6     1
7     3
8     4
9     3
10    1
11    1
12    3
13    2
14    4
15    1
16    2
17    2
18    2
19    1
20    3
21    1
22    3
23    3
24    5
25    1
26    3
27    1
28    2
29    2
30    2
31    2
32    2
33    1
34    0
35    0
36    1
37    3
38    3
39    4
40    3
41    3
42    1
dtype: int64
Overallocation penalty: 43
Time conflicts: 5
TA Counts per Section: 0      5
1      3
2      4
3      5
4      5
5      5
6      4
7      3
8      7
9      5
10    10
11     8
12     4
13     5
14     2
15    11
16     6
dtype: int64
Undersupport penalty: 0
TA Assignments (per TA): 0     10
1      3
2      2
3      2
4      2
5      1
6      1
7      3
8      4
9      3
10     1
11     1
12     3
13     2
14     4
15     1
16     2
17     2
18     2
19     1
20     3
21     1
22     3
23     3
24     5
25     1
26     3
27     1
28     2
29     2
30     2
31     2
32     2
33     1
34     0
35     0
36     1
37     3
38     3
39     4
40     3
41     3
42     1
dtype: int64
Overallocation penalty: 50
Time conflicts: 5
TA Counts per Section: 0     12
1      3
2      4
3      5
4      5
5      5
6      4
7      3
8      7
9      5
10    10
11     8
12     4
13     5
14     2
15    11
16     6
dtype: int64
Undersupport penalty: 0
TA Assignments (per TA): 0     3
1     3
2     2
3     2
4     2
5     1
6     1
7     3
8     4
9     3
10    1
11    1
12    3
13    2
14    4
15    1
16    2
17    2
18    2
19    1
20    3
21    1
22    3
23    3
24    5
25    1
26    3
27    1
28    2
29    2
30    2
31    2
32    2
33    1
34    0
35    0
36    1
37    3
38    3
39    4
40    3
41    3
42    1
dtype: int64
Overallocation penalty: 43
Time conflicts: 5
TA Counts per Section: 0      5
1      3
2      4
3      5
4      5
5      5
6      4
7      3
8      7
9      5
10    10
11     8
12     4
13     5
14     2
15    11
16     6
dtype: int64
Undersupport penalty: 0
TA Assignments (per TA): 0     3
1     3
2     2
3     2
4     2
5     1
6     1
7     3
8     4
9     3
10    1
11    1
12    3
13    2
14    4
15    1
16    2
17    2
18    2
19    1
20    3
21    1
22    3
23    3
24    5
25    1
26    3
27    1
28    2
29    2
30    2
31    2
32    2
33    1
34    0
35    0
36    1
37    3
38    3
39    4
40    3
41    3
42    1
dtype: int64
Overallocation penalty: 43
Time conflicts: 5
TA Counts per Section: 0      5
1      3
2      4
3      5
4      5
5      5
6      4
7      3
8      7
9      5
10    10
11     8
12     4
13     5
14     2
15    11
16     6
dtype: int64
Undersupport penalty: 0
TA Assignments (per TA): 0     3
1     3
2     2
3     2
4     2
5     1
6     1
7     3
8     4
9     3
10    1
11    1
12    3
13    2
14    4
15    1
16    2
17    2
18    2
19    1
20    3
21    1
22    3
23    3
24    5
25    1
26    3
27    1
28    2
29    2
30    2
31    2
32    2
33    1
34    0
35    0
36    1
37    3
38    3
39    4
40    3
41    3
42    1
dtype: int64
Overallocation penalty: 43
Time conflicts: 5
TA Counts per Section: 0      5
1      3
2      4
3      5
4      5
5      5
6      4
7      3
8      7
9      5
10    10
11     8
12     4
13     5
14     2
15    11
16     6
dtype: int64
Undersupport penalty: 0
TA Assignments (per TA): 0     2
1     3
2     2
3     2
4     2
5     1
6     1
7     3
8     4
9     3
10    1
11    1
12    3
13    2
14    4
15    1
16    2
17    2
18    2
19    1
20    3
21    1
22    3
23    3
24    5
25    1
26    3
27    1
28    2
29    2
30    2
31    2
32    2
33    1
34    0
35    0
36    1
37    3
38    3
39    4
40    3
41    3
42    1
dtype: int64
Overallocation penalty: 42
Time conflicts: 5
TA Counts per Section: 0      4
1      3
2      4
3      5
4      5
5      5
6      4
7      3
8      7
9      5
10    10
11     8
12     4
13     5
14     2
15    11
16     6
dtype: int64
Undersupport penalty: 0
TA Assignments (per TA): 0     2
1     3
2     2
3     2
4     2
5     1
6     1
7     3
8     4
9     3
10    1
11    1
12    3
13    2
14    4
15    1
16    2
17    2
18    2
19    1
20    3
21    1
22    3
23    3
24    5
25    1
26    3
27    1
28    2
29    2
30    2
31    2
32    2
33    1
34    0
35    0
36    1
37    3
38    3
39    4
40    3
41    3
42    1
dtype: int64
Overallocation penalty: 42
Time conflicts: 5
TA Counts per Section: 0      4
1      3
2      4
3      5
4      5
5      5
6      4
7      3
8      7
9      5
10    10
11     8
12     4
13     5
14     2
15    11
16     6
dtype: int64
Undersupport penalty: 0
TA Assignments (per TA): 0     9
1     3
2     2
3     2
4     2
5     1
6     1
7     3
8     4
9     3
10    1
11    1
12    3
13    2
14    4
15    1
16    2
17    2
18    2
19    1
20    3
21    1
22    3
23    3
24    5
25    1
26    3
27    1
28    2
29    2
30    2
31    2
32    2
33    1
34    0
35    0
36    1
37    3
38    3
39    4
40    3
41    3
42    1
dtype: int64
Overallocation penalty: 49
Time conflicts: 5
TA Counts per Section: 0     11
1      3
2      4
3      5
4      5
5      5
6      4
7      3
8      7
9      5
10    10
11     8
12     4
13     5
14     2
15    11
16     6
dtype: int64
Undersupport penalty: 0
TA Assignments (per TA): 0     8
1     3
2     2
3     2
4     2
5     1
6     1
7     3
8     4
9     3
10    1
11    1
12    3
13    2
14    4
15    1
16    2
17    2
18    2
19    1
20    3
21    1
22    3
23    3
24    5
25    1
26    3
27    1
28    2
29    2
30    2
31    2
32    2
33    1
34    0
35    0
36    1
37    3
38    3
39    4
40    3
41    3
42    1
dtype: int64
Overallocation penalty: 48
Time conflicts: 5
TA Counts per Section: 0     10
1      3
2      4
3      5
4      5
5      5
6      4
7      3
8      7
9      5
10    10
11     8
12     4
13     5
14     2
15    11
16     6
dtype: int64
Undersupport penalty: 0
TA Assignments (per TA): 0     4
1     3
2     2
3     2
4     2
5     1
6     1
7     3
8     4
9     3
10    1
11    1
12    3
13    2
14    4
15    1
16    2
17    2
18    2
19    1
20    3
21    1
22    3
23    3
24    5
25    1
26    3
27    1
28    2
29    2
30    2
31    2
32    2
33    1
34    0
35    0
36    1
37    3
38    3
39    4
40    3
41    3
42    1
dtype: int64
Overallocation penalty: 44
Time conflicts: 5
TA Counts per Section: 0      6
1      3
2      4
3      5
4      5
5      5
6      4
7      3
8      7
9      5
10    10
11     8
12     4
13     5
14     2
15    11
16     6
dtype: int64
Undersupport penalty: 0
TA Assignments (per TA): 0     3
1     3
2     2
3     2
4     2
5     1
6     1
7     3
8     4
9     3
10    1
11    1
12    3
13    2
14    4
15    1
16    2
17    2
18    2
19    1
20    3
21    1
22    3
23    3
24    5
25    1
26    3
27    1
28    2
29    2
30    2
31    2
32    2
33    1
34    0
35    0
36    1
37    3
38    3
39    4
40    3
41    3
42    1
dtype: int64
Overallocation penalty: 43
Time conflicts: 5
TA Counts per Section: 0      5
1      3
2      4
3      5
4      5
5      5
6      4
7      3
8      7
9      5
10    10
11     8
12     4
13     5
14     2
15    11
16     6
dtype: int64
Undersupport penalty: 0
TA Assignments (per TA): 0     8
1     3
2     2
3     2
4     2
5     1
6     1
7     3
8     4
9     3
10    1
11    1
12    3
13    2
14    4
15    1
16    2
17    2
18    2
19    1
20    3
21    1
22    3
23    3
24    5
25    1
26    3
27    1
28    2
29    2
30    2
31    2
32    2
33    1
34    0
35    0
36    1
37    3
38    3
39    4
40    3
41    3
42    1
dtype: int64
Overallocation penalty: 48
Time conflicts: 5
TA Counts per Section: 0     10
1      3
2      4
3      5
4      5
5      5
6      4
7      3
8      7
9      5
10    10
11     8
12     4
13     5
14     2
15    11
16     6
dtype: int64
Undersupport penalty: 0
TA Assignments (per TA): 0     6
1     3
2     2
3     2
4     2
5     1
6     1
7     3
8     4
9     3
10    1
11    1
12    3
13    2
14    4
15    1
16    2
17    2
18    2
19    1
20    3
21    1
22    3
23    3
24    5
25    1
26    3
27    1
28    2
29    2
30    2
31    2
32    2
33    1
34    0
35    0
36    1
37    3
38    3
39    4
40    3
41    3
42    1
dtype: int64
Overallocation penalty: 46
Time conflicts: 5
TA Counts per Section: 0      8
1      3
2      4
3      5
4      5
5      5
6      4
7      3
8      7
9      5
10    10
11     8
12     4
13     5
14     2
15    11
16     6
dtype: int64
Undersupport penalty: 0
TA Assignments (per TA): 0     7
1     3
2     2
3     2
4     2
5     1
6     1
7     3
8     4
9     3
10    1
11    1
12    3
13    2
14    4
15    1
16    2
17    2
18    2
19    1
20    3
21    1
22    3
23    3
24    5
25    1
26    3
27    1
28    2
29    2
30    2
31    2
32    2
33    1
34    0
35    0
36    1
37    3
38    3
39    4
40    3
41    3
42    1
dtype: int64
Overallocation penalty: 47
Time conflicts: 5
TA Counts per Section: 0      9
1      3
2      4
3      5
4      5
5      5
6      4
7      3
8      7
9      5
10    10
11     8
12     4
13     5
14     2
15    11
16     6
dtype: int64
Undersupport penalty: 0
TA Assignments (per TA): 0     11
1      3
2      2
3      2
4      2
5      1
6      1
7      3
8      4
9      3
10     1
11     1
12     3
13     2
14     4
15     1
16     2
17     2
18     2
19     1
20     3
21     1
22     3
23     3
24     5
25     1
26     3
27     1
28     2
29     2
30     2
31     2
32     2
33     1
34     0
35     0
36     1
37     3
38     3
39     4
40     3
41     3
42     1
dtype: int64
Overallocation penalty: 51
Time conflicts: 5
TA Counts per Section: 0     13
1      3
2      4
3      5
4      5
5      5
6      4
7      3
8      7
9      5
10    10
11     8
12     4
13     5
14     2
15    11
16     6
dtype: int64
Undersupport penalty: 0
TA Assignments (per TA): 0     4
1     3
2     2
3     2
4     2
5     1
6     1
7     3
8     4
9     3
10    1
11    1
12    3
13    2
14    4
15    1
16    2
17    2
18    2
19    1
20    3
21    1
22    3
23    3
24    5
25    1
26    3
27    1
28    2
29    2
30    2
31    2
32    2
33    1
34    0
35    0
36    1
37    3
38    3
39    4
40    3
41    3
42    1
dtype: int64
Overallocation penalty: 44
Time conflicts: 5
TA Counts per Section: 0      6
1      3
2      4
3      5
4      5
5      5
6      4
7      3
8      7
9      5
10    10
11     8
12     4
13     5
14     2
15    11
16     6
dtype: int64
Undersupport penalty: 0
TA Assignments (per TA): 0     5
1     3
2     2
3     2
4     2
5     1
6     1
7     3
8     4
9     3
10    1
11    1
12    3
13    2
14    4
15    1
16    2
17    2
18    2
19    1
20    3
21    1
22    3
23    3
24    5
25    1
26    3
27    1
28    2
29    2
30    2
31    2
32    2
33    1
34    0
35    0
36    1
37    3
38    3
39    4
40    3
41    3
42    1
dtype: int64
Overallocation penalty: 45
Time conflicts: 5
TA Counts per Section: 0      7
1      3
2      4
3      5
4      5
5      5
6      4
7      3
8      7
9      5
10    10
11     8
12     4
13     5
14     2
15    11
16     6
dtype: int64
Undersupport penalty: 0
TA Assignments (per TA): 0     2
1     3
2     2
3     2
4     2
5     1
6     1
7     3
8     4
9     3
10    1
11    1
12    3
13    2
14    4
15    1
16    2
17    2
18    2
19    1
20    3
21    1
22    3
23    3
24    5
25    1
26    3
27    1
28    2
29    2
30    2
31    2
32    2
33    1
34    0
35    0
36    1
37    3
38    3
39    4
40    3
41    3
42    1
dtype: int64
Overallocation penalty: 42
Time conflicts: 5
TA Counts per Section: 0      4
1      3
2      4
3      5
4      5
5      5
6      4
7      3
8      7
9      5
10    10
11     8
12     4
13     5
14     2
15    11
16     6
dtype: int64
Undersupport penalty: 0
TA Assignments (per TA): 0     4
1     3
2     2
3     2
4     2
5     1
6     1
7     3
8     4
9     3
10    1
11    1
12    3
13    2
14    4
15    1
16    2
17    2
18    2
19    1
20    3
21    1
22    3
23    3
24    5
25    1
26    3
27    1
28    2
29    2
30    2
31    2
32    2
33    1
34    0
35    0
36    1
37    3
38    3
39    4
40    3
41    3
42    1
dtype: int64
Overallocation penalty: 44
Time conflicts: 5
TA Counts per Section: 0      6
1      3
2      4
3      5
4      5
5      5
6      4
7      3
8      7
9      5
10    10
11     8
12     4
13     5
14     2
15    11
16     6
dtype: int64
Undersupport penalty: 0
TA Assignments (per TA): 0     5
1     3
2     2
3     2
4     2
5     1
6     1
7     3
8     4
9     3
10    1
11    1
12    3
13    2
14    4
15    1
16    2
17    2
18    2
19    1
20    3
21    1
22    3
23    3
24    5
25    1
26    3
27    1
28    2
29    2
30    2
31    2
32    2
33    1
34    0
35    0
36    1
37    3
38    3
39    4
40    3
41    3
42    1
dtype: int64
Overallocation penalty: 45
Time conflicts: 5
TA Counts per Section: 0      7
1      3
2      4
3      5
4      5
5      5
6      4
7      3
8      7
9      5
10    10
11     8
12     4
13     5
14     2
15    11
16     6
dtype: int64
Undersupport penalty: 0
TA Assignments (per TA): 0     11
1      3
2      2
3      2
4      2
5      1
6      1
7      3
8      4
9      3
10     1
11     1
12     3
13     2
14     4
15     1
16     2
17     2
18     2
19     1
20     3
21     1
22     3
23     3
24     5
25     1
26     3
27     1
28     2
29     2
30     2
31     2
32     2
33     1
34     0
35     0
36     1
37     3
38     3
39     4
40     3
41     3
42     1
dtype: int64
Overallocation penalty: 51
Time conflicts: 5
TA Counts per Section: 0     13
1      3
2      4
3      5
4      5
5      5
6      4
7      3
8      7
9      5
10    10
11     8
12     4
13     5
14     2
15    11
16     6
dtype: int64
Undersupport penalty: 0
TA Assignments (per TA): 0     5
1     3
2     2
3     2
4     2
5     1
6     1
7     3
8     4
9     3
10    1
11    1
12    3
13    2
14    4
15    1
16    2
17    2
18    2
19    1
20    3
21    1
22    3
23    3
24    5
25    1
26    3
27    1
28    2
29    2
30    2
31    2
32    2
33    1
34    0
35    0
36    1
37    3
38    3
39    4
40    3
41    3
42    1
dtype: int64
Overallocation penalty: 45
Time conflicts: 5
TA Counts per Section: 0      7
1      3
2      4
3      5
4      5
5      5
6      4
7      3
8      7
9      5
10    10
11     8
12     4
13     5
14     2
15    11
16     6
dtype: int64
Undersupport penalty: 0
TA Assignments (per TA): 0     4
1     3
2     2
3     2
4     2
5     1
6     1
7     3
8     4
9     3
10    1
11    1
12    3
13    2
14    4
15    1
16    2
17    2
18    2
19    1
20    3
21    1
22    3
23    3
24    5
25    1
26    3
27    1
28    2
29    2
30    2
31    2
32    2
33    1
34    0
35    0
36    1
37    3
38    3
39    4
40    3
41    3
42    1
dtype: int64
Overallocation penalty: 44
Time conflicts: 5
TA Counts per Section: 0      6
1      3
2      4
3      5
4      5
5      5
6      4
7      3
8      7
9      5
10    10
11     8
12     4
13     5
14     2
15    11
16     6
dtype: int64
Undersupport penalty: 0
TA Assignments (per TA): 0     11
1      3
2      2
3      2
4      2
5      1
6      1
7      3
8      4
9      3
10     1
11     1
12     3
13     2
14     4
15     1
16     2
17     2
18     2
19     1
20     3
21     1
22     3
23     3
24     5
25     1
26     3
27     1
28     2
29     2
30     2
31     2
32     2
33     1
34     0
35     0
36     1
37     3
38     3
39     4
40     3
41     3
42     1
dtype: int64
Overallocation penalty: 51
Time conflicts: 5
TA Counts per Section: 0     13
1      3
2      4
3      5
4      5
5      5
6      4
7      3
8      7
9      5
10    10
11     8
12     4
13     5
14     2
15    11
16     6
dtype: int64
Undersupport penalty: 0
TA Assignments (per TA): 0     11
1      3
2      2
3      2
4      2
5      1
6      1
7      3
8      4
9      3
10     1
11     1
12     3
13     2
14     4
15     1
16     2
17     2
18     2
19     1
20     3
21     1
22     3
23     3
24     5
25     1
26     3
27     1
28     2
29     2
30     2
31     2
32     2
33     1
34     0
35     0
36     1
37     3
38     3
39     4
40     3
41     3
42     1
dtype: int64
Overallocation penalty: 51
Time conflicts: 5
TA Counts per Section: 0     13
1      3
2      4
3      5
4      5
5      5
6      4
7      3
8      7
9      5
10    10
11     8
12     4
13     5
14     2
15    11
16     6
dtype: int64
Undersupport penalty: 0
TA Assignments (per TA): 0     5
1     3
2     2
3     2
4     2
5     1
6     1
7     3
8     4
9     3
10    1
11    1
12    3
13    2
14    4
15    1
16    2
17    2
18    2
19    1
20    3
21    1
22    3
23    3
24    5
25    1
26    3
27    1
28    2
29    2
30    2
31    2
32    2
33    1
34    0
35    0
36    1
37    3
38    3
39    4
40    3
41    3
42    1
dtype: int64
Overallocation penalty: 45
Time conflicts: 5
TA Counts per Section: 0      7
1      3
2      4
3      5
4      5
5      5
6      4
7      3
8      7
9      5
10    10
11     8
12     4
13     5
14     2
15    11
16     6
dtype: int64
Undersupport penalty: 0
TA Assignments (per TA): 0     8
1     3
2     2
3     2
4     2
5     1
6     1
7     3
8     4
9     3
10    1
11    1
12    3
13    2
14    4
15    1
16    2
17    2
18    2
19    1
20    3
21    1
22    3
23    3
24    5
25    1
26    3
27    1
28    2
29    2
30    2
31    2
32    2
33    1
34    0
35    0
36    1
37    3
38    3
39    4
40    3
41    3
42    1
dtype: int64
Overallocation penalty: 48
Time conflicts: 5
TA Counts per Section: 0     10
1      3
2      4
3      5
4      5
5      5
6      4
7      3
8      7
9      5
10    10
11     8
12     4
13     5
14     2
15    11
16     6
dtype: int64
Undersupport penalty: 0
TA Assignments (per TA): 0     4
1     3
2     2
3     2
4     2
5     1
6     1
7     3
8     4
9     3
10    1
11    1
12    3
13    2
14    4
15    1
16    2
17    2
18    2
19    1
20    3
21    1
22    3
23    3
24    5
25    1
26    3
27    1
28    2
29    2
30    2
31    2
32    2
33    1
34    0
35    0
36    1
37    3
38    3
39    4
40    3
41    3
42    1
dtype: int64
Overallocation penalty: 44
Time conflicts: 5
TA Counts per Section: 0      6
1      3
2      4
3      5
4      5
5      5
6      4
7      3
8      7
9      5
10    10
11     8
12     4
13     5
14     2
15    11
16     6
dtype: int64
Undersupport penalty: 0
TA Assignments (per TA): 0     8
1     3
2     2
3     2
4     2
5     1
6     1
7     3
8     4
9     3
10    1
11    1
12    3
13    2
14    4
15    1
16    2
17    2
18    2
19    1
20    3
21    1
22    3
23    3
24    5
25    1
26    3
27    1
28    2
29    2
30    2
31    2
32    2
33    1
34    0
35    0
36    1
37    3
38    3
39    4
40    3
41    3
42    1
dtype: int64
Overallocation penalty: 48
Time conflicts: 5
TA Counts per Section: 0     10
1      3
2      4
3      5
4      5
5      5
6      4
7      3
8      7
9      5
10    10
11     8
12     4
13     5
14     2
15    11
16     6
dtype: int64
Undersupport penalty: 0
TA Assignments (per TA): 0     6
1     3
2     2
3     2
4     2
5     1
6     1
7     3
8     4
9     3
10    1
11    1
12    3
13    2
14    4
15    1
16    2
17    2
18    2
19    1
20    3
21    1
22    3
23    3
24    5
25    1
26    3
27    1
28    2
29    2
30    2
31    2
32    2
33    1
34    0
35    0
36    1
37    3
38    3
39    4
40    3
41    3
42    1
dtype: int64
Overallocation penalty: 46
Time conflicts: 5
TA Counts per Section: 0      8
1      3
2      4
3      5
4      5
5      5
6      4
7      3
8      7
9      5
10    10
11     8
12     4
13     5
14     2
15    11
16     6
dtype: int64
Undersupport penalty: 0
TA Assignments (per TA): 0     12
1      3
2      2
3      2
4      2
5      1
6      1
7      3
8      4
9      3
10     1
11     1
12     3
13     2
14     4
15     1
16     2
17     2
18     2
19     1
20     3
21     1
22     3
23     3
24     5
25     1
26     3
27     1
28     2
29     2
30     2
31     2
32     2
33     1
34     0
35     0
36     1
37     3
38     3
39     4
40     3
41     3
42     1
dtype: int64
Overallocation penalty: 52
Time conflicts: 5
TA Counts per Section: 0     14
1      3
2      4
3      5
4      5
5      5
6      4
7      3
8      7
9      5
10    10
11     8
12     4
13     5
14     2
15    11
16     6
dtype: int64
Undersupport penalty: 0
TA Assignments (per TA): 0     9
1     3
2     2
3     2
4     2
5     1
6     1
7     3
8     4
9     3
10    1
11    1
12    3
13    2
14    4
15    1
16    2
17    2
18    2
19    1
20    3
21    1
22    3
23    3
24    5
25    1
26    3
27    1
28    2
29    2
30    2
31    2
32    2
33    1
34    0
35    0
36    1
37    3
38    3
39    4
40    3
41    3
42    1
dtype: int64
Overallocation penalty: 49
Time conflicts: 5
TA Counts per Section: 0     11
1      3
2      4
3      5
4      5
5      5
6      4
7      3
8      7
9      5
10    10
11     8
12     4
13     5
14     2
15    11
16     6
dtype: int64
Undersupport penalty: 0
TA Assignments (per TA): 0     3
1     3
2     2
3     2
4     2
5     1
6     1
7     3
8     4
9     3
10    1
11    1
12    3
13    2
14    4
15    1
16    2
17    2
18    2
19    1
20    3
21    1
22    3
23    3
24    5
25    1
26    3
27    1
28    2
29    2
30    2
31    2
32    2
33    1
34    0
35    0
36    1
37    3
38    3
39    4
40    3
41    3
42    1
dtype: int64
Overallocation penalty: 43
Time conflicts: 5
TA Counts per Section: 0      5
1      3
2      4
3      5
4      5
5      5
6      4
7      3
8      7
9      5
10    10
11     8
12     4
13     5
14     2
15    11
16     6
dtype: int64
Undersupport penalty: 0
TA Assignments (per TA): 0     7
1     3
2     2
3     2
4     2
5     1
6     1
7     3
8     4
9     3
10    1
11    1
12    3
13    2
14    4
15    1
16    2
17    2
18    2
19    1
20    3
21    1
22    3
23    3
24    5
25    1
26    3
27    1
28    2
29    2
30    2
31    2
32    2
33    1
34    0
35    0
36    1
37    3
38    3
39    4
40    3
41    3
42    1
dtype: int64
Overallocation penalty: 47
Time conflicts: 5
TA Counts per Section: 0      9
1      3
2      4
3      5
4      5
5      5
6      4
7      3
8      7
9      5
10    10
11     8
12     4
13     5
14     2
15    11
16     6
dtype: int64
Undersupport penalty: 0
TA Assignments (per TA): 0     12
1      3
2      2
3      2
4      2
5      1
6      1
7      3
8      4
9      3
10     1
11     1
12     3
13     2
14     4
15     1
16     2
17     2
18     2
19     1
20     3
21     1
22     3
23     3
24     5
25     1
26     3
27     1
28     2
29     2
30     2
31     2
32     2
33     1
34     0
35     0
36     1
37     3
38     3
39     4
40     3
41     3
42     1
dtype: int64
Overallocation penalty: 52
Time conflicts: 5
TA Counts per Section: 0     14
1      3
2      4
3      5
4      5
5      5
6      4
7      3
8      7
9      5
10    10
11     8
12     4
13     5
14     2
15    11
16     6
dtype: int64
Undersupport penalty: 0
TA Assignments (per TA): 0     2
1     3
2     2
3     2
4     2
5     1
6     1
7     3
8     4
9     3
10    1
11    1
12    3
13    2
14    4
15    1
16    2
17    2
18    2
19    1
20    3
21    1
22    3
23    3
24    5
25    1
26    3
27    1
28    2
29    2
30    2
31    2
32    2
33    1
34    0
35    0
36    1
37    3
38    3
39    4
40    3
41    3
42    1
dtype: int64
Overallocation penalty: 42
Time conflicts: 5
TA Counts per Section: 0      4
1      3
2      4
3      5
4      5
5      5
6      4
7      3
8      7
9      5
10    10
11     8
12     4
13     5
14     2
15    11
16     6
dtype: int64
Undersupport penalty: 0
TA Assignments (per TA): 0     2
1     3
2     2
3     2
4     2
5     1
6     1
7     3
8     4
9     3
10    1
11    1
12    3
13    2
14    4
15    1
16    2
17    2
18    2
19    1
20    3
21    1
22    3
23    3
24    5
25    1
26    3
27    1
28    2
29    2
30    2
31    2
32    2
33    1
34    0
35    0
36    1
37    3
38    3
39    4
40    3
41    3
42    1
dtype: int64
Overallocation penalty: 42
Time conflicts: 5
TA Counts per Section: 0      4
1      3
2      4
3      5
4      5
5      5
6      4
7      3
8      7
9      5
10    10
11     8
12     4
13     5
14     2
15    11
16     6
dtype: int64
Undersupport penalty: 0
TA Assignments (per TA): 0     3
1     3
2     2
3     2
4     2
5     1
6     1
7     3
8     4
9     3
10    1
11    1
12    3
13    2
14    4
15    1
16    2
17    2
18    2
19    1
20    3
21    1
22    3
23    3
24    5
25    1
26    3
27    1
28    2
29    2
30    2
31    2
32    2
33    1
34    0
35    0
36    1
37    3
38    3
39    4
40    3
41    3
42    1
dtype: int64
Overallocation penalty: 43
Time conflicts: 5
TA Counts per Section: 0      5
1      3
2      4
3      5
4      5
5      5
6      4
7      3
8      7
9      5
10    10
11     8
12     4
13     5
14     2
15    11
16     6
dtype: int64
Undersupport penalty: 0
TA Assignments (per TA): 0     2
1     3
2     2
3     2
4     2
5     1
6     1
7     3
8     4
9     3
10    1
11    1
12    3
13    2
14    4
15    1
16    2
17    2
18    2
19    1
20    3
21    1
22    3
23    3
24    5
25    1
26    3
27    1
28    2
29    2
30    2
31    2
32    2
33    1
34    0
35    0
36    1
37    3
38    3
39    4
40    3
41    3
42    1
dtype: int64
Overallocation penalty: 42
Time conflicts: 5
TA Counts per Section: 0      4
1      3
2      4
3      5
4      5
5      5
6      4
7      3
8      7
9      5
10    10
11     8
12     4
13     5
14     2
15    11
16     6
dtype: int64
Undersupport penalty: 0
TA Assignments (per TA): 0     2
1     3
2     2
3     2
4     2
5     1
6     1
7     3
8     4
9     3
10    1
11    1
12    3
13    2
14    4
15    1
16    2
17    2
18    2
19    1
20    3
21    1
22    3
23    3
24    5
25    1
26    3
27    1
28    2
29    2
30    2
31    2
32    2
33    1
34    0
35    0
36    1
37    3
38    3
39    4
40    3
41    3
42    1
dtype: int64
Overallocation penalty: 42
Time conflicts: 5
TA Counts per Section: 0      4
1      3
2      4
3      5
4      5
5      5
6      4
7      3
8      7
9      5
10    10
11     8
12     4
13     5
14     2
15    11
16     6
dtype: int64
Undersupport penalty: 0
TA Assignments (per TA): 0     3
1     3
2     2
3     2
4     2
5     1
6     1
7     3
8     4
9     3
10    1
11    1
12    3
13    2
14    4
15    1
16    2
17    2
18    2
19    1
20    3
21    1
22    3
23    3
24    5
25    1
26    3
27    1
28    2
29    2
30    2
31    2
32    2
33    1
34    0
35    0
36    1
37    3
38    3
39    4
40    3
41    3
42    1
dtype: int64
Overallocation penalty: 43
Time conflicts: 5
TA Counts per Section: 0      5
1      3
2      4
3      5
4      5
5      5
6      4
7      3
8      7
9      5
10    10
11     8
12     4
13     5
14     2
15    11
16     6
dtype: int64
Undersupport penalty: 0
TA Assignments (per TA): 0     2
1     3
2     2
3     2
4     2
5     1
6     1
7     3
8     4
9     3
10    1
11    1
12    3
13    2
14    4
15    1
16    2
17    2
18    2
19    1
20    3
21    1
22    3
23    3
24    5
25    1
26    3
27    1
28    2
29    2
30    2
31    2
32    2
33    1
34    0
35    0
36    1
37    3
38    3
39    4
40    3
41    3
42    1
dtype: int64
Overallocation penalty: 42
Time conflicts: 5
TA Counts per Section: 0      4
1      3
2      4
3      5
4      5
5      5
6      4
7      3
8      7
9      5
10    10
11     8
12     4
13     5
14     2
15    11
16     6
dtype: int64
Undersupport penalty: 0
TA Assignments (per TA): 0     3
1     3
2     2
3     2
4     2
5     1
6     1
7     3
8     4
9     3
10    1
11    1
12    3
13    2
14    4
15    1
16    2
17    2
18    2
19    1
20    3
21    1
22    3
23    3
24    5
25    1
26    3
27    1
28    2
29    2
30    2
31    2
32    2
33    1
34    0
35    0
36    1
37    3
38    3
39    4
40    3
41    3
42    1
dtype: int64
Overallocation penalty: 43
Time conflicts: 5
TA Counts per Section: 0      5
1      3
2      4
3      5
4      5
5      5
6      4
7      3
8      7
9      5
10    10
11     8
12     4
13     5
14     2
15    11
16     6
dtype: int64
Undersupport penalty: 0
TA Assignments (per TA): 0     2
1     3
2     2
3     2
4     2
5     1
6     1
7     3
8     4
9     3
10    1
11    1
12    3
13    2
14    4
15    1
16    2
17    2
18    2
19    1
20    3
21    1
22    3
23    3
24    5
25    1
26    3
27    1
28    2
29    2
30    2
31    2
32    2
33    1
34    0
35    0
36    1
37    3
38    3
39    4
40    3
41    3
42    1
dtype: int64
Overallocation penalty: 42
Time conflicts: 5
TA Counts per Section: 0      4
1      3
2      4
3      5
4      5
5      5
6      4
7      3
8      7
9      5
10    10
11     8
12     4
13     5
14     2
15    11
16     6
dtype: int64
Undersupport penalty: 0
TA Assignments (per TA): 0     3
1     3
2     2
3     2
4     2
5     1
6     1
7     3
8     4
9     3
10    1
11    1
12    3
13    2
14    4
15    1
16    2
17    2
18    2
19    1
20    3
21    1
22    3
23    3
24    5
25    1
26    3
27    1
28    2
29    2
30    2
31    2
32    2
33    1
34    0
35    0
36    1
37    3
38    3
39    4
40    3
41    3
42    1
dtype: int64
Overallocation penalty: 43
Time conflicts: 5
TA Counts per Section: 0      5
1      3
2      4
3      5
4      5
5      5
6      4
7      3
8      7
9      5
10    10
11     8
12     4
13     5
14     2
15    11
16     6
dtype: int64
Undersupport penalty: 0
TA Assignments (per TA): 0     3
1     3
2     2
3     2
4     2
5     1
6     1
7     3
8     4
9     3
10    1
11    1
12    3
13    2
14    4
15    1
16    2
17    2
18    2
19    1
20    3
21    1
22    3
23    3
24    5
25    1
26    3
27    1
28    2
29    2
30    2
31    2
32    2
33    1
34    0
35    0
36    1
37    3
38    3
39    4
40    3
41    3
42    1
dtype: int64
Overallocation penalty: 43
Time conflicts: 5
TA Counts per Section: 0      5
1      3
2      4
3      5
4      5
5      5
6      4
7      3
8      7
9      5
10    10
11     8
12     4
13     5
14     2
15    11
16     6
dtype: int64
Undersupport penalty: 0
TA Assignments (per TA): 0     2
1     3
2     2
3     2
4     2
5     1
6     1
7     3
8     4
9     3
10    1
11    1
12    3
13    2
14    4
15    1
16    2
17    2
18    2
19    1
20    3
21    1
22    3
23    3
24    5
25    1
26    3
27    1
28    2
29    2
30    2
31    2
32    2
33    1
34    0
35    0
36    1
37    3
38    3
39    4
40    3
41    3
42    1
dtype: int64
Overallocation penalty: 42
Time conflicts: 5
TA Counts per Section: 0      4
1      3
2      4
3      5
4      5
5      5
6      4
7      3
8      7
9      5
10    10
11     8
12     4
13     5
14     2
15    11
16     6
dtype: int64
Undersupport penalty: 0
TA Assignments (per TA): 0     2
1     3
2     2
3     2
4     2
5     1
6     1
7     3
8     4
9     3
10    1
11    1
12    3
13    2
14    4
15    1
16    2
17    2
18    2
19    1
20    3
21    1
22    3
23    3
24    5
25    1
26    3
27    1
28    2
29    2
30    2
31    2
32    2
33    1
34    0
35    0
36    1
37    3
38    3
39    4
40    3
41    3
42    1
dtype: int64
Overallocation penalty: 42
Time conflicts: 5
TA Counts per Section: 0      4
1      3
2      4
3      5
4      5
5      5
6      4
7      3
8      7
9      5
10    10
11     8
12     4
13     5
14     2
15    11
16     6
dtype: int64
Undersupport penalty: 0
TA Assignments (per TA): 0     3
1     3
2     2
3     2
4     2
5     1
6     1
7     3
8     4
9     3
10    1
11    1
12    3
13    2
14    4
15    1
16    2
17    2
18    2
19    1
20    3
21    1
22    3
23    3
24    5
25    1
26    3
27    1
28    2
29    2
30    2
31    2
32    2
33    1
34    0
35    0
36    1
37    3
38    3
39    4
40    3
41    3
42    1
dtype: int64
Overallocation penalty: 43
Time conflicts: 5
TA Counts per Section: 0      5
1      3
2      4
3      5
4      5
5      5
6      4
7      3
8      7
9      5
10    10
11     8
12     4
13     5
14     2
15    11
16     6
dtype: int64
Undersupport penalty: 0
TA Assignments (per TA): 0     3
1     3
2     2
3     2
4     2
5     1
6     1
7     3
8     4
9     3
10    1
11    1
12    3
13    2
14    4
15    1
16    2
17    2
18    2
19    1
20    3
21    1
22    3
23    3
24    5
25    1
26    3
27    1
28    2
29    2
30    2
31    2
32    2
33    1
34    0
35    0
36    1
37    3
38    3
39    4
40    3
41    3
42    1
dtype: int64
Overallocation penalty: 43
Time conflicts: 5
TA Counts per Section: 0      5
1      3
2      4
3      5
4      5
5      5
6      4
7      3
8      7
9      5
10    10
11     8
12     4
13     5
14     2
15    11
16     6
dtype: int64
Undersupport penalty: 0
TA Assignments (per TA): 0     2
1     3
2     2
3     2
4     2
5     1
6     1
7     3
8     4
9     3
10    1
11    1
12    3
13    2
14    4
15    1
16    2
17    2
18    2
19    1
20    3
21    1
22    3
23    3
24    5
25    1
26    3
27    1
28    2
29    2
30    2
31    2
32    2
33    1
34    0
35    0
36    1
37    3
38    3
39    4
40    3
41    3
42    1
dtype: int64
Overallocation penalty: 42
Time conflicts: 5
TA Counts per Section: 0      4
1      3
2      4
3      5
4      5
5      5
6      4
7      3
8      7
9      5
10    10
11     8
12     4
13     5
14     2
15    11
16     6
dtype: int64
Undersupport penalty: 0
TA Assignments (per TA): 0     4
1     3
2     2
3     2
4     2
5     1
6     1
7     3
8     4
9     3
10    1
11    1
12    3
13    2
14    4
15    1
16    2
17    2
18    2
19    1
20    3
21    1
22    3
23    3
24    5
25    1
26    3
27    1
28    2
29    2
30    2
31    2
32    2
33    1
34    0
35    0
36    1
37    3
38    3
39    4
40    3
41    3
42    1
dtype: int64
Overallocation penalty: 44
Time conflicts: 5
TA Counts per Section: 0      6
1      3
2      4
3      5
4      5
5      5
6      4
7      3
8      7
9      5
10    10
11     8
12     4
13     5
14     2
15    11
16     6
dtype: int64
Undersupport penalty: 0
TA Assignments (per TA): 0     3
1     3
2     2
3     2
4     2
5     1
6     1
7     3
8     4
9     3
10    1
11    1
12    3
13    2
14    4
15    1
16    2
17    2
18    2
19    1
20    3
21    1
22    3
23    3
24    5
25    1
26    3
27    1
28    2
29    2
30    2
31    2
32    2
33    1
34    0
35    0
36    1
37    3
38    3
39    4
40    3
41    3
42    1
dtype: int64
Overallocation penalty: 43
Time conflicts: 5
TA Counts per Section: 0      5
1      3
2      4
3      5
4      5
5      5
6      4
7      3
8      7
9      5
10    10
11     8
12     4
13     5
14     2
15    11
16     6
dtype: int64
Undersupport penalty: 0
TA Assignments (per TA): 0     4
1     3
2     2
3     2
4     2
5     1
6     1
7     3
8     4
9     3
10    1
11    1
12    3
13    2
14    4
15    1
16    2
17    2
18    2
19    1
20    3
21    1
22    3
23    3
24    5
25    1
26    3
27    1
28    2
29    2
30    2
31    2
32    2
33    1
34    0
35    0
36    1
37    3
38    3
39    4
40    3
41    3
42    1
dtype: int64
Overallocation penalty: 44
Time conflicts: 5
TA Counts per Section: 0      6
1      3
2      4
3      5
4      5
5      5
6      4
7      3
8      7
9      5
10    10
11     8
12     4
13     5
14     2
15    11
16     6
dtype: int64
Undersupport penalty: 0
TA Assignments (per TA): 0     4
1     3
2     2
3     2
4     2
5     1
6     1
7     3
8     4
9     3
10    1
11    1
12    3
13    2
14    4
15    1
16    2
17    2
18    2
19    1
20    3
21    1
22    3
23    3
24    5
25    1
26    3
27    1
28    2
29    2
30    2
31    2
32    2
33    1
34    0
35    0
36    1
37    3
38    3
39    4
40    3
41    3
42    1
dtype: int64
Overallocation penalty: 44
Time conflicts: 5
TA Counts per Section: 0      6
1      3
2      4
3      5
4      5
5      5
6      4
7      3
8      7
9      5
10    10
11     8
12     4
13     5
14     2
15    11
16     6
dtype: int64
Undersupport penalty: 0
TA Assignments (per TA): 0     5
1     3
2     2
3     2
4     2
5     1
6     1
7     3
8     4
9     3
10    1
11    1
12    3
13    2
14    4
15    1
16    2
17    2
18    2
19    1
20    3
21    1
22    3
23    3
24    5
25    1
26    3
27    1
28    2
29    2
30    2
31    2
32    2
33    1
34    0
35    0
36    1
37    3
38    3
39    4
40    3
41    3
42    1
dtype: int64
Overallocation penalty: 45
Time conflicts: 5
TA Counts per Section: 0      7
1      3
2      4
3      5
4      5
5      5
6      4
7      3
8      7
9      5
10    10
11     8
12     4
13     5
14     2
15    11
16     6
dtype: int64
Undersupport penalty: 0
TA Assignments (per TA): 0     6
1     3
2     2
3     2
4     2
5     1
6     1
7     3
8     4
9     3
10    1
11    1
12    3
13    2
14    4
15    1
16    2
17    2
18    2
19    1
20    3
21    1
22    3
23    3
24    5
25    1
26    3
27    1
28    2
29    2
30    2
31    2
32    2
33    1
34    0
35    0
36    1
37    3
38    3
39    4
40    3
41    3
42    1
dtype: int64
Overallocation penalty: 46
Time conflicts: 5
TA Counts per Section: 0      8
1      3
2      4
3      5
4      5
5      5
6      4
7      3
8      7
9      5
10    10
11     8
12     4
13     5
14     2
15    11
16     6
dtype: int64
Undersupport penalty: 0
TA Assignments (per TA): 0     3
1     3
2     2
3     2
4     2
5     1
6     1
7     3
8     4
9     3
10    1
11    1
12    3
13    2
14    4
15    1
16    2
17    2
18    2
19    1
20    3
21    1
22    3
23    3
24    5
25    1
26    3
27    1
28    2
29    2
30    2
31    2
32    2
33    1
34    0
35    0
36    1
37    3
38    3
39    4
40    3
41    3
42    1
dtype: int64
Overallocation penalty: 43
Time conflicts: 5
TA Counts per Section: 0      5
1      3
2      4
3      5
4      5
5      5
6      4
7      3
8      7
9      5
10    10
11     8
12     4
13     5
14     2
15    11
16     6
dtype: int64
Undersupport penalty: 0
TA Assignments (per TA): 0     7
1     3
2     2
3     2
4     2
5     1
6     1
7     3
8     4
9     3
10    1
11    1
12    3
13    2
14    4
15    1
16    2
17    2
18    2
19    1
20    3
21    1
22    3
23    3
24    5
25    1
26    3
27    1
28    2
29    2
30    2
31    2
32    2
33    1
34    0
35    0
36    1
37    3
38    3
39    4
40    3
41    3
42    1
dtype: int64
Overallocation penalty: 47
Time conflicts: 5
TA Counts per Section: 0      9
1      3
2      4
3      5
4      5
5      5
6      4
7      3
8      7
9      5
10    10
11     8
12     4
13     5
14     2
15    11
16     6
dtype: int64
Undersupport penalty: 0
TA Assignments (per TA): 0     5
1     3
2     2
3     2
4     2
5     1
6     1
7     3
8     4
9     3
10    1
11    1
12    3
13    2
14    4
15    1
16    2
17    2
18    2
19    1
20    3
21    1
22    3
23    3
24    5
25    1
26    3
27    1
28    2
29    2
30    2
31    2
32    2
33    1
34    0
35    0
36    1
37    3
38    3
39    4
40    3
41    3
42    1
dtype: int64
Overallocation penalty: 45
Time conflicts: 5
TA Counts per Section: 0      7
1      3
2      4
3      5
4      5
5      5
6      4
7      3
8      7
9      5
10    10
11     8
12     4
13     5
14     2
15    11
16     6
dtype: int64
Undersupport penalty: 0
TA Assignments (per TA): 0     8
1     3
2     2
3     2
4     2
5     1
6     1
7     3
8     4
9     3
10    1
11    1
12    3
13    2
14    4
15    1
16    2
17    2
18    2
19    1
20    3
21    1
22    3
23    3
24    5
25    1
26    3
27    1
28    2
29    2
30    2
31    2
32    2
33    1
34    0
35    0
36    1
37    3
38    3
39    4
40    3
41    3
42    1
dtype: int64
Overallocation penalty: 48
Time conflicts: 5
TA Counts per Section: 0     10
1      3
2      4
3      5
4      5
5      5
6      4
7      3
8      7
9      5
10    10
11     8
12     4
13     5
14     2
15    11
16     6
dtype: int64
Undersupport penalty: 0
TA Assignments (per TA): 0     8
1     3
2     2
3     2
4     2
5     1
6     1
7     3
8     4
9     3
10    1
11    1
12    3
13    2
14    4
15    1
16    2
17    2
18    2
19    1
20    3
21    1
22    3
23    3
24    5
25    1
26    3
27    1
28    2
29    2
30    2
31    2
32    2
33    1
34    0
35    0
36    1
37    3
38    3
39    4
40    3
41    3
42    1
dtype: int64
Overallocation penalty: 48
Time conflicts: 5
TA Counts per Section: 0     10
1      3
2      4
3      5
4      5
5      5
6      4
7      3
8      7
9      5
10    10
11     8
12     4
13     5
14     2
15    11
16     6
dtype: int64
Undersupport penalty: 0
TA Assignments (per TA): 0     4
1     3
2     2
3     2
4     2
5     1
6     1
7     3
8     4
9     3
10    1
11    1
12    3
13    2
14    4
15    1
16    2
17    2
18    2
19    1
20    3
21    1
22    3
23    3
24    5
25    1
26    3
27    1
28    2
29    2
30    2
31    2
32    2
33    1
34    0
35    0
36    1
37    3
38    3
39    4
40    3
41    3
42    1
dtype: int64
Overallocation penalty: 44
Time conflicts: 5
TA Counts per Section: 0      6
1      3
2      4
3      5
4      5
5      5
6      4
7      3
8      7
9      5
10    10
11     8
12     4
13     5
14     2
15    11
16     6
dtype: int64
Undersupport penalty: 0
TA Assignments (per TA): 0     2
1     3
2     2
3     2
4     2
5     1
6     1
7     3
8     4
9     3
10    1
11    1
12    3
13    2
14    4
15    1
16    2
17    2
18    2
19    1
20    3
21    1
22    3
23    3
24    5
25    1
26    3
27    1
28    2
29    2
30    2
31    2
32    2
33    1
34    0
35    0
36    1
37    3
38    3
39    4
40    3
41    3
42    1
dtype: int64
Overallocation penalty: 42
Time conflicts: 5
TA Counts per Section: 0      4
1      3
2      4
3      5
4      5
5      5
6      4
7      3
8      7
9      5
10    10
11     8
12     4
13     5
14     2
15    11
16     6
dtype: int64
Undersupport penalty: 0
TA Assignments (per TA): 0     4
1     3
2     2
3     2
4     2
5     1
6     1
7     3
8     4
9     3
10    1
11    1
12    3
13    2
14    4
15    1
16    2
17    2
18    2
19    1
20    3
21    1
22    3
23    3
24    5
25    1
26    3
27    1
28    2
29    2
30    2
31    2
32    2
33    1
34    0
35    0
36    1
37    3
38    3
39    4
40    3
41    3
42    1
dtype: int64
Overallocation penalty: 44
Time conflicts: 5
TA Counts per Section: 0      6
1      3
2      4
3      5
4      5
5      5
6      4
7      3
8      7
9      5
10    10
11     8
12     4
13     5
14     2
15    11
16     6
dtype: int64
Undersupport penalty: 0
TA Assignments (per TA): 0     5
1     3
2     2
3     2
4     2
5     1
6     1
7     3
8     4
9     3
10    1
11    1
12    3
13    2
14    4
15    1
16    2
17    2
18    2
19    1
20    3
21    1
22    3
23    3
24    5
25    1
26    3
27    1
28    2
29    2
30    2
31    2
32    2
33    1
34    0
35    0
36    1
37    3
38    3
39    4
40    3
41    3
42    1
dtype: int64
Overallocation penalty: 45
Time conflicts: 5
TA Counts per Section: 0      7
1      3
2      4
3      5
4      5
5      5
6      4
7      3
8      7
9      5
10    10
11     8
12     4
13     5
14     2
15    11
16     6
dtype: int64
Undersupport penalty: 0
TA Assignments (per TA): 0     2
1     3
2     2
3     2
4     2
5     1
6     1
7     3
8     4
9     3
10    1
11    1
12    3
13    2
14    4
15    1
16    2
17    2
18    2
19    1
20    3
21    1
22    3
23    3
24    5
25    1
26    3
27    1
28    2
29    2
30    2
31    2
32    2
33    1
34    0
35    0
36    1
37    3
38    3
39    4
40    3
41    3
42    1
dtype: int64
Overallocation penalty: 42
Time conflicts: 5
TA Counts per Section: 0      4
1      3
2      4
3      5
4      5
5      5
6      4
7      3
8      7
9      5
10    10
11     8
12     4
13     5
14     2
15    11
16     6
dtype: int64
Undersupport penalty: 0
TA Assignments (per TA): 0     7
1     3
2     2
3     2
4     2
5     1
6     1
7     3
8     4
9     3
10    1
11    1
12    3
13    2
14    4
15    1
16    2
17    2
18    2
19    1
20    3
21    1
22    3
23    3
24    5
25    1
26    3
27    1
28    2
29    2
30    2
31    2
32    2
33    1
34    0
35    0
36    1
37    3
38    3
39    4
40    3
41    3
42    1
dtype: int64
Overallocation penalty: 47
Time conflicts: 5
TA Counts per Section: 0      9
1      3
2      4
3      5
4      5
5      5
6      4
7      3
8      7
9      5
10    10
11     8
12     4
13     5
14     2
15    11
16     6
dtype: int64
Undersupport penalty: 0
TA Assignments (per TA): 0     2
1     3
2     2
3     2
4     2
5     1
6     1
7     3
8     4
9     3
10    1
11    1
12    3
13    2
14    4
15    1
16    2
17    2
18    2
19    1
20    3
21    1
22    3
23    3
24    5
25    1
26    3
27    1
28    2
29    2
30    2
31    2
32    2
33    1
34    0
35    0
36    1
37    3
38    3
39    4
40    3
41    3
42    1
dtype: int64
Overallocation penalty: 42
Time conflicts: 5
TA Counts per Section: 0      4
1      3
2      4
3      5
4      5
5      5
6      4
7      3
8      7
9      5
10    10
11     8
12     4
13     5
14     2
15    11
16     6
dtype: int64
Undersupport penalty: 0
TA Assignments (per TA): 0     4
1     3
2     2
3     2
4     2
5     1
6     1
7     3
8     4
9     3
10    1
11    1
12    3
13    2
14    4
15    1
16    2
17    2
18    2
19    1
20    3
21    1
22    3
23    3
24    5
25    1
26    3
27    1
28    2
29    2
30    2
31    2
32    2
33    1
34    0
35    0
36    1
37    3
38    3
39    4
40    3
41    3
42    1
dtype: int64
Overallocation penalty: 44
Time conflicts: 5
TA Counts per Section: 0      6
1      3
2      4
3      5
4      5
5      5
6      4
7      3
8      7
9      5
10    10
11     8
12     4
13     5
14     2
15    11
16     6
dtype: int64
Undersupport penalty: 0
TA Assignments (per TA): 0     7
1     3
2     2
3     2
4     2
5     1
6     1
7     3
8     4
9     3
10    1
11    1
12    3
13    2
14    4
15    1
16    2
17    2
18    2
19    1
20    3
21    1
22    3
23    3
24    5
25    1
26    3
27    1
28    2
29    2
30    2
31    2
32    2
33    1
34    0
35    0
36    1
37    3
38    3
39    4
40    3
41    3
42    1
dtype: int64
Overallocation penalty: 47
Time conflicts: 5
TA Counts per Section: 0      9
1      3
2      4
3      5
4      5
5      5
6      4
7      3
8      7
9      5
10    10
11     8
12     4
13     5
14     2
15    11
16     6
dtype: int64
Undersupport penalty: 0
TA Assignments (per TA): 0     8
1     3
2     2
3     2
4     2
5     1
6     1
7     3
8     4
9     3
10    1
11    1
12    3
13    2
14    4
15    1
16    2
17    2
18    2
19    1
20    3
21    1
22    3
23    3
24    5
25    1
26    3
27    1
28    2
29    2
30    2
31    2
32    2
33    1
34    0
35    0
36    1
37    3
38    3
39    4
40    3
41    3
42    1
dtype: int64
Overallocation penalty: 48
Time conflicts: 5
TA Counts per Section: 0     10
1      3
2      4
3      5
4      5
5      5
6      4
7      3
8      7
9      5
10    10
11     8
12     4
13     5
14     2
15    11
16     6
dtype: int64
Undersupport penalty: 0
TA Assignments (per TA): 0     5
1     3
2     2
3     2
4     2
5     1
6     1
7     3
8     4
9     3
10    1
11    1
12    3
13    2
14    4
15    1
16    2
17    2
18    2
19    1
20    3
21    1
22    3
23    3
24    5
25    1
26    3
27    1
28    2
29    2
30    2
31    2
32    2
33    1
34    0
35    0
36    1
37    3
38    3
39    4
40    3
41    3
42    1
dtype: int64
Overallocation penalty: 45
Time conflicts: 5
TA Counts per Section: 0      7
1      3
2      4
3      5
4      5
5      5
6      4
7      3
8      7
9      5
10    10
11     8
12     4
13     5
14     2
15    11
16     6
dtype: int64
Undersupport penalty: 0
TA Assignments (per TA): 0     2
1     3
2     2
3     2
4     2
5     1
6     1
7     3
8     4
9     3
10    1
11    1
12    3
13    2
14    4
15    1
16    2
17    2
18    2
19    1
20    3
21    1
22    3
23    3
24    5
25    1
26    3
27    1
28    2
29    2
30    2
31    2
32    2
33    1
34    0
35    0
36    1
37    3
38    3
39    4
40    3
41    3
42    1
dtype: int64
Overallocation penalty: 42
Time conflicts: 5
TA Counts per Section: 0      4
1      3
2      4
3      5
4      5
5      5
6      4
7      3
8      7
9      5
10    10
11     8
12     4
13     5
14     2
15    11
16     6
dtype: int64
Undersupport penalty: 0
TA Assignments (per TA): 0     5
1     3
2     2
3     2
4     2
5     1
6     1
7     3
8     4
9     3
10    1
11    1
12    3
13    2
14    4
15    1
16    2
17    2
18    2
19    1
20    3
21    1
22    3
23    3
24    5
25    1
26    3
27    1
28    2
29    2
30    2
31    2
32    2
33    1
34    0
35    0
36    1
37    3
38    3
39    4
40    3
41    3
42    1
dtype: int64
Overallocation penalty: 45
Time conflicts: 5
TA Counts per Section: 0      7
1      3
2      4
3      5
4      5
5      5
6      4
7      3
8      7
9      5
10    10
11     8
12     4
13     5
14     2
15    11
16     6
dtype: int64
Undersupport penalty: 0
TA Assignments (per TA): 0     2
1     3
2     2
3     2
4     2
5     1
6     1
7     3
8     4
9     3
10    1
11    1
12    3
13    2
14    4
15    1
16    2
17    2
18    2
19    1
20    3
21    1
22    3
23    3
24    5
25    1
26    3
27    1
28    2
29    2
30    2
31    2
32    2
33    1
34    0
35    0
36    1
37    3
38    3
39    4
40    3
41    3
42    1
dtype: int64
Overallocation penalty: 42
Time conflicts: 5
TA Counts per Section: 0      4
1      3
2      4
3      5
4      5
5      5
6      4
7      3
8      7
9      5
10    10
11     8
12     4
13     5
14     2
15    11
16     6
dtype: int64
Undersupport penalty: 0
TA Assignments (per TA): 0     8
1     3
2     2
3     2
4     2
5     1
6     1
7     3
8     4
9     3
10    1
11    1
12    3
13    2
14    4
15    1
16    2
17    2
18    2
19    1
20    3
21    1
22    3
23    3
24    5
25    1
26    3
27    1
28    2
29    2
30    2
31    2
32    2
33    1
34    0
35    0
36    1
37    3
38    3
39    4
40    3
41    3
42    1
dtype: int64
Overallocation penalty: 48
Time conflicts: 5
TA Counts per Section: 0     10
1      3
2      4
3      5
4      5
5      5
6      4
7      3
8      7
9      5
10    10
11     8
12     4
13     5
14     2
15    11
16     6
dtype: int64
Undersupport penalty: 0
TA Assignments (per TA): 0     3
1     3
2     2
3     2
4     2
5     1
6     1
7     3
8     4
9     3
10    1
11    1
12    3
13    2
14    4
15    1
16    2
17    2
18    2
19    1
20    3
21    1
22    3
23    3
24    5
25    1
26    3
27    1
28    2
29    2
30    2
31    2
32    2
33    1
34    0
35    0
36    1
37    3
38    3
39    4
40    3
41    3
42    1
dtype: int64
Overallocation penalty: 43
Time conflicts: 5
TA Counts per Section: 0      5
1      3
2      4
3      5
4      5
5      5
6      4
7      3
8      7
9      5
10    10
11     8
12     4
13     5
14     2
15    11
16     6
dtype: int64
Undersupport penalty: 0
TA Assignments (per TA): 0     8
1     3
2     2
3     2
4     2
5     1
6     1
7     3
8     4
9     3
10    1
11    1
12    3
13    2
14    4
15    1
16    2
17    2
18    2
19    1
20    3
21    1
22    3
23    3
24    5
25    1
26    3
27    1
28    2
29    2
30    2
31    2
32    2
33    1
34    0
35    0
36    1
37    3
38    3
39    4
40    3
41    3
42    1
dtype: int64
Overallocation penalty: 48
Time conflicts: 5
TA Counts per Section: 0     10
1      3
2      4
3      5
4      5
5      5
6      4
7      3
8      7
9      5
10    10
11     8
12     4
13     5
14     2
15    11
16     6
dtype: int64
Undersupport penalty: 0
TA Assignments (per TA): 0     5
1     3
2     2
3     2
4     2
5     1
6     1
7     3
8     4
9     3
10    1
11    1
12    3
13    2
14    4
15    1
16    2
17    2
18    2
19    1
20    3
21    1
22    3
23    3
24    5
25    1
26    3
27    1
28    2
29    2
30    2
31    2
32    2
33    1
34    0
35    0
36    1
37    3
38    3
39    4
40    3
41    3
42    1
dtype: int64
Overallocation penalty: 45
Time conflicts: 5
TA Counts per Section: 0      7
1      3
2      4
3      5
4      5
5      5
6      4
7      3
8      7
9      5
10    10
11     8
12     4
13     5
14     2
15    11
16     6
dtype: int64
Undersupport penalty: 0
TA Assignments (per TA): 0     7
1     3
2     2
3     2
4     2
5     1
6     1
7     3
8     4
9     3
10    1
11    1
12    3
13    2
14    4
15    1
16    2
17    2
18    2
19    1
20    3
21    1
22    3
23    3
24    5
25    1
26    3
27    1
28    2
29    2
30    2
31    2
32    2
33    1
34    0
35    0
36    1
37    3
38    3
39    4
40    3
41    3
42    1
dtype: int64
Overallocation penalty: 47
Time conflicts: 5
TA Counts per Section: 0      9
1      3
2      4
3      5
4      5
5      5
6      4
7      3
8      7
9      5
10    10
11     8
12     4
13     5
14     2
15    11
16     6
dtype: int64
Undersupport penalty: 0
TA Assignments (per TA): 0     8
1     3
2     2
3     2
4     2
5     1
6     1
7     3
8     4
9     3
10    1
11    1
12    3
13    2
14    4
15    1
16    2
17    2
18    2
19    1
20    3
21    1
22    3
23    3
24    5
25    1
26    3
27    1
28    2
29    2
30    2
31    2
32    2
33    1
34    0
35    0
36    1
37    3
38    3
39    4
40    3
41    3
42    1
dtype: int64
Overallocation penalty: 48
Time conflicts: 5
TA Counts per Section: 0     10
1      3
2      4
3      5
4      5
5      5
6      4
7      3
8      7
9      5
10    10
11     8
12     4
13     5
14     2
15    11
16     6
dtype: int64
Undersupport penalty: 0
TA Assignments (per TA): 0     7
1     3
2     2
3     2
4     2
5     1
6     1
7     3
8     4
9     3
10    1
11    1
12    3
13    2
14    4
15    1
16    2
17    2
18    2
19    1
20    3
21    1
22    3
23    3
24    5
25    1
26    3
27    1
28    2
29    2
30    2
31    2
32    2
33    1
34    0
35    0
36    1
37    3
38    3
39    4
40    3
41    3
42    1
dtype: int64
Overallocation penalty: 47
Time conflicts: 5
TA Counts per Section: 0      9
1      3
2      4
3      5
4      5
5      5
6      4
7      3
8      7
9      5
10    10
11     8
12     4
13     5
14     2
15    11
16     6
dtype: int64
Undersupport penalty: 0
TA Assignments (per TA): 0     4
1     3
2     2
3     2
4     2
5     1
6     1
7     3
8     4
9     3
10    1
11    1
12    3
13    2
14    4
15    1
16    2
17    2
18    2
19    1
20    3
21    1
22    3
23    3
24    5
25    1
26    3
27    1
28    2
29    2
30    2
31    2
32    2
33    1
34    0
35    0
36    1
37    3
38    3
39    4
40    3
41    3
42    1
dtype: int64
Overallocation penalty: 44
Time conflicts: 5
TA Counts per Section: 0      6
1      3
2      4
3      5
4      5
5      5
6      4
7      3
8      7
9      5
10    10
11     8
12     4
13     5
14     2
15    11
16     6
dtype: int64
Undersupport penalty: 0
TA Assignments (per TA): 0     3
1     3
2     2
3     2
4     2
5     1
6     1
7     3
8     4
9     3
10    1
11    1
12    3
13    2
14    4
15    1
16    2
17    2
18    2
19    1
20    3
21    1
22    3
23    3
24    5
25    1
26    3
27    1
28    2
29    2
30    2
31    2
32    2
33    1
34    0
35    0
36    1
37    3
38    3
39    4
40    3
41    3
42    1
dtype: int64
Overallocation penalty: 43
Time conflicts: 5
TA Counts per Section: 0      5
1      3
2      4
3      5
4      5
5      5
6      4
7      3
8      7
9      5
10    10
11     8
12     4
13     5
14     2
15    11
16     6
dtype: int64
Undersupport penalty: 0
TA Assignments (per TA): 0     2
1     3
2     2
3     2
4     2
5     1
6     1
7     3
8     4
9     3
10    1
11    1
12    3
13    2
14    4
15    1
16    2
17    2
18    2
19    1
20    3
21    1
22    3
23    3
24    5
25    1
26    3
27    1
28    2
29    2
30    2
31    2
32    2
33    1
34    0
35    0
36    1
37    3
38    3
39    4
40    3
41    3
42    1
dtype: int64
Overallocation penalty: 42
Time conflicts: 5
TA Counts per Section: 0      4
1      3
2      4
3      5
4      5
5      5
6      4
7      3
8      7
9      5
10    10
11     8
12     4
13     5
14     2
15    11
16     6
dtype: int64
Undersupport penalty: 0
TA Assignments (per TA): 0     5
1     3
2     2
3     2
4     2
5     1
6     1
7     3
8     4
9     3
10    1
11    1
12    3
13    2
14    4
15    1
16    2
17    2
18    2
19    1
20    3
21    1
22    3
23    3
24    5
25    1
26    3
27    1
28    2
29    2
30    2
31    2
32    2
33    1
34    0
35    0
36    1
37    3
38    3
39    4
40    3
41    3
42    1
dtype: int64
Overallocation penalty: 45
Time conflicts: 5
TA Counts per Section: 0      7
1      3
2      4
3      5
4      5
5      5
6      4
7      3
8      7
9      5
10    10
11     8
12     4
13     5
14     2
15    11
16     6
dtype: int64
Undersupport penalty: 0
TA Assignments (per TA): 0     5
1     3
2     2
3     2
4     2
5     1
6     1
7     3
8     4
9     3
10    1
11    1
12    3
13    2
14    4
15    1
16    2
17    2
18    2
19    1
20    3
21    1
22    3
23    3
24    5
25    1
26    3
27    1
28    2
29    2
30    2
31    2
32    2
33    1
34    0
35    0
36    1
37    3
38    3
39    4
40    3
41    3
42    1
dtype: int64
Overallocation penalty: 45
Time conflicts: 5
TA Counts per Section: 0      7
1      3
2      4
3      5
4      5
5      5
6      4
7      3
8      7
9      5
10    10
11     8
12     4
13     5
14     2
15    11
16     6
dtype: int64
Undersupport penalty: 0
TA Assignments (per TA): 0     8
1     3
2     2
3     2
4     2
5     1
6     1
7     3
8     4
9     3
10    1
11    1
12    3
13    2
14    4
15    1
16    2
17    2
18    2
19    1
20    3
21    1
22    3
23    3
24    5
25    1
26    3
27    1
28    2
29    2
30    2
31    2
32    2
33    1
34    0
35    0
36    1
37    3
38    3
39    4
40    3
41    3
42    1
dtype: int64
Overallocation penalty: 48
Time conflicts: 5
TA Counts per Section: 0     10
1      3
2      4
3      5
4      5
5      5
6      4
7      3
8      7
9      5
10    10
11     8
12     4
13     5
14     2
15    11
16     6
dtype: int64
Undersupport penalty: 0
TA Assignments (per TA): 0     4
1     3
2     2
3     2
4     2
5     1
6     1
7     3
8     4
9     3
10    1
11    1
12    3
13    2
14    4
15    1
16    2
17    2
18    2
19    1
20    3
21    1
22    3
23    3
24    5
25    1
26    3
27    1
28    2
29    2
30    2
31    2
32    2
33    1
34    0
35    0
36    1
37    3
38    3
39    4
40    3
41    3
42    1
dtype: int64
Overallocation penalty: 44
Time conflicts: 5
TA Counts per Section: 0      6
1      3
2      4
3      5
4      5
5      5
6      4
7      3
8      7
9      5
10    10
11     8
12     4
13     5
14     2
15    11
16     6
dtype: int64
Undersupport penalty: 0
TA Assignments (per TA): 0     2
1     3
2     2
3     2
4     2
5     1
6     1
7     3
8     4
9     3
10    1
11    1
12    3
13    2
14    4
15    1
16    2
17    2
18    2
19    1
20    3
21    1
22    3
23    3
24    5
25    1
26    3
27    1
28    2
29    2
30    2
31    2
32    2
33    1
34    0
35    0
36    1
37    3
38    3
39    4
40    3
41    3
42    1
dtype: int64
Overallocation penalty: 42
Time conflicts: 5
TA Counts per Section: 0      4
1      3
2      4
3      5
4      5
5      5
6      4
7      3
8      7
9      5
10    10
11     8
12     4
13     5
14     2
15    11
16     6
dtype: int64
Undersupport penalty: 0
TA Assignments (per TA): 0     6
1     3
2     2
3     2
4     2
5     1
6     1
7     3
8     4
9     3
10    1
11    1
12    3
13    2
14    4
15    1
16    2
17    2
18    2
19    1
20    3
21    1
22    3
23    3
24    5
25    1
26    3
27    1
28    2
29    2
30    2
31    2
32    2
33    1
34    0
35    0
36    1
37    3
38    3
39    4
40    3
41    3
42    1
dtype: int64
Overallocation penalty: 46
Time conflicts: 5
TA Counts per Section: 0      8
1      3
2      4
3      5
4      5
5      5
6      4
7      3
8      7
9      5
10    10
11     8
12     4
13     5
14     2
15    11
16     6
dtype: int64
Undersupport penalty: 0
TA Assignments (per TA): 0     4
1     3
2     2
3     2
4     2
5     1
6     1
7     3
8     4
9     3
10    1
11    1
12    3
13    2
14    4
15    1
16    2
17    2
18    2
19    1
20    3
21    1
22    3
23    3
24    5
25    1
26    3
27    1
28    2
29    2
30    2
31    2
32    2
33    1
34    0
35    0
36    1
37    3
38    3
39    4
40    3
41    3
42    1
dtype: int64
Overallocation penalty: 44
Time conflicts: 5
TA Counts per Section: 0      6
1      3
2      4
3      5
4      5
5      5
6      4
7      3
8      7
9      5
10    10
11     8
12     4
13     5
14     2
15    11
16     6
dtype: int64
Undersupport penalty: 0
TA Assignments (per TA): 0     2
1     3
2     2
3     2
4     2
5     1
6     1
7     3
8     4
9     3
10    1
11    1
12    3
13    2
14    4
15    1
16    2
17    2
18    2
19    1
20    3
21    1
22    3
23    3
24    5
25    1
26    3
27    1
28    2
29    2
30    2
31    2
32    2
33    1
34    0
35    0
36    1
37    3
38    3
39    4
40    3
41    3
42    1
dtype: int64
Overallocation penalty: 42
Time conflicts: 5
TA Counts per Section: 0      4
1      3
2      4
3      5
4      5
5      5
6      4
7      3
8      7
9      5
10    10
11     8
12     4
13     5
14     2
15    11
16     6
dtype: int64
Undersupport penalty: 0
TA Assignments (per TA): 0     9
1     3
2     2
3     2
4     2
5     1
6     1
7     3
8     4
9     3
10    1
11    1
12    3
13    2
14    4
15    1
16    2
17    2
18    2
19    1
20    3
21    1
22    3
23    3
24    5
25    1
26    3
27    1
28    2
29    2
30    2
31    2
32    2
33    1
34    0
35    0
36    1
37    3
38    3
39    4
40    3
41    3
42    1
dtype: int64
Overallocation penalty: 49
Time conflicts: 5
TA Counts per Section: 0     11
1      3
2      4
3      5
4      5
5      5
6      4
7      3
8      7
9      5
10    10
11     8
12     4
13     5
14     2
15    11
16     6
dtype: int64
Undersupport penalty: 0
TA Assignments (per TA): 0     2
1     3
2     2
3     2
4     2
5     1
6     1
7     3
8     4
9     3
10    1
11    1
12    3
13    2
14    4
15    1
16    2
17    2
18    2
19    1
20    3
21    1
22    3
23    3
24    5
25    1
26    3
27    1
28    2
29    2
30    2
31    2
32    2
33    1
34    0
35    0
36    1
37    3
38    3
39    4
40    3
41    3
42    1
dtype: int64
Overallocation penalty: 42
Time conflicts: 5
TA Counts per Section: 0      4
1      3
2      4
3      5
4      5
5      5
6      4
7      3
8      7
9      5
10    10
11     8
12     4
13     5
14     2
15    11
16     6
dtype: int64
Undersupport penalty: 0
TA Assignments (per TA): 0     8
1     3
2     2
3     2
4     2
5     1
6     1
7     3
8     4
9     3
10    1
11    1
12    3
13    2
14    4
15    1
16    2
17    2
18    2
19    1
20    3
21    1
22    3
23    3
24    5
25    1
26    3
27    1
28    2
29    2
30    2
31    2
32    2
33    1
34    0
35    0
36    1
37    3
38    3
39    4
40    3
41    3
42    1
dtype: int64
Overallocation penalty: 48
Time conflicts: 5
TA Counts per Section: 0     10
1      3
2      4
3      5
4      5
5      5
6      4
7      3
8      7
9      5
10    10
11     8
12     4
13     5
14     2
15    11
16     6
dtype: int64
Undersupport penalty: 0
TA Assignments (per TA): 0     8
1     3
2     2
3     2
4     2
5     1
6     1
7     3
8     4
9     3
10    1
11    1
12    3
13    2
14    4
15    1
16    2
17    2
18    2
19    1
20    3
21    1
22    3
23    3
24    5
25    1
26    3
27    1
28    2
29    2
30    2
31    2
32    2
33    1
34    0
35    0
36    1
37    3
38    3
39    4
40    3
41    3
42    1
dtype: int64
Overallocation penalty: 48
Time conflicts: 5
TA Counts per Section: 0     10
1      3
2      4
3      5
4      5
5      5
6      4
7      3
8      7
9      5
10    10
11     8
12     4
13     5
14     2
15    11
16     6
dtype: int64
Undersupport penalty: 0
TA Assignments (per TA): 0     9
1     3
2     2
3     2
4     2
5     1
6     1
7     3
8     4
9     3
10    1
11    1
12    3
13    2
14    4
15    1
16    2
17    2
18    2
19    1
20    3
21    1
22    3
23    3
24    5
25    1
26    3
27    1
28    2
29    2
30    2
31    2
32    2
33    1
34    0
35    0
36    1
37    3
38    3
39    4
40    3
41    3
42    1
dtype: int64
Overallocation penalty: 49
Time conflicts: 5
TA Counts per Section: 0     11
1      3
2      4
3      5
4      5
5      5
6      4
7      3
8      7
9      5
10    10
11     8
12     4
13     5
14     2
15    11
16     6
dtype: int64
Undersupport penalty: 0
TA Assignments (per TA): 0     8
1     3
2     2
3     2
4     2
5     1
6     1
7     3
8     4
9     3
10    1
11    1
12    3
13    2
14    4
15    1
16    2
17    2
18    2
19    1
20    3
21    1
22    3
23    3
24    5
25    1
26    3
27    1
28    2
29    2
30    2
31    2
32    2
33    1
34    0
35    0
36    1
37    3
38    3
39    4
40    3
41    3
42    1
dtype: int64
Overallocation penalty: 48
Time conflicts: 5
TA Counts per Section: 0     10
1      3
2      4
3      5
4      5
5      5
6      4
7      3
8      7
9      5
10    10
11     8
12     4
13     5
14     2
15    11
16     6
dtype: int64
Undersupport penalty: 0
TA Assignments (per TA): 0     4
1     3
2     2
3     2
4     2
5     1
6     1
7     3
8     4
9     3
10    1
11    1
12    3
13    2
14    4
15    1
16    2
17    2
18    2
19    1
20    3
21    1
22    3
23    3
24    5
25    1
26    3
27    1
28    2
29    2
30    2
31    2
32    2
33    1
34    0
35    0
36    1
37    3
38    3
39    4
40    3
41    3
42    1
dtype: int64
Overallocation penalty: 44
Time conflicts: 5
TA Counts per Section: 0      6
1      3
2      4
3      5
4      5
5      5
6      4
7      3
8      7
9      5
10    10
11     8
12     4
13     5
14     2
15    11
16     6
dtype: int64
Undersupport penalty: 0
TA Assignments (per TA): 0     8
1     3
2     2
3     2
4     2
5     1
6     1
7     3
8     4
9     3
10    1
11    1
12    3
13    2
14    4
15    1
16    2
17    2
18    2
19    1
20    3
21    1
22    3
23    3
24    5
25    1
26    3
27    1
28    2
29    2
30    2
31    2
32    2
33    1
34    0
35    0
36    1
37    3
38    3
39    4
40    3
41    3
42    1
dtype: int64
Overallocation penalty: 48
Time conflicts: 5
TA Counts per Section: 0     10
1      3
2      4
3      5
4      5
5      5
6      4
7      3
8      7
9      5
10    10
11     8
12     4
13     5
14     2
15    11
16     6
dtype: int64
Undersupport penalty: 0
TA Assignments (per TA): 0     9
1     3
2     2
3     2
4     2
5     1
6     1
7     3
8     4
9     3
10    1
11    1
12    3
13    2
14    4
15    1
16    2
17    2
18    2
19    1
20    3
21    1
22    3
23    3
24    5
25    1
26    3
27    1
28    2
29    2
30    2
31    2
32    2
33    1
34    0
35    0
36    1
37    3
38    3
39    4
40    3
41    3
42    1
dtype: int64
Overallocation penalty: 49
Time conflicts: 5
TA Counts per Section: 0     11
1      3
2      4
3      5
4      5
5      5
6      4
7      3
8      7
9      5
10    10
11     8
12     4
13     5
14     2
15    11
16     6
dtype: int64
Undersupport penalty: 0
TA Assignments (per TA): 0     9
1     3
2     2
3     2
4     2
5     1
6     1
7     3
8     4
9     3
10    1
11    1
12    3
13    2
14    4
15    1
16    2
17    2
18    2
19    1
20    3
21    1
22    3
23    3
24    5
25    1
26    3
27    1
28    2
29    2
30    2
31    2
32    2
33    1
34    0
35    0
36    1
37    3
38    3
39    4
40    3
41    3
42    1
dtype: int64
Overallocation penalty: 49
Time conflicts: 5
TA Counts per Section: 0     11
1      3
2      4
3      5
4      5
5      5
6      4
7      3
8      7
9      5
10    10
11     8
12     4
13     5
14     2
15    11
16     6
dtype: int64
Undersupport penalty: 0
TA Assignments (per TA): 0     6
1     3
2     2
3     2
4     2
5     1
6     1
7     3
8     4
9     3
10    1
11    1
12    3
13    2
14    4
15    1
16    2
17    2
18    2
19    1
20    3
21    1
22    3
23    3
24    5
25    1
26    3
27    1
28    2
29    2
30    2
31    2
32    2
33    1
34    0
35    0
36    1
37    3
38    3
39    4
40    3
41    3
42    1
dtype: int64
Overallocation penalty: 46
Time conflicts: 5
TA Counts per Section: 0      8
1      3
2      4
3      5
4      5
5      5
6      4
7      3
8      7
9      5
10    10
11     8
12     4
13     5
14     2
15    11
16     6
dtype: int64
Undersupport penalty: 0
TA Assignments (per TA): 0     4
1     3
2     2
3     2
4     2
5     1
6     1
7     3
8     4
9     3
10    1
11    1
12    3
13    2
14    4
15    1
16    2
17    2
18    2
19    1
20    3
21    1
22    3
23    3
24    5
25    1
26    3
27    1
28    2
29    2
30    2
31    2
32    2
33    1
34    0
35    0
36    1
37    3
38    3
39    4
40    3
41    3
42    1
dtype: int64
Overallocation penalty: 44
Time conflicts: 5
TA Counts per Section: 0      6
1      3
2      4
3      5
4      5
5      5
6      4
7      3
8      7
9      5
10    10
11     8
12     4
13     5
14     2
15    11
16     6
dtype: int64
Undersupport penalty: 0
TA Assignments (per TA): 0     9
1     3
2     2
3     2
4     2
5     1
6     1
7     3
8     4
9     3
10    1
11    1
12    3
13    2
14    4
15    1
16    2
17    2
18    2
19    1
20    3
21    1
22    3
23    3
24    5
25    1
26    3
27    1
28    2
29    2
30    2
31    2
32    2
33    1
34    0
35    0
36    1
37    3
38    3
39    4
40    3
41    3
42    1
dtype: int64
Overallocation penalty: 49
Time conflicts: 5
TA Counts per Section: 0     11
1      3
2      4
3      5
4      5
5      5
6      4
7      3
8      7
9      5
10    10
11     8
12     4
13     5
14     2
15    11
16     6
dtype: int64
Undersupport penalty: 0
TA Assignments (per TA): 0     6
1     3
2     2
3     2
4     2
5     1
6     1
7     3
8     4
9     3
10    1
11    1
12    3
13    2
14    4
15    1
16    2
17    2
18    2
19    1
20    3
21    1
22    3
23    3
24    5
25    1
26    3
27    1
28    2
29    2
30    2
31    2
32    2
33    1
34    0
35    0
36    1
37    3
38    3
39    4
40    3
41    3
42    1
dtype: int64
Overallocation penalty: 46
Time conflicts: 5
TA Counts per Section: 0      8
1      3
2      4
3      5
4      5
5      5
6      4
7      3
8      7
9      5
10    10
11     8
12     4
13     5
14     2
15    11
16     6
dtype: int64
Undersupport penalty: 0
TA Assignments (per TA): 0     4
1     3
2     2
3     2
4     2
5     1
6     1
7     3
8     4
9     3
10    1
11    1
12    3
13    2
14    4
15    1
16    2
17    2
18    2
19    1
20    3
21    1
22    3
23    3
24    5
25    1
26    3
27    1
28    2
29    2
30    2
31    2
32    2
33    1
34    0
35    0
36    1
37    3
38    3
39    4
40    3
41    3
42    1
dtype: int64
Overallocation penalty: 44
Time conflicts: 5
TA Counts per Section: 0      6
1      3
2      4
3      5
4      5
5      5
6      4
7      3
8      7
9      5
10    10
11     8
12     4
13     5
14     2
15    11
16     6
dtype: int64
Undersupport penalty: 0
TA Assignments (per TA): 0     4
1     3
2     2
3     2
4     2
5     1
6     1
7     3
8     4
9     3
10    1
11    1
12    3
13    2
14    4
15    1
16    2
17    2
18    2
19    1
20    3
21    1
22    3
23    3
24    5
25    1
26    3
27    1
28    2
29    2
30    2
31    2
32    2
33    1
34    0
35    0
36    1
37    3
38    3
39    4
40    3
41    3
42    1
dtype: int64
Overallocation penalty: 44
Time conflicts: 5
TA Counts per Section: 0      6
1      3
2      4
3      5
4      5
5      5
6      4
7      3
8      7
9      5
10    10
11     8
12     4
13     5
14     2
15    11
16     6
dtype: int64
Undersupport penalty: 0
TA Assignments (per TA): 0     7
1     3
2     2
3     2
4     2
5     1
6     1
7     3
8     4
9     3
10    1
11    1
12    3
13    2
14    4
15    1
16    2
17    2
18    2
19    1
20    3
21    1
22    3
23    3
24    5
25    1
26    3
27    1
28    2
29    2
30    2
31    2
32    2
33    1
34    0
35    0
36    1
37    3
38    3
39    4
40    3
41    3
42    1
dtype: int64
Overallocation penalty: 47
Time conflicts: 5
TA Counts per Section: 0      9
1      3
2      4
3      5
4      5
5      5
6      4
7      3
8      7
9      5
10    10
11     8
12     4
13     5
14     2
15    11
16     6
dtype: int64
Undersupport penalty: 0
TA Assignments (per TA): 0     5
1     3
2     2
3     2
4     2
5     1
6     1
7     3
8     4
9     3
10    1
11    1
12    3
13    2
14    4
15    1
16    2
17    2
18    2
19    1
20    3
21    1
22    3
23    3
24    5
25    1
26    3
27    1
28    2
29    2
30    2
31    2
32    2
33    1
34    0
35    0
36    1
37    3
38    3
39    4
40    3
41    3
42    1
dtype: int64
Overallocation penalty: 45
Time conflicts: 5
TA Counts per Section: 0      7
1      3
2      4
3      5
4      5
5      5
6      4
7      3
8      7
9      5
10    10
11     8
12     4
13     5
14     2
15    11
16     6
dtype: int64
Undersupport penalty: 0
TA Assignments (per TA): 0     7
1     3
2     2
3     2
4     2
5     1
6     1
7     3
8     4
9     3
10    1
11    1
12    3
13    2
14    4
15    1
16    2
17    2
18    2
19    1
20    3
21    1
22    3
23    3
24    5
25    1
26    3
27    1
28    2
29    2
30    2
31    2
32    2
33    1
34    0
35    0
36    1
37    3
38    3
39    4
40    3
41    3
42    1
dtype: int64
Overallocation penalty: 47
Time conflicts: 5
TA Counts per Section: 0      9
1      3
2      4
3      5
4      5
5      5
6      4
7      3
8      7
9      5
10    10
11     8
12     4
13     5
14     2
15    11
16     6
dtype: int64
Undersupport penalty: 0
TA Assignments (per TA): 0     10
1      3
2      2
3      2
4      2
5      1
6      1
7      3
8      4
9      3
10     1
11     1
12     3
13     2
14     4
15     1
16     2
17     2
18     2
19     1
20     3
21     1
22     3
23     3
24     5
25     1
26     3
27     1
28     2
29     2
30     2
31     2
32     2
33     1
34     0
35     0
36     1
37     3
38     3
39     4
40     3
41     3
42     1
dtype: int64
Overallocation penalty: 50
Time conflicts: 5
TA Counts per Section: 0     12
1      3
2      4
3      5
4      5
5      5
6      4
7      3
8      7
9      5
10    10
11     8
12     4
13     5
14     2
15    11
16     6
dtype: int64
Undersupport penalty: 0
TA Assignments (per TA): 0     5
1     3
2     2
3     2
4     2
5     1
6     1
7     3
8     4
9     3
10    1
11    1
12    3
13    2
14    4
15    1
16    2
17    2
18    2
19    1
20    3
21    1
22    3
23    3
24    5
25    1
26    3
27    1
28    2
29    2
30    2
31    2
32    2
33    1
34    0
35    0
36    1
37    3
38    3
39    4
40    3
41    3
42    1
dtype: int64
Overallocation penalty: 45
Time conflicts: 5
TA Counts per Section: 0      7
1      3
2      4
3      5
4      5
5      5
6      4
7      3
8      7
9      5
10    10
11     8
12     4
13     5
14     2
15    11
16     6
dtype: int64
Undersupport penalty: 0
TA Assignments (per TA): 0     11
1      3
2      2
3      2
4      2
5      1
6      1
7      3
8      4
9      3
10     1
11     1
12     3
13     2
14     4
15     1
16     2
17     2
18     2
19     1
20     3
21     1
22     3
23     3
24     5
25     1
26     3
27     1
28     2
29     2
30     2
31     2
32     2
33     1
34     0
35     0
36     1
37     3
38     3
39     4
40     3
41     3
42     1
dtype: int64
Overallocation penalty: 51
Time conflicts: 5
TA Counts per Section: 0     13
1      3
2      4
3      5
4      5
5      5
6      4
7      3
8      7
9      5
10    10
11     8
12     4
13     5
14     2
15    11
16     6
dtype: int64
Undersupport penalty: 0
TA Assignments (per TA): 0     10
1      3
2      2
3      2
4      2
5      1
6      1
7      3
8      4
9      3
10     1
11     1
12     3
13     2
14     4
15     1
16     2
17     2
18     2
19     1
20     3
21     1
22     3
23     3
24     5
25     1
26     3
27     1
28     2
29     2
30     2
31     2
32     2
33     1
34     0
35     0
36     1
37     3
38     3
39     4
40     3
41     3
42     1
dtype: int64
Overallocation penalty: 50
Time conflicts: 5
TA Counts per Section: 0     12
1      3
2      4
3      5
4      5
5      5
6      4
7      3
8      7
9      5
10    10
11     8
12     4
13     5
14     2
15    11
16     6
dtype: int64
Undersupport penalty: 0
TA Assignments (per TA): 0     9
1     3
2     2
3     2
4     2
5     1
6     1
7     3
8     4
9     3
10    1
11    1
12    3
13    2
14    4
15    1
16    2
17    2
18    2
19    1
20    3
21    1
22    3
23    3
24    5
25    1
26    3
27    1
28    2
29    2
30    2
31    2
32    2
33    1
34    0
35    0
36    1
37    3
38    3
39    4
40    3
41    3
42    1
dtype: int64
Overallocation penalty: 49
Time conflicts: 5
TA Counts per Section: 0     11
1      3
2      4
3      5
4      5
5      5
6      4
7      3
8      7
9      5
10    10
11     8
12     4
13     5
14     2
15    11
16     6
dtype: int64
Undersupport penalty: 0
TA Assignments (per TA): 0     4
1     3
2     2
3     2
4     2
5     1
6     1
7     3
8     4
9     3
10    1
11    1
12    3
13    2
14    4
15    1
16    2
17    2
18    2
19    1
20    3
21    1
22    3
23    3
24    5
25    1
26    3
27    1
28    2
29    2
30    2
31    2
32    2
33    1
34    0
35    0
36    1
37    3
38    3
39    4
40    3
41    3
42    1
dtype: int64
Overallocation penalty: 44
Time conflicts: 5
TA Counts per Section: 0      6
1      3
2      4
3      5
4      5
5      5
6      4
7      3
8      7
9      5
10    10
11     8
12     4
13     5
14     2
15    11
16     6
dtype: int64
Undersupport penalty: 0
TA Assignments (per TA): 0     9
1     3
2     2
3     2
4     2
5     1
6     1
7     3
8     4
9     3
10    1
11    1
12    3
13    2
14    4
15    1
16    2
17    2
18    2
19    1
20    3
21    1
22    3
23    3
24    5
25    1
26    3
27    1
28    2
29    2
30    2
31    2
32    2
33    1
34    0
35    0
36    1
37    3
38    3
39    4
40    3
41    3
42    1
dtype: int64
Overallocation penalty: 49
Time conflicts: 5
TA Counts per Section: 0     11
1      3
2      4
3      5
4      5
5      5
6      4
7      3
8      7
9      5
10    10
11     8
12     4
13     5
14     2
15    11
16     6
dtype: int64
Undersupport penalty: 0
TA Assignments (per TA): 0     11
1      3
2      2
3      2
4      2
5      1
6      1
7      3
8      4
9      3
10     1
11     1
12     3
13     2
14     4
15     1
16     2
17     2
18     2
19     1
20     3
21     1
22     3
23     3
24     5
25     1
26     3
27     1
28     2
29     2
30     2
31     2
32     2
33     1
34     0
35     0
36     1
37     3
38     3
39     4
40     3
41     3
42     1
dtype: int64
Overallocation penalty: 51
Time conflicts: 5
TA Counts per Section: 0     13
1      3
2      4
3      5
4      5
5      5
6      4
7      3
8      7
9      5
10    10
11     8
12     4
13     5
14     2
15    11
16     6
dtype: int64
Undersupport penalty: 0
TA Assignments (per TA): 0     4
1     3
2     2
3     2
4     2
5     1
6     1
7     3
8     4
9     3
10    1
11    1
12    3
13    2
14    4
15    1
16    2
17    2
18    2
19    1
20    3
21    1
22    3
23    3
24    5
25    1
26    3
27    1
28    2
29    2
30    2
31    2
32    2
33    1
34    0
35    0
36    1
37    3
38    3
39    4
40    3
41    3
42    1
dtype: int64
Overallocation penalty: 44
Time conflicts: 5
TA Counts per Section: 0      6
1      3
2      4
3      5
4      5
5      5
6      4
7      3
8      7
9      5
10    10
11     8
12     4
13     5
14     2
15    11
16     6
dtype: int64
Undersupport penalty: 0
TA Assignments (per TA): 0     9
1     3
2     2
3     2
4     2
5     1
6     1
7     3
8     4
9     3
10    1
11    1
12    3
13    2
14    4
15    1
16    2
17    2
18    2
19    1
20    3
21    1
22    3
23    3
24    5
25    1
26    3
27    1
28    2
29    2
30    2
31    2
32    2
33    1
34    0
35    0
36    1
37    3
38    3
39    4
40    3
41    3
42    1
dtype: int64
Overallocation penalty: 49
Time conflicts: 5
TA Counts per Section: 0     11
1      3
2      4
3      5
4      5
5      5
6      4
7      3
8      7
9      5
10    10
11     8
12     4
13     5
14     2
15    11
16     6
dtype: int64
Undersupport penalty: 0
TA Assignments (per TA): 0     11
1      3
2      2
3      2
4      2
5      1
6      1
7      3
8      4
9      3
10     1
11     1
12     3
13     2
14     4
15     1
16     2
17     2
18     2
19     1
20     3
21     1
22     3
23     3
24     5
25     1
26     3
27     1
28     2
29     2
30     2
31     2
32     2
33     1
34     0
35     0
36     1
37     3
38     3
39     4
40     3
41     3
42     1
dtype: int64
Overallocation penalty: 51
Time conflicts: 5
TA Counts per Section: 0     13
1      3
2      4
3      5
4      5
5      5
6      4
7      3
8      7
9      5
10    10
11     8
12     4
13     5
14     2
15    11
16     6
dtype: int64
Undersupport penalty: 0
TA Assignments (per TA): 0     6
1     3
2     2
3     2
4     2
5     1
6     1
7     3
8     4
9     3
10    1
11    1
12    3
13    2
14    4
15    1
16    2
17    2
18    2
19    1
20    3
21    1
22    3
23    3
24    5
25    1
26    3
27    1
28    2
29    2
30    2
31    2
32    2
33    1
34    0
35    0
36    1
37    3
38    3
39    4
40    3
41    3
42    1
dtype: int64
Overallocation penalty: 46
Time conflicts: 5
TA Counts per Section: 0      8
1      3
2      4
3      5
4      5
5      5
6      4
7      3
8      7
9      5
10    10
11     8
12     4
13     5
14     2
15    11
16     6
dtype: int64
Undersupport penalty: 0
TA Assignments (per TA): 0     10
1      3
2      2
3      2
4      2
5      1
6      1
7      3
8      4
9      3
10     1
11     1
12     3
13     2
14     4
15     1
16     2
17     2
18     2
19     1
20     3
21     1
22     3
23     3
24     5
25     1
26     3
27     1
28     2
29     2
30     2
31     2
32     2
33     1
34     0
35     0
36     1
37     3
38     3
39     4
40     3
41     3
42     1
dtype: int64
Overallocation penalty: 50
Time conflicts: 5
TA Counts per Section: 0     12
1      3
2      4
3      5
4      5
5      5
6      4
7      3
8      7
9      5
10    10
11     8
12     4
13     5
14     2
15    11
16     6
dtype: int64
Undersupport penalty: 0
TA Assignments (per TA): 0     10
1      3
2      2
3      2
4      2
5      1
6      1
7      3
8      4
9      3
10     1
11     1
12     3
13     2
14     4
15     1
16     2
17     2
18     2
19     1
20     3
21     1
22     3
23     3
24     5
25     1
26     3
27     1
28     2
29     2
30     2
31     2
32     2
33     1
34     0
35     0
36     1
37     3
38     3
39     4
40     3
41     3
42     1
dtype: int64
Overallocation penalty: 50
Time conflicts: 5
TA Counts per Section: 0     12
1      3
2      4
3      5
4      5
5      5
6      4
7      3
8      7
9      5
10    10
11     8
12     4
13     5
14     2
15    11
16     6
dtype: int64
Undersupport penalty: 0
TA Assignments (per TA): 0     8
1     3
2     2
3     2
4     2
5     1
6     1
7     3
8     4
9     3
10    1
11    1
12    3
13    2
14    4
15    1
16    2
17    2
18    2
19    1
20    3
21    1
22    3
23    3
24    5
25    1
26    3
27    1
28    2
29    2
30    2
31    2
32    2
33    1
34    0
35    0
36    1
37    3
38    3
39    4
40    3
41    3
42    1
dtype: int64
Overallocation penalty: 48
Time conflicts: 5
TA Counts per Section: 0     10
1      3
2      4
3      5
4      5
5      5
6      4
7      3
8      7
9      5
10    10
11     8
12     4
13     5
14     2
15    11
16     6
dtype: int64
Undersupport penalty: 0
TA Assignments (per TA): 0     4
1     3
2     2
3     2
4     2
5     1
6     1
7     3
8     4
9     3
10    1
11    1
12    3
13    2
14    4
15    1
16    2
17    2
18    2
19    1
20    3
21    1
22    3
23    3
24    5
25    1
26    3
27    1
28    2
29    2
30    2
31    2
32    2
33    1
34    0
35    0
36    1
37    3
38    3
39    4
40    3
41    3
42    1
dtype: int64
Overallocation penalty: 44
Time conflicts: 5
TA Counts per Section: 0      6
1      3
2      4
3      5
4      5
5      5
6      4
7      3
8      7
9      5
10    10
11     8
12     4
13     5
14     2
15    11
16     6
dtype: int64
Undersupport penalty: 0
TA Assignments (per TA): 0     10
1      3
2      2
3      2
4      2
5      1
6      1
7      3
8      4
9      3
10     1
11     1
12     3
13     2
14     4
15     1
16     2
17     2
18     2
19     1
20     3
21     1
22     3
23     3
24     5
25     1
26     3
27     1
28     2
29     2
30     2
31     2
32     2
33     1
34     0
35     0
36     1
37     3
38     3
39     4
40     3
41     3
42     1
dtype: int64
Overallocation penalty: 50
Time conflicts: 5
TA Counts per Section: 0     12
1      3
2      4
3      5
4      5
5      5
6      4
7      3
8      7
9      5
10    10
11     8
12     4
13     5
14     2
15    11
16     6
dtype: int64
Undersupport penalty: 0
TA Assignments (per TA): 0     5
1     3
2     2
3     2
4     2
5     1
6     1
7     3
8     4
9     3
10    1
11    1
12    3
13    2
14    4
15    1
16    2
17    2
18    2
19    1
20    3
21    1
22    3
23    3
24    5
25    1
26    3
27    1
28    2
29    2
30    2
31    2
32    2
33    1
34    0
35    0
36    1
37    3
38    3
39    4
40    3
41    3
42    1
dtype: int64
Overallocation penalty: 45
Time conflicts: 5
TA Counts per Section: 0      7
1      3
2      4
3      5
4      5
5      5
6      4
7      3
8      7
9      5
10    10
11     8
12     4
13     5
14     2
15    11
16     6
dtype: int64
Undersupport penalty: 0
TA Assignments (per TA): 0     10
1      3
2      2
3      2
4      2
5      1
6      1
7      3
8      4
9      3
10     1
11     1
12     3
13     2
14     4
15     1
16     2
17     2
18     2
19     1
20     3
21     1
22     3
23     3
24     5
25     1
26     3
27     1
28     2
29     2
30     2
31     2
32     2
33     1
34     0
35     0
36     1
37     3
38     3
39     4
40     3
41     3
42     1
dtype: int64
Overallocation penalty: 50
Time conflicts: 5
TA Counts per Section: 0     12
1      3
2      4
3      5
4      5
5      5
6      4
7      3
8      7
9      5
10    10
11     8
12     4
13     5
14     2
15    11
16     6
dtype: int64
Undersupport penalty: 0
TA Assignments (per TA): 0     5
1     3
2     2
3     2
4     2
5     1
6     1
7     3
8     4
9     3
10    1
11    1
12    3
13    2
14    4
15    1
16    2
17    2
18    2
19    1
20    3
21    1
22    3
23    3
24    5
25    1
26    3
27    1
28    2
29    2
30    2
31    2
32    2
33    1
34    0
35    0
36    1
37    3
38    3
39    4
40    3
41    3
42    1
dtype: int64
Overallocation penalty: 45
Time conflicts: 5
TA Counts per Section: 0      7
1      3
2      4
3      5
4      5
5      5
6      4
7      3
8      7
9      5
10    10
11     8
12     4
13     5
14     2
15    11
16     6
dtype: int64
Undersupport penalty: 0
TA Assignments (per TA): 0     9
1     3
2     2
3     2
4     2
5     1
6     1
7     3
8     4
9     3
10    1
11    1
12    3
13    2
14    4
15    1
16    2
17    2
18    2
19    1
20    3
21    1
22    3
23    3
24    5
25    1
26    3
27    1
28    2
29    2
30    2
31    2
32    2
33    1
34    0
35    0
36    1
37    3
38    3
39    4
40    3
41    3
42    1
dtype: int64
Overallocation penalty: 49
Time conflicts: 5
TA Counts per Section: 0     11
1      3
2      4
3      5
4      5
5      5
6      4
7      3
8      7
9      5
10    10
11     8
12     4
13     5
14     2
15    11
16     6
dtype: int64
Undersupport penalty: 0
TA Assignments (per TA): 0     12
1      3
2      2
3      2
4      2
5      1
6      1
7      3
8      4
9      3
10     1
11     1
12     3
13     2
14     4
15     1
16     2
17     2
18     2
19     1
20     3
21     1
22     3
23     3
24     5
25     1
26     3
27     1
28     2
29     2
30     2
31     2
32     2
33     1
34     0
35     0
36     1
37     3
38     3
39     4
40     3
41     3
42     1
dtype: int64
Overallocation penalty: 52
Time conflicts: 5
TA Counts per Section: 0     14
1      3
2      4
3      5
4      5
5      5
6      4
7      3
8      7
9      5
10    10
11     8
12     4
13     5
14     2
15    11
16     6
dtype: int64
Undersupport penalty: 0
TA Assignments (per TA): 0     2
1     3
2     2
3     2
4     2
5     1
6     1
7     3
8     4
9     3
10    1
11    1
12    3
13    2
14    4
15    1
16    2
17    2
18    2
19    1
20    3
21    1
22    3
23    3
24    5
25    1
26    3
27    1
28    2
29    2
30    2
31    2
32    2
33    1
34    0
35    0
36    1
37    3
38    3
39    4
40    3
41    3
42    1
dtype: int64
Overallocation penalty: 42
Time conflicts: 5
TA Counts per Section: 0      4
1      3
2      4
3      5
4      5
5      5
6      4
7      3
8      7
9      5
10    10
11     8
12     4
13     5
14     2
15    11
16     6
dtype: int64
Undersupport penalty: 0
TA Assignments (per TA): 0     2
1     3
2     2
3     2
4     2
5     1
6     1
7     3
8     4
9     3
10    1
11    1
12    3
13    2
14    4
15    1
16    2
17    2
18    2
19    1
20    3
21    1
22    3
23    3
24    5
25    1
26    3
27    1
28    2
29    2
30    2
31    2
32    2
33    1
34    0
35    0
36    1
37    3
38    3
39    4
40    3
41    3
42    1
dtype: int64
Overallocation penalty: 42
Time conflicts: 5
TA Counts per Section: 0      4
1      3
2      4
3      5
4      5
5      5
6      4
7      3
8      7
9      5
10    10
11     8
12     4
13     5
14     2
15    11
16     6
dtype: int64
Undersupport penalty: 0
TA Assignments (per TA): 0     3
1     3
2     2
3     2
4     2
5     1
6     1
7     3
8     4
9     3
10    1
11    1
12    3
13    2
14    4
15    1
16    2
17    2
18    2
19    1
20    3
21    1
22    3
23    3
24    5
25    1
26    3
27    1
28    2
29    2
30    2
31    2
32    2
33    1
34    0
35    0
36    1
37    3
38    3
39    4
40    3
41    3
42    1
dtype: int64
Overallocation penalty: 43
Time conflicts: 5
TA Counts per Section: 0      5
1      3
2      4
3      5
4      5
5      5
6      4
7      3
8      7
9      5
10    10
11     8
12     4
13     5
14     2
15    11
16     6
dtype: int64
Undersupport penalty: 0
TA Assignments (per TA): 0     3
1     3
2     2
3     2
4     2
5     1
6     1
7     3
8     4
9     3
10    1
11    1
12    3
13    2
14    4
15    1
16    2
17    2
18    2
19    1
20    3
21    1
22    3
23    3
24    5
25    1
26    3
27    1
28    2
29    2
30    2
31    2
32    2
33    1
34    0
35    0
36    1
37    3
38    3
39    4
40    3
41    3
42    1
dtype: int64
Overallocation penalty: 43
Time conflicts: 5
TA Counts per Section: 0      5
1      3
2      4
3      5
4      5
5      5
6      4
7      3
8      7
9      5
10    10
11     8
12     4
13     5
14     2
15    11
16     6
dtype: int64
Undersupport penalty: 0
TA Assignments (per TA): 0     3
1     3
2     2
3     2
4     2
5     1
6     1
7     3
8     4
9     3
10    1
11    1
12    3
13    2
14    4
15    1
16    2
17    2
18    2
19    1
20    3
21    1
22    3
23    3
24    5
25    1
26    3
27    1
28    2
29    2
30    2
31    2
32    2
33    1
34    0
35    0
36    1
37    3
38    3
39    4
40    3
41    3
42    1
dtype: int64
Overallocation penalty: 43
Time conflicts: 5
TA Counts per Section: 0      5
1      3
2      4
3      5
4      5
5      5
6      4
7      3
8      7
9      5
10    10
11     8
12     4
13     5
14     2
15    11
16     6
dtype: int64
Undersupport penalty: 0
TA Assignments (per TA): 0     4
1     3
2     2
3     2
4     2
5     1
6     1
7     3
8     4
9     3
10    1
11    1
12    3
13    2
14    4
15    1
16    2
17    2
18    2
19    1
20    3
21    1
22    3
23    3
24    5
25    1
26    3
27    1
28    2
29    2
30    2
31    2
32    2
33    1
34    0
35    0
36    1
37    3
38    3
39    4
40    3
41    3
42    1
dtype: int64
Overallocation penalty: 44
Time conflicts: 5
TA Counts per Section: 0      6
1      3
2      4
3      5
4      5
5      5
6      4
7      3
8      7
9      5
10    10
11     8
12     4
13     5
14     2
15    11
16     6
dtype: int64
Undersupport penalty: 0
TA Assignments (per TA): 0     5
1     3
2     2
3     2
4     2
5     1
6     1
7     3
8     4
9     3
10    1
11    1
12    3
13    2
14    4
15    1
16    2
17    2
18    2
19    1
20    3
21    1
22    3
23    3
24    5
25    1
26    3
27    1
28    2
29    2
30    2
31    2
32    2
33    1
34    0
35    0
36    1
37    3
38    3
39    4
40    3
41    3
42    1
dtype: int64
Overallocation penalty: 45
Time conflicts: 5
TA Counts per Section: 0      7
1      3
2      4
3      5
4      5
5      5
6      4
7      3
8      7
9      5
10    10
11     8
12     4
13     5
14     2
15    11
16     6
dtype: int64
Undersupport penalty: 0
TA Assignments (per TA): 0     5
1     3
2     2
3     2
4     2
5     1
6     1
7     3
8     4
9     3
10    1
11    1
12    3
13    2
14    4
15    1
16    2
17    2
18    2
19    1
20    3
21    1
22    3
23    3
24    5
25    1
26    3
27    1
28    2
29    2
30    2
31    2
32    2
33    1
34    0
35    0
36    1
37    3
38    3
39    4
40    3
41    3
42    1
dtype: int64
Overallocation penalty: 45
Time conflicts: 5
TA Counts per Section: 0      7
1      3
2      4
3      5
4      5
5      5
6      4
7      3
8      7
9      5
10    10
11     8
12     4
13     5
14     2
15    11
16     6
dtype: int64
Undersupport penalty: 0
TA Assignments (per TA): 0     4
1     3
2     2
3     2
4     2
5     1
6     1
7     3
8     4
9     3
10    1
11    1
12    3
13    2
14    4
15    1
16    2
17    2
18    2
19    1
20    3
21    1
22    3
23    3
24    5
25    1
26    3
27    1
28    2
29    2
30    2
31    2
32    2
33    1
34    0
35    0
36    1
37    3
38    3
39    4
40    3
41    3
42    1
dtype: int64
Overallocation penalty: 44
Time conflicts: 5
TA Counts per Section: 0      6
1      3
2      4
3      5
4      5
5      5
6      4
7      3
8      7
9      5
10    10
11     8
12     4
13     5
14     2
15    11
16     6
dtype: int64
Undersupport penalty: 0
TA Assignments (per TA): 0     2
1     3
2     2
3     2
4     2
5     1
6     1
7     3
8     4
9     3
10    1
11    1
12    3
13    2
14    4
15    1
16    2
17    2
18    2
19    1
20    3
21    1
22    3
23    3
24    5
25    1
26    3
27    1
28    2
29    2
30    2
31    2
32    2
33    1
34    0
35    0
36    1
37    3
38    3
39    4
40    3
41    3
42    1
dtype: int64
Overallocation penalty: 42
Time conflicts: 5
TA Counts per Section: 0      4
1      3
2      4
3      5
4      5
5      5
6      4
7      3
8      7
9      5
10    10
11     8
12     4
13     5
14     2
15    11
16     6
dtype: int64
Undersupport penalty: 0
TA Assignments (per TA): 0     4
1     3
2     2
3     2
4     2
5     1
6     1
7     3
8     4
9     3
10    1
11    1
12    3
13    2
14    4
15    1
16    2
17    2
18    2
19    1
20    3
21    1
22    3
23    3
24    5
25    1
26    3
27    1
28    2
29    2
30    2
31    2
32    2
33    1
34    0
35    0
36    1
37    3
38    3
39    4
40    3
41    3
42    1
dtype: int64
Overallocation penalty: 44
Time conflicts: 5
TA Counts per Section: 0      6
1      3
2      4
3      5
4      5
5      5
6      4
7      3
8      7
9      5
10    10
11     8
12     4
13     5
14     2
15    11
16     6
dtype: int64
Undersupport penalty: 0
TA Assignments (per TA): 0     3
1     3
2     2
3     2
4     2
5     1
6     1
7     3
8     4
9     3
10    1
11    1
12    3
13    2
14    4
15    1
16    2
17    2
18    2
19    1
20    3
21    1
22    3
23    3
24    5
25    1
26    3
27    1
28    2
29    2
30    2
31    2
32    2
33    1
34    0
35    0
36    1
37    3
38    3
39    4
40    3
41    3
42    1
dtype: int64
Overallocation penalty: 43
Time conflicts: 5
TA Counts per Section: 0      5
1      3
2      4
3      5
4      5
5      5
6      4
7      3
8      7
9      5
10    10
11     8
12     4
13     5
14     2
15    11
16     6
dtype: int64
Undersupport penalty: 0
TA Assignments (per TA): 0     5
1     3
2     2
3     2
4     2
5     1
6     1
7     3
8     4
9     3
10    1
11    1
12    3
13    2
14    4
15    1
16    2
17    2
18    2
19    1
20    3
21    1
22    3
23    3
24    5
25    1
26    3
27    1
28    2
29    2
30    2
31    2
32    2
33    1
34    0
35    0
36    1
37    3
38    3
39    4
40    3
41    3
42    1
dtype: int64
Overallocation penalty: 45
Time conflicts: 5
TA Counts per Section: 0      7
1      3
2      4
3      5
4      5
5      5
6      4
7      3
8      7
9      5
10    10
11     8
12     4
13     5
14     2
15    11
16     6
dtype: int64
Undersupport penalty: 0
TA Assignments (per TA): 0     5
1     3
2     2
3     2
4     2
5     1
6     1
7     3
8     4
9     3
10    1
11    1
12    3
13    2
14    4
15    1
16    2
17    2
18    2
19    1
20    3
21    1
22    3
23    3
24    5
25    1
26    3
27    1
28    2
29    2
30    2
31    2
32    2
33    1
34    0
35    0
36    1
37    3
38    3
39    4
40    3
41    3
42    1
dtype: int64
Overallocation penalty: 45
Time conflicts: 5
TA Counts per Section: 0      7
1      3
2      4
3      5
4      5
5      5
6      4
7      3
8      7
9      5
10    10
11     8
12     4
13     5
14     2
15    11
16     6
dtype: int64
Undersupport penalty: 0
TA Assignments (per TA): 0     3
1     3
2     2
3     2
4     2
5     1
6     1
7     3
8     4
9     3
10    1
11    1
12    3
13    2
14    4
15    1
16    2
17    2
18    2
19    1
20    3
21    1
22    3
23    3
24    5
25    1
26    3
27    1
28    2
29    2
30    2
31    2
32    2
33    1
34    0
35    0
36    1
37    3
38    3
39    4
40    3
41    3
42    1
dtype: int64
Overallocation penalty: 43
Time conflicts: 5
TA Counts per Section: 0      5
1      3
2      4
3      5
4      5
5      5
6      4
7      3
8      7
9      5
10    10
11     8
12     4
13     5
14     2
15    11
16     6
dtype: int64
Undersupport penalty: 0
TA Assignments (per TA): 0     5
1     3
2     2
3     2
4     2
5     1
6     1
7     3
8     4
9     3
10    1
11    1
12    3
13    2
14    4
15    1
16    2
17    2
18    2
19    1
20    3
21    1
22    3
23    3
24    5
25    1
26    3
27    1
28    2
29    2
30    2
31    2
32    2
33    1
34    0
35    0
36    1
37    3
38    3
39    4
40    3
41    3
42    1
dtype: int64
Overallocation penalty: 45
Time conflicts: 5
TA Counts per Section: 0      7
1      3
2      4
3      5
4      5
5      5
6      4
7      3
8      7
9      5
10    10
11     8
12     4
13     5
14     2
15    11
16     6
dtype: int64
Undersupport penalty: 0
TA Assignments (per TA): 0     3
1     3
2     2
3     2
4     2
5     1
6     1
7     3
8     4
9     3
10    1
11    1
12    3
13    2
14    4
15    1
16    2
17    2
18    2
19    1
20    3
21    1
22    3
23    3
24    5
25    1
26    3
27    1
28    2
29    2
30    2
31    2
32    2
33    1
34    0
35    0
36    1
37    3
38    3
39    4
40    3
41    3
42    1
dtype: int64
Overallocation penalty: 43
Time conflicts: 5
TA Counts per Section: 0      5
1      3
2      4
3      5
4      5
5      5
6      4
7      3
8      7
9      5
10    10
11     8
12     4
13     5
14     2
15    11
16     6
dtype: int64
Undersupport penalty: 0
TA Assignments (per TA): 0     5
1     3
2     2
3     2
4     2
5     1
6     1
7     3
8     4
9     3
10    1
11    1
12    3
13    2
14    4
15    1
16    2
17    2
18    2
19    1
20    3
21    1
22    3
23    3
24    5
25    1
26    3
27    1
28    2
29    2
30    2
31    2
32    2
33    1
34    0
35    0
36    1
37    3
38    3
39    4
40    3
41    3
42    1
dtype: int64
Overallocation penalty: 45
Time conflicts: 5
TA Counts per Section: 0      7
1      3
2      4
3      5
4      5
5      5
6      4
7      3
8      7
9      5
10    10
11     8
12     4
13     5
14     2
15    11
16     6
dtype: int64
Undersupport penalty: 0
TA Assignments (per TA): 0     3
1     3
2     2
3     2
4     2
5     1
6     1
7     3
8     4
9     3
10    1
11    1
12    3
13    2
14    4
15    1
16    2
17    2
18    2
19    1
20    3
21    1
22    3
23    3
24    5
25    1
26    3
27    1
28    2
29    2
30    2
31    2
32    2
33    1
34    0
35    0
36    1
37    3
38    3
39    4
40    3
41    3
42    1
dtype: int64
Overallocation penalty: 43
Time conflicts: 5
TA Counts per Section: 0      5
1      3
2      4
3      5
4      5
5      5
6      4
7      3
8      7
9      5
10    10
11     8
12     4
13     5
14     2
15    11
16     6
dtype: int64
Undersupport penalty: 0
TA Assignments (per TA): 0     2
1     3
2     2
3     2
4     2
5     1
6     1
7     3
8     4
9     3
10    1
11    1
12    3
13    2
14    4
15    1
16    2
17    2
18    2
19    1
20    3
21    1
22    3
23    3
24    5
25    1
26    3
27    1
28    2
29    2
30    2
31    2
32    2
33    1
34    0
35    0
36    1
37    3
38    3
39    4
40    3
41    3
42    1
dtype: int64
Overallocation penalty: 42
Time conflicts: 5
TA Counts per Section: 0      4
1      3
2      4
3      5
4      5
5      5
6      4
7      3
8      7
9      5
10    10
11     8
12     4
13     5
14     2
15    11
16     6
dtype: int64
Undersupport penalty: 0
TA Assignments (per TA): 0     4
1     3
2     2
3     2
4     2
5     1
6     1
7     3
8     4
9     3
10    1
11    1
12    3
13    2
14    4
15    1
16    2
17    2
18    2
19    1
20    3
21    1
22    3
23    3
24    5
25    1
26    3
27    1
28    2
29    2
30    2
31    2
32    2
33    1
34    0
35    0
36    1
37    3
38    3
39    4
40    3
41    3
42    1
dtype: int64
Overallocation penalty: 44
Time conflicts: 5
TA Counts per Section: 0      6
1      3
2      4
3      5
4      5
5      5
6      4
7      3
8      7
9      5
10    10
11     8
12     4
13     5
14     2
15    11
16     6
dtype: int64
Undersupport penalty: 0
TA Assignments (per TA): 0     2
1     3
2     2
3     2
4     2
5     1
6     1
7     3
8     4
9     3
10    1
11    1
12    3
13    2
14    4
15    1
16    2
17    2
18    2
19    1
20    3
21    1
22    3
23    3
24    5
25    1
26    3
27    1
28    2
29    2
30    2
31    2
32    2
33    1
34    0
35    0
36    1
37    3
38    3
39    4
40    3
41    3
42    1
dtype: int64
Overallocation penalty: 42
Time conflicts: 5
TA Counts per Section: 0      4
1      3
2      4
3      5
4      5
5      5
6      4
7      3
8      7
9      5
10    10
11     8
12     4
13     5
14     2
15    11
16     6
dtype: int64
Undersupport penalty: 0
TA Assignments (per TA): 0     6
1     3
2     2
3     2
4     2
5     1
6     1
7     3
8     4
9     3
10    1
11    1
12    3
13    2
14    4
15    1
16    2
17    2
18    2
19    1
20    3
21    1
22    3
23    3
24    5
25    1
26    3
27    1
28    2
29    2
30    2
31    2
32    2
33    1
34    0
35    0
36    1
37    3
38    3
39    4
40    3
41    3
42    1
dtype: int64
Overallocation penalty: 46
Time conflicts: 5
TA Counts per Section: 0      8
1      3
2      4
3      5
4      5
5      5
6      4
7      3
8      7
9      5
10    10
11     8
12     4
13     5
14     2
15    11
16     6
dtype: int64
Undersupport penalty: 0
TA Assignments (per TA): 0     4
1     3
2     2
3     2
4     2
5     1
6     1
7     3
8     4
9     3
10    1
11    1
12    3
13    2
14    4
15    1
16    2
17    2
18    2
19    1
20    3
21    1
22    3
23    3
24    5
25    1
26    3
27    1
28    2
29    2
30    2
31    2
32    2
33    1
34    0
35    0
36    1
37    3
38    3
39    4
40    3
41    3
42    1
dtype: int64
Overallocation penalty: 44
Time conflicts: 5
TA Counts per Section: 0      6
1      3
2      4
3      5
4      5
5      5
6      4
7      3
8      7
9      5
10    10
11     8
12     4
13     5
14     2
15    11
16     6
dtype: int64
Undersupport penalty: 0
TA Assignments (per TA): 0     5
1     3
2     2
3     2
4     2
5     1
6     1
7     3
8     4
9     3
10    1
11    1
12    3
13    2
14    4
15    1
16    2
17    2
18    2
19    1
20    3
21    1
22    3
23    3
24    5
25    1
26    3
27    1
28    2
29    2
30    2
31    2
32    2
33    1
34    0
35    0
36    1
37    3
38    3
39    4
40    3
41    3
42    1
dtype: int64
Overallocation penalty: 45
Time conflicts: 5
TA Counts per Section: 0      7
1      3
2      4
3      5
4      5
5      5
6      4
7      3
8      7
9      5
10    10
11     8
12     4
13     5
14     2
15    11
16     6
dtype: int64
Undersupport penalty: 0
TA Assignments (per TA): 0     4
1     3
2     2
3     2
4     2
5     1
6     1
7     3
8     4
9     3
10    1
11    1
12    3
13    2
14    4
15    1
16    2
17    2
18    2
19    1
20    3
21    1
22    3
23    3
24    5
25    1
26    3
27    1
28    2
29    2
30    2
31    2
32    2
33    1
34    0
35    0
36    1
37    3
38    3
39    4
40    3
41    3
42    1
dtype: int64
Overallocation penalty: 44
Time conflicts: 5
TA Counts per Section: 0      6
1      3
2      4
3      5
4      5
5      5
6      4
7      3
8      7
9      5
10    10
11     8
12     4
13     5
14     2
15    11
16     6
dtype: int64
Undersupport penalty: 0
TA Assignments (per TA): 0     5
1     3
2     2
3     2
4     2
5     1
6     1
7     3
8     4
9     3
10    1
11    1
12    3
13    2
14    4
15    1
16    2
17    2
18    2
19    1
20    3
21    1
22    3
23    3
24    5
25    1
26    3
27    1
28    2
29    2
30    2
31    2
32    2
33    1
34    0
35    0
36    1
37    3
38    3
39    4
40    3
41    3
42    1
dtype: int64
Overallocation penalty: 45
Time conflicts: 5
TA Counts per Section: 0      7
1      3
2      4
3      5
4      5
5      5
6      4
7      3
8      7
9      5
10    10
11     8
12     4
13     5
14     2
15    11
16     6
dtype: int64
Undersupport penalty: 0
TA Assignments (per TA): 0     2
1     3
2     2
3     2
4     2
5     1
6     1
7     3
8     4
9     3
10    1
11    1
12    3
13    2
14    4
15    1
16    2
17    2
18    2
19    1
20    3
21    1
22    3
23    3
24    5
25    1
26    3
27    1
28    2
29    2
30    2
31    2
32    2
33    1
34    0
35    0
36    1
37    3
38    3
39    4
40    3
41    3
42    1
dtype: int64
Overallocation penalty: 42
Time conflicts: 5
TA Counts per Section: 0      4
1      3
2      4
3      5
4      5
5      5
6      4
7      3
8      7
9      5
10    10
11     8
12     4
13     5
14     2
15    11
16     6
dtype: int64
Undersupport penalty: 0
TA Assignments (per TA): 0     4
1     3
2     2
3     2
4     2
5     1
6     1
7     3
8     4
9     3
10    1
11    1
12    3
13    2
14    4
15    1
16    2
17    2
18    2
19    1
20    3
21    1
22    3
23    3
24    5
25    1
26    3
27    1
28    2
29    2
30    2
31    2
32    2
33    1
34    0
35    0
36    1
37    3
38    3
39    4
40    3
41    3
42    1
dtype: int64
Overallocation penalty: 44
Time conflicts: 5
TA Counts per Section: 0      6
1      3
2      4
3      5
4      5
5      5
6      4
7      3
8      7
9      5
10    10
11     8
12     4
13     5
14     2
15    11
16     6
dtype: int64
Undersupport penalty: 0
TA Assignments (per TA): 0     2
1     3
2     2
3     2
4     2
5     1
6     1
7     3
8     4
9     3
10    1
11    1
12    3
13    2
14    4
15    1
16    2
17    2
18    2
19    1
20    3
21    1
22    3
23    3
24    5
25    1
26    3
27    1
28    2
29    2
30    2
31    2
32    2
33    1
34    0
35    0
36    1
37    3
38    3
39    4
40    3
41    3
42    1
dtype: int64
Overallocation penalty: 42
Time conflicts: 5
TA Counts per Section: 0      4
1      3
2      4
3      5
4      5
5      5
6      4
7      3
8      7
9      5
10    10
11     8
12     4
13     5
14     2
15    11
16     6
dtype: int64
Undersupport penalty: 0
TA Assignments (per TA): 0     5
1     3
2     2
3     2
4     2
5     1
6     1
7     3
8     4
9     3
10    1
11    1
12    3
13    2
14    4
15    1
16    2
17    2
18    2
19    1
20    3
21    1
22    3
23    3
24    5
25    1
26    3
27    1
28    2
29    2
30    2
31    2
32    2
33    1
34    0
35    0
36    1
37    3
38    3
39    4
40    3
41    3
42    1
dtype: int64
Overallocation penalty: 45
Time conflicts: 5
TA Counts per Section: 0      7
1      3
2      4
3      5
4      5
5      5
6      4
7      3
8      7
9      5
10    10
11     8
12     4
13     5
14     2
15    11
16     6
dtype: int64
Undersupport penalty: 0
TA Assignments (per TA): 0     6
1     3
2     2
3     2
4     2
5     1
6     1
7     3
8     4
9     3
10    1
11    1
12    3
13    2
14    4
15    1
16    2
17    2
18    2
19    1
20    3
21    1
22    3
23    3
24    5
25    1
26    3
27    1
28    2
29    2
30    2
31    2
32    2
33    1
34    0
35    0
36    1
37    3
38    3
39    4
40    3
41    3
42    1
dtype: int64
Overallocation penalty: 46
Time conflicts: 5
TA Counts per Section: 0      8
1      3
2      4
3      5
4      5
5      5
6      4
7      3
8      7
9      5
10    10
11     8
12     4
13     5
14     2
15    11
16     6
dtype: int64
Undersupport penalty: 0
TA Assignments (per TA): 0     3
1     3
2     2
3     2
4     2
5     1
6     1
7     3
8     4
9     3
10    1
11    1
12    3
13    2
14    4
15    1
16    2
17    2
18    2
19    1
20    3
21    1
22    3
23    3
24    5
25    1
26    3
27    1
28    2
29    2
30    2
31    2
32    2
33    1
34    0
35    0
36    1
37    3
38    3
39    4
40    3
41    3
42    1
dtype: int64
Overallocation penalty: 43
Time conflicts: 5
TA Counts per Section: 0      5
1      3
2      4
3      5
4      5
5      5
6      4
7      3
8      7
9      5
10    10
11     8
12     4
13     5
14     2
15    11
16     6
dtype: int64
Undersupport penalty: 0
TA Assignments (per TA): 0     3
1     3
2     2
3     2
4     2
5     1
6     1
7     3
8     4
9     3
10    1
11    1
12    3
13    2
14    4
15    1
16    2
17    2
18    2
19    1
20    3
21    1
22    3
23    3
24    5
25    1
26    3
27    1
28    2
29    2
30    2
31    2
32    2
33    1
34    0
35    0
36    1
37    3
38    3
39    4
40    3
41    3
42    1
dtype: int64
Overallocation penalty: 43
Time conflicts: 5
TA Counts per Section: 0      5
1      3
2      4
3      5
4      5
5      5
6      4
7      3
8      7
9      5
10    10
11     8
12     4
13     5
14     2
15    11
16     6
dtype: int64
Undersupport penalty: 0
TA Assignments (per TA): 0     4
1     3
2     2
3     2
4     2
5     1
6     1
7     3
8     4
9     3
10    1
11    1
12    3
13    2
14    4
15    1
16    2
17    2
18    2
19    1
20    3
21    1
22    3
23    3
24    5
25    1
26    3
27    1
28    2
29    2
30    2
31    2
32    2
33    1
34    0
35    0
36    1
37    3
38    3
39    4
40    3
41    3
42    1
dtype: int64
Overallocation penalty: 44
Time conflicts: 5
TA Counts per Section: 0      6
1      3
2      4
3      5
4      5
5      5
6      4
7      3
8      7
9      5
10    10
11     8
12     4
13     5
14     2
15    11
16     6
dtype: int64
Undersupport penalty: 0
TA Assignments (per TA): 0     4
1     3
2     2
3     2
4     2
5     1
6     1
7     3
8     4
9     3
10    1
11    1
12    3
13    2
14    4
15    1
16    2
17    2
18    2
19    1
20    3
21    1
22    3
23    3
24    5
25    1
26    3
27    1
28    2
29    2
30    2
31    2
32    2
33    1
34    0
35    0
36    1
37    3
38    3
39    4
40    3
41    3
42    1
dtype: int64
Overallocation penalty: 44
Time conflicts: 5
TA Counts per Section: 0      6
1      3
2      4
3      5
4      5
5      5
6      4
7      3
8      7
9      5
10    10
11     8
12     4
13     5
14     2
15    11
16     6
dtype: int64
Undersupport penalty: 0
TA Assignments (per TA): 0     5
1     3
2     2
3     2
4     2
5     1
6     1
7     3
8     4
9     3
10    1
11    1
12    3
13    2
14    4
15    1
16    2
17    2
18    2
19    1
20    3
21    1
22    3
23    3
24    5
25    1
26    3
27    1
28    2
29    2
30    2
31    2
32    2
33    1
34    0
35    0
36    1
37    3
38    3
39    4
40    3
41    3
42    1
dtype: int64
Overallocation penalty: 45
Time conflicts: 5
TA Counts per Section: 0      7
1      3
2      4
3      5
4      5
5      5
6      4
7      3
8      7
9      5
10    10
11     8
12     4
13     5
14     2
15    11
16     6
dtype: int64
Undersupport penalty: 0
TA Assignments (per TA): 0     7
1     3
2     2
3     2
4     2
5     1
6     1
7     3
8     4
9     3
10    1
11    1
12    3
13    2
14    4
15    1
16    2
17    2
18    2
19    1
20    3
21    1
22    3
23    3
24    5
25    1
26    3
27    1
28    2
29    2
30    2
31    2
32    2
33    1
34    0
35    0
36    1
37    3
38    3
39    4
40    3
41    3
42    1
dtype: int64
Overallocation penalty: 47
Time conflicts: 5
TA Counts per Section: 0      9
1      3
2      4
3      5
4      5
5      5
6      4
7      3
8      7
9      5
10    10
11     8
12     4
13     5
14     2
15    11
16     6
dtype: int64
Undersupport penalty: 0
TA Assignments (per TA): 0     5
1     3
2     2
3     2
4     2
5     1
6     1
7     3
8     4
9     3
10    1
11    1
12    3
13    2
14    4
15    1
16    2
17    2
18    2
19    1
20    3
21    1
22    3
23    3
24    5
25    1
26    3
27    1
28    2
29    2
30    2
31    2
32    2
33    1
34    0
35    0
36    1
37    3
38    3
39    4
40    3
41    3
42    1
dtype: int64
Overallocation penalty: 45
Time conflicts: 5
TA Counts per Section: 0      7
1      3
2      4
3      5
4      5
5      5
6      4
7      3
8      7
9      5
10    10
11     8
12     4
13     5
14     2
15    11
16     6
dtype: int64
Undersupport penalty: 0
TA Assignments (per TA): 0     2
1     3
2     2
3     2
4     2
5     1
6     1
7     3
8     4
9     3
10    1
11    1
12    3
13    2
14    4
15    1
16    2
17    2
18    2
19    1
20    3
21    1
22    3
23    3
24    5
25    1
26    3
27    1
28    2
29    2
30    2
31    2
32    2
33    1
34    0
35    0
36    1
37    3
38    3
39    4
40    3
41    3
42    1
dtype: int64
Overallocation penalty: 42
Time conflicts: 5
TA Counts per Section: 0      4
1      3
2      4
3      5
4      5
5      5
6      4
7      3
8      7
9      5
10    10
11     8
12     4
13     5
14     2
15    11
16     6
dtype: int64
Undersupport penalty: 0
TA Assignments (per TA): 0     3
1     3
2     2
3     2
4     2
5     1
6     1
7     3
8     4
9     3
10    1
11    1
12    3
13    2
14    4
15    1
16    2
17    2
18    2
19    1
20    3
21    1
22    3
23    3
24    5
25    1
26    3
27    1
28    2
29    2
30    2
31    2
32    2
33    1
34    0
35    0
36    1
37    3
38    3
39    4
40    3
41    3
42    1
dtype: int64
Overallocation penalty: 43
Time conflicts: 5
TA Counts per Section: 0      5
1      3
2      4
3      5
4      5
5      5
6      4
7      3
8      7
9      5
10    10
11     8
12     4
13     5
14     2
15    11
16     6
dtype: int64
Undersupport penalty: 0
TA Assignments (per TA): 0     4
1     3
2     2
3     2
4     2
5     1
6     1
7     3
8     4
9     3
10    1
11    1
12    3
13    2
14    4
15    1
16    2
17    2
18    2
19    1
20    3
21    1
22    3
23    3
24    5
25    1
26    3
27    1
28    2
29    2
30    2
31    2
32    2
33    1
34    0
35    0
36    1
37    3
38    3
39    4
40    3
41    3
42    1
dtype: int64
Overallocation penalty: 44
Time conflicts: 5
TA Counts per Section: 0      6
1      3
2      4
3      5
4      5
5      5
6      4
7      3
8      7
9      5
10    10
11     8
12     4
13     5
14     2
15    11
16     6
dtype: int64
Undersupport penalty: 0
TA Assignments (per TA): 0     2
1     3
2     2
3     2
4     2
5     1
6     1
7     3
8     4
9     3
10    1
11    1
12    3
13    2
14    4
15    1
16    2
17    2
18    2
19    1
20    3
21    1
22    3
23    3
24    5
25    1
26    3
27    1
28    2
29    2
30    2
31    2
32    2
33    1
34    0
35    0
36    1
37    3
38    3
39    4
40    3
41    3
42    1
dtype: int64
Overallocation penalty: 42
Time conflicts: 5
TA Counts per Section: 0      4
1      3
2      4
3      5
4      5
5      5
6      4
7      3
8      7
9      5
10    10
11     8
12     4
13     5
14     2
15    11
16     6
dtype: int64
Undersupport penalty: 0
TA Assignments (per TA): 0     4
1     3
2     2
3     2
4     2
5     1
6     1
7     3
8     4
9     3
10    1
11    1
12    3
13    2
14    4
15    1
16    2
17    2
18    2
19    1
20    3
21    1
22    3
23    3
24    5
25    1
26    3
27    1
28    2
29    2
30    2
31    2
32    2
33    1
34    0
35    0
36    1
37    3
38    3
39    4
40    3
41    3
42    1
dtype: int64
Overallocation penalty: 44
Time conflicts: 5
TA Counts per Section: 0      6
1      3
2      4
3      5
4      5
5      5
6      4
7      3
8      7
9      5
10    10
11     8
12     4
13     5
14     2
15    11
16     6
dtype: int64
Undersupport penalty: 0
TA Assignments (per TA): 0     7
1     3
2     2
3     2
4     2
5     1
6     1
7     3
8     4
9     3
10    1
11    1
12    3
13    2
14    4
15    1
16    2
17    2
18    2
19    1
20    3
21    1
22    3
23    3
24    5
25    1
26    3
27    1
28    2
29    2
30    2
31    2
32    2
33    1
34    0
35    0
36    1
37    3
38    3
39    4
40    3
41    3
42    1
dtype: int64
Overallocation penalty: 47
Time conflicts: 5
TA Counts per Section: 0      9
1      3
2      4
3      5
4      5
5      5
6      4
7      3
8      7
9      5
10    10
11     8
12     4
13     5
14     2
15    11
16     6
dtype: int64
Undersupport penalty: 0
TA Assignments (per TA): 0     7
1     3
2     2
3     2
4     2
5     1
6     1
7     3
8     4
9     3
10    1
11    1
12    3
13    2
14    4
15    1
16    2
17    2
18    2
19    1
20    3
21    1
22    3
23    3
24    5
25    1
26    3
27    1
28    2
29    2
30    2
31    2
32    2
33    1
34    0
35    0
36    1
37    3
38    3
39    4
40    3
41    3
42    1
dtype: int64
Overallocation penalty: 47
Time conflicts: 5
TA Counts per Section: 0      9
1      3
2      4
3      5
4      5
5      5
6      4
7      3
8      7
9      5
10    10
11     8
12     4
13     5
14     2
15    11
16     6
dtype: int64
Undersupport penalty: 0
TA Assignments (per TA): 0     4
1     3
2     2
3     2
4     2
5     1
6     1
7     3
8     4
9     3
10    1
11    1
12    3
13    2
14    4
15    1
16    2
17    2
18    2
19    1
20    3
21    1
22    3
23    3
24    5
25    1
26    3
27    1
28    2
29    2
30    2
31    2
32    2
33    1
34    0
35    0
36    1
37    3
38    3
39    4
40    3
41    3
42    1
dtype: int64
Overallocation penalty: 44
Time conflicts: 5
TA Counts per Section: 0      6
1      3
2      4
3      5
4      5
5      5
6      4
7      3
8      7
9      5
10    10
11     8
12     4
13     5
14     2
15    11
16     6
dtype: int64
Undersupport penalty: 0
TA Assignments (per TA): 0     8
1     3
2     2
3     2
4     2
5     1
6     1
7     3
8     4
9     3
10    1
11    1
12    3
13    2
14    4
15    1
16    2
17    2
18    2
19    1
20    3
21    1
22    3
23    3
24    5
25    1
26    3
27    1
28    2
29    2
30    2
31    2
32    2
33    1
34    0
35    0
36    1
37    3
38    3
39    4
40    3
41    3
42    1
dtype: int64
Overallocation penalty: 48
Time conflicts: 5
TA Counts per Section: 0     10
1      3
2      4
3      5
4      5
5      5
6      4
7      3
8      7
9      5
10    10
11     8
12     4
13     5
14     2
15    11
16     6
dtype: int64
Undersupport penalty: 0
TA Assignments (per TA): 0     6
1     3
2     2
3     2
4     2
5     1
6     1
7     3
8     4
9     3
10    1
11    1
12    3
13    2
14    4
15    1
16    2
17    2
18    2
19    1
20    3
21    1
22    3
23    3
24    5
25    1
26    3
27    1
28    2
29    2
30    2
31    2
32    2
33    1
34    0
35    0
36    1
37    3
38    3
39    4
40    3
41    3
42    1
dtype: int64
Overallocation penalty: 46
Time conflicts: 5
TA Counts per Section: 0      8
1      3
2      4
3      5
4      5
5      5
6      4
7      3
8      7
9      5
10    10
11     8
12     4
13     5
14     2
15    11
16     6
dtype: int64
Undersupport penalty: 0
TA Assignments (per TA): 0     9
1     3
2     2
3     2
4     2
5     1
6     1
7     3
8     4
9     3
10    1
11    1
12    3
13    2
14    4
15    1
16    2
17    2
18    2
19    1
20    3
21    1
22    3
23    3
24    5
25    1
26    3
27    1
28    2
29    2
30    2
31    2
32    2
33    1
34    0
35    0
36    1
37    3
38    3
39    4
40    3
41    3
42    1
dtype: int64
Overallocation penalty: 49
Time conflicts: 5
TA Counts per Section: 0     11
1      3
2      4
3      5
4      5
5      5
6      4
7      3
8      7
9      5
10    10
11     8
12     4
13     5
14     2
15    11
16     6
dtype: int64
Undersupport penalty: 0
TA Assignments (per TA): 0     9
1     3
2     2
3     2
4     2
5     1
6     1
7     3
8     4
9     3
10    1
11    1
12    3
13    2
14    4
15    1
16    2
17    2
18    2
19    1
20    3
21    1
22    3
23    3
24    5
25    1
26    3
27    1
28    2
29    2
30    2
31    2
32    2
33    1
34    0
35    0
36    1
37    3
38    3
39    4
40    3
41    3
42    1
dtype: int64
Overallocation penalty: 49
Time conflicts: 5
TA Counts per Section: 0     11
1      3
2      4
3      5
4      5
5      5
6      4
7      3
8      7
9      5
10    10
11     8
12     4
13     5
14     2
15    11
16     6
dtype: int64
Undersupport penalty: 0
TA Assignments (per TA): 0     8
1     3
2     2
3     2
4     2
5     1
6     1
7     3
8     4
9     3
10    1
11    1
12    3
13    2
14    4
15    1
16    2
17    2
18    2
19    1
20    3
21    1
22    3
23    3
24    5
25    1
26    3
27    1
28    2
29    2
30    2
31    2
32    2
33    1
34    0
35    0
36    1
37    3
38    3
39    4
40    3
41    3
42    1
dtype: int64
Overallocation penalty: 48
Time conflicts: 5
TA Counts per Section: 0     10
1      3
2      4
3      5
4      5
5      5
6      4
7      3
8      7
9      5
10    10
11     8
12     4
13     5
14     2
15    11
16     6
dtype: int64
Undersupport penalty: 0
TA Assignments (per TA): 0     4
1     3
2     2
3     2
4     2
5     1
6     1
7     3
8     4
9     3
10    1
11    1
12    3
13    2
14    4
15    1
16    2
17    2
18    2
19    1
20    3
21    1
22    3
23    3
24    5
25    1
26    3
27    1
28    2
29    2
30    2
31    2
32    2
33    1
34    0
35    0
36    1
37    3
38    3
39    4
40    3
41    3
42    1
dtype: int64
Overallocation penalty: 44
Time conflicts: 5
TA Counts per Section: 0      6
1      3
2      4
3      5
4      5
5      5
6      4
7      3
8      7
9      5
10    10
11     8
12     4
13     5
14     2
15    11
16     6
dtype: int64
Undersupport penalty: 0
TA Assignments (per TA): 0     7
1     3
2     2
3     2
4     2
5     1
6     1
7     3
8     4
9     3
10    1
11    1
12    3
13    2
14    4
15    1
16    2
17    2
18    2
19    1
20    3
21    1
22    3
23    3
24    5
25    1
26    3
27    1
28    2
29    2
30    2
31    2
32    2
33    1
34    0
35    0
36    1
37    3
38    3
39    4
40    3
41    3
42    1
dtype: int64
Overallocation penalty: 47
Time conflicts: 5
TA Counts per Section: 0      9
1      3
2      4
3      5
4      5
5      5
6      4
7      3
8      7
9      5
10    10
11     8
12     4
13     5
14     2
15    11
16     6
dtype: int64
Undersupport penalty: 0
TA Assignments (per TA): 0     4
1     3
2     2
3     2
4     2
5     1
6     1
7     3
8     4
9     3
10    1
11    1
12    3
13    2
14    4
15    1
16    2
17    2
18    2
19    1
20    3
21    1
22    3
23    3
24    5
25    1
26    3
27    1
28    2
29    2
30    2
31    2
32    2
33    1
34    0
35    0
36    1
37    3
38    3
39    4
40    3
41    3
42    1
dtype: int64
Overallocation penalty: 44
Time conflicts: 5
TA Counts per Section: 0      6
1      3
2      4
3      5
4      5
5      5
6      4
7      3
8      7
9      5
10    10
11     8
12     4
13     5
14     2
15    11
16     6
dtype: int64
Undersupport penalty: 0
TA Assignments (per TA): 0     6
1     3
2     2
3     2
4     2
5     1
6     1
7     3
8     4
9     3
10    1
11    1
12    3
13    2
14    4
15    1
16    2
17    2
18    2
19    1
20    3
21    1
22    3
23    3
24    5
25    1
26    3
27    1
28    2
29    2
30    2
31    2
32    2
33    1
34    0
35    0
36    1
37    3
38    3
39    4
40    3
41    3
42    1
dtype: int64
Overallocation penalty: 46
Time conflicts: 5
TA Counts per Section: 0      8
1      3
2      4
3      5
4      5
5      5
6      4
7      3
8      7
9      5
10    10
11     8
12     4
13     5
14     2
15    11
16     6
dtype: int64
Undersupport penalty: 0
TA Assignments (per TA): 0     2
1     3
2     2
3     2
4     2
5     1
6     1
7     3
8     4
9     3
10    1
11    1
12    3
13    2
14    4
15    1
16    2
17    2
18    2
19    1
20    3
21    1
22    3
23    3
24    5
25    1
26    3
27    1
28    2
29    2
30    2
31    2
32    2
33    1
34    0
35    0
36    1
37    3
38    3
39    4
40    3
41    3
42    1
dtype: int64
Overallocation penalty: 42
Time conflicts: 5
TA Counts per Section: 0      4
1      3
2      4
3      5
4      5
5      5
6      4
7      3
8      7
9      5
10    10
11     8
12     4
13     5
14     2
15    11
16     6
dtype: int64
Undersupport penalty: 0
TA Assignments (per TA): 0     5
1     3
2     2
3     2
4     2
5     1
6     1
7     3
8     4
9     3
10    1
11    1
12    3
13    2
14    4
15    1
16    2
17    2
18    2
19    1
20    3
21    1
22    3
23    3
24    5
25    1
26    3
27    1
28    2
29    2
30    2
31    2
32    2
33    1
34    0
35    0
36    1
37    3
38    3
39    4
40    3
41    3
42    1
dtype: int64
Overallocation penalty: 45
Time conflicts: 5
TA Counts per Section: 0      7
1      3
2      4
3      5
4      5
5      5
6      4
7      3
8      7
9      5
10    10
11     8
12     4
13     5
14     2
15    11
16     6
dtype: int64
Undersupport penalty: 0
TA Assignments (per TA): 0     9
1     3
2     2
3     2
4     2
5     1
6     1
7     3
8     4
9     3
10    1
11    1
12    3
13    2
14    4
15    1
16    2
17    2
18    2
19    1
20    3
21    1
22    3
23    3
24    5
25    1
26    3
27    1
28    2
29    2
30    2
31    2
32    2
33    1
34    0
35    0
36    1
37    3
38    3
39    4
40    3
41    3
42    1
dtype: int64
Overallocation penalty: 49
Time conflicts: 5
TA Counts per Section: 0     11
1      3
2      4
3      5
4      5
5      5
6      4
7      3
8      7
9      5
10    10
11     8
12     4
13     5
14     2
15    11
16     6
dtype: int64
Undersupport penalty: 0
TA Assignments (per TA): 0     5
1     3
2     2
3     2
4     2
5     1
6     1
7     3
8     4
9     3
10    1
11    1
12    3
13    2
14    4
15    1
16    2
17    2
18    2
19    1
20    3
21    1
22    3
23    3
24    5
25    1
26    3
27    1
28    2
29    2
30    2
31    2
32    2
33    1
34    0
35    0
36    1
37    3
38    3
39    4
40    3
41    3
42    1
dtype: int64
Overallocation penalty: 45
Time conflicts: 5
TA Counts per Section: 0      7
1      3
2      4
3      5
4      5
5      5
6      4
7      3
8      7
9      5
10    10
11     8
12     4
13     5
14     2
15    11
16     6
dtype: int64
Undersupport penalty: 0
TA Assignments (per TA): 0     5
1     3
2     2
3     2
4     2
5     1
6     1
7     3
8     4
9     3
10    1
11    1
12    3
13    2
14    4
15    1
16    2
17    2
18    2
19    1
20    3
21    1
22    3
23    3
24    5
25    1
26    3
27    1
28    2
29    2
30    2
31    2
32    2
33    1
34    0
35    0
36    1
37    3
38    3
39    4
40    3
41    3
42    1
dtype: int64
Overallocation penalty: 45
Time conflicts: 5
TA Counts per Section: 0      7
1      3
2      4
3      5
4      5
5      5
6      4
7      3
8      7
9      5
10    10
11     8
12     4
13     5
14     2
15    11
16     6
dtype: int64
Undersupport penalty: 0
TA Assignments (per TA): 0     7
1     3
2     2
3     2
4     2
5     1
6     1
7     3
8     4
9     3
10    1
11    1
12    3
13    2
14    4
15    1
16    2
17    2
18    2
19    1
20    3
21    1
22    3
23    3
24    5
25    1
26    3
27    1
28    2
29    2
30    2
31    2
32    2
33    1
34    0
35    0
36    1
37    3
38    3
39    4
40    3
41    3
42    1
dtype: int64
Overallocation penalty: 47
Time conflicts: 5
TA Counts per Section: 0      9
1      3
2      4
3      5
4      5
5      5
6      4
7      3
8      7
9      5
10    10
11     8
12     4
13     5
14     2
15    11
16     6
dtype: int64
Undersupport penalty: 0
TA Assignments (per TA): 0     4
1     3
2     2
3     2
4     2
5     1
6     1
7     3
8     4
9     3
10    1
11    1
12    3
13    2
14    4
15    1
16    2
17    2
18    2
19    1
20    3
21    1
22    3
23    3
24    5
25    1
26    3
27    1
28    2
29    2
30    2
31    2
32    2
33    1
34    0
35    0
36    1
37    3
38    3
39    4
40    3
41    3
42    1
dtype: int64
Overallocation penalty: 44
Time conflicts: 5
TA Counts per Section: 0      6
1      3
2      4
3      5
4      5
5      5
6      4
7      3
8      7
9      5
10    10
11     8
12     4
13     5
14     2
15    11
16     6
dtype: int64
Undersupport penalty: 0
TA Assignments (per TA): 0     8
1     3
2     2
3     2
4     2
5     1
6     1
7     3
8     4
9     3
10    1
11    1
12    3
13    2
14    4
15    1
16    2
17    2
18    2
19    1
20    3
21    1
22    3
23    3
24    5
25    1
26    3
27    1
28    2
29    2
30    2
31    2
32    2
33    1
34    0
35    0
36    1
37    3
38    3
39    4
40    3
41    3
42    1
dtype: int64
Overallocation penalty: 48
Time conflicts: 5
TA Counts per Section: 0     10
1      3
2      4
3      5
4      5
5      5
6      4
7      3
8      7
9      5
10    10
11     8
12     4
13     5
14     2
15    11
16     6
dtype: int64
Undersupport penalty: 0
TA Assignments (per TA): 0     5
1     3
2     2
3     2
4     2
5     1
6     1
7     3
8     4
9     3
10    1
11    1
12    3
13    2
14    4
15    1
16    2
17    2
18    2
19    1
20    3
21    1
22    3
23    3
24    5
25    1
26    3
27    1
28    2
29    2
30    2
31    2
32    2
33    1
34    0
35    0
36    1
37    3
38    3
39    4
40    3
41    3
42    1
dtype: int64
Overallocation penalty: 45
Time conflicts: 5
TA Counts per Section: 0      7
1      3
2      4
3      5
4      5
5      5
6      4
7      3
8      7
9      5
10    10
11     8
12     4
13     5
14     2
15    11
16     6
dtype: int64
Undersupport penalty: 0
TA Assignments (per TA): 0     10
1      3
2      2
3      2
4      2
5      1
6      1
7      3
8      4
9      3
10     1
11     1
12     3
13     2
14     4
15     1
16     2
17     2
18     2
19     1
20     3
21     1
22     3
23     3
24     5
25     1
26     3
27     1
28     2
29     2
30     2
31     2
32     2
33     1
34     0
35     0
36     1
37     3
38     3
39     4
40     3
41     3
42     1
dtype: int64
Overallocation penalty: 50
Time conflicts: 5
TA Counts per Section: 0     12
1      3
2      4
3      5
4      5
5      5
6      4
7      3
8      7
9      5
10    10
11     8
12     4
13     5
14     2
15    11
16     6
dtype: int64
Undersupport penalty: 0
TA Assignments (per TA): 0     9
1     3
2     2
3     2
4     2
5     1
6     1
7     3
8     4
9     3
10    1
11    1
12    3
13    2
14    4
15    1
16    2
17    2
18    2
19    1
20    3
21    1
22    3
23    3
24    5
25    1
26    3
27    1
28    2
29    2
30    2
31    2
32    2
33    1
34    0
35    0
36    1
37    3
38    3
39    4
40    3
41    3
42    1
dtype: int64
Overallocation penalty: 49
Time conflicts: 5
TA Counts per Section: 0     11
1      3
2      4
3      5
4      5
5      5
6      4
7      3
8      7
9      5
10    10
11     8
12     4
13     5
14     2
15    11
16     6
dtype: int64
Undersupport penalty: 0
TA Assignments (per TA): 0     6
1     3
2     2
3     2
4     2
5     1
6     1
7     3
8     4
9     3
10    1
11    1
12    3
13    2
14    4
15    1
16    2
17    2
18    2
19    1
20    3
21    1
22    3
23    3
24    5
25    1
26    3
27    1
28    2
29    2
30    2
31    2
32    2
33    1
34    0
35    0
36    1
37    3
38    3
39    4
40    3
41    3
42    1
dtype: int64
Overallocation penalty: 46
Time conflicts: 5
TA Counts per Section: 0      8
1      3
2      4
3      5
4      5
5      5
6      4
7      3
8      7
9      5
10    10
11     8
12     4
13     5
14     2
15    11
16     6
dtype: int64
Undersupport penalty: 0
TA Assignments (per TA): 0     4
1     3
2     2
3     2
4     2
5     1
6     1
7     3
8     4
9     3
10    1
11    1
12    3
13    2
14    4
15    1
16    2
17    2
18    2
19    1
20    3
21    1
22    3
23    3
24    5
25    1
26    3
27    1
28    2
29    2
30    2
31    2
32    2
33    1
34    0
35    0
36    1
37    3
38    3
39    4
40    3
41    3
42    1
dtype: int64
Overallocation penalty: 44
Time conflicts: 5
TA Counts per Section: 0      6
1      3
2      4
3      5
4      5
5      5
6      4
7      3
8      7
9      5
10    10
11     8
12     4
13     5
14     2
15    11
16     6
dtype: int64
Undersupport penalty: 0
TA Assignments (per TA): 0     6
1     3
2     2
3     2
4     2
5     1
6     1
7     3
8     4
9     3
10    1
11    1
12    3
13    2
14    4
15    1
16    2
17    2
18    2
19    1
20    3
21    1
22    3
23    3
24    5
25    1
26    3
27    1
28    2
29    2
30    2
31    2
32    2
33    1
34    0
35    0
36    1
37    3
38    3
39    4
40    3
41    3
42    1
dtype: int64
Overallocation penalty: 46
Time conflicts: 5
TA Counts per Section: 0      8
1      3
2      4
3      5
4      5
5      5
6      4
7      3
8      7
9      5
10    10
11     8
12     4
13     5
14     2
15    11
16     6
dtype: int64
Undersupport penalty: 0
TA Assignments (per TA): 0     5
1     3
2     2
3     2
4     2
5     1
6     1
7     3
8     4
9     3
10    1
11    1
12    3
13    2
14    4
15    1
16    2
17    2
18    2
19    1
20    3
21    1
22    3
23    3
24    5
25    1
26    3
27    1
28    2
29    2
30    2
31    2
32    2
33    1
34    0
35    0
36    1
37    3
38    3
39    4
40    3
41    3
42    1
dtype: int64
Overallocation penalty: 45
Time conflicts: 5
TA Counts per Section: 0      7
1      3
2      4
3      5
4      5
5      5
6      4
7      3
8      7
9      5
10    10
11     8
12     4
13     5
14     2
15    11
16     6
dtype: int64
Undersupport penalty: 0
TA Assignments (per TA): 0     6
1     3
2     2
3     2
4     2
5     1
6     1
7     3
8     4
9     3
10    1
11    1
12    3
13    2
14    4
15    1
16    2
17    2
18    2
19    1
20    3
21    1
22    3
23    3
24    5
25    1
26    3
27    1
28    2
29    2
30    2
31    2
32    2
33    1
34    0
35    0
36    1
37    3
38    3
39    4
40    3
41    3
42    1
dtype: int64
Overallocation penalty: 46
Time conflicts: 5
TA Counts per Section: 0      8
1      3
2      4
3      5
4      5
5      5
6      4
7      3
8      7
9      5
10    10
11     8
12     4
13     5
14     2
15    11
16     6
dtype: int64
Undersupport penalty: 0
TA Assignments (per TA): 0     11
1      3
2      2
3      2
4      2
5      1
6      1
7      3
8      4
9      3
10     1
11     1
12     3
13     2
14     4
15     1
16     2
17     2
18     2
19     1
20     3
21     1
22     3
23     3
24     5
25     1
26     3
27     1
28     2
29     2
30     2
31     2
32     2
33     1
34     0
35     0
36     1
37     3
38     3
39     4
40     3
41     3
42     1
dtype: int64
Overallocation penalty: 51
Time conflicts: 5
TA Counts per Section: 0     13
1      3
2      4
3      5
4      5
5      5
6      4
7      3
8      7
9      5
10    10
11     8
12     4
13     5
14     2
15    11
16     6
dtype: int64
Undersupport penalty: 0
TA Assignments (per TA): 0     6
1     3
2     2
3     2
4     2
5     1
6     1
7     3
8     4
9     3
10    1
11    1
12    3
13    2
14    4
15    1
16    2
17    2
18    2
19    1
20    3
21    1
22    3
23    3
24    5
25    1
26    3
27    1
28    2
29    2
30    2
31    2
32    2
33    1
34    0
35    0
36    1
37    3
38    3
39    4
40    3
41    3
42    1
dtype: int64
Overallocation penalty: 46
Time conflicts: 5
TA Counts per Section: 0      8
1      3
2      4
3      5
4      5
5      5
6      4
7      3
8      7
9      5
10    10
11     8
12     4
13     5
14     2
15    11
16     6
dtype: int64
Undersupport penalty: 0
TA Assignments (per TA): 0     10
1      3
2      2
3      2
4      2
5      1
6      1
7      3
8      4
9      3
10     1
11     1
12     3
13     2
14     4
15     1
16     2
17     2
18     2
19     1
20     3
21     1
22     3
23     3
24     5
25     1
26     3
27     1
28     2
29     2
30     2
31     2
32     2
33     1
34     0
35     0
36     1
37     3
38     3
39     4
40     3
41     3
42     1
dtype: int64
Overallocation penalty: 50
Time conflicts: 5
TA Counts per Section: 0     12
1      3
2      4
3      5
4      5
5      5
6      4
7      3
8      7
9      5
10    10
11     8
12     4
13     5
14     2
15    11
16     6
dtype: int64
Undersupport penalty: 0
TA Assignments (per TA): 0     8
1     3
2     2
3     2
4     2
5     1
6     1
7     3
8     4
9     3
10    1
11    1
12    3
13    2
14    4
15    1
16    2
17    2
18    2
19    1
20    3
21    1
22    3
23    3
24    5
25    1
26    3
27    1
28    2
29    2
30    2
31    2
32    2
33    1
34    0
35    0
36    1
37    3
38    3
39    4
40    3
41    3
42    1
dtype: int64
Overallocation penalty: 48
Time conflicts: 5
TA Counts per Section: 0     10
1      3
2      4
3      5
4      5
5      5
6      4
7      3
8      7
9      5
10    10
11     8
12     4
13     5
14     2
15    11
16     6
dtype: int64
Undersupport penalty: 0
TA Assignments (per TA): 0     4
1     3
2     2
3     2
4     2
5     1
6     1
7     3
8     4
9     3
10    1
11    1
12    3
13    2
14    4
15    1
16    2
17    2
18    2
19    1
20    3
21    1
22    3
23    3
24    5
25    1
26    3
27    1
28    2
29    2
30    2
31    2
32    2
33    1
34    0
35    0
36    1
37    3
38    3
39    4
40    3
41    3
42    1
dtype: int64
Overallocation penalty: 44
Time conflicts: 5
TA Counts per Section: 0      6
1      3
2      4
3      5
4      5
5      5
6      4
7      3
8      7
9      5
10    10
11     8
12     4
13     5
14     2
15    11
16     6
dtype: int64
Undersupport penalty: 0
TA Assignments (per TA): 0     12
1      3
2      2
3      2
4      2
5      1
6      1
7      3
8      4
9      3
10     1
11     1
12     3
13     2
14     4
15     1
16     2
17     2
18     2
19     1
20     3
21     1
22     3
23     3
24     5
25     1
26     3
27     1
28     2
29     2
30     2
31     2
32     2
33     1
34     0
35     0
36     1
37     3
38     3
39     4
40     3
41     3
42     1
dtype: int64
Overallocation penalty: 52
Time conflicts: 5
TA Counts per Section: 0     14
1      3
2      4
3      5
4      5
5      5
6      4
7      3
8      7
9      5
10    10
11     8
12     4
13     5
14     2
15    11
16     6
dtype: int64
Undersupport penalty: 0
TA Assignments (per TA): 0     10
1      3
2      2
3      2
4      2
5      1
6      1
7      3
8      4
9      3
10     1
11     1
12     3
13     2
14     4
15     1
16     2
17     2
18     2
19     1
20     3
21     1
22     3
23     3
24     5
25     1
26     3
27     1
28     2
29     2
30     2
31     2
32     2
33     1
34     0
35     0
36     1
37     3
38     3
39     4
40     3
41     3
42     1
dtype: int64
Overallocation penalty: 50
Time conflicts: 5
TA Counts per Section: 0     12
1      3
2      4
3      5
4      5
5      5
6      4
7      3
8      7
9      5
10    10
11     8
12     4
13     5
14     2
15    11
16     6
dtype: int64
Undersupport penalty: 0
TA Assignments (per TA): 0     11
1      3
2      2
3      2
4      2
5      1
6      1
7      3
8      4
9      3
10     1
11     1
12     3
13     2
14     4
15     1
16     2
17     2
18     2
19     1
20     3
21     1
22     3
23     3
24     5
25     1
26     3
27     1
28     2
29     2
30     2
31     2
32     2
33     1
34     0
35     0
36     1
37     3
38     3
39     4
40     3
41     3
42     1
dtype: int64
Overallocation penalty: 51
Time conflicts: 5
TA Counts per Section: 0     13
1      3
2      4
3      5
4      5
5      5
6      4
7      3
8      7
9      5
10    10
11     8
12     4
13     5
14     2
15    11
16     6
dtype: int64
Undersupport penalty: 0
TA Assignments (per TA): 0     2
1     3
2     2
3     2
4     2
5     1
6     1
7     3
8     4
9     3
10    1
11    1
12    3
13    2
14    4
15    1
16    2
17    2
18    2
19    1
20    3
21    1
22    3
23    3
24    5
25    1
26    3
27    1
28    2
29    2
30    2
31    2
32    2
33    1
34    0
35    0
36    1
37    3
38    3
39    4
40    3
41    3
42    1
dtype: int64
Overallocation penalty: 42
Time conflicts: 5
TA Counts per Section: 0      4
1      3
2      4
3      5
4      5
5      5
6      4
7      3
8      7
9      5
10    10
11     8
12     4
13     5
14     2
15    11
16     6
dtype: int64
Undersupport penalty: 0
TA Assignments (per TA): 0     9
1     3
2     2
3     2
4     2
5     1
6     1
7     3
8     4
9     3
10    1
11    1
12    3
13    2
14    4
15    1
16    2
17    2
18    2
19    1
20    3
21    1
22    3
23    3
24    5
25    1
26    3
27    1
28    2
29    2
30    2
31    2
32    2
33    1
34    0
35    0
36    1
37    3
38    3
39    4
40    3
41    3
42    1
dtype: int64
Overallocation penalty: 49
Time conflicts: 5
TA Counts per Section: 0     11
1      3
2      4
3      5
4      5
5      5
6      4
7      3
8      7
9      5
10    10
11     8
12     4
13     5
14     2
15    11
16     6
dtype: int64
Undersupport penalty: 0
TA Assignments (per TA): 0     12
1      3
2      2
3      2
4      2
5      1
6      1
7      3
8      4
9      3
10     1
11     1
12     3
13     2
14     4
15     1
16     2
17     2
18     2
19     1
20     3
21     1
22     3
23     3
24     5
25     1
26     3
27     1
28     2
29     2
30     2
31     2
32     2
33     1
34     0
35     0
36     1
37     3
38     3
39     4
40     3
41     3
42     1
dtype: int64
Overallocation penalty: 52
Time conflicts: 5
TA Counts per Section: 0     14
1      3
2      4
3      5
4      5
5      5
6      4
7      3
8      7
9      5
10    10
11     8
12     4
13     5
14     2
15    11
16     6
dtype: int64
Undersupport penalty: 0
TA Assignments (per TA): 0     2
1     3
2     2
3     2
4     2
5     1
6     1
7     3
8     4
9     3
10    1
11    1
12    3
13    2
14    4
15    1
16    2
17    2
18    2
19    1
20    3
21    1
22    3
23    3
24    5
25    1
26    3
27    1
28    2
29    2
30    2
31    2
32    2
33    1
34    0
35    0
36    1
37    3
38    3
39    4
40    3
41    3
42    1
dtype: int64
Overallocation penalty: 42
Time conflicts: 5
TA Counts per Section: 0      4
1      3
2      4
3      5
4      5
5      5
6      4
7      3
8      7
9      5
10    10
11     8
12     4
13     5
14     2
15    11
16     6
dtype: int64
Undersupport penalty: 0
TA Assignments (per TA): 0     13
1      3
2      2
3      2
4      2
5      1
6      1
7      3
8      4
9      3
10     1
11     1
12     3
13     2
14     4
15     1
16     2
17     2
18     2
19     1
20     3
21     1
22     3
23     3
24     5
25     1
26     3
27     1
28     2
29     2
30     2
31     2
32     2
33     1
34     0
35     0
36     1
37     3
38     3
39     4
40     3
41     3
42     1
dtype: int64
Overallocation penalty: 53
Time conflicts: 5
TA Counts per Section: 0     15
1      3
2      4
3      5
4      5
5      5
6      4
7      3
8      7
9      5
10    10
11     8
12     4
13     5
14     2
15    11
16     6
dtype: int64
Undersupport penalty: 0
TA Assignments (per TA): 0     10
1      3
2      2
3      2
4      2
5      1
6      1
7      3
8      4
9      3
10     1
11     1
12     3
13     2
14     4
15     1
16     2
17     2
18     2
19     1
20     3
21     1
22     3
23     3
24     5
25     1
26     3
27     1
28     2
29     2
30     2
31     2
32     2
33     1
34     0
35     0
36     1
37     3
38     3
39     4
40     3
41     3
42     1
dtype: int64
Overallocation penalty: 50
Time conflicts: 5
TA Counts per Section: 0     12
1      3
2      4
3      5
4      5
5      5
6      4
7      3
8      7
9      5
10    10
11     8
12     4
13     5
14     2
15    11
16     6
dtype: int64
Undersupport penalty: 0
TA Assignments (per TA): 0     9
1     3
2     2
3     2
4     2
5     1
6     1
7     3
8     4
9     3
10    1
11    1
12    3
13    2
14    4
15    1
16    2
17    2
18    2
19    1
20    3
21    1
22    3
23    3
24    5
25    1
26    3
27    1
28    2
29    2
30    2
31    2
32    2
33    1
34    0
35    0
36    1
37    3
38    3
39    4
40    3
41    3
42    1
dtype: int64
Overallocation penalty: 49
Time conflicts: 5
TA Counts per Section: 0     11
1      3
2      4
3      5
4      5
5      5
6      4
7      3
8      7
9      5
10    10
11     8
12     4
13     5
14     2
15    11
16     6
dtype: int64
Undersupport penalty: 0
TA Assignments (per TA): 0     12
1      3
2      2
3      2
4      2
5      1
6      1
7      3
8      4
9      3
10     1
11     1
12     3
13     2
14     4
15     1
16     2
17     2
18     2
19     1
20     3
21     1
22     3
23     3
24     5
25     1
26     3
27     1
28     2
29     2
30     2
31     2
32     2
33     1
34     0
35     0
36     1
37     3
38     3
39     4
40     3
41     3
42     1
dtype: int64
Overallocation penalty: 52
Time conflicts: 5
TA Counts per Section: 0     14
1      3
2      4
3      5
4      5
5      5
6      4
7      3
8      7
9      5
10    10
11     8
12     4
13     5
14     2
15    11
16     6
dtype: int64
Undersupport penalty: 0
TA Assignments (per TA): 0     3
1     3
2     2
3     2
4     2
5     1
6     1
7     3
8     4
9     3
10    1
11    1
12    3
13    2
14    4
15    1
16    2
17    2
18    2
19    1
20    3
21    1
22    3
23    3
24    5
25    1
26    3
27    1
28    2
29    2
30    2
31    2
32    2
33    1
34    0
35    0
36    1
37    3
38    3
39    4
40    3
41    3
42    1
dtype: int64
Overallocation penalty: 43
Time conflicts: 5
TA Counts per Section: 0      5
1      3
2      4
3      5
4      5
5      5
6      4
7      3
8      7
9      5
10    10
11     8
12     4
13     5
14     2
15    11
16     6
dtype: int64
Undersupport penalty: 0
TA Assignments (per TA): 0     12
1      3
2      2
3      2
4      2
5      1
6      1
7      3
8      4
9      3
10     1
11     1
12     3
13     2
14     4
15     1
16     2
17     2
18     2
19     1
20     3
21     1
22     3
23     3
24     5
25     1
26     3
27     1
28     2
29     2
30     2
31     2
32     2
33     1
34     0
35     0
36     1
37     3
38     3
39     4
40     3
41     3
42     1
dtype: int64
Overallocation penalty: 52
Time conflicts: 5
TA Counts per Section: 0     14
1      3
2      4
3      5
4      5
5      5
6      4
7      3
8      7
9      5
10    10
11     8
12     4
13     5
14     2
15    11
16     6
dtype: int64
Undersupport penalty: 0
TA Assignments (per TA): 0     5
1     3
2     2
3     2
4     2
5     1
6     1
7     3
8     4
9     3
10    1
11    1
12    3
13    2
14    4
15    1
16    2
17    2
18    2
19    1
20    3
21    1
22    3
23    3
24    5
25    1
26    3
27    1
28    2
29    2
30    2
31    2
32    2
33    1
34    0
35    0
36    1
37    3
38    3
39    4
40    3
41    3
42    1
dtype: int64
Overallocation penalty: 45
Time conflicts: 5
TA Counts per Section: 0      7
1      3
2      4
3      5
4      5
5      5
6      4
7      3
8      7
9      5
10    10
11     8
12     4
13     5
14     2
15    11
16     6
dtype: int64
Undersupport penalty: 0
TA Assignments (per TA): 0     11
1      3
2      2
3      2
4      2
5      1
6      1
7      3
8      4
9      3
10     1
11     1
12     3
13     2
14     4
15     1
16     2
17     2
18     2
19     1
20     3
21     1
22     3
23     3
24     5
25     1
26     3
27     1
28     2
29     2
30     2
31     2
32     2
33     1
34     0
35     0
36     1
37     3
38     3
39     4
40     3
41     3
42     1
dtype: int64
Overallocation penalty: 51
Time conflicts: 5
TA Counts per Section: 0     13
1      3
2      4
3      5
4      5
5      5
6      4
7      3
8      7
9      5
10    10
11     8
12     4
13     5
14     2
15    11
16     6
dtype: int64
Undersupport penalty: 0
TA Assignments (per TA): 0     8
1     3
2     2
3     2
4     2
5     1
6     1
7     3
8     4
9     3
10    1
11    1
12    3
13    2
14    4
15    1
16    2
17    2
18    2
19    1
20    3
21    1
22    3
23    3
24    5
25    1
26    3
27    1
28    2
29    2
30    2
31    2
32    2
33    1
34    0
35    0
36    1
37    3
38    3
39    4
40    3
41    3
42    1
dtype: int64
Overallocation penalty: 48
Time conflicts: 5
TA Counts per Section: 0     10
1      3
2      4
3      5
4      5
5      5
6      4
7      3
8      7
9      5
10    10
11     8
12     4
13     5
14     2
15    11
16     6
dtype: int64
Undersupport penalty: 0
TA Assignments (per TA): 0     12
1      3
2      2
3      2
4      2
5      1
6      1
7      3
8      4
9      3
10     1
11     1
12     3
13     2
14     4
15     1
16     2
17     2
18     2
19     1
20     3
21     1
22     3
23     3
24     5
25     1
26     3
27     1
28     2
29     2
30     2
31     2
32     2
33     1
34     0
35     0
36     1
37     3
38     3
39     4
40     3
41     3
42     1
dtype: int64
Overallocation penalty: 52
Time conflicts: 5
TA Counts per Section: 0     14
1      3
2      4
3      5
4      5
5      5
6      4
7      3
8      7
9      5
10    10
11     8
12     4
13     5
14     2
15    11
16     6
dtype: int64
Undersupport penalty: 0
TA Assignments (per TA): 0     4
1     3
2     2
3     2
4     2
5     1
6     1
7     3
8     4
9     3
10    1
11    1
12    3
13    2
14    4
15    1
16    2
17    2
18    2
19    1
20    3
21    1
22    3
23    3
24    5
25    1
26    3
27    1
28    2
29    2
30    2
31    2
32    2
33    1
34    0
35    0
36    1
37    3
38    3
39    4
40    3
41    3
42    1
dtype: int64
Overallocation penalty: 44
Time conflicts: 5
TA Counts per Section: 0      6
1      3
2      4
3      5
4      5
5      5
6      4
7      3
8      7
9      5
10    10
11     8
12     4
13     5
14     2
15    11
16     6
dtype: int64
Undersupport penalty: 0
TA Assignments (per TA): 0     8
1     3
2     2
3     2
4     2
5     1
6     1
7     3
8     4
9     3
10    1
11    1
12    3
13    2
14    4
15    1
16    2
17    2
18    2
19    1
20    3
21    1
22    3
23    3
24    5
25    1
26    3
27    1
28    2
29    2
30    2
31    2
32    2
33    1
34    0
35    0
36    1
37    3
38    3
39    4
40    3
41    3
42    1
dtype: int64
Overallocation penalty: 48
Time conflicts: 5
TA Counts per Section: 0     10
1      3
2      4
3      5
4      5
5      5
6      4
7      3
8      7
9      5
10    10
11     8
12     4
13     5
14     2
15    11
16     6
dtype: int64
Undersupport penalty: 0
TA Assignments (per TA): 0     13
1      3
2      2
3      2
4      2
5      1
6      1
7      3
8      4
9      3
10     1
11     1
12     3
13     2
14     4
15     1
16     2
17     2
18     2
19     1
20     3
21     1
22     3
23     3
24     5
25     1
26     3
27     1
28     2
29     2
30     2
31     2
32     2
33     1
34     0
35     0
36     1
37     3
38     3
39     4
40     3
41     3
42     1
dtype: int64
Overallocation penalty: 53
Time conflicts: 5
TA Counts per Section: 0     15
1      3
2      4
3      5
4      5
5      5
6      4
7      3
8      7
9      5
10    10
11     8
12     4
13     5
14     2
15    11
16     6
dtype: int64
Undersupport penalty: 0
TA Assignments (per TA): 0     9
1     3
2     2
3     2
4     2
5     1
6     1
7     3
8     4
9     3
10    1
11    1
12    3
13    2
14    4
15    1
16    2
17    2
18    2
19    1
20    3
21    1
22    3
23    3
24    5
25    1
26    3
27    1
28    2
29    2
30    2
31    2
32    2
33    1
34    0
35    0
36    1
37    3
38    3
39    4
40    3
41    3
42    1
dtype: int64
Overallocation penalty: 49
Time conflicts: 5
TA Counts per Section: 0     11
1      3
2      4
3      5
4      5
5      5
6      4
7      3
8      7
9      5
10    10
11     8
12     4
13     5
14     2
15    11
16     6
dtype: int64
Undersupport penalty: 0
TA Assignments (per TA): 0     12
1      3
2      2
3      2
4      2
5      1
6      1
7      3
8      4
9      3
10     1
11     1
12     3
13     2
14     4
15     1
16     2
17     2
18     2
19     1
20     3
21     1
22     3
23     3
24     5
25     1
26     3
27     1
28     2
29     2
30     2
31     2
32     2
33     1
34     0
35     0
36     1
37     3
38     3
39     4
40     3
41     3
42     1
dtype: int64
Overallocation penalty: 52
Time conflicts: 5
TA Counts per Section: 0     14
1      3
2      4
3      5
4      5
5      5
6      4
7      3
8      7
9      5
10    10
11     8
12     4
13     5
14     2
15    11
16     6
dtype: int64
Undersupport penalty: 0
TA Assignments (per TA): 0     9
1     3
2     2
3     2
4     2
5     1
6     1
7     3
8     4
9     3
10    1
11    1
12    3
13    2
14    4
15    1
16    2
17    2
18    2
19    1
20    3
21    1
22    3
23    3
24    5
25    1
26    3
27    1
28    2
29    2
30    2
31    2
32    2
33    1
34    0
35    0
36    1
37    3
38    3
39    4
40    3
41    3
42    1
dtype: int64
Overallocation penalty: 49
Time conflicts: 5
TA Counts per Section: 0     11
1      3
2      4
3      5
4      5
5      5
6      4
7      3
8      7
9      5
10    10
11     8
12     4
13     5
14     2
15    11
16     6
dtype: int64
Undersupport penalty: 0
TA Assignments (per TA): 0     2
1     3
2     2
3     2
4     2
5     1
6     1
7     3
8     4
9     3
10    1
11    1
12    3
13    2
14    4
15    1
16    2
17    2
18    2
19    1
20    3
21    1
22    3
23    3
24    5
25    1
26    3
27    1
28    2
29    2
30    2
31    2
32    2
33    1
34    0
35    0
36    1
37    3
38    3
39    4
40    3
41    3
42    1
dtype: int64
Overallocation penalty: 42
Time conflicts: 5
TA Counts per Section: 0      4
1      3
2      4
3      5
4      5
5      5
6      4
7      3
8      7
9      5
10    10
11     8
12     4
13     5
14     2
15    11
16     6
dtype: int64
Undersupport penalty: 0
TA Assignments (per TA): 0     3
1     3
2     2
3     2
4     2
5     1
6     1
7     3
8     4
9     3
10    1
11    1
12    3
13    2
14    4
15    1
16    2
17    2
18    2
19    1
20    3
21    1
22    3
23    3
24    5
25    1
26    3
27    1
28    2
29    2
30    2
31    2
32    2
33    1
34    0
35    0
36    1
37    3
38    3
39    4
40    3
41    3
42    1
dtype: int64
Overallocation penalty: 43
Time conflicts: 5
TA Counts per Section: 0      5
1      3
2      4
3      5
4      5
5      5
6      4
7      3
8      7
9      5
10    10
11     8
12     4
13     5
14     2
15    11
16     6
dtype: int64
Undersupport penalty: 0
TA Assignments (per TA): 0     3
1     3
2     2
3     2
4     2
5     1
6     1
7     3
8     4
9     3
10    1
11    1
12    3
13    2
14    4
15    1
16    2
17    2
18    2
19    1
20    3
21    1
22    3
23    3
24    5
25    1
26    3
27    1
28    2
29    2
30    2
31    2
32    2
33    1
34    0
35    0
36    1
37    3
38    3
39    4
40    3
41    3
42    1
dtype: int64
Overallocation penalty: 43
Time conflicts: 5
TA Counts per Section: 0      5
1      3
2      4
3      5
4      5
5      5
6      4
7      3
8      7
9      5
10    10
11     8
12     4
13     5
14     2
15    11
16     6
dtype: int64
Undersupport penalty: 0
TA Assignments (per TA): 0     2
1     3
2     2
3     2
4     2
5     1
6     1
7     3
8     4
9     3
10    1
11    1
12    3
13    2
14    4
15    1
16    2
17    2
18    2
19    1
20    3
21    1
22    3
23    3
24    5
25    1
26    3
27    1
28    2
29    2
30    2
31    2
32    2
33    1
34    0
35    0
36    1
37    3
38    3
39    4
40    3
41    3
42    1
dtype: int64
Overallocation penalty: 42
Time conflicts: 5
TA Counts per Section: 0      4
1      3
2      4
3      5
4      5
5      5
6      4
7      3
8      7
9      5
10    10
11     8
12     4
13     5
14     2
15    11
16     6
dtype: int64
Undersupport penalty: 0
TA Assignments (per TA): 0     4
1     3
2     2
3     2
4     2
5     1
6     1
7     3
8     4
9     3
10    1
11    1
12    3
13    2
14    4
15    1
16    2
17    2
18    2
19    1
20    3
21    1
22    3
23    3
24    5
25    1
26    3
27    1
28    2
29    2
30    2
31    2
32    2
33    1
34    0
35    0
36    1
37    3
38    3
39    4
40    3
41    3
42    1
dtype: int64
Overallocation penalty: 44
Time conflicts: 5
TA Counts per Section: 0      6
1      3
2      4
3      5
4      5
5      5
6      4
7      3
8      7
9      5
10    10
11     8
12     4
13     5
14     2
15    11
16     6
dtype: int64
Undersupport penalty: 0
TA Assignments (per TA): 0     5
1     3
2     2
3     2
4     2
5     1
6     1
7     3
8     4
9     3
10    1
11    1
12    3
13    2
14    4
15    1
16    2
17    2
18    2
19    1
20    3
21    1
22    3
23    3
24    5
25    1
26    3
27    1
28    2
29    2
30    2
31    2
32    2
33    1
34    0
35    0
36    1
37    3
38    3
39    4
40    3
41    3
42    1
dtype: int64
Overallocation penalty: 45
Time conflicts: 5
TA Counts per Section: 0      7
1      3
2      4
3      5
4      5
5      5
6      4
7      3
8      7
9      5
10    10
11     8
12     4
13     5
14     2
15    11
16     6
dtype: int64
Undersupport penalty: 0
TA Assignments (per TA): 0     5
1     3
2     2
3     2
4     2
5     1
6     1
7     3
8     4
9     3
10    1
11    1
12    3
13    2
14    4
15    1
16    2
17    2
18    2
19    1
20    3
21    1
22    3
23    3
24    5
25    1
26    3
27    1
28    2
29    2
30    2
31    2
32    2
33    1
34    0
35    0
36    1
37    3
38    3
39    4
40    3
41    3
42    1
dtype: int64
Overallocation penalty: 45
Time conflicts: 5
TA Counts per Section: 0      7
1      3
2      4
3      5
4      5
5      5
6      4
7      3
8      7
9      5
10    10
11     8
12     4
13     5
14     2
15    11
16     6
dtype: int64
Undersupport penalty: 0
TA Assignments (per TA): 0     6
1     3
2     2
3     2
4     2
5     1
6     1
7     3
8     4
9     3
10    1
11    1
12    3
13    2
14    4
15    1
16    2
17    2
18    2
19    1
20    3
21    1
22    3
23    3
24    5
25    1
26    3
27    1
28    2
29    2
30    2
31    2
32    2
33    1
34    0
35    0
36    1
37    3
38    3
39    4
40    3
41    3
42    1
dtype: int64
Overallocation penalty: 46
Time conflicts: 5
TA Counts per Section: 0      8
1      3
2      4
3      5
4      5
5      5
6      4
7      3
8      7
9      5
10    10
11     8
12     4
13     5
14     2
15    11
16     6
dtype: int64
Undersupport penalty: 0
TA Assignments (per TA): 0     4
1     3
2     2
3     2
4     2
5     1
6     1
7     3
8     4
9     3
10    1
11    1
12    3
13    2
14    4
15    1
16    2
17    2
18    2
19    1
20    3
21    1
22    3
23    3
24    5
25    1
26    3
27    1
28    2
29    2
30    2
31    2
32    2
33    1
34    0
35    0
36    1
37    3
38    3
39    4
40    3
41    3
42    1
dtype: int64
Overallocation penalty: 44
Time conflicts: 5
TA Counts per Section: 0      6
1      3
2      4
3      5
4      5
5      5
6      4
7      3
8      7
9      5
10    10
11     8
12     4
13     5
14     2
15    11
16     6
dtype: int64
Undersupport penalty: 0
TA Assignments (per TA): 0     6
1     3
2     2
3     2
4     2
5     1
6     1
7     3
8     4
9     3
10    1
11    1
12    3
13    2
14    4
15    1
16    2
17    2
18    2
19    1
20    3
21    1
22    3
23    3
24    5
25    1
26    3
27    1
28    2
29    2
30    2
31    2
32    2
33    1
34    0
35    0
36    1
37    3
38    3
39    4
40    3
41    3
42    1
dtype: int64
Overallocation penalty: 46
Time conflicts: 5
TA Counts per Section: 0      8
1      3
2      4
3      5
4      5
5      5
6      4
7      3
8      7
9      5
10    10
11     8
12     4
13     5
14     2
15    11
16     6
dtype: int64
Undersupport penalty: 0
TA Assignments (per TA): 0     2
1     3
2     2
3     2
4     2
5     1
6     1
7     3
8     4
9     3
10    1
11    1
12    3
13    2
14    4
15    1
16    2
17    2
18    2
19    1
20    3
21    1
22    3
23    3
24    5
25    1
26    3
27    1
28    2
29    2
30    2
31    2
32    2
33    1
34    0
35    0
36    1
37    3
38    3
39    4
40    3
41    3
42    1
dtype: int64
Overallocation penalty: 42
Time conflicts: 5
TA Counts per Section: 0      4
1      3
2      4
3      5
4      5
5      5
6      4
7      3
8      7
9      5
10    10
11     8
12     4
13     5
14     2
15    11
16     6
dtype: int64
Undersupport penalty: 0
TA Assignments (per TA): 0     7
1     3
2     2
3     2
4     2
5     1
6     1
7     3
8     4
9     3
10    1
11    1
12    3
13    2
14    4
15    1
16    2
17    2
18    2
19    1
20    3
21    1
22    3
23    3
24    5
25    1
26    3
27    1
28    2
29    2
30    2
31    2
32    2
33    1
34    0
35    0
36    1
37    3
38    3
39    4
40    3
41    3
42    1
dtype: int64
Overallocation penalty: 47
Time conflicts: 5
TA Counts per Section: 0      9
1      3
2      4
3      5
4      5
5      5
6      4
7      3
8      7
9      5
10    10
11     8
12     4
13     5
14     2
15    11
16     6
dtype: int64
Undersupport penalty: 0
TA Assignments (per TA): 0     5
1     3
2     2
3     2
4     2
5     1
6     1
7     3
8     4
9     3
10    1
11    1
12    3
13    2
14    4
15    1
16    2
17    2
18    2
19    1
20    3
21    1
22    3
23    3
24    5
25    1
26    3
27    1
28    2
29    2
30    2
31    2
32    2
33    1
34    0
35    0
36    1
37    3
38    3
39    4
40    3
41    3
42    1
dtype: int64
Overallocation penalty: 45
Time conflicts: 5
TA Counts per Section: 0      7
1      3
2      4
3      5
4      5
5      5
6      4
7      3
8      7
9      5
10    10
11     8
12     4
13     5
14     2
15    11
16     6
dtype: int64
Undersupport penalty: 0
TA Assignments (per TA): 0     4
1     3
2     2
3     2
4     2
5     1
6     1
7     3
8     4
9     3
10    1
11    1
12    3
13    2
14    4
15    1
16    2
17    2
18    2
19    1
20    3
21    1
22    3
23    3
24    5
25    1
26    3
27    1
28    2
29    2
30    2
31    2
32    2
33    1
34    0
35    0
36    1
37    3
38    3
39    4
40    3
41    3
42    1
dtype: int64
Overallocation penalty: 44
Time conflicts: 5
TA Counts per Section: 0      6
1      3
2      4
3      5
4      5
5      5
6      4
7      3
8      7
9      5
10    10
11     8
12     4
13     5
14     2
15    11
16     6
dtype: int64
Undersupport penalty: 0
TA Assignments (per TA): 0     7
1     3
2     2
3     2
4     2
5     1
6     1
7     3
8     4
9     3
10    1
11    1
12    3
13    2
14    4
15    1
16    2
17    2
18    2
19    1
20    3
21    1
22    3
23    3
24    5
25    1
26    3
27    1
28    2
29    2
30    2
31    2
32    2
33    1
34    0
35    0
36    1
37    3
38    3
39    4
40    3
41    3
42    1
dtype: int64
Overallocation penalty: 47
Time conflicts: 5
TA Counts per Section: 0      9
1      3
2      4
3      5
4      5
5      5
6      4
7      3
8      7
9      5
10    10
11     8
12     4
13     5
14     2
15    11
16     6
dtype: int64
Undersupport penalty: 0
TA Assignments (per TA): 0     2
1     3
2     2
3     2
4     2
5     1
6     1
7     3
8     4
9     3
10    1
11    1
12    3
13    2
14    4
15    1
16    2
17    2
18    2
19    1
20    3
21    1
22    3
23    3
24    5
25    1
26    3
27    1
28    2
29    2
30    2
31    2
32    2
33    1
34    0
35    0
36    1
37    3
38    3
39    4
40    3
41    3
42    1
dtype: int64
Overallocation penalty: 42
Time conflicts: 5
TA Counts per Section: 0      4
1      3
2      4
3      5
4      5
5      5
6      4
7      3
8      7
9      5
10    10
11     8
12     4
13     5
14     2
15    11
16     6
dtype: int64
Undersupport penalty: 0
TA Assignments (per TA): 0     7
1     3
2     2
3     2
4     2
5     1
6     1
7     3
8     4
9     3
10    1
11    1
12    3
13    2
14    4
15    1
16    2
17    2
18    2
19    1
20    3
21    1
22    3
23    3
24    5
25    1
26    3
27    1
28    2
29    2
30    2
31    2
32    2
33    1
34    0
35    0
36    1
37    3
38    3
39    4
40    3
41    3
42    1
dtype: int64
Overallocation penalty: 47
Time conflicts: 5
TA Counts per Section: 0      9
1      3
2      4
3      5
4      5
5      5
6      4
7      3
8      7
9      5
10    10
11     8
12     4
13     5
14     2
15    11
16     6
dtype: int64
Undersupport penalty: 0
TA Assignments (per TA): 0     5
1     3
2     2
3     2
4     2
5     1
6     1
7     3
8     4
9     3
10    1
11    1
12    3
13    2
14    4
15    1
16    2
17    2
18    2
19    1
20    3
21    1
22    3
23    3
24    5
25    1
26    3
27    1
28    2
29    2
30    2
31    2
32    2
33    1
34    0
35    0
36    1
37    3
38    3
39    4
40    3
41    3
42    1
dtype: int64
Overallocation penalty: 45
Time conflicts: 5
TA Counts per Section: 0      7
1      3
2      4
3      5
4      5
5      5
6      4
7      3
8      7
9      5
10    10
11     8
12     4
13     5
14     2
15    11
16     6
dtype: int64
Undersupport penalty: 0
TA Assignments (per TA): 0     6
1     3
2     2
3     2
4     2
5     1
6     1
7     3
8     4
9     3
10    1
11    1
12    3
13    2
14    4
15    1
16    2
17    2
18    2
19    1
20    3
21    1
22    3
23    3
24    5
25    1
26    3
27    1
28    2
29    2
30    2
31    2
32    2
33    1
34    0
35    0
36    1
37    3
38    3
39    4
40    3
41    3
42    1
dtype: int64
Overallocation penalty: 46
Time conflicts: 5
TA Counts per Section: 0      8
1      3
2      4
3      5
4      5
5      5
6      4
7      3
8      7
9      5
10    10
11     8
12     4
13     5
14     2
15    11
16     6
dtype: int64
Undersupport penalty: 0
TA Assignments (per TA): 0     5
1     3
2     2
3     2
4     2
5     1
6     1
7     3
8     4
9     3
10    1
11    1
12    3
13    2
14    4
15    1
16    2
17    2
18    2
19    1
20    3
21    1
22    3
23    3
24    5
25    1
26    3
27    1
28    2
29    2
30    2
31    2
32    2
33    1
34    0
35    0
36    1
37    3
38    3
39    4
40    3
41    3
42    1
dtype: int64
Overallocation penalty: 45
Time conflicts: 5
TA Counts per Section: 0      7
1      3
2      4
3      5
4      5
5      5
6      4
7      3
8      7
9      5
10    10
11     8
12     4
13     5
14     2
15    11
16     6
dtype: int64
Undersupport penalty: 0
TA Assignments (per TA): 0     6
1     3
2     2
3     2
4     2
5     1
6     1
7     3
8     4
9     3
10    1
11    1
12    3
13    2
14    4
15    1
16    2
17    2
18    2
19    1
20    3
21    1
22    3
23    3
24    5
25    1
26    3
27    1
28    2
29    2
30    2
31    2
32    2
33    1
34    0
35    0
36    1
37    3
38    3
39    4
40    3
41    3
42    1
dtype: int64
Overallocation penalty: 46
Time conflicts: 5
TA Counts per Section: 0      8
1      3
2      4
3      5
4      5
5      5
6      4
7      3
8      7
9      5
10    10
11     8
12     4
13     5
14     2
15    11
16     6
dtype: int64
Undersupport penalty: 0
TA Assignments (per TA): 0     7
1     3
2     2
3     2
4     2
5     1
6     1
7     3
8     4
9     3
10    1
11    1
12    3
13    2
14    4
15    1
16    2
17    2
18    2
19    1
20    3
21    1
22    3
23    3
24    5
25    1
26    3
27    1
28    2
29    2
30    2
31    2
32    2
33    1
34    0
35    0
36    1
37    3
38    3
39    4
40    3
41    3
42    1
dtype: int64
Overallocation penalty: 47
Time conflicts: 5
TA Counts per Section: 0      9
1      3
2      4
3      5
4      5
5      5
6      4
7      3
8      7
9      5
10    10
11     8
12     4
13     5
14     2
15    11
16     6
dtype: int64
Undersupport penalty: 0
TA Assignments (per TA): 0     6
1     3
2     2
3     2
4     2
5     1
6     1
7     3
8     4
9     3
10    1
11    1
12    3
13    2
14    4
15    1
16    2
17    2
18    2
19    1
20    3
21    1
22    3
23    3
24    5
25    1
26    3
27    1
28    2
29    2
30    2
31    2
32    2
33    1
34    0
35    0
36    1
37    3
38    3
39    4
40    3
41    3
42    1
dtype: int64
Overallocation penalty: 46
Time conflicts: 5
TA Counts per Section: 0      8
1      3
2      4
3      5
4      5
5      5
6      4
7      3
8      7
9      5
10    10
11     8
12     4
13     5
14     2
15    11
16     6
dtype: int64
Undersupport penalty: 0
TA Assignments (per TA): 0     7
1     3
2     2
3     2
4     2
5     1
6     1
7     3
8     4
9     3
10    1
11    1
12    3
13    2
14    4
15    1
16    2
17    2
18    2
19    1
20    3
21    1
22    3
23    3
24    5
25    1
26    3
27    1
28    2
29    2
30    2
31    2
32    2
33    1
34    0
35    0
36    1
37    3
38    3
39    4
40    3
41    3
42    1
dtype: int64
Overallocation penalty: 47
Time conflicts: 5
TA Counts per Section: 0      9
1      3
2      4
3      5
4      5
5      5
6      4
7      3
8      7
9      5
10    10
11     8
12     4
13     5
14     2
15    11
16     6
dtype: int64
Undersupport penalty: 0
TA Assignments (per TA): 0     8
1     3
2     2
3     2
4     2
5     1
6     1
7     3
8     4
9     3
10    1
11    1
12    3
13    2
14    4
15    1
16    2
17    2
18    2
19    1
20    3
21    1
22    3
23    3
24    5
25    1
26    3
27    1
28    2
29    2
30    2
31    2
32    2
33    1
34    0
35    0
36    1
37    3
38    3
39    4
40    3
41    3
42    1
dtype: int64
Overallocation penalty: 48
Time conflicts: 5
TA Counts per Section: 0     10
1      3
2      4
3      5
4      5
5      5
6      4
7      3
8      7
9      5
10    10
11     8
12     4
13     5
14     2
15    11
16     6
dtype: int64
Undersupport penalty: 0
TA Assignments (per TA): 0     4
1     3
2     2
3     2
4     2
5     1
6     1
7     3
8     4
9     3
10    1
11    1
12    3
13    2
14    4
15    1
16    2
17    2
18    2
19    1
20    3
21    1
22    3
23    3
24    5
25    1
26    3
27    1
28    2
29    2
30    2
31    2
32    2
33    1
34    0
35    0
36    1
37    3
38    3
39    4
40    3
41    3
42    1
dtype: int64
Overallocation penalty: 44
Time conflicts: 5
TA Counts per Section: 0      6
1      3
2      4
3      5
4      5
5      5
6      4
7      3
8      7
9      5
10    10
11     8
12     4
13     5
14     2
15    11
16     6
dtype: int64
Undersupport penalty: 0
TA Assignments (per TA): 0     4
1     3
2     2
3     2
4     2
5     1
6     1
7     3
8     4
9     3
10    1
11    1
12    3
13    2
14    4
15    1
16    2
17    2
18    2
19    1
20    3
21    1
22    3
23    3
24    5
25    1
26    3
27    1
28    2
29    2
30    2
31    2
32    2
33    1
34    0
35    0
36    1
37    3
38    3
39    4
40    3
41    3
42    1
dtype: int64
Overallocation penalty: 44
Time conflicts: 5
TA Counts per Section: 0      6
1      3
2      4
3      5
4      5
5      5
6      4
7      3
8      7
9      5
10    10
11     8
12     4
13     5
14     2
15    11
16     6
dtype: int64
Undersupport penalty: 0
TA Assignments (per TA): 0     4
1     3
2     2
3     2
4     2
5     1
6     1
7     3
8     4
9     3
10    1
11    1
12    3
13    2
14    4
15    1
16    2
17    2
18    2
19    1
20    3
21    1
22    3
23    3
24    5
25    1
26    3
27    1
28    2
29    2
30    2
31    2
32    2
33    1
34    0
35    0
36    1
37    3
38    3
39    4
40    3
41    3
42    1
dtype: int64
Overallocation penalty: 44
Time conflicts: 5
TA Counts per Section: 0      6
1      3
2      4
3      5
4      5
5      5
6      4
7      3
8      7
9      5
10    10
11     8
12     4
13     5
14     2
15    11
16     6
dtype: int64
Undersupport penalty: 0
TA Assignments (per TA): 0     5
1     3
2     2
3     2
4     2
5     1
6     1
7     3
8     4
9     3
10    1
11    1
12    3
13    2
14    4
15    1
16    2
17    2
18    2
19    1
20    3
21    1
22    3
23    3
24    5
25    1
26    3
27    1
28    2
29    2
30    2
31    2
32    2
33    1
34    0
35    0
36    1
37    3
38    3
39    4
40    3
41    3
42    1
dtype: int64
Overallocation penalty: 45
Time conflicts: 5
TA Counts per Section: 0      7
1      3
2      4
3      5
4      5
5      5
6      4
7      3
8      7
9      5
10    10
11     8
12     4
13     5
14     2
15    11
16     6
dtype: int64
Undersupport penalty: 0
TA Assignments (per TA): 0     2
1     3
2     2
3     2
4     2
5     1
6     1
7     3
8     4
9     3
10    1
11    1
12    3
13    2
14    4
15    1
16    2
17    2
18    2
19    1
20    3
21    1
22    3
23    3
24    5
25    1
26    3
27    1
28    2
29    2
30    2
31    2
32    2
33    1
34    0
35    0
36    1
37    3
38    3
39    4
40    3
41    3
42    1
dtype: int64
Overallocation penalty: 42
Time conflicts: 5
TA Counts per Section: 0      4
1      3
2      4
3      5
4      5
5      5
6      4
7      3
8      7
9      5
10    10
11     8
12     4
13     5
14     2
15    11
16     6
dtype: int64
Undersupport penalty: 0
TA Assignments (per TA): 0     3
1     3
2     2
3     2
4     2
5     1
6     1
7     3
8     4
9     3
10    1
11    1
12    3
13    2
14    4
15    1
16    2
17    2
18    2
19    1
20    3
21    1
22    3
23    3
24    5
25    1
26    3
27    1
28    2
29    2
30    2
31    2
32    2
33    1
34    0
35    0
36    1
37    3
38    3
39    4
40    3
41    3
42    1
dtype: int64
Overallocation penalty: 43
Time conflicts: 5
TA Counts per Section: 0      5
1      3
2      4
3      5
4      5
5      5
6      4
7      3
8      7
9      5
10    10
11     8
12     4
13     5
14     2
15    11
16     6
dtype: int64
Undersupport penalty: 0
TA Assignments (per TA): 0     2
1     3
2     2
3     2
4     2
5     1
6     1
7     3
8     4
9     3
10    1
11    1
12    3
13    2
14    4
15    1
16    2
17    2
18    2
19    1
20    3
21    1
22    3
23    3
24    5
25    1
26    3
27    1
28    2
29    2
30    2
31    2
32    2
33    1
34    0
35    0
36    1
37    3
38    3
39    4
40    3
41    3
42    1
dtype: int64
Overallocation penalty: 42
Time conflicts: 5
TA Counts per Section: 0      4
1      3
2      4
3      5
4      5
5      5
6      4
7      3
8      7
9      5
10    10
11     8
12     4
13     5
14     2
15    11
16     6
dtype: int64
Undersupport penalty: 0
TA Assignments (per TA): 0     7
1     3
2     2
3     2
4     2
5     1
6     1
7     3
8     4
9     3
10    1
11    1
12    3
13    2
14    4
15    1
16    2
17    2
18    2
19    1
20    3
21    1
22    3
23    3
24    5
25    1
26    3
27    1
28    2
29    2
30    2
31    2
32    2
33    1
34    0
35    0
36    1
37    3
38    3
39    4
40    3
41    3
42    1
dtype: int64
Overallocation penalty: 47
Time conflicts: 5
TA Counts per Section: 0      9
1      3
2      4
3      5
4      5
5      5
6      4
7      3
8      7
9      5
10    10
11     8
12     4
13     5
14     2
15    11
16     6
dtype: int64
Undersupport penalty: 0
TA Assignments (per TA): 0     8
1     3
2     2
3     2
4     2
5     1
6     1
7     3
8     4
9     3
10    1
11    1
12    3
13    2
14    4
15    1
16    2
17    2
18    2
19    1
20    3
21    1
22    3
23    3
24    5
25    1
26    3
27    1
28    2
29    2
30    2
31    2
32    2
33    1
34    0
35    0
36    1
37    3
38    3
39    4
40    3
41    3
42    1
dtype: int64
Overallocation penalty: 48
Time conflicts: 5
TA Counts per Section: 0     10
1      3
2      4
3      5
4      5
5      5
6      4
7      3
8      7
9      5
10    10
11     8
12     4
13     5
14     2
15    11
16     6
dtype: int64
Undersupport penalty: 0
TA Assignments (per TA): 0     9
1     3
2     2
3     2
4     2
5     1
6     1
7     3
8     4
9     3
10    1
11    1
12    3
13    2
14    4
15    1
16    2
17    2
18    2
19    1
20    3
21    1
22    3
23    3
24    5
25    1
26    3
27    1
28    2
29    2
30    2
31    2
32    2
33    1
34    0
35    0
36    1
37    3
38    3
39    4
40    3
41    3
42    1
dtype: int64
Overallocation penalty: 49
Time conflicts: 5
TA Counts per Section: 0     11
1      3
2      4
3      5
4      5
5      5
6      4
7      3
8      7
9      5
10    10
11     8
12     4
13     5
14     2
15    11
16     6
dtype: int64
Undersupport penalty: 0
TA Assignments (per TA): 0     5
1     3
2     2
3     2
4     2
5     1
6     1
7     3
8     4
9     3
10    1
11    1
12    3
13    2
14    4
15    1
16    2
17    2
18    2
19    1
20    3
21    1
22    3
23    3
24    5
25    1
26    3
27    1
28    2
29    2
30    2
31    2
32    2
33    1
34    0
35    0
36    1
37    3
38    3
39    4
40    3
41    3
42    1
dtype: int64
Overallocation penalty: 45
Time conflicts: 5
TA Counts per Section: 0      7
1      3
2      4
3      5
4      5
5      5
6      4
7      3
8      7
9      5
10    10
11     8
12     4
13     5
14     2
15    11
16     6
dtype: int64
Undersupport penalty: 0
TA Assignments (per TA): 0     7
1     3
2     2
3     2
4     2
5     1
6     1
7     3
8     4
9     3
10    1
11    1
12    3
13    2
14    4
15    1
16    2
17    2
18    2
19    1
20    3
21    1
22    3
23    3
24    5
25    1
26    3
27    1
28    2
29    2
30    2
31    2
32    2
33    1
34    0
35    0
36    1
37    3
38    3
39    4
40    3
41    3
42    1
dtype: int64
Overallocation penalty: 47
Time conflicts: 5
TA Counts per Section: 0      9
1      3
2      4
3      5
4      5
5      5
6      4
7      3
8      7
9      5
10    10
11     8
12     4
13     5
14     2
15    11
16     6
dtype: int64
Undersupport penalty: 0
TA Assignments (per TA): 0     6
1     3
2     2
3     2
4     2
5     1
6     1
7     3
8     4
9     3
10    1
11    1
12    3
13    2
14    4
15    1
16    2
17    2
18    2
19    1
20    3
21    1
22    3
23    3
24    5
25    1
26    3
27    1
28    2
29    2
30    2
31    2
32    2
33    1
34    0
35    0
36    1
37    3
38    3
39    4
40    3
41    3
42    1
dtype: int64
Overallocation penalty: 46
Time conflicts: 5
TA Counts per Section: 0      8
1      3
2      4
3      5
4      5
5      5
6      4
7      3
8      7
9      5
10    10
11     8
12     4
13     5
14     2
15    11
16     6
dtype: int64
Undersupport penalty: 0
TA Assignments (per TA): 0     4
1     3
2     2
3     2
4     2
5     1
6     1
7     3
8     4
9     3
10    1
11    1
12    3
13    2
14    4
15    1
16    2
17    2
18    2
19    1
20    3
21    1
22    3
23    3
24    5
25    1
26    3
27    1
28    2
29    2
30    2
31    2
32    2
33    1
34    0
35    0
36    1
37    3
38    3
39    4
40    3
41    3
42    1
dtype: int64
Overallocation penalty: 44
Time conflicts: 5
TA Counts per Section: 0      6
1      3
2      4
3      5
4      5
5      5
6      4
7      3
8      7
9      5
10    10
11     8
12     4
13     5
14     2
15    11
16     6
dtype: int64
Undersupport penalty: 0
TA Assignments (per TA): 0     2
1     3
2     2
3     2
4     2
5     1
6     1
7     3
8     4
9     3
10    1
11    1
12    3
13    2
14    4
15    1
16    2
17    2
18    2
19    1
20    3
21    1
22    3
23    3
24    5
25    1
26    3
27    1
28    2
29    2
30    2
31    2
32    2
33    1
34    0
35    0
36    1
37    3
38    3
39    4
40    3
41    3
42    1
dtype: int64
Overallocation penalty: 42
Time conflicts: 5
TA Counts per Section: 0      4
1      3
2      4
3      5
4      5
5      5
6      4
7      3
8      7
9      5
10    10
11     8
12     4
13     5
14     2
15    11
16     6
dtype: int64
Undersupport penalty: 0
TA Assignments (per TA): 0     4
1     3
2     2
3     2
4     2
5     1
6     1
7     3
8     4
9     3
10    1
11    1
12    3
13    2
14    4
15    1
16    2
17    2
18    2
19    1
20    3
21    1
22    3
23    3
24    5
25    1
26    3
27    1
28    2
29    2
30    2
31    2
32    2
33    1
34    0
35    0
36    1
37    3
38    3
39    4
40    3
41    3
42    1
dtype: int64
Overallocation penalty: 44
Time conflicts: 5
TA Counts per Section: 0      6
1      3
2      4
3      5
4      5
5      5
6      4
7      3
8      7
9      5
10    10
11     8
12     4
13     5
14     2
15    11
16     6
dtype: int64
Undersupport penalty: 0
TA Assignments (per TA): 0     5
1     3
2     2
3     2
4     2
5     1
6     1
7     3
8     4
9     3
10    1
11    1
12    3
13    2
14    4
15    1
16    2
17    2
18    2
19    1
20    3
21    1
22    3
23    3
24    5
25    1
26    3
27    1
28    2
29    2
30    2
31    2
32    2
33    1
34    0
35    0
36    1
37    3
38    3
39    4
40    3
41    3
42    1
dtype: int64
Overallocation penalty: 45
Time conflicts: 5
TA Counts per Section: 0      7
1      3
2      4
3      5
4      5
5      5
6      4
7      3
8      7
9      5
10    10
11     8
12     4
13     5
14     2
15    11
16     6
dtype: int64
Undersupport penalty: 0
TA Assignments (per TA): 0     5
1     3
2     2
3     2
4     2
5     1
6     1
7     3
8     4
9     3
10    1
11    1
12    3
13    2
14    4
15    1
16    2
17    2
18    2
19    1
20    3
21    1
22    3
23    3
24    5
25    1
26    3
27    1
28    2
29    2
30    2
31    2
32    2
33    1
34    0
35    0
36    1
37    3
38    3
39    4
40    3
41    3
42    1
dtype: int64
Overallocation penalty: 45
Time conflicts: 5
TA Counts per Section: 0      7
1      3
2      4
3      5
4      5
5      5
6      4
7      3
8      7
9      5
10    10
11     8
12     4
13     5
14     2
15    11
16     6
dtype: int64
Undersupport penalty: 0
TA Assignments (per TA): 0     4
1     3
2     2
3     2
4     2
5     1
6     1
7     3
8     4
9     3
10    1
11    1
12    3
13    2
14    4
15    1
16    2
17    2
18    2
19    1
20    3
21    1
22    3
23    3
24    5
25    1
26    3
27    1
28    2
29    2
30    2
31    2
32    2
33    1
34    0
35    0
36    1
37    3
38    3
39    4
40    3
41    3
42    1
dtype: int64
Overallocation penalty: 44
Time conflicts: 5
TA Counts per Section: 0      6
1      3
2      4
3      5
4      5
5      5
6      4
7      3
8      7
9      5
10    10
11     8
12     4
13     5
14     2
15    11
16     6
dtype: int64
Undersupport penalty: 0
TA Assignments (per TA): 0     3
1     3
2     2
3     2
4     2
5     1
6     1
7     3
8     4
9     3
10    1
11    1
12    3
13    2
14    4
15    1
16    2
17    2
18    2
19    1
20    3
21    1
22    3
23    3
24    5
25    1
26    3
27    1
28    2
29    2
30    2
31    2
32    2
33    1
34    0
35    0
36    1
37    3
38    3
39    4
40    3
41    3
42    1
dtype: int64
Overallocation penalty: 43
Time conflicts: 5
TA Counts per Section: 0      5
1      3
2      4
3      5
4      5
5      5
6      4
7      3
8      7
9      5
10    10
11     8
12     4
13     5
14     2
15    11
16     6
dtype: int64
Undersupport penalty: 0
TA Assignments (per TA): 0     7
1     3
2     2
3     2
4     2
5     1
6     1
7     3
8     4
9     3
10    1
11    1
12    3
13    2
14    4
15    1
16    2
17    2
18    2
19    1
20    3
21    1
22    3
23    3
24    5
25    1
26    3
27    1
28    2
29    2
30    2
31    2
32    2
33    1
34    0
35    0
36    1
37    3
38    3
39    4
40    3
41    3
42    1
dtype: int64
Overallocation penalty: 47
Time conflicts: 5
TA Counts per Section: 0      9
1      3
2      4
3      5
4      5
5      5
6      4
7      3
8      7
9      5
10    10
11     8
12     4
13     5
14     2
15    11
16     6
dtype: int64
Undersupport penalty: 0
TA Assignments (per TA): 0     4
1     3
2     2
3     2
4     2
5     1
6     1
7     3
8     4
9     3
10    1
11    1
12    3
13    2
14    4
15    1
16    2
17    2
18    2
19    1
20    3
21    1
22    3
23    3
24    5
25    1
26    3
27    1
28    2
29    2
30    2
31    2
32    2
33    1
34    0
35    0
36    1
37    3
38    3
39    4
40    3
41    3
42    1
dtype: int64
Overallocation penalty: 44
Time conflicts: 5
TA Counts per Section: 0      6
1      3
2      4
3      5
4      5
5      5
6      4
7      3
8      7
9      5
10    10
11     8
12     4
13     5
14     2
15    11
16     6
dtype: int64
Undersupport penalty: 0
TA Assignments (per TA): 0     5
1     3
2     2
3     2
4     2
5     1
6     1
7     3
8     4
9     3
10    1
11    1
12    3
13    2
14    4
15    1
16    2
17    2
18    2
19    1
20    3
21    1
22    3
23    3
24    5
25    1
26    3
27    1
28    2
29    2
30    2
31    2
32    2
33    1
34    0
35    0
36    1
37    3
38    3
39    4
40    3
41    3
42    1
dtype: int64
Overallocation penalty: 45
Time conflicts: 5
TA Counts per Section: 0      7
1      3
2      4
3      5
4      5
5      5
6      4
7      3
8      7
9      5
10    10
11     8
12     4
13     5
14     2
15    11
16     6
dtype: int64
Undersupport penalty: 0
TA Assignments (per TA): 0     7
1     3
2     2
3     2
4     2
5     1
6     1
7     3
8     4
9     3
10    1
11    1
12    3
13    2
14    4
15    1
16    2
17    2
18    2
19    1
20    3
21    1
22    3
23    3
24    5
25    1
26    3
27    1
28    2
29    2
30    2
31    2
32    2
33    1
34    0
35    0
36    1
37    3
38    3
39    4
40    3
41    3
42    1
dtype: int64
Overallocation penalty: 47
Time conflicts: 5
TA Counts per Section: 0      9
1      3
2      4
3      5
4      5
5      5
6      4
7      3
8      7
9      5
10    10
11     8
12     4
13     5
14     2
15    11
16     6
dtype: int64
Undersupport penalty: 0
TA Assignments (per TA): 0     8
1     3
2     2
3     2
4     2
5     1
6     1
7     3
8     4
9     3
10    1
11    1
12    3
13    2
14    4
15    1
16    2
17    2
18    2
19    1
20    3
21    1
22    3
23    3
24    5
25    1
26    3
27    1
28    2
29    2
30    2
31    2
32    2
33    1
34    0
35    0
36    1
37    3
38    3
39    4
40    3
41    3
42    1
dtype: int64
Overallocation penalty: 48
Time conflicts: 5
TA Counts per Section: 0     10
1      3
2      4
3      5
4      5
5      5
6      4
7      3
8      7
9      5
10    10
11     8
12     4
13     5
14     2
15    11
16     6
dtype: int64
Undersupport penalty: 0
TA Assignments (per TA): 0     10
1      3
2      2
3      2
4      2
5      1
6      1
7      3
8      4
9      3
10     1
11     1
12     3
13     2
14     4
15     1
16     2
17     2
18     2
19     1
20     3
21     1
22     3
23     3
24     5
25     1
26     3
27     1
28     2
29     2
30     2
31     2
32     2
33     1
34     0
35     0
36     1
37     3
38     3
39     4
40     3
41     3
42     1
dtype: int64
Overallocation penalty: 50
Time conflicts: 5
TA Counts per Section: 0     12
1      3
2      4
3      5
4      5
5      5
6      4
7      3
8      7
9      5
10    10
11     8
12     4
13     5
14     2
15    11
16     6
dtype: int64
Undersupport penalty: 0
TA Assignments (per TA): 0     6
1     3
2     2
3     2
4     2
5     1
6     1
7     3
8     4
9     3
10    1
11    1
12    3
13    2
14    4
15    1
16    2
17    2
18    2
19    1
20    3
21    1
22    3
23    3
24    5
25    1
26    3
27    1
28    2
29    2
30    2
31    2
32    2
33    1
34    0
35    0
36    1
37    3
38    3
39    4
40    3
41    3
42    1
dtype: int64
Overallocation penalty: 46
Time conflicts: 5
TA Counts per Section: 0      8
1      3
2      4
3      5
4      5
5      5
6      4
7      3
8      7
9      5
10    10
11     8
12     4
13     5
14     2
15    11
16     6
dtype: int64
Undersupport penalty: 0
TA Assignments (per TA): 0     7
1     3
2     2
3     2
4     2
5     1
6     1
7     3
8     4
9     3
10    1
11    1
12    3
13    2
14    4
15    1
16    2
17    2
18    2
19    1
20    3
21    1
22    3
23    3
24    5
25    1
26    3
27    1
28    2
29    2
30    2
31    2
32    2
33    1
34    0
35    0
36    1
37    3
38    3
39    4
40    3
41    3
42    1
dtype: int64
Overallocation penalty: 47
Time conflicts: 5
TA Counts per Section: 0      9
1      3
2      4
3      5
4      5
5      5
6      4
7      3
8      7
9      5
10    10
11     8
12     4
13     5
14     2
15    11
16     6
dtype: int64
Undersupport penalty: 0
TA Assignments (per TA): 0     11
1      3
2      2
3      2
4      2
5      1
6      1
7      3
8      4
9      3
10     1
11     1
12     3
13     2
14     4
15     1
16     2
17     2
18     2
19     1
20     3
21     1
22     3
23     3
24     5
25     1
26     3
27     1
28     2
29     2
30     2
31     2
32     2
33     1
34     0
35     0
36     1
37     3
38     3
39     4
40     3
41     3
42     1
dtype: int64
Overallocation penalty: 51
Time conflicts: 5
TA Counts per Section: 0     13
1      3
2      4
3      5
4      5
5      5
6      4
7      3
8      7
9      5
10    10
11     8
12     4
13     5
14     2
15    11
16     6
dtype: int64
Undersupport penalty: 0
TA Assignments (per TA): 0     8
1     3
2     2
3     2
4     2
5     1
6     1
7     3
8     4
9     3
10    1
11    1
12    3
13    2
14    4
15    1
16    2
17    2
18    2
19    1
20    3
21    1
22    3
23    3
24    5
25    1
26    3
27    1
28    2
29    2
30    2
31    2
32    2
33    1
34    0
35    0
36    1
37    3
38    3
39    4
40    3
41    3
42    1
dtype: int64
Overallocation penalty: 48
Time conflicts: 5
TA Counts per Section: 0     10
1      3
2      4
3      5
4      5
5      5
6      4
7      3
8      7
9      5
10    10
11     8
12     4
13     5
14     2
15    11
16     6
dtype: int64
Undersupport penalty: 0
TA Assignments (per TA): 0     12
1      3
2      2
3      2
4      2
5      1
6      1
7      3
8      4
9      3
10     1
11     1
12     3
13     2
14     4
15     1
16     2
17     2
18     2
19     1
20     3
21     1
22     3
23     3
24     5
25     1
26     3
27     1
28     2
29     2
30     2
31     2
32     2
33     1
34     0
35     0
36     1
37     3
38     3
39     4
40     3
41     3
42     1
dtype: int64
Overallocation penalty: 52
Time conflicts: 5
TA Counts per Section: 0     14
1      3
2      4
3      5
4      5
5      5
6      4
7      3
8      7
9      5
10    10
11     8
12     4
13     5
14     2
15    11
16     6
dtype: int64
Undersupport penalty: 0
TA Assignments (per TA): 0     5
1     3
2     2
3     2
4     2
5     1
6     1
7     3
8     4
9     3
10    1
11    1
12    3
13    2
14    4
15    1
16    2
17    2
18    2
19    1
20    3
21    1
22    3
23    3
24    5
25    1
26    3
27    1
28    2
29    2
30    2
31    2
32    2
33    1
34    0
35    0
36    1
37    3
38    3
39    4
40    3
41    3
42    1
dtype: int64
Overallocation penalty: 45
Time conflicts: 5
TA Counts per Section: 0      7
1      3
2      4
3      5
4      5
5      5
6      4
7      3
8      7
9      5
10    10
11     8
12     4
13     5
14     2
15    11
16     6
dtype: int64
Undersupport penalty: 0
TA Assignments (per TA): 0     2
1     3
2     2
3     2
4     2
5     1
6     1
7     3
8     4
9     3
10    1
11    1
12    3
13    2
14    4
15    1
16    2
17    2
18    2
19    1
20    3
21    1
22    3
23    3
24    5
25    1
26    3
27    1
28    2
29    2
30    2
31    2
32    2
33    1
34    0
35    0
36    1
37    3
38    3
39    4
40    3
41    3
42    1
dtype: int64
Overallocation penalty: 42
Time conflicts: 5
TA Counts per Section: 0      4
1      3
2      4
3      5
4      5
5      5
6      4
7      3
8      7
9      5
10    10
11     8
12     4
13     5
14     2
15    11
16     6
dtype: int64
Undersupport penalty: 0
TA Assignments (per TA): 0     5
1     3
2     2
3     2
4     2
5     1
6     1
7     3
8     4
9     3
10    1
11    1
12    3
13    2
14    4
15    1
16    2
17    2
18    2
19    1
20    3
21    1
22    3
23    3
24    5
25    1
26    3
27    1
28    2
29    2
30    2
31    2
32    2
33    1
34    0
35    0
36    1
37    3
38    3
39    4
40    3
41    3
42    1
dtype: int64
Overallocation penalty: 45
Time conflicts: 5
TA Counts per Section: 0      7
1      3
2      4
3      5
4      5
5      5
6      4
7      3
8      7
9      5
10    10
11     8
12     4
13     5
14     2
15    11
16     6
dtype: int64
Undersupport penalty: 0
TA Assignments (per TA): 0     10
1      3
2      2
3      2
4      2
5      1
6      1
7      3
8      4
9      3
10     1
11     1
12     3
13     2
14     4
15     1
16     2
17     2
18     2
19     1
20     3
21     1
22     3
23     3
24     5
25     1
26     3
27     1
28     2
29     2
30     2
31     2
32     2
33     1
34     0
35     0
36     1
37     3
38     3
39     4
40     3
41     3
42     1
dtype: int64
Overallocation penalty: 50
Time conflicts: 5
TA Counts per Section: 0     12
1      3
2      4
3      5
4      5
5      5
6      4
7      3
8      7
9      5
10    10
11     8
12     4
13     5
14     2
15    11
16     6
dtype: int64
Undersupport penalty: 0
TA Assignments (per TA): 0     3
1     3
2     2
3     2
4     2
5     1
6     1
7     3
8     4
9     3
10    1
11    1
12    3
13    2
14    4
15    1
16    2
17    2
18    2
19    1
20    3
21    1
22    3
23    3
24    5
25    1
26    3
27    1
28    2
29    2
30    2
31    2
32    2
33    1
34    0
35    0
36    1
37    3
38    3
39    4
40    3
41    3
42    1
dtype: int64
Overallocation penalty: 43
Time conflicts: 5
TA Counts per Section: 0      5
1      3
2      4
3      5
4      5
5      5
6      4
7      3
8      7
9      5
10    10
11     8
12     4
13     5
14     2
15    11
16     6
dtype: int64
Undersupport penalty: 0
TA Assignments (per TA): 0     6
1     3
2     2
3     2
4     2
5     1
6     1
7     3
8     4
9     3
10    1
11    1
12    3
13    2
14    4
15    1
16    2
17    2
18    2
19    1
20    3
21    1
22    3
23    3
24    5
25    1
26    3
27    1
28    2
29    2
30    2
31    2
32    2
33    1
34    0
35    0
36    1
37    3
38    3
39    4
40    3
41    3
42    1
dtype: int64
Overallocation penalty: 46
Time conflicts: 5
TA Counts per Section: 0      8
1      3
2      4
3      5
4      5
5      5
6      4
7      3
8      7
9      5
10    10
11     8
12     4
13     5
14     2
15    11
16     6
dtype: int64
Undersupport penalty: 0
TA Assignments (per TA): 0     10
1      3
2      2
3      2
4      2
5      1
6      1
7      3
8      4
9      3
10     1
11     1
12     3
13     2
14     4
15     1
16     2
17     2
18     2
19     1
20     3
21     1
22     3
23     3
24     5
25     1
26     3
27     1
28     2
29     2
30     2
31     2
32     2
33     1
34     0
35     0
36     1
37     3
38     3
39     4
40     3
41     3
42     1
dtype: int64
Overallocation penalty: 50
Time conflicts: 5
TA Counts per Section: 0     12
1      3
2      4
3      5
4      5
5      5
6      4
7      3
8      7
9      5
10    10
11     8
12     4
13     5
14     2
15    11
16     6
dtype: int64
Undersupport penalty: 0
TA Assignments (per TA): 0     3
1     3
2     2
3     2
4     2
5     1
6     1
7     3
8     4
9     3
10    1
11    1
12    3
13    2
14    4
15    1
16    2
17    2
18    2
19    1
20    3
21    1
22    3
23    3
24    5
25    1
26    3
27    1
28    2
29    2
30    2
31    2
32    2
33    1
34    0
35    0
36    1
37    3
38    3
39    4
40    3
41    3
42    1
dtype: int64
Overallocation penalty: 43
Time conflicts: 5
TA Counts per Section: 0      5
1      3
2      4
3      5
4      5
5      5
6      4
7      3
8      7
9      5
10    10
11     8
12     4
13     5
14     2
15    11
16     6
dtype: int64
Undersupport penalty: 0
TA Assignments (per TA): 0     11
1      3
2      2
3      2
4      2
5      1
6      1
7      3
8      4
9      3
10     1
11     1
12     3
13     2
14     4
15     1
16     2
17     2
18     2
19     1
20     3
21     1
22     3
23     3
24     5
25     1
26     3
27     1
28     2
29     2
30     2
31     2
32     2
33     1
34     0
35     0
36     1
37     3
38     3
39     4
40     3
41     3
42     1
dtype: int64
Overallocation penalty: 51
Time conflicts: 5
TA Counts per Section: 0     13
1      3
2      4
3      5
4      5
5      5
6      4
7      3
8      7
9      5
10    10
11     8
12     4
13     5
14     2
15    11
16     6
dtype: int64
Undersupport penalty: 0
TA Assignments (per TA): 0     11
1      3
2      2
3      2
4      2
5      1
6      1
7      3
8      4
9      3
10     1
11     1
12     3
13     2
14     4
15     1
16     2
17     2
18     2
19     1
20     3
21     1
22     3
23     3
24     5
25     1
26     3
27     1
28     2
29     2
30     2
31     2
32     2
33     1
34     0
35     0
36     1
37     3
38     3
39     4
40     3
41     3
42     1
dtype: int64
Overallocation penalty: 51
Time conflicts: 5
TA Counts per Section: 0     13
1      3
2      4
3      5
4      5
5      5
6      4
7      3
8      7
9      5
10    10
11     8
12     4
13     5
14     2
15    11
16     6
dtype: int64
Undersupport penalty: 0
TA Assignments (per TA): 0     11
1      3
2      2
3      2
4      2
5      1
6      1
7      3
8      4
9      3
10     1
11     1
12     3
13     2
14     4
15     1
16     2
17     2
18     2
19     1
20     3
21     1
22     3
23     3
24     5
25     1
26     3
27     1
28     2
29     2
30     2
31     2
32     2
33     1
34     0
35     0
36     1
37     3
38     3
39     4
40     3
41     3
42     1
dtype: int64
Overallocation penalty: 51
Time conflicts: 5
TA Counts per Section: 0     13
1      3
2      4
3      5
4      5
5      5
6      4
7      3
8      7
9      5
10    10
11     8
12     4
13     5
14     2
15    11
16     6
dtype: int64
Undersupport penalty: 0
TA Assignments (per TA): 0     2
1     3
2     2
3     2
4     2
5     1
6     1
7     3
8     4
9     3
10    1
11    1
12    3
13    2
14    4
15    1
16    2
17    2
18    2
19    1
20    3
21    1
22    3
23    3
24    5
25    1
26    3
27    1
28    2
29    2
30    2
31    2
32    2
33    1
34    0
35    0
36    1
37    3
38    3
39    4
40    3
41    3
42    1
dtype: int64
Overallocation penalty: 42
Time conflicts: 5
TA Counts per Section: 0      4
1      3
2      4
3      5
4      5
5      5
6      4
7      3
8      7
9      5
10    10
11     8
12     4
13     5
14     2
15    11
16     6
dtype: int64
Undersupport penalty: 0
TA Assignments (per TA): 0     7
1     3
2     2
3     2
4     2
5     1
6     1
7     3
8     4
9     3
10    1
11    1
12    3
13    2
14    4
15    1
16    2
17    2
18    2
19    1
20    3
21    1
22    3
23    3
24    5
25    1
26    3
27    1
28    2
29    2
30    2
31    2
32    2
33    1
34    0
35    0
36    1
37    3
38    3
39    4
40    3
41    3
42    1
dtype: int64
Overallocation penalty: 47
Time conflicts: 5
TA Counts per Section: 0      9
1      3
2      4
3      5
4      5
5      5
6      4
7      3
8      7
9      5
10    10
11     8
12     4
13     5
14     2
15    11
16     6
dtype: int64
Undersupport penalty: 0
TA Assignments (per TA): 0     3
1     3
2     2
3     2
4     2
5     1
6     1
7     3
8     4
9     3
10    1
11    1
12    3
13    2
14    4
15    1
16    2
17    2
18    2
19    1
20    3
21    1
22    3
23    3
24    5
25    1
26    3
27    1
28    2
29    2
30    2
31    2
32    2
33    1
34    0
35    0
36    1
37    3
38    3
39    4
40    3
41    3
42    1
dtype: int64
Overallocation penalty: 43
Time conflicts: 5
TA Counts per Section: 0      5
1      3
2      4
3      5
4      5
5      5
6      4
7      3
8      7
9      5
10    10
11     8
12     4
13     5
14     2
15    11
16     6
dtype: int64
Undersupport penalty: 0
TA Assignments (per TA): 0     7
1     3
2     2
3     2
4     2
5     1
6     1
7     3
8     4
9     3
10    1
11    1
12    3
13    2
14    4
15    1
16    2
17    2
18    2
19    1
20    3
21    1
22    3
23    3
24    5
25    1
26    3
27    1
28    2
29    2
30    2
31    2
32    2
33    1
34    0
35    0
36    1
37    3
38    3
39    4
40    3
41    3
42    1
dtype: int64
Overallocation penalty: 47
Time conflicts: 5
TA Counts per Section: 0      9
1      3
2      4
3      5
4      5
5      5
6      4
7      3
8      7
9      5
10    10
11     8
12     4
13     5
14     2
15    11
16     6
dtype: int64
Undersupport penalty: 0
TA Assignments (per TA): 0     6
1     3
2     2
3     2
4     2
5     1
6     1
7     3
8     4
9     3
10    1
11    1
12    3
13    2
14    4
15    1
16    2
17    2
18    2
19    1
20    3
21    1
22    3
23    3
24    5
25    1
26    3
27    1
28    2
29    2
30    2
31    2
32    2
33    1
34    0
35    0
36    1
37    3
38    3
39    4
40    3
41    3
42    1
dtype: int64
Overallocation penalty: 46
Time conflicts: 5
TA Counts per Section: 0      8
1      3
2      4
3      5
4      5
5      5
6      4
7      3
8      7
9      5
10    10
11     8
12     4
13     5
14     2
15    11
16     6
dtype: int64
Undersupport penalty: 0
TA Assignments (per TA): 0     11
1      3
2      2
3      2
4      2
5      1
6      1
7      3
8      4
9      3
10     1
11     1
12     3
13     2
14     4
15     1
16     2
17     2
18     2
19     1
20     3
21     1
22     3
23     3
24     5
25     1
26     3
27     1
28     2
29     2
30     2
31     2
32     2
33     1
34     0
35     0
36     1
37     3
38     3
39     4
40     3
41     3
42     1
dtype: int64
Overallocation penalty: 51
Time conflicts: 5
TA Counts per Section: 0     13
1      3
2      4
3      5
4      5
5      5
6      4
7      3
8      7
9      5
10    10
11     8
12     4
13     5
14     2
15    11
16     6
dtype: int64
Undersupport penalty: 0
TA Assignments (per TA): 0     13
1      3
2      2
3      2
4      2
5      1
6      1
7      3
8      4
9      3
10     1
11     1
12     3
13     2
14     4
15     1
16     2
17     2
18     2
19     1
20     3
21     1
22     3
23     3
24     5
25     1
26     3
27     1
28     2
29     2
30     2
31     2
32     2
33     1
34     0
35     0
36     1
37     3
38     3
39     4
40     3
41     3
42     1
dtype: int64
Overallocation penalty: 53
Time conflicts: 5
TA Counts per Section: 0     15
1      3
2      4
3      5
4      5
5      5
6      4
7      3
8      7
9      5
10    10
11     8
12     4
13     5
14     2
15    11
16     6
dtype: int64
Undersupport penalty: 0
TA Assignments (per TA): 0     5
1     3
2     2
3     2
4     2
5     1
6     1
7     3
8     4
9     3
10    1
11    1
12    3
13    2
14    4
15    1
16    2
17    2
18    2
19    1
20    3
21    1
22    3
23    3
24    5
25    1
26    3
27    1
28    2
29    2
30    2
31    2
32    2
33    1
34    0
35    0
36    1
37    3
38    3
39    4
40    3
41    3
42    1
dtype: int64
Overallocation penalty: 45
Time conflicts: 5
TA Counts per Section: 0      7
1      3
2      4
3      5
4      5
5      5
6      4
7      3
8      7
9      5
10    10
11     8
12     4
13     5
14     2
15    11
16     6
dtype: int64
Undersupport penalty: 0
TA Assignments (per TA): 0     2
1     3
2     2
3     2
4     2
5     1
6     1
7     3
8     4
9     3
10    1
11    1
12    3
13    2
14    4
15    1
16    2
17    2
18    2
19    1
20    3
21    1
22    3
23    3
24    5
25    1
26    3
27    1
28    2
29    2
30    2
31    2
32    2
33    1
34    0
35    0
36    1
37    3
38    3
39    4
40    3
41    3
42    1
dtype: int64
Overallocation penalty: 42
Time conflicts: 5
TA Counts per Section: 0      4
1      3
2      4
3      5
4      5
5      5
6      4
7      3
8      7
9      5
10    10
11     8
12     4
13     5
14     2
15    11
16     6
dtype: int64
Undersupport penalty: 0
TA Assignments (per TA): 0     5
1     3
2     2
3     2
4     2
5     1
6     1
7     3
8     4
9     3
10    1
11    1
12    3
13    2
14    4
15    1
16    2
17    2
18    2
19    1
20    3
21    1
22    3
23    3
24    5
25    1
26    3
27    1
28    2
29    2
30    2
31    2
32    2
33    1
34    0
35    0
36    1
37    3
38    3
39    4
40    3
41    3
42    1
dtype: int64
Overallocation penalty: 45
Time conflicts: 5
TA Counts per Section: 0      7
1      3
2      4
3      5
4      5
5      5
6      4
7      3
8      7
9      5
10    10
11     8
12     4
13     5
14     2
15    11
16     6
dtype: int64
Undersupport penalty: 0
TA Assignments (per TA): 0     11
1      3
2      2
3      2
4      2
5      1
6      1
7      3
8      4
9      3
10     1
11     1
12     3
13     2
14     4
15     1
16     2
17     2
18     2
19     1
20     3
21     1
22     3
23     3
24     5
25     1
26     3
27     1
28     2
29     2
30     2
31     2
32     2
33     1
34     0
35     0
36     1
37     3
38     3
39     4
40     3
41     3
42     1
dtype: int64
Overallocation penalty: 51
Time conflicts: 5
TA Counts per Section: 0     13
1      3
2      4
3      5
4      5
5      5
6      4
7      3
8      7
9      5
10    10
11     8
12     4
13     5
14     2
15    11
16     6
dtype: int64
Undersupport penalty: 0
TA Assignments (per TA): 0     12
1      3
2      2
3      2
4      2
5      1
6      1
7      3
8      4
9      3
10     1
11     1
12     3
13     2
14     4
15     1
16     2
17     2
18     2
19     1
20     3
21     1
22     3
23     3
24     5
25     1
26     3
27     1
28     2
29     2
30     2
31     2
32     2
33     1
34     0
35     0
36     1
37     3
38     3
39     4
40     3
41     3
42     1
dtype: int64
Overallocation penalty: 52
Time conflicts: 5
TA Counts per Section: 0     14
1      3
2      4
3      5
4      5
5      5
6      4
7      3
8      7
9      5
10    10
11     8
12     4
13     5
14     2
15    11
16     6
dtype: int64
Undersupport penalty: 0
TA Assignments (per TA): 0     6
1     3
2     2
3     2
4     2
5     1
6     1
7     3
8     4
9     3
10    1
11    1
12    3
13    2
14    4
15    1
16    2
17    2
18    2
19    1
20    3
21    1
22    3
23    3
24    5
25    1
26    3
27    1
28    2
29    2
30    2
31    2
32    2
33    1
34    0
35    0
36    1
37    3
38    3
39    4
40    3
41    3
42    1
dtype: int64
Overallocation penalty: 46
Time conflicts: 5
TA Counts per Section: 0      8
1      3
2      4
3      5
4      5
5      5
6      4
7      3
8      7
9      5
10    10
11     8
12     4
13     5
14     2
15    11
16     6
dtype: int64
Undersupport penalty: 0
TA Assignments (per TA): 0     3
1     3
2     2
3     2
4     2
5     1
6     1
7     3
8     4
9     3
10    1
11    1
12    3
13    2
14    4
15    1
16    2
17    2
18    2
19    1
20    3
21    1
22    3
23    3
24    5
25    1
26    3
27    1
28    2
29    2
30    2
31    2
32    2
33    1
34    0
35    0
36    1
37    3
38    3
39    4
40    3
41    3
42    1
dtype: int64
Overallocation penalty: 43
Time conflicts: 5
TA Counts per Section: 0      5
1      3
2      4
3      5
4      5
5      5
6      4
7      3
8      7
9      5
10    10
11     8
12     4
13     5
14     2
15    11
16     6
dtype: int64
Undersupport penalty: 0
TA Assignments (per TA): 0     10
1      3
2      2
3      2
4      2
5      1
6      1
7      3
8      4
9      3
10     1
11     1
12     3
13     2
14     4
15     1
16     2
17     2
18     2
19     1
20     3
21     1
22     3
23     3
24     5
25     1
26     3
27     1
28     2
29     2
30     2
31     2
32     2
33     1
34     0
35     0
36     1
37     3
38     3
39     4
40     3
41     3
42     1
dtype: int64
Overallocation penalty: 50
Time conflicts: 5
TA Counts per Section: 0     12
1      3
2      4
3      5
4      5
5      5
6      4
7      3
8      7
9      5
10    10
11     8
12     4
13     5
14     2
15    11
16     6
dtype: int64
Undersupport penalty: 0
TA Assignments (per TA): 0     7
1     3
2     2
3     2
4     2
5     1
6     1
7     3
8     4
9     3
10    1
11    1
12    3
13    2
14    4
15    1
16    2
17    2
18    2
19    1
20    3
21    1
22    3
23    3
24    5
25    1
26    3
27    1
28    2
29    2
30    2
31    2
32    2
33    1
34    0
35    0
36    1
37    3
38    3
39    4
40    3
41    3
42    1
dtype: int64
Overallocation penalty: 47
Time conflicts: 5
TA Counts per Section: 0      9
1      3
2      4
3      5
4      5
5      5
6      4
7      3
8      7
9      5
10    10
11     8
12     4
13     5
14     2
15    11
16     6
dtype: int64
Undersupport penalty: 0
TA Assignments (per TA): 0     4
1     3
2     2
3     2
4     2
5     1
6     1
7     3
8     4
9     3
10    1
11    1
12    3
13    2
14    4
15    1
16    2
17    2
18    2
19    1
20    3
21    1
22    3
23    3
24    5
25    1
26    3
27    1
28    2
29    2
30    2
31    2
32    2
33    1
34    0
35    0
36    1
37    3
38    3
39    4
40    3
41    3
42    1
dtype: int64
Overallocation penalty: 44
Time conflicts: 5
TA Counts per Section: 0      6
1      3
2      4
3      5
4      5
5      5
6      4
7      3
8      7
9      5
10    10
11     8
12     4
13     5
14     2
15    11
16     6
dtype: int64
Undersupport penalty: 0
TA Assignments (per TA): 0     14
1      3
2      2
3      2
4      2
5      1
6      1
7      3
8      4
9      3
10     1
11     1
12     3
13     2
14     4
15     1
16     2
17     2
18     2
19     1
20     3
21     1
22     3
23     3
24     5
25     1
26     3
27     1
28     2
29     2
30     2
31     2
32     2
33     1
34     0
35     0
36     1
37     3
38     3
39     4
40     3
41     3
42     1
dtype: int64
Overallocation penalty: 54
Time conflicts: 5
TA Counts per Section: 0     16
1      3
2      4
3      5
4      5
5      5
6      4
7      3
8      7
9      5
10    10
11     8
12     4
13     5
14     2
15    11
16     6
dtype: int64
Undersupport penalty: 0
TA Assignments (per TA): 0     15
1      3
2      2
3      2
4      2
5      1
6      1
7      3
8      4
9      3
10     1
11     1
12     3
13     2
14     4
15     1
16     2
17     2
18     2
19     1
20     3
21     1
22     3
23     3
24     5
25     1
26     3
27     1
28     2
29     2
30     2
31     2
32     2
33     1
34     0
35     0
36     1
37     3
38     3
39     4
40     3
41     3
42     1
dtype: int64
Overallocation penalty: 55
Time conflicts: 5
TA Counts per Section: 0     17
1      3
2      4
3      5
4      5
5      5
6      4
7      3
8      7
9      5
10    10
11     8
12     4
13     5
14     2
15    11
16     6
dtype: int64
Undersupport penalty: 0
TA Assignments (per TA): 0     15
1      3
2      2
3      2
4      2
5      1
6      1
7      3
8      4
9      3
10     1
11     1
12     3
13     2
14     4
15     1
16     2
17     2
18     2
19     1
20     3
21     1
22     3
23     3
24     5
25     1
26     3
27     1
28     2
29     2
30     2
31     2
32     2
33     1
34     0
35     0
36     1
37     3
38     3
39     4
40     3
41     3
42     1
dtype: int64
Overallocation penalty: 55
Time conflicts: 5
TA Counts per Section: 0     17
1      3
2      4
3      5
4      5
5      5
6      4
7      3
8      7
9      5
10    10
11     8
12     4
13     5
14     2
15    11
16     6
dtype: int64
Undersupport penalty: 0
TA Assignments (per TA): 0     5
1     3
2     2
3     2
4     2
5     1
6     1
7     3
8     4
9     3
10    1
11    1
12    3
13    2
14    4
15    1
16    2
17    2
18    2
19    1
20    3
21    1
22    3
23    3
24    5
25    1
26    3
27    1
28    2
29    2
30    2
31    2
32    2
33    1
34    0
35    0
36    1
37    3
38    3
39    4
40    3
41    3
42    1
dtype: int64
Overallocation penalty: 45
Time conflicts: 5
TA Counts per Section: 0      7
1      3
2      4
3      5
4      5
5      5
6      4
7      3
8      7
9      5
10    10
11     8
12     4
13     5
14     2
15    11
16     6
dtype: int64
Undersupport penalty: 0
TA Assignments (per TA): 0     6
1     3
2     2
3     2
4     2
5     1
6     1
7     3
8     4
9     3
10    1
11    1
12    3
13    2
14    4
15    1
16    2
17    2
18    2
19    1
20    3
21    1
22    3
23    3
24    5
25    1
26    3
27    1
28    2
29    2
30    2
31    2
32    2
33    1
34    0
35    0
36    1
37    3
38    3
39    4
40    3
41    3
42    1
dtype: int64
Overallocation penalty: 46
Time conflicts: 5
TA Counts per Section: 0      8
1      3
2      4
3      5
4      5
5      5
6      4
7      3
8      7
9      5
10    10
11     8
12     4
13     5
14     2
15    11
16     6
dtype: int64
Undersupport penalty: 0
TA Assignments (per TA): 0     6
1     3
2     2
3     2
4     2
5     1
6     1
7     3
8     4
9     3
10    1
11    1
12    3
13    2
14    4
15    1
16    2
17    2
18    2
19    1
20    3
21    1
22    3
23    3
24    5
25    1
26    3
27    1
28    2
29    2
30    2
31    2
32    2
33    1
34    0
35    0
36    1
37    3
38    3
39    4
40    3
41    3
42    1
dtype: int64
Overallocation penalty: 46
Time conflicts: 5
TA Counts per Section: 0      8
1      3
2      4
3      5
4      5
5      5
6      4
7      3
8      7
9      5
10    10
11     8
12     4
13     5
14     2
15    11
16     6
dtype: int64
Undersupport penalty: 0
TA Assignments (per TA): 0     11
1      3
2      2
3      2
4      2
5      1
6      1
7      3
8      4
9      3
10     1
11     1
12     3
13     2
14     4
15     1
16     2
17     2
18     2
19     1
20     3
21     1
22     3
23     3
24     5
25     1
26     3
27     1
28     2
29     2
30     2
31     2
32     2
33     1
34     0
35     0
36     1
37     3
38     3
39     4
40     3
41     3
42     1
dtype: int64
Overallocation penalty: 51
Time conflicts: 5
TA Counts per Section: 0     13
1      3
2      4
3      5
4      5
5      5
6      4
7      3
8      7
9      5
10    10
11     8
12     4
13     5
14     2
15    11
16     6
dtype: int64
Undersupport penalty: 0
TA Assignments (per TA): 0     2
1     3
2     2
3     2
4     2
5     1
6     1
7     3
8     4
9     3
10    1
11    1
12    3
13    2
14    4
15    1
16    2
17    2
18    2
19    1
20    3
21    1
22    3
23    3
24    5
25    1
26    3
27    1
28    2
29    2
30    2
31    2
32    2
33    1
34    0
35    0
36    1
37    3
38    3
39    4
40    3
41    3
42    1
dtype: int64
Overallocation penalty: 42
Time conflicts: 5
TA Counts per Section: 0      4
1      3
2      4
3      5
4      5
5      5
6      4
7      3
8      7
9      5
10    10
11     8
12     4
13     5
14     2
15    11
16     6
dtype: int64
Undersupport penalty: 0
TA Assignments (per TA): 0     8
1     3
2     2
3     2
4     2
5     1
6     1
7     3
8     4
9     3
10    1
11    1
12    3
13    2
14    4
15    1
16    2
17    2
18    2
19    1
20    3
21    1
22    3
23    3
24    5
25    1
26    3
27    1
28    2
29    2
30    2
31    2
32    2
33    1
34    0
35    0
36    1
37    3
38    3
39    4
40    3
41    3
42    1
dtype: int64
Overallocation penalty: 48
Time conflicts: 5
TA Counts per Section: 0     10
1      3
2      4
3      5
4      5
5      5
6      4
7      3
8      7
9      5
10    10
11     8
12     4
13     5
14     2
15    11
16     6
dtype: int64
Undersupport penalty: 0
TA Assignments (per TA): 0     14
1      3
2      2
3      2
4      2
5      1
6      1
7      3
8      4
9      3
10     1
11     1
12     3
13     2
14     4
15     1
16     2
17     2
18     2
19     1
20     3
21     1
22     3
23     3
24     5
25     1
26     3
27     1
28     2
29     2
30     2
31     2
32     2
33     1
34     0
35     0
36     1
37     3
38     3
39     4
40     3
41     3
42     1
dtype: int64
Overallocation penalty: 54
Time conflicts: 5
TA Counts per Section: 0     16
1      3
2      4
3      5
4      5
5      5
6      4
7      3
8      7
9      5
10    10
11     8
12     4
13     5
14     2
15    11
16     6
dtype: int64
Undersupport penalty: 0
TA Assignments (per TA): 0     12
1      3
2      2
3      2
4      2
5      1
6      1
7      3
8      4
9      3
10     1
11     1
12     3
13     2
14     4
15     1
16     2
17     2
18     2
19     1
20     3
21     1
22     3
23     3
24     5
25     1
26     3
27     1
28     2
29     2
30     2
31     2
32     2
33     1
34     0
35     0
36     1
37     3
38     3
39     4
40     3
41     3
42     1
dtype: int64
Overallocation penalty: 52
Time conflicts: 5
TA Counts per Section: 0     14
1      3
2      4
3      5
4      5
5      5
6      4
7      3
8      7
9      5
10    10
11     8
12     4
13     5
14     2
15    11
16     6
dtype: int64
Undersupport penalty: 0
TA Assignments (per TA): 0     15
1      3
2      2
3      2
4      2
5      1
6      1
7      3
8      4
9      3
10     1
11     1
12     3
13     2
14     4
15     1
16     2
17     2
18     2
19     1
20     3
21     1
22     3
23     3
24     5
25     1
26     3
27     1
28     2
29     2
30     2
31     2
32     2
33     1
34     0
35     0
36     1
37     3
38     3
39     4
40     3
41     3
42     1
dtype: int64
Overallocation penalty: 55
Time conflicts: 5
TA Counts per Section: 0     17
1      3
2      4
3      5
4      5
5      5
6      4
7      3
8      7
9      5
10    10
11     8
12     4
13     5
14     2
15    11
16     6
dtype: int64
Undersupport penalty: 0
TA Assignments (per TA): 0     11
1      3
2      2
3      2
4      2
5      1
6      1
7      3
8      4
9      3
10     1
11     1
12     3
13     2
14     4
15     1
16     2
17     2
18     2
19     1
20     3
21     1
22     3
23     3
24     5
25     1
26     3
27     1
28     2
29     2
30     2
31     2
32     2
33     1
34     0
35     0
36     1
37     3
38     3
39     4
40     3
41     3
42     1
dtype: int64
Overallocation penalty: 51
Time conflicts: 5
TA Counts per Section: 0     13
1      3
2      4
3      5
4      5
5      5
6      4
7      3
8      7
9      5
10    10
11     8
12     4
13     5
14     2
15    11
16     6
dtype: int64
Undersupport penalty: 0
TA Assignments (per TA): 0     5
1     3
2     2
3     2
4     2
5     1
6     1
7     3
8     4
9     3
10    1
11    1
12    3
13    2
14    4
15    1
16    2
17    2
18    2
19    1
20    3
21    1
22    3
23    3
24    5
25    1
26    3
27    1
28    2
29    2
30    2
31    2
32    2
33    1
34    0
35    0
36    1
37    3
38    3
39    4
40    3
41    3
42    1
dtype: int64
Overallocation penalty: 45
Time conflicts: 5
TA Counts per Section: 0      7
1      3
2      4
3      5
4      5
5      5
6      4
7      3
8      7
9      5
10    10
11     8
12     4
13     5
14     2
15    11
16     6
dtype: int64
Undersupport penalty: 0
TA Assignments (per TA): 0     2
1     3
2     2
3     2
4     2
5     1
6     1
7     3
8     4
9     3
10    1
11    1
12    3
13    2
14    4
15    1
16    2
17    2
18    2
19    1
20    3
21    1
22    3
23    3
24    5
25    1
26    3
27    1
28    2
29    2
30    2
31    2
32    2
33    1
34    0
35    0
36    1
37    3
38    3
39    4
40    3
41    3
42    1
dtype: int64
Overallocation penalty: 42
Time conflicts: 5
TA Counts per Section: 0      4
1      3
2      4
3      5
4      5
5      5
6      4
7      3
8      7
9      5
10    10
11     8
12     4
13     5
14     2
15    11
16     6
dtype: int64
Undersupport penalty: 0
TA Assignments (per TA): 0     16
1      3
2      2
3      2
4      2
5      1
6      1
7      3
8      4
9      3
10     1
11     1
12     3
13     2
14     4
15     1
16     2
17     2
18     2
19     1
20     3
21     1
22     3
23     3
24     5
25     1
26     3
27     1
28     2
29     2
30     2
31     2
32     2
33     1
34     0
35     0
36     1
37     3
38     3
39     4
40     3
41     3
42     1
dtype: int64
Overallocation penalty: 56
Time conflicts: 5
TA Counts per Section: 0     18
1      3
2      4
3      5
4      5
5      5
6      4
7      3
8      7
9      5
10    10
11     8
12     4
13     5
14     2
15    11
16     6
dtype: int64
Undersupport penalty: 0
TA Assignments (per TA): 0     2
1     3
2     2
3     2
4     2
5     1
6     1
7     3
8     4
9     3
10    1
11    1
12    3
13    2
14    4
15    1
16    2
17    2
18    2
19    1
20    3
21    1
22    3
23    3
24    5
25    1
26    3
27    1
28    2
29    2
30    2
31    2
32    2
33    1
34    0
35    0
36    1
37    3
38    3
39    4
40    3
41    3
42    1
dtype: int64
Overallocation penalty: 42
Time conflicts: 5
TA Counts per Section: 0      4
1      3
2      4
3      5
4      5
5      5
6      4
7      3
8      7
9      5
10    10
11     8
12     4
13     5
14     2
15    11
16     6
dtype: int64
Undersupport penalty: 0
TA Assignments (per TA): 0     2
1     3
2     2
3     2
4     2
5     1
6     1
7     3
8     4
9     3
10    1
11    1
12    3
13    2
14    4
15    1
16    2
17    2
18    2
19    1
20    3
21    1
22    3
23    3
24    5
25    1
26    3
27    1
28    2
29    2
30    2
31    2
32    2
33    1
34    0
35    0
36    1
37    3
38    3
39    4
40    3
41    3
42    1
dtype: int64
Overallocation penalty: 42
Time conflicts: 5
TA Counts per Section: 0      4
1      3
2      4
3      5
4      5
5      5
6      4
7      3
8      7
9      5
10    10
11     8
12     4
13     5
14     2
15    11
16     6
dtype: int64
Undersupport penalty: 0
TA Assignments (per TA): 0     3
1     3
2     2
3     2
4     2
5     1
6     1
7     3
8     4
9     3
10    1
11    1
12    3
13    2
14    4
15    1
16    2
17    2
18    2
19    1
20    3
21    1
22    3
23    3
24    5
25    1
26    3
27    1
28    2
29    2
30    2
31    2
32    2
33    1
34    0
35    0
36    1
37    3
38    3
39    4
40    3
41    3
42    1
dtype: int64
Overallocation penalty: 43
Time conflicts: 5
TA Counts per Section: 0      5
1      3
2      4
3      5
4      5
5      5
6      4
7      3
8      7
9      5
10    10
11     8
12     4
13     5
14     2
15    11
16     6
dtype: int64
Undersupport penalty: 0
TA Assignments (per TA): 0     2
1     3
2     2
3     2
4     2
5     1
6     1
7     3
8     4
9     3
10    1
11    1
12    3
13    2
14    4
15    1
16    2
17    2
18    2
19    1
20    3
21    1
22    3
23    3
24    5
25    1
26    3
27    1
28    2
29    2
30    2
31    2
32    2
33    1
34    0
35    0
36    1
37    3
38    3
39    4
40    3
41    3
42    1
dtype: int64
Overallocation penalty: 42
Time conflicts: 5
TA Counts per Section: 0      4
1      3
2      4
3      5
4      5
5      5
6      4
7      3
8      7
9      5
10    10
11     8
12     4
13     5
14     2
15    11
16     6
dtype: int64
Undersupport penalty: 0
TA Assignments (per TA): 0     3
1     3
2     2
3     2
4     2
5     1
6     1
7     3
8     4
9     3
10    1
11    1
12    3
13    2
14    4
15    1
16    2
17    2
18    2
19    1
20    3
21    1
22    3
23    3
24    5
25    1
26    3
27    1
28    2
29    2
30    2
31    2
32    2
33    1
34    0
35    0
36    1
37    3
38    3
39    4
40    3
41    3
42    1
dtype: int64
Overallocation penalty: 43
Time conflicts: 5
TA Counts per Section: 0      5
1      3
2      4
3      5
4      5
5      5
6      4
7      3
8      7
9      5
10    10
11     8
12     4
13     5
14     2
15    11
16     6
dtype: int64
Undersupport penalty: 0
TA Assignments (per TA): 0     4
1     3
2     2
3     2
4     2
5     1
6     1
7     3
8     4
9     3
10    1
11    1
12    3
13    2
14    4
15    1
16    2
17    2
18    2
19    1
20    3
21    1
22    3
23    3
24    5
25    1
26    3
27    1
28    2
29    2
30    2
31    2
32    2
33    1
34    0
35    0
36    1
37    3
38    3
39    4
40    3
41    3
42    1
dtype: int64
Overallocation penalty: 44
Time conflicts: 5
TA Counts per Section: 0      6
1      3
2      4
3      5
4      5
5      5
6      4
7      3
8      7
9      5
10    10
11     8
12     4
13     5
14     2
15    11
16     6
dtype: int64
Undersupport penalty: 0
TA Assignments (per TA): 0     3
1     3
2     2
3     2
4     2
5     1
6     1
7     3
8     4
9     3
10    1
11    1
12    3
13    2
14    4
15    1
16    2
17    2
18    2
19    1
20    3
21    1
22    3
23    3
24    5
25    1
26    3
27    1
28    2
29    2
30    2
31    2
32    2
33    1
34    0
35    0
36    1
37    3
38    3
39    4
40    3
41    3
42    1
dtype: int64
Overallocation penalty: 43
Time conflicts: 5
TA Counts per Section: 0      5
1      3
2      4
3      5
4      5
5      5
6      4
7      3
8      7
9      5
10    10
11     8
12     4
13     5
14     2
15    11
16     6
dtype: int64
Undersupport penalty: 0
TA Assignments (per TA): 0     5
1     3
2     2
3     2
4     2
5     1
6     1
7     3
8     4
9     3
10    1
11    1
12    3
13    2
14    4
15    1
16    2
17    2
18    2
19    1
20    3
21    1
22    3
23    3
24    5
25    1
26    3
27    1
28    2
29    2
30    2
31    2
32    2
33    1
34    0
35    0
36    1
37    3
38    3
39    4
40    3
41    3
42    1
dtype: int64
Overallocation penalty: 45
Time conflicts: 5
TA Counts per Section: 0      7
1      3
2      4
3      5
4      5
5      5
6      4
7      3
8      7
9      5
10    10
11     8
12     4
13     5
14     2
15    11
16     6
dtype: int64
Undersupport penalty: 0
TA Assignments (per TA): 0     2
1     3
2     2
3     2
4     2
5     1
6     1
7     3
8     4
9     3
10    1
11    1
12    3
13    2
14    4
15    1
16    2
17    2
18    2
19    1
20    3
21    1
22    3
23    3
24    5
25    1
26    3
27    1
28    2
29    2
30    2
31    2
32    2
33    1
34    0
35    0
36    1
37    3
38    3
39    4
40    3
41    3
42    1
dtype: int64
Overallocation penalty: 42
Time conflicts: 5
TA Counts per Section: 0      4
1      3
2      4
3      5
4      5
5      5
6      4
7      3
8      7
9      5
10    10
11     8
12     4
13     5
14     2
15    11
16     6
dtype: int64
Undersupport penalty: 0
TA Assignments (per TA): 0     3
1     3
2     2
3     2
4     2
5     1
6     1
7     3
8     4
9     3
10    1
11    1
12    3
13    2
14    4
15    1
16    2
17    2
18    2
19    1
20    3
21    1
22    3
23    3
24    5
25    1
26    3
27    1
28    2
29    2
30    2
31    2
32    2
33    1
34    0
35    0
36    1
37    3
38    3
39    4
40    3
41    3
42    1
dtype: int64
Overallocation penalty: 43
Time conflicts: 5
TA Counts per Section: 0      5
1      3
2      4
3      5
4      5
5      5
6      4
7      3
8      7
9      5
10    10
11     8
12     4
13     5
14     2
15    11
16     6
dtype: int64
Undersupport penalty: 0
TA Assignments (per TA): 0     6
1     3
2     2
3     2
4     2
5     1
6     1
7     3
8     4
9     3
10    1
11    1
12    3
13    2
14    4
15    1
16    2
17    2
18    2
19    1
20    3
21    1
22    3
23    3
24    5
25    1
26    3
27    1
28    2
29    2
30    2
31    2
32    2
33    1
34    0
35    0
36    1
37    3
38    3
39    4
40    3
41    3
42    1
dtype: int64
Overallocation penalty: 46
Time conflicts: 5
TA Counts per Section: 0      8
1      3
2      4
3      5
4      5
5      5
6      4
7      3
8      7
9      5
10    10
11     8
12     4
13     5
14     2
15    11
16     6
dtype: int64
Undersupport penalty: 0
TA Assignments (per TA): 0     2
1     3
2     2
3     2
4     2
5     1
6     1
7     3
8     4
9     3
10    1
11    1
12    3
13    2
14    4
15    1
16    2
17    2
18    2
19    1
20    3
21    1
22    3
23    3
24    5
25    1
26    3
27    1
28    2
29    2
30    2
31    2
32    2
33    1
34    0
35    0
36    1
37    3
38    3
39    4
40    3
41    3
42    1
dtype: int64
Overallocation penalty: 42
Time conflicts: 5
TA Counts per Section: 0      4
1      3
2      4
3      5
4      5
5      5
6      4
7      3
8      7
9      5
10    10
11     8
12     4
13     5
14     2
15    11
16     6
dtype: int64
Undersupport penalty: 0
TA Assignments (per TA): 0     4
1     3
2     2
3     2
4     2
5     1
6     1
7     3
8     4
9     3
10    1
11    1
12    3
13    2
14    4
15    1
16    2
17    2
18    2
19    1
20    3
21    1
22    3
23    3
24    5
25    1
26    3
27    1
28    2
29    2
30    2
31    2
32    2
33    1
34    0
35    0
36    1
37    3
38    3
39    4
40    3
41    3
42    1
dtype: int64
Overallocation penalty: 44
Time conflicts: 5
TA Counts per Section: 0      6
1      3
2      4
3      5
4      5
5      5
6      4
7      3
8      7
9      5
10    10
11     8
12     4
13     5
14     2
15    11
16     6
dtype: int64
Undersupport penalty: 0
TA Assignments (per TA): 0     7
1     3
2     2
3     2
4     2
5     1
6     1
7     3
8     4
9     3
10    1
11    1
12    3
13    2
14    4
15    1
16    2
17    2
18    2
19    1
20    3
21    1
22    3
23    3
24    5
25    1
26    3
27    1
28    2
29    2
30    2
31    2
32    2
33    1
34    0
35    0
36    1
37    3
38    3
39    4
40    3
41    3
42    1
dtype: int64
Overallocation penalty: 47
Time conflicts: 5
TA Counts per Section: 0      9
1      3
2      4
3      5
4      5
5      5
6      4
7      3
8      7
9      5
10    10
11     8
12     4
13     5
14     2
15    11
16     6
dtype: int64
Undersupport penalty: 0
TA Assignments (per TA): 0     4
1     3
2     2
3     2
4     2
5     1
6     1
7     3
8     4
9     3
10    1
11    1
12    3
13    2
14    4
15    1
16    2
17    2
18    2
19    1
20    3
21    1
22    3
23    3
24    5
25    1
26    3
27    1
28    2
29    2
30    2
31    2
32    2
33    1
34    0
35    0
36    1
37    3
38    3
39    4
40    3
41    3
42    1
dtype: int64
Overallocation penalty: 44
Time conflicts: 5
TA Counts per Section: 0      6
1      3
2      4
3      5
4      5
5      5
6      4
7      3
8      7
9      5
10    10
11     8
12     4
13     5
14     2
15    11
16     6
dtype: int64
Undersupport penalty: 0
TA Assignments (per TA): 0     5
1     3
2     2
3     2
4     2
5     1
6     1
7     3
8     4
9     3
10    1
11    1
12    3
13    2
14    4
15    1
16    2
17    2
18    2
19    1
20    3
21    1
22    3
23    3
24    5
25    1
26    3
27    1
28    2
29    2
30    2
31    2
32    2
33    1
34    0
35    0
36    1
37    3
38    3
39    4
40    3
41    3
42    1
dtype: int64
Overallocation penalty: 45
Time conflicts: 5
TA Counts per Section: 0      7
1      3
2      4
3      5
4      5
5      5
6      4
7      3
8      7
9      5
10    10
11     8
12     4
13     5
14     2
15    11
16     6
dtype: int64
Undersupport penalty: 0
TA Assignments (per TA): 0     6
1     3
2     2
3     2
4     2
5     1
6     1
7     3
8     4
9     3
10    1
11    1
12    3
13    2
14    4
15    1
16    2
17    2
18    2
19    1
20    3
21    1
22    3
23    3
24    5
25    1
26    3
27    1
28    2
29    2
30    2
31    2
32    2
33    1
34    0
35    0
36    1
37    3
38    3
39    4
40    3
41    3
42    1
dtype: int64
Overallocation penalty: 46
Time conflicts: 5
TA Counts per Section: 0      8
1      3
2      4
3      5
4      5
5      5
6      4
7      3
8      7
9      5
10    10
11     8
12     4
13     5
14     2
15    11
16     6
dtype: int64
Undersupport penalty: 0
TA Assignments (per TA): 0     8
1     3
2     2
3     2
4     2
5     1
6     1
7     3
8     4
9     3
10    1
11    1
12    3
13    2
14    4
15    1
16    2
17    2
18    2
19    1
20    3
21    1
22    3
23    3
24    5
25    1
26    3
27    1
28    2
29    2
30    2
31    2
32    2
33    1
34    0
35    0
36    1
37    3
38    3
39    4
40    3
41    3
42    1
dtype: int64
Overallocation penalty: 48
Time conflicts: 5
TA Counts per Section: 0     10
1      3
2      4
3      5
4      5
5      5
6      4
7      3
8      7
9      5
10    10
11     8
12     4
13     5
14     2
15    11
16     6
dtype: int64
Undersupport penalty: 0
TA Assignments (per TA): 0     7
1     3
2     2
3     2
4     2
5     1
6     1
7     3
8     4
9     3
10    1
11    1
12    3
13    2
14    4
15    1
16    2
17    2
18    2
19    1
20    3
21    1
22    3
23    3
24    5
25    1
26    3
27    1
28    2
29    2
30    2
31    2
32    2
33    1
34    0
35    0
36    1
37    3
38    3
39    4
40    3
41    3
42    1
dtype: int64
Overallocation penalty: 47
Time conflicts: 5
TA Counts per Section: 0      9
1      3
2      4
3      5
4      5
5      5
6      4
7      3
8      7
9      5
10    10
11     8
12     4
13     5
14     2
15    11
16     6
dtype: int64
Undersupport penalty: 0
TA Assignments (per TA): 0     7
1     3
2     2
3     2
4     2
5     1
6     1
7     3
8     4
9     3
10    1
11    1
12    3
13    2
14    4
15    1
16    2
17    2
18    2
19    1
20    3
21    1
22    3
23    3
24    5
25    1
26    3
27    1
28    2
29    2
30    2
31    2
32    2
33    1
34    0
35    0
36    1
37    3
38    3
39    4
40    3
41    3
42    1
dtype: int64
Overallocation penalty: 47
Time conflicts: 5
TA Counts per Section: 0      9
1      3
2      4
3      5
4      5
5      5
6      4
7      3
8      7
9      5
10    10
11     8
12     4
13     5
14     2
15    11
16     6
dtype: int64
Undersupport penalty: 0
TA Assignments (per TA): 0     7
1     3
2     2
3     2
4     2
5     1
6     1
7     3
8     4
9     3
10    1
11    1
12    3
13    2
14    4
15    1
16    2
17    2
18    2
19    1
20    3
21    1
22    3
23    3
24    5
25    1
26    3
27    1
28    2
29    2
30    2
31    2
32    2
33    1
34    0
35    0
36    1
37    3
38    3
39    4
40    3
41    3
42    1
dtype: int64
Overallocation penalty: 47
Time conflicts: 5
TA Counts per Section: 0      9
1      3
2      4
3      5
4      5
5      5
6      4
7      3
8      7
9      5
10    10
11     8
12     4
13     5
14     2
15    11
16     6
dtype: int64
Undersupport penalty: 0
TA Assignments (per TA): 0     3
1     3
2     2
3     2
4     2
5     1
6     1
7     3
8     4
9     3
10    1
11    1
12    3
13    2
14    4
15    1
16    2
17    2
18    2
19    1
20    3
21    1
22    3
23    3
24    5
25    1
26    3
27    1
28    2
29    2
30    2
31    2
32    2
33    1
34    0
35    0
36    1
37    3
38    3
39    4
40    3
41    3
42    1
dtype: int64
Overallocation penalty: 43
Time conflicts: 5
TA Counts per Section: 0      5
1      3
2      4
3      5
4      5
5      5
6      4
7      3
8      7
9      5
10    10
11     8
12     4
13     5
14     2
15    11
16     6
dtype: int64
Undersupport penalty: 0
TA Assignments (per TA): 0     7
1     3
2     2
3     2
4     2
5     1
6     1
7     3
8     4
9     3
10    1
11    1
12    3
13    2
14    4
15    1
16    2
17    2
18    2
19    1
20    3
21    1
22    3
23    3
24    5
25    1
26    3
27    1
28    2
29    2
30    2
31    2
32    2
33    1
34    0
35    0
36    1
37    3
38    3
39    4
40    3
41    3
42    1
dtype: int64
Overallocation penalty: 47
Time conflicts: 5
TA Counts per Section: 0      9
1      3
2      4
3      5
4      5
5      5
6      4
7      3
8      7
9      5
10    10
11     8
12     4
13     5
14     2
15    11
16     6
dtype: int64
Undersupport penalty: 0
TA Assignments (per TA): 0     3
1     3
2     2
3     2
4     2
5     1
6     1
7     3
8     4
9     3
10    1
11    1
12    3
13    2
14    4
15    1
16    2
17    2
18    2
19    1
20    3
21    1
22    3
23    3
24    5
25    1
26    3
27    1
28    2
29    2
30    2
31    2
32    2
33    1
34    0
35    0
36    1
37    3
38    3
39    4
40    3
41    3
42    1
dtype: int64
Overallocation penalty: 43
Time conflicts: 5
TA Counts per Section: 0      5
1      3
2      4
3      5
4      5
5      5
6      4
7      3
8      7
9      5
10    10
11     8
12     4
13     5
14     2
15    11
16     6
dtype: int64
Undersupport penalty: 0
TA Assignments (per TA): 0     3
1     3
2     2
3     2
4     2
5     1
6     1
7     3
8     4
9     3
10    1
11    1
12    3
13    2
14    4
15    1
16    2
17    2
18    2
19    1
20    3
21    1
22    3
23    3
24    5
25    1
26    3
27    1
28    2
29    2
30    2
31    2
32    2
33    1
34    0
35    0
36    1
37    3
38    3
39    4
40    3
41    3
42    1
dtype: int64
Overallocation penalty: 43
Time conflicts: 5
TA Counts per Section: 0      5
1      3
2      4
3      5
4      5
5      5
6      4
7      3
8      7
9      5
10    10
11     8
12     4
13     5
14     2
15    11
16     6
dtype: int64
Undersupport penalty: 0
TA Assignments (per TA): 0     8
1     3
2     2
3     2
4     2
5     1
6     1
7     3
8     4
9     3
10    1
11    1
12    3
13    2
14    4
15    1
16    2
17    2
18    2
19    1
20    3
21    1
22    3
23    3
24    5
25    1
26    3
27    1
28    2
29    2
30    2
31    2
32    2
33    1
34    0
35    0
36    1
37    3
38    3
39    4
40    3
41    3
42    1
dtype: int64
Overallocation penalty: 48
Time conflicts: 5
TA Counts per Section: 0     10
1      3
2      4
3      5
4      5
5      5
6      4
7      3
8      7
9      5
10    10
11     8
12     4
13     5
14     2
15    11
16     6
dtype: int64
Undersupport penalty: 0
TA Assignments (per TA): 0     3
1     3
2     2
3     2
4     2
5     1
6     1
7     3
8     4
9     3
10    1
11    1
12    3
13    2
14    4
15    1
16    2
17    2
18    2
19    1
20    3
21    1
22    3
23    3
24    5
25    1
26    3
27    1
28    2
29    2
30    2
31    2
32    2
33    1
34    0
35    0
36    1
37    3
38    3
39    4
40    3
41    3
42    1
dtype: int64
Overallocation penalty: 43
Time conflicts: 5
TA Counts per Section: 0      5
1      3
2      4
3      5
4      5
5      5
6      4
7      3
8      7
9      5
10    10
11     8
12     4
13     5
14     2
15    11
16     6
dtype: int64
Undersupport penalty: 0
TA Assignments (per TA): 0     6
1     3
2     2
3     2
4     2
5     1
6     1
7     3
8     4
9     3
10    1
11    1
12    3
13    2
14    4
15    1
16    2
17    2
18    2
19    1
20    3
21    1
22    3
23    3
24    5
25    1
26    3
27    1
28    2
29    2
30    2
31    2
32    2
33    1
34    0
35    0
36    1
37    3
38    3
39    4
40    3
41    3
42    1
dtype: int64
Overallocation penalty: 46
Time conflicts: 5
TA Counts per Section: 0      8
1      3
2      4
3      5
4      5
5      5
6      4
7      3
8      7
9      5
10    10
11     8
12     4
13     5
14     2
15    11
16     6
dtype: int64
Undersupport penalty: 0
TA Assignments (per TA): 0     9
1     3
2     2
3     2
4     2
5     1
6     1
7     3
8     4
9     3
10    1
11    1
12    3
13    2
14    4
15    1
16    2
17    2
18    2
19    1
20    3
21    1
22    3
23    3
24    5
25    1
26    3
27    1
28    2
29    2
30    2
31    2
32    2
33    1
34    0
35    0
36    1
37    3
38    3
39    4
40    3
41    3
42    1
dtype: int64
Overallocation penalty: 49
Time conflicts: 5
TA Counts per Section: 0     11
1      3
2      4
3      5
4      5
5      5
6      4
7      3
8      7
9      5
10    10
11     8
12     4
13     5
14     2
15    11
16     6
dtype: int64
Undersupport penalty: 0
TA Assignments (per TA): 0     2
1     3
2     2
3     2
4     2
5     1
6     1
7     3
8     4
9     3
10    1
11    1
12    3
13    2
14    4
15    1
16    2
17    2
18    2
19    1
20    3
21    1
22    3
23    3
24    5
25    1
26    3
27    1
28    2
29    2
30    2
31    2
32    2
33    1
34    0
35    0
36    1
37    3
38    3
39    4
40    3
41    3
42    1
dtype: int64
Overallocation penalty: 42
Time conflicts: 5
TA Counts per Section: 0      4
1      3
2      4
3      5
4      5
5      5
6      4
7      3
8      7
9      5
10    10
11     8
12     4
13     5
14     2
15    11
16     6
dtype: int64
Undersupport penalty: 0
TA Assignments (per TA): 0     6
1     3
2     2
3     2
4     2
5     1
6     1
7     3
8     4
9     3
10    1
11    1
12    3
13    2
14    4
15    1
16    2
17    2
18    2
19    1
20    3
21    1
22    3
23    3
24    5
25    1
26    3
27    1
28    2
29    2
30    2
31    2
32    2
33    1
34    0
35    0
36    1
37    3
38    3
39    4
40    3
41    3
42    1
dtype: int64
Overallocation penalty: 46
Time conflicts: 5
TA Counts per Section: 0      8
1      3
2      4
3      5
4      5
5      5
6      4
7      3
8      7
9      5
10    10
11     8
12     4
13     5
14     2
15    11
16     6
dtype: int64
Undersupport penalty: 0
TA Assignments (per TA): 0     9
1     3
2     2
3     2
4     2
5     1
6     1
7     3
8     4
9     3
10    1
11    1
12    3
13    2
14    4
15    1
16    2
17    2
18    2
19    1
20    3
21    1
22    3
23    3
24    5
25    1
26    3
27    1
28    2
29    2
30    2
31    2
32    2
33    1
34    0
35    0
36    1
37    3
38    3
39    4
40    3
41    3
42    1
dtype: int64
Overallocation penalty: 49
Time conflicts: 5
TA Counts per Section: 0     11
1      3
2      4
3      5
4      5
5      5
6      4
7      3
8      7
9      5
10    10
11     8
12     4
13     5
14     2
15    11
16     6
dtype: int64
Undersupport penalty: 0
TA Assignments (per TA): 0     3
1     3
2     2
3     2
4     2
5     1
6     1
7     3
8     4
9     3
10    1
11    1
12    3
13    2
14    4
15    1
16    2
17    2
18    2
19    1
20    3
21    1
22    3
23    3
24    5
25    1
26    3
27    1
28    2
29    2
30    2
31    2
32    2
33    1
34    0
35    0
36    1
37    3
38    3
39    4
40    3
41    3
42    1
dtype: int64
Overallocation penalty: 43
Time conflicts: 5
TA Counts per Section: 0      5
1      3
2      4
3      5
4      5
5      5
6      4
7      3
8      7
9      5
10    10
11     8
12     4
13     5
14     2
15    11
16     6
dtype: int64
Undersupport penalty: 0
TA Assignments (per TA): 0     4
1     3
2     2
3     2
4     2
5     1
6     1
7     3
8     4
9     3
10    1
11    1
12    3
13    2
14    4
15    1
16    2
17    2
18    2
19    1
20    3
21    1
22    3
23    3
24    5
25    1
26    3
27    1
28    2
29    2
30    2
31    2
32    2
33    1
34    0
35    0
36    1
37    3
38    3
39    4
40    3
41    3
42    1
dtype: int64
Overallocation penalty: 44
Time conflicts: 5
TA Counts per Section: 0      6
1      3
2      4
3      5
4      5
5      5
6      4
7      3
8      7
9      5
10    10
11     8
12     4
13     5
14     2
15    11
16     6
dtype: int64
Undersupport penalty: 0
TA Assignments (per TA): 0     8
1     3
2     2
3     2
4     2
5     1
6     1
7     3
8     4
9     3
10    1
11    1
12    3
13    2
14    4
15    1
16    2
17    2
18    2
19    1
20    3
21    1
22    3
23    3
24    5
25    1
26    3
27    1
28    2
29    2
30    2
31    2
32    2
33    1
34    0
35    0
36    1
37    3
38    3
39    4
40    3
41    3
42    1
dtype: int64
Overallocation penalty: 48
Time conflicts: 5
TA Counts per Section: 0     10
1      3
2      4
3      5
4      5
5      5
6      4
7      3
8      7
9      5
10    10
11     8
12     4
13     5
14     2
15    11
16     6
dtype: int64
Undersupport penalty: 0
TA Assignments (per TA): 0     2
1     3
2     2
3     2
4     2
5     1
6     1
7     3
8     4
9     3
10    1
11    1
12    3
13    2
14    4
15    1
16    2
17    2
18    2
19    1
20    3
21    1
22    3
23    3
24    5
25    1
26    3
27    1
28    2
29    2
30    2
31    2
32    2
33    1
34    0
35    0
36    1
37    3
38    3
39    4
40    3
41    3
42    1
dtype: int64
Overallocation penalty: 42
Time conflicts: 5
TA Counts per Section: 0      4
1      3
2      4
3      5
4      5
5      5
6      4
7      3
8      7
9      5
10    10
11     8
12     4
13     5
14     2
15    11
16     6
dtype: int64
Undersupport penalty: 0
TA Assignments (per TA): 0     7
1     3
2     2
3     2
4     2
5     1
6     1
7     3
8     4
9     3
10    1
11    1
12    3
13    2
14    4
15    1
16    2
17    2
18    2
19    1
20    3
21    1
22    3
23    3
24    5
25    1
26    3
27    1
28    2
29    2
30    2
31    2
32    2
33    1
34    0
35    0
36    1
37    3
38    3
39    4
40    3
41    3
42    1
dtype: int64
Overallocation penalty: 47
Time conflicts: 5
TA Counts per Section: 0      9
1      3
2      4
3      5
4      5
5      5
6      4
7      3
8      7
9      5
10    10
11     8
12     4
13     5
14     2
15    11
16     6
dtype: int64
Undersupport penalty: 0
TA Assignments (per TA): 0     6
1     3
2     2
3     2
4     2
5     1
6     1
7     3
8     4
9     3
10    1
11    1
12    3
13    2
14    4
15    1
16    2
17    2
18    2
19    1
20    3
21    1
22    3
23    3
24    5
25    1
26    3
27    1
28    2
29    2
30    2
31    2
32    2
33    1
34    0
35    0
36    1
37    3
38    3
39    4
40    3
41    3
42    1
dtype: int64
Overallocation penalty: 46
Time conflicts: 5
TA Counts per Section: 0      8
1      3
2      4
3      5
4      5
5      5
6      4
7      3
8      7
9      5
10    10
11     8
12     4
13     5
14     2
15    11
16     6
dtype: int64
Undersupport penalty: 0
TA Assignments (per TA): 0     4
1     3
2     2
3     2
4     2
5     1
6     1
7     3
8     4
9     3
10    1
11    1
12    3
13    2
14    4
15    1
16    2
17    2
18    2
19    1
20    3
21    1
22    3
23    3
24    5
25    1
26    3
27    1
28    2
29    2
30    2
31    2
32    2
33    1
34    0
35    0
36    1
37    3
38    3
39    4
40    3
41    3
42    1
dtype: int64
Overallocation penalty: 44
Time conflicts: 5
TA Counts per Section: 0      6
1      3
2      4
3      5
4      5
5      5
6      4
7      3
8      7
9      5
10    10
11     8
12     4
13     5
14     2
15    11
16     6
dtype: int64
Undersupport penalty: 0
TA Assignments (per TA): 0     5
1     3
2     2
3     2
4     2
5     1
6     1
7     3
8     4
9     3
10    1
11    1
12    3
13    2
14    4
15    1
16    2
17    2
18    2
19    1
20    3
21    1
22    3
23    3
24    5
25    1
26    3
27    1
28    2
29    2
30    2
31    2
32    2
33    1
34    0
35    0
36    1
37    3
38    3
39    4
40    3
41    3
42    1
dtype: int64
Overallocation penalty: 45
Time conflicts: 5
TA Counts per Section: 0      7
1      3
2      4
3      5
4      5
5      5
6      4
7      3
8      7
9      5
10    10
11     8
12     4
13     5
14     2
15    11
16     6
dtype: int64
Undersupport penalty: 0
TA Assignments (per TA): 0     2
1     3
2     2
3     2
4     2
5     1
6     1
7     3
8     4
9     3
10    1
11    1
12    3
13    2
14    4
15    1
16    2
17    2
18    2
19    1
20    3
21    1
22    3
23    3
24    5
25    1
26    3
27    1
28    2
29    2
30    2
31    2
32    2
33    1
34    0
35    0
36    1
37    3
38    3
39    4
40    3
41    3
42    1
dtype: int64
Overallocation penalty: 42
Time conflicts: 5
TA Counts per Section: 0      4
1      3
2      4
3      5
4      5
5      5
6      4
7      3
8      7
9      5
10    10
11     8
12     4
13     5
14     2
15    11
16     6
dtype: int64
Undersupport penalty: 0
TA Assignments (per TA): 0     3
1     3
2     2
3     2
4     2
5     1
6     1
7     3
8     4
9     3
10    1
11    1
12    3
13    2
14    4
15    1
16    2
17    2
18    2
19    1
20    3
21    1
22    3
23    3
24    5
25    1
26    3
27    1
28    2
29    2
30    2
31    2
32    2
33    1
34    0
35    0
36    1
37    3
38    3
39    4
40    3
41    3
42    1
dtype: int64
Overallocation penalty: 43
Time conflicts: 5
TA Counts per Section: 0      5
1      3
2      4
3      5
4      5
5      5
6      4
7      3
8      7
9      5
10    10
11     8
12     4
13     5
14     2
15    11
16     6
dtype: int64
Undersupport penalty: 0
TA Assignments (per TA): 0     2
1     3
2     2
3     2
4     2
5     1
6     1
7     3
8     4
9     3
10    1
11    1
12    3
13    2
14    4
15    1
16    2
17    2
18    2
19    1
20    3
21    1
22    3
23    3
24    5
25    1
26    3
27    1
28    2
29    2
30    2
31    2
32    2
33    1
34    0
35    0
36    1
37    3
38    3
39    4
40    3
41    3
42    1
dtype: int64
Overallocation penalty: 42
Time conflicts: 5
TA Counts per Section: 0      4
1      3
2      4
3      5
4      5
5      5
6      4
7      3
8      7
9      5
10    10
11     8
12     4
13     5
14     2
15    11
16     6
dtype: int64
Undersupport penalty: 0
TA Assignments (per TA): 0     3
1     3
2     2
3     2
4     2
5     1
6     1
7     3
8     4
9     3
10    1
11    1
12    3
13    2
14    4
15    1
16    2
17    2
18    2
19    1
20    3
21    1
22    3
23    3
24    5
25    1
26    3
27    1
28    2
29    2
30    2
31    2
32    2
33    1
34    0
35    0
36    1
37    3
38    3
39    4
40    3
41    3
42    1
dtype: int64
Overallocation penalty: 43
Time conflicts: 5
TA Counts per Section: 0      5
1      3
2      4
3      5
4      5
5      5
6      4
7      3
8      7
9      5
10    10
11     8
12     4
13     5
14     2
15    11
16     6
dtype: int64
Undersupport penalty: 0
TA Assignments (per TA): 0     7
1     3
2     2
3     2
4     2
5     1
6     1
7     3
8     4
9     3
10    1
11    1
12    3
13    2
14    4
15    1
16    2
17    2
18    2
19    1
20    3
21    1
22    3
23    3
24    5
25    1
26    3
27    1
28    2
29    2
30    2
31    2
32    2
33    1
34    0
35    0
36    1
37    3
38    3
39    4
40    3
41    3
42    1
dtype: int64
Overallocation penalty: 47
Time conflicts: 5
TA Counts per Section: 0      9
1      3
2      4
3      5
4      5
5      5
6      4
7      3
8      7
9      5
10    10
11     8
12     4
13     5
14     2
15    11
16     6
dtype: int64
Undersupport penalty: 0
TA Assignments (per TA): 0     2
1     3
2     2
3     2
4     2
5     1
6     1
7     3
8     4
9     3
10    1
11    1
12    3
13    2
14    4
15    1
16    2
17    2
18    2
19    1
20    3
21    1
22    3
23    3
24    5
25    1
26    3
27    1
28    2
29    2
30    2
31    2
32    2
33    1
34    0
35    0
36    1
37    3
38    3
39    4
40    3
41    3
42    1
dtype: int64
Overallocation penalty: 42
Time conflicts: 5
TA Counts per Section: 0      4
1      3
2      4
3      5
4      5
5      5
6      4
7      3
8      7
9      5
10    10
11     8
12     4
13     5
14     2
15    11
16     6
dtype: int64
Undersupport penalty: 0
TA Assignments (per TA): 0     7
1     3
2     2
3     2
4     2
5     1
6     1
7     3
8     4
9     3
10    1
11    1
12    3
13    2
14    4
15    1
16    2
17    2
18    2
19    1
20    3
21    1
22    3
23    3
24    5
25    1
26    3
27    1
28    2
29    2
30    2
31    2
32    2
33    1
34    0
35    0
36    1
37    3
38    3
39    4
40    3
41    3
42    1
dtype: int64
Overallocation penalty: 47
Time conflicts: 5
TA Counts per Section: 0      9
1      3
2      4
3      5
4      5
5      5
6      4
7      3
8      7
9      5
10    10
11     8
12     4
13     5
14     2
15    11
16     6
dtype: int64
Undersupport penalty: 0
TA Assignments (per TA): 0     2
1     3
2     2
3     2
4     2
5     1
6     1
7     3
8     4
9     3
10    1
11    1
12    3
13    2
14    4
15    1
16    2
17    2
18    2
19    1
20    3
21    1
22    3
23    3
24    5
25    1
26    3
27    1
28    2
29    2
30    2
31    2
32    2
33    1
34    0
35    0
36    1
37    3
38    3
39    4
40    3
41    3
42    1
dtype: int64
Overallocation penalty: 42
Time conflicts: 5
TA Counts per Section: 0      4
1      3
2      4
3      5
4      5
5      5
6      4
7      3
8      7
9      5
10    10
11     8
12     4
13     5
14     2
15    11
16     6
dtype: int64
Undersupport penalty: 0
TA Assignments (per TA): 0     3
1     3
2     2
3     2
4     2
5     1
6     1
7     3
8     4
9     3
10    1
11    1
12    3
13    2
14    4
15    1
16    2
17    2
18    2
19    1
20    3
21    1
22    3
23    3
24    5
25    1
26    3
27    1
28    2
29    2
30    2
31    2
32    2
33    1
34    0
35    0
36    1
37    3
38    3
39    4
40    3
41    3
42    1
dtype: int64
Overallocation penalty: 43
Time conflicts: 5
TA Counts per Section: 0      5
1      3
2      4
3      5
4      5
5      5
6      4
7      3
8      7
9      5
10    10
11     8
12     4
13     5
14     2
15    11
16     6
dtype: int64
Undersupport penalty: 0
TA Assignments (per TA): 0     10
1      3
2      2
3      2
4      2
5      1
6      1
7      3
8      4
9      3
10     1
11     1
12     3
13     2
14     4
15     1
16     2
17     2
18     2
19     1
20     3
21     1
22     3
23     3
24     5
25     1
26     3
27     1
28     2
29     2
30     2
31     2
32     2
33     1
34     0
35     0
36     1
37     3
38     3
39     4
40     3
41     3
42     1
dtype: int64
Overallocation penalty: 50
Time conflicts: 5
TA Counts per Section: 0     12
1      3
2      4
3      5
4      5
5      5
6      4
7      3
8      7
9      5
10    10
11     8
12     4
13     5
14     2
15    11
16     6
dtype: int64
Undersupport penalty: 0
TA Assignments (per TA): 0     5
1     3
2     2
3     2
4     2
5     1
6     1
7     3
8     4
9     3
10    1
11    1
12    3
13    2
14    4
15    1
16    2
17    2
18    2
19    1
20    3
21    1
22    3
23    3
24    5
25    1
26    3
27    1
28    2
29    2
30    2
31    2
32    2
33    1
34    0
35    0
36    1
37    3
38    3
39    4
40    3
41    3
42    1
dtype: int64
Overallocation penalty: 45
Time conflicts: 5
TA Counts per Section: 0      7
1      3
2      4
3      5
4      5
5      5
6      4
7      3
8      7
9      5
10    10
11     8
12     4
13     5
14     2
15    11
16     6
dtype: int64
Undersupport penalty: 0
TA Assignments (per TA): 0     5
1     3
2     2
3     2
4     2
5     1
6     1
7     3
8     4
9     3
10    1
11    1
12    3
13    2
14    4
15    1
16    2
17    2
18    2
19    1
20    3
21    1
22    3
23    3
24    5
25    1
26    3
27    1
28    2
29    2
30    2
31    2
32    2
33    1
34    0
35    0
36    1
37    3
38    3
39    4
40    3
41    3
42    1
dtype: int64
Overallocation penalty: 45
Time conflicts: 5
TA Counts per Section: 0      7
1      3
2      4
3      5
4      5
5      5
6      4
7      3
8      7
9      5
10    10
11     8
12     4
13     5
14     2
15    11
16     6
dtype: int64
Undersupport penalty: 0
TA Assignments (per TA): 0     9
1     3
2     2
3     2
4     2
5     1
6     1
7     3
8     4
9     3
10    1
11    1
12    3
13    2
14    4
15    1
16    2
17    2
18    2
19    1
20    3
21    1
22    3
23    3
24    5
25    1
26    3
27    1
28    2
29    2
30    2
31    2
32    2
33    1
34    0
35    0
36    1
37    3
38    3
39    4
40    3
41    3
42    1
dtype: int64
Overallocation penalty: 49
Time conflicts: 5
TA Counts per Section: 0     11
1      3
2      4
3      5
4      5
5      5
6      4
7      3
8      7
9      5
10    10
11     8
12     4
13     5
14     2
15    11
16     6
dtype: int64
Undersupport penalty: 0
TA Assignments (per TA): 0     2
1     3
2     2
3     2
4     2
5     1
6     1
7     3
8     4
9     3
10    1
11    1
12    3
13    2
14    4
15    1
16    2
17    2
18    2
19    1
20    3
21    1
22    3
23    3
24    5
25    1
26    3
27    1
28    2
29    2
30    2
31    2
32    2
33    1
34    0
35    0
36    1
37    3
38    3
39    4
40    3
41    3
42    1
dtype: int64
Overallocation penalty: 42
Time conflicts: 5
TA Counts per Section: 0      4
1      3
2      4
3      5
4      5
5      5
6      4
7      3
8      7
9      5
10    10
11     8
12     4
13     5
14     2
15    11
16     6
dtype: int64
Undersupport penalty: 0
TA Assignments (per TA): 0     6
1     3
2     2
3     2
4     2
5     1
6     1
7     3
8     4
9     3
10    1
11    1
12    3
13    2
14    4
15    1
16    2
17    2
18    2
19    1
20    3
21    1
22    3
23    3
24    5
25    1
26    3
27    1
28    2
29    2
30    2
31    2
32    2
33    1
34    0
35    0
36    1
37    3
38    3
39    4
40    3
41    3
42    1
dtype: int64
Overallocation penalty: 46
Time conflicts: 5
TA Counts per Section: 0      8
1      3
2      4
3      5
4      5
5      5
6      4
7      3
8      7
9      5
10    10
11     8
12     4
13     5
14     2
15    11
16     6
dtype: int64
Undersupport penalty: 0
TA Assignments (per TA): 0     7
1     3
2     2
3     2
4     2
5     1
6     1
7     3
8     4
9     3
10    1
11    1
12    3
13    2
14    4
15    1
16    2
17    2
18    2
19    1
20    3
21    1
22    3
23    3
24    5
25    1
26    3
27    1
28    2
29    2
30    2
31    2
32    2
33    1
34    0
35    0
36    1
37    3
38    3
39    4
40    3
41    3
42    1
dtype: int64
Overallocation penalty: 47
Time conflicts: 5
TA Counts per Section: 0      9
1      3
2      4
3      5
4      5
5      5
6      4
7      3
8      7
9      5
10    10
11     8
12     4
13     5
14     2
15    11
16     6
dtype: int64
Undersupport penalty: 0
TA Assignments (per TA): 0     4
1     3
2     2
3     2
4     2
5     1
6     1
7     3
8     4
9     3
10    1
11    1
12    3
13    2
14    4
15    1
16    2
17    2
18    2
19    1
20    3
21    1
22    3
23    3
24    5
25    1
26    3
27    1
28    2
29    2
30    2
31    2
32    2
33    1
34    0
35    0
36    1
37    3
38    3
39    4
40    3
41    3
42    1
dtype: int64
Overallocation penalty: 44
Time conflicts: 5
TA Counts per Section: 0      6
1      3
2      4
3      5
4      5
5      5
6      4
7      3
8      7
9      5
10    10
11     8
12     4
13     5
14     2
15    11
16     6
dtype: int64
Undersupport penalty: 0
TA Assignments (per TA): 0     2
1     3
2     2
3     2
4     2
5     1
6     1
7     3
8     4
9     3
10    1
11    1
12    3
13    2
14    4
15    1
16    2
17    2
18    2
19    1
20    3
21    1
22    3
23    3
24    5
25    1
26    3
27    1
28    2
29    2
30    2
31    2
32    2
33    1
34    0
35    0
36    1
37    3
38    3
39    4
40    3
41    3
42    1
dtype: int64
Overallocation penalty: 42
Time conflicts: 5
TA Counts per Section: 0      4
1      3
2      4
3      5
4      5
5      5
6      4
7      3
8      7
9      5
10    10
11     8
12     4
13     5
14     2
15    11
16     6
dtype: int64
Undersupport penalty: 0
TA Assignments (per TA): 0     3
1     3
2     2
3     2
4     2
5     1
6     1
7     3
8     4
9     3
10    1
11    1
12    3
13    2
14    4
15    1
16    2
17    2
18    2
19    1
20    3
21    1
22    3
23    3
24    5
25    1
26    3
27    1
28    2
29    2
30    2
31    2
32    2
33    1
34    0
35    0
36    1
37    3
38    3
39    4
40    3
41    3
42    1
dtype: int64
Overallocation penalty: 43
Time conflicts: 5
TA Counts per Section: 0      5
1      3
2      4
3      5
4      5
5      5
6      4
7      3
8      7
9      5
10    10
11     8
12     4
13     5
14     2
15    11
16     6
dtype: int64
Undersupport penalty: 0
TA Assignments (per TA): 0     9
1     3
2     2
3     2
4     2
5     1
6     1
7     3
8     4
9     3
10    1
11    1
12    3
13    2
14    4
15    1
16    2
17    2
18    2
19    1
20    3
21    1
22    3
23    3
24    5
25    1
26    3
27    1
28    2
29    2
30    2
31    2
32    2
33    1
34    0
35    0
36    1
37    3
38    3
39    4
40    3
41    3
42    1
dtype: int64
Overallocation penalty: 49
Time conflicts: 5
TA Counts per Section: 0     11
1      3
2      4
3      5
4      5
5      5
6      4
7      3
8      7
9      5
10    10
11     8
12     4
13     5
14     2
15    11
16     6
dtype: int64
Undersupport penalty: 0
TA Assignments (per TA): 0     6
1     3
2     2
3     2
4     2
5     1
6     1
7     3
8     4
9     3
10    1
11    1
12    3
13    2
14    4
15    1
16    2
17    2
18    2
19    1
20    3
21    1
22    3
23    3
24    5
25    1
26    3
27    1
28    2
29    2
30    2
31    2
32    2
33    1
34    0
35    0
36    1
37    3
38    3
39    4
40    3
41    3
42    1
dtype: int64
Overallocation penalty: 46
Time conflicts: 5
TA Counts per Section: 0      8
1      3
2      4
3      5
4      5
5      5
6      4
7      3
8      7
9      5
10    10
11     8
12     4
13     5
14     2
15    11
16     6
dtype: int64
Undersupport penalty: 0
TA Assignments (per TA): 0     7
1     3
2     2
3     2
4     2
5     1
6     1
7     3
8     4
9     3
10    1
11    1
12    3
13    2
14    4
15    1
16    2
17    2
18    2
19    1
20    3
21    1
22    3
23    3
24    5
25    1
26    3
27    1
28    2
29    2
30    2
31    2
32    2
33    1
34    0
35    0
36    1
37    3
38    3
39    4
40    3
41    3
42    1
dtype: int64
Overallocation penalty: 47
Time conflicts: 5
TA Counts per Section: 0      9
1      3
2      4
3      5
4      5
5      5
6      4
7      3
8      7
9      5
10    10
11     8
12     4
13     5
14     2
15    11
16     6
dtype: int64
Undersupport penalty: 0
TA Assignments (per TA): 0     3
1     3
2     2
3     2
4     2
5     1
6     1
7     3
8     4
9     3
10    1
11    1
12    3
13    2
14    4
15    1
16    2
17    2
18    2
19    1
20    3
21    1
22    3
23    3
24    5
25    1
26    3
27    1
28    2
29    2
30    2
31    2
32    2
33    1
34    0
35    0
36    1
37    3
38    3
39    4
40    3
41    3
42    1
dtype: int64
Overallocation penalty: 43
Time conflicts: 5
TA Counts per Section: 0      5
1      3
2      4
3      5
4      5
5      5
6      4
7      3
8      7
9      5
10    10
11     8
12     4
13     5
14     2
15    11
16     6
dtype: int64
Undersupport penalty: 0
TA Assignments (per TA): 0     5
1     3
2     2
3     2
4     2
5     1
6     1
7     3
8     4
9     3
10    1
11    1
12    3
13    2
14    4
15    1
16    2
17    2
18    2
19    1
20    3
21    1
22    3
23    3
24    5
25    1
26    3
27    1
28    2
29    2
30    2
31    2
32    2
33    1
34    0
35    0
36    1
37    3
38    3
39    4
40    3
41    3
42    1
dtype: int64
Overallocation penalty: 45
Time conflicts: 5
TA Counts per Section: 0      7
1      3
2      4
3      5
4      5
5      5
6      4
7      3
8      7
9      5
10    10
11     8
12     4
13     5
14     2
15    11
16     6
dtype: int64
Undersupport penalty: 0
TA Assignments (per TA): 0     4
1     3
2     2
3     2
4     2
5     1
6     1
7     3
8     4
9     3
10    1
11    1
12    3
13    2
14    4
15    1
16    2
17    2
18    2
19    1
20    3
21    1
22    3
23    3
24    5
25    1
26    3
27    1
28    2
29    2
30    2
31    2
32    2
33    1
34    0
35    0
36    1
37    3
38    3
39    4
40    3
41    3
42    1
dtype: int64
Overallocation penalty: 44
Time conflicts: 5
TA Counts per Section: 0      6
1      3
2      4
3      5
4      5
5      5
6      4
7      3
8      7
9      5
10    10
11     8
12     4
13     5
14     2
15    11
16     6
dtype: int64
Undersupport penalty: 0
TA Assignments (per TA): 0     3
1     3
2     2
3     2
4     2
5     1
6     1
7     3
8     4
9     3
10    1
11    1
12    3
13    2
14    4
15    1
16    2
17    2
18    2
19    1
20    3
21    1
22    3
23    3
24    5
25    1
26    3
27    1
28    2
29    2
30    2
31    2
32    2
33    1
34    0
35    0
36    1
37    3
38    3
39    4
40    3
41    3
42    1
dtype: int64
Overallocation penalty: 43
Time conflicts: 5
TA Counts per Section: 0      5
1      3
2      4
3      5
4      5
5      5
6      4
7      3
8      7
9      5
10    10
11     8
12     4
13     5
14     2
15    11
16     6
dtype: int64
Undersupport penalty: 0
TA Assignments (per TA): 0     4
1     3
2     2
3     2
4     2
5     1
6     1
7     3
8     4
9     3
10    1
11    1
12    3
13    2
14    4
15    1
16    2
17    2
18    2
19    1
20    3
21    1
22    3
23    3
24    5
25    1
26    3
27    1
28    2
29    2
30    2
31    2
32    2
33    1
34    0
35    0
36    1
37    3
38    3
39    4
40    3
41    3
42    1
dtype: int64
Overallocation penalty: 44
Time conflicts: 5
TA Counts per Section: 0      6
1      3
2      4
3      5
4      5
5      5
6      4
7      3
8      7
9      5
10    10
11     8
12     4
13     5
14     2
15    11
16     6
dtype: int64
Undersupport penalty: 0
TA Assignments (per TA): 0     2
1     3
2     2
3     2
4     2
5     1
6     1
7     3
8     4
9     3
10    1
11    1
12    3
13    2
14    4
15    1
16    2
17    2
18    2
19    1
20    3
21    1
22    3
23    3
24    5
25    1
26    3
27    1
28    2
29    2
30    2
31    2
32    2
33    1
34    0
35    0
36    1
37    3
38    3
39    4
40    3
41    3
42    1
dtype: int64
Overallocation penalty: 42
Time conflicts: 5
TA Counts per Section: 0      4
1      3
2      4
3      5
4      5
5      5
6      4
7      3
8      7
9      5
10    10
11     8
12     4
13     5
14     2
15    11
16     6
dtype: int64
Undersupport penalty: 0
TA Assignments (per TA): 0     4
1     3
2     2
3     2
4     2
5     1
6     1
7     3
8     4
9     3
10    1
11    1
12    3
13    2
14    4
15    1
16    2
17    2
18    2
19    1
20    3
21    1
22    3
23    3
24    5
25    1
26    3
27    1
28    2
29    2
30    2
31    2
32    2
33    1
34    0
35    0
36    1
37    3
38    3
39    4
40    3
41    3
42    1
dtype: int64
Overallocation penalty: 44
Time conflicts: 5
TA Counts per Section: 0      6
1      3
2      4
3      5
4      5
5      5
6      4
7      3
8      7
9      5
10    10
11     8
12     4
13     5
14     2
15    11
16     6
dtype: int64
Undersupport penalty: 0
TA Assignments (per TA): 0     8
1     3
2     2
3     2
4     2
5     1
6     1
7     3
8     4
9     3
10    1
11    1
12    3
13    2
14    4
15    1
16    2
17    2
18    2
19    1
20    3
21    1
22    3
23    3
24    5
25    1
26    3
27    1
28    2
29    2
30    2
31    2
32    2
33    1
34    0
35    0
36    1
37    3
38    3
39    4
40    3
41    3
42    1
dtype: int64
Overallocation penalty: 48
Time conflicts: 5
TA Counts per Section: 0     10
1      3
2      4
3      5
4      5
5      5
6      4
7      3
8      7
9      5
10    10
11     8
12     4
13     5
14     2
15    11
16     6
dtype: int64
Undersupport penalty: 0
TA Assignments (per TA): 0     4
1     3
2     2
3     2
4     2
5     1
6     1
7     3
8     4
9     3
10    1
11    1
12    3
13    2
14    4
15    1
16    2
17    2
18    2
19    1
20    3
21    1
22    3
23    3
24    5
25    1
26    3
27    1
28    2
29    2
30    2
31    2
32    2
33    1
34    0
35    0
36    1
37    3
38    3
39    4
40    3
41    3
42    1
dtype: int64
Overallocation penalty: 44
Time conflicts: 5
TA Counts per Section: 0      6
1      3
2      4
3      5
4      5
5      5
6      4
7      3
8      7
9      5
10    10
11     8
12     4
13     5
14     2
15    11
16     6
dtype: int64
Undersupport penalty: 0
TA Assignments (per TA): 0     4
1     3
2     2
3     2
4     2
5     1
6     1
7     3
8     4
9     3
10    1
11    1
12    3
13    2
14    4
15    1
16    2
17    2
18    2
19    1
20    3
21    1
22    3
23    3
24    5
25    1
26    3
27    1
28    2
29    2
30    2
31    2
32    2
33    1
34    0
35    0
36    1
37    3
38    3
39    4
40    3
41    3
42    1
dtype: int64
Overallocation penalty: 44
Time conflicts: 5
TA Counts per Section: 0      6
1      3
2      4
3      5
4      5
5      5
6      4
7      3
8      7
9      5
10    10
11     8
12     4
13     5
14     2
15    11
16     6
dtype: int64
Undersupport penalty: 0
TA Assignments (per TA): 0     10
1      3
2      2
3      2
4      2
5      1
6      1
7      3
8      4
9      3
10     1
11     1
12     3
13     2
14     4
15     1
16     2
17     2
18     2
19     1
20     3
21     1
22     3
23     3
24     5
25     1
26     3
27     1
28     2
29     2
30     2
31     2
32     2
33     1
34     0
35     0
36     1
37     3
38     3
39     4
40     3
41     3
42     1
dtype: int64
Overallocation penalty: 50
Time conflicts: 5
TA Counts per Section: 0     12
1      3
2      4
3      5
4      5
5      5
6      4
7      3
8      7
9      5
10    10
11     8
12     4
13     5
14     2
15    11
16     6
dtype: int64
Undersupport penalty: 0
TA Assignments (per TA): 0     10
1      3
2      2
3      2
4      2
5      1
6      1
7      3
8      4
9      3
10     1
11     1
12     3
13     2
14     4
15     1
16     2
17     2
18     2
19     1
20     3
21     1
22     3
23     3
24     5
25     1
26     3
27     1
28     2
29     2
30     2
31     2
32     2
33     1
34     0
35     0
36     1
37     3
38     3
39     4
40     3
41     3
42     1
dtype: int64
Overallocation penalty: 50
Time conflicts: 5
TA Counts per Section: 0     12
1      3
2      4
3      5
4      5
5      5
6      4
7      3
8      7
9      5
10    10
11     8
12     4
13     5
14     2
15    11
16     6
dtype: int64
Undersupport penalty: 0
TA Assignments (per TA): 0     2
1     3
2     2
3     2
4     2
5     1
6     1
7     3
8     4
9     3
10    1
11    1
12    3
13    2
14    4
15    1
16    2
17    2
18    2
19    1
20    3
21    1
22    3
23    3
24    5
25    1
26    3
27    1
28    2
29    2
30    2
31    2
32    2
33    1
34    0
35    0
36    1
37    3
38    3
39    4
40    3
41    3
42    1
dtype: int64
Overallocation penalty: 42
Time conflicts: 5
TA Counts per Section: 0      4
1      3
2      4
3      5
4      5
5      5
6      4
7      3
8      7
9      5
10    10
11     8
12     4
13     5
14     2
15    11
16     6
dtype: int64
Undersupport penalty: 0
TA Assignments (per TA): 0     9
1     3
2     2
3     2
4     2
5     1
6     1
7     3
8     4
9     3
10    1
11    1
12    3
13    2
14    4
15    1
16    2
17    2
18    2
19    1
20    3
21    1
22    3
23    3
24    5
25    1
26    3
27    1
28    2
29    2
30    2
31    2
32    2
33    1
34    0
35    0
36    1
37    3
38    3
39    4
40    3
41    3
42    1
dtype: int64
Overallocation penalty: 49
Time conflicts: 5
TA Counts per Section: 0     11
1      3
2      4
3      5
4      5
5      5
6      4
7      3
8      7
9      5
10    10
11     8
12     4
13     5
14     2
15    11
16     6
dtype: int64
Undersupport penalty: 0
TA Assignments (per TA): 0     6
1     3
2     2
3     2
4     2
5     1
6     1
7     3
8     4
9     3
10    1
11    1
12    3
13    2
14    4
15    1
16    2
17    2
18    2
19    1
20    3
21    1
22    3
23    3
24    5
25    1
26    3
27    1
28    2
29    2
30    2
31    2
32    2
33    1
34    0
35    0
36    1
37    3
38    3
39    4
40    3
41    3
42    1
dtype: int64
Overallocation penalty: 46
Time conflicts: 5
TA Counts per Section: 0      8
1      3
2      4
3      5
4      5
5      5
6      4
7      3
8      7
9      5
10    10
11     8
12     4
13     5
14     2
15    11
16     6
dtype: int64
Undersupport penalty: 0
TA Assignments (per TA): 0     3
1     3
2     2
3     2
4     2
5     1
6     1
7     3
8     4
9     3
10    1
11    1
12    3
13    2
14    4
15    1
16    2
17    2
18    2
19    1
20    3
21    1
22    3
23    3
24    5
25    1
26    3
27    1
28    2
29    2
30    2
31    2
32    2
33    1
34    0
35    0
36    1
37    3
38    3
39    4
40    3
41    3
42    1
dtype: int64
Overallocation penalty: 43
Time conflicts: 5
TA Counts per Section: 0      5
1      3
2      4
3      5
4      5
5      5
6      4
7      3
8      7
9      5
10    10
11     8
12     4
13     5
14     2
15    11
16     6
dtype: int64
Undersupport penalty: 0
TA Assignments (per TA): 0     9
1     3
2     2
3     2
4     2
5     1
6     1
7     3
8     4
9     3
10    1
11    1
12    3
13    2
14    4
15    1
16    2
17    2
18    2
19    1
20    3
21    1
22    3
23    3
24    5
25    1
26    3
27    1
28    2
29    2
30    2
31    2
32    2
33    1
34    0
35    0
36    1
37    3
38    3
39    4
40    3
41    3
42    1
dtype: int64
Overallocation penalty: 49
Time conflicts: 5
TA Counts per Section: 0     11
1      3
2      4
3      5
4      5
5      5
6      4
7      3
8      7
9      5
10    10
11     8
12     4
13     5
14     2
15    11
16     6
dtype: int64
Undersupport penalty: 0
TA Assignments (per TA): 0     3
1     3
2     2
3     2
4     2
5     1
6     1
7     3
8     4
9     3
10    1
11    1
12    3
13    2
14    4
15    1
16    2
17    2
18    2
19    1
20    3
21    1
22    3
23    3
24    5
25    1
26    3
27    1
28    2
29    2
30    2
31    2
32    2
33    1
34    0
35    0
36    1
37    3
38    3
39    4
40    3
41    3
42    1
dtype: int64
Overallocation penalty: 43
Time conflicts: 5
TA Counts per Section: 0      5
1      3
2      4
3      5
4      5
5      5
6      4
7      3
8      7
9      5
10    10
11     8
12     4
13     5
14     2
15    11
16     6
dtype: int64
Undersupport penalty: 0
TA Assignments (per TA): 0     11
1      3
2      2
3      2
4      2
5      1
6      1
7      3
8      4
9      3
10     1
11     1
12     3
13     2
14     4
15     1
16     2
17     2
18     2
19     1
20     3
21     1
22     3
23     3
24     5
25     1
26     3
27     1
28     2
29     2
30     2
31     2
32     2
33     1
34     0
35     0
36     1
37     3
38     3
39     4
40     3
41     3
42     1
dtype: int64
Overallocation penalty: 51
Time conflicts: 5
TA Counts per Section: 0     13
1      3
2      4
3      5
4      5
5      5
6      4
7      3
8      7
9      5
10    10
11     8
12     4
13     5
14     2
15    11
16     6
dtype: int64
Undersupport penalty: 0
TA Assignments (per TA): 0     4
1     3
2     2
3     2
4     2
5     1
6     1
7     3
8     4
9     3
10    1
11    1
12    3
13    2
14    4
15    1
16    2
17    2
18    2
19    1
20    3
21    1
22    3
23    3
24    5
25    1
26    3
27    1
28    2
29    2
30    2
31    2
32    2
33    1
34    0
35    0
36    1
37    3
38    3
39    4
40    3
41    3
42    1
dtype: int64
Overallocation penalty: 44
Time conflicts: 5
TA Counts per Section: 0      6
1      3
2      4
3      5
4      5
5      5
6      4
7      3
8      7
9      5
10    10
11     8
12     4
13     5
14     2
15    11
16     6
dtype: int64
Undersupport penalty: 0
TA Assignments (per TA): 0     5
1     3
2     2
3     2
4     2
5     1
6     1
7     3
8     4
9     3
10    1
11    1
12    3
13    2
14    4
15    1
16    2
17    2
18    2
19    1
20    3
21    1
22    3
23    3
24    5
25    1
26    3
27    1
28    2
29    2
30    2
31    2
32    2
33    1
34    0
35    0
36    1
37    3
38    3
39    4
40    3
41    3
42    1
dtype: int64
Overallocation penalty: 45
Time conflicts: 5
TA Counts per Section: 0      7
1      3
2      4
3      5
4      5
5      5
6      4
7      3
8      7
9      5
10    10
11     8
12     4
13     5
14     2
15    11
16     6
dtype: int64
Undersupport penalty: 0
TA Assignments (per TA): 0     10
1      3
2      2
3      2
4      2
5      1
6      1
7      3
8      4
9      3
10     1
11     1
12     3
13     2
14     4
15     1
16     2
17     2
18     2
19     1
20     3
21     1
22     3
23     3
24     5
25     1
26     3
27     1
28     2
29     2
30     2
31     2
32     2
33     1
34     0
35     0
36     1
37     3
38     3
39     4
40     3
41     3
42     1
dtype: int64
Overallocation penalty: 50
Time conflicts: 5
TA Counts per Section: 0     12
1      3
2      4
3      5
4      5
5      5
6      4
7      3
8      7
9      5
10    10
11     8
12     4
13     5
14     2
15    11
16     6
dtype: int64
Undersupport penalty: 0
TA Assignments (per TA): 0     7
1     3
2     2
3     2
4     2
5     1
6     1
7     3
8     4
9     3
10    1
11    1
12    3
13    2
14    4
15    1
16    2
17    2
18    2
19    1
20    3
21    1
22    3
23    3
24    5
25    1
26    3
27    1
28    2
29    2
30    2
31    2
32    2
33    1
34    0
35    0
36    1
37    3
38    3
39    4
40    3
41    3
42    1
dtype: int64
Overallocation penalty: 47
Time conflicts: 5
TA Counts per Section: 0      9
1      3
2      4
3      5
4      5
5      5
6      4
7      3
8      7
9      5
10    10
11     8
12     4
13     5
14     2
15    11
16     6
dtype: int64
Undersupport penalty: 0
TA Assignments (per TA): 0     3
1     3
2     2
3     2
4     2
5     1
6     1
7     3
8     4
9     3
10    1
11    1
12    3
13    2
14    4
15    1
16    2
17    2
18    2
19    1
20    3
21    1
22    3
23    3
24    5
25    1
26    3
27    1
28    2
29    2
30    2
31    2
32    2
33    1
34    0
35    0
36    1
37    3
38    3
39    4
40    3
41    3
42    1
dtype: int64
Overallocation penalty: 43
Time conflicts: 5
TA Counts per Section: 0      5
1      3
2      4
3      5
4      5
5      5
6      4
7      3
8      7
9      5
10    10
11     8
12     4
13     5
14     2
15    11
16     6
dtype: int64
Undersupport penalty: 0
TA Assignments (per TA): 0     11
1      3
2      2
3      2
4      2
5      1
6      1
7      3
8      4
9      3
10     1
11     1
12     3
13     2
14     4
15     1
16     2
17     2
18     2
19     1
20     3
21     1
22     3
23     3
24     5
25     1
26     3
27     1
28     2
29     2
30     2
31     2
32     2
33     1
34     0
35     0
36     1
37     3
38     3
39     4
40     3
41     3
42     1
dtype: int64
Overallocation penalty: 51
Time conflicts: 5
TA Counts per Section: 0     13
1      3
2      4
3      5
4      5
5      5
6      4
7      3
8      7
9      5
10    10
11     8
12     4
13     5
14     2
15    11
16     6
dtype: int64
Undersupport penalty: 0
TA Assignments (per TA): 0     7
1     3
2     2
3     2
4     2
5     1
6     1
7     3
8     4
9     3
10    1
11    1
12    3
13    2
14    4
15    1
16    2
17    2
18    2
19    1
20    3
21    1
22    3
23    3
24    5
25    1
26    3
27    1
28    2
29    2
30    2
31    2
32    2
33    1
34    0
35    0
36    1
37    3
38    3
39    4
40    3
41    3
42    1
dtype: int64
Overallocation penalty: 47
Time conflicts: 5
TA Counts per Section: 0      9
1      3
2      4
3      5
4      5
5      5
6      4
7      3
8      7
9      5
10    10
11     8
12     4
13     5
14     2
15    11
16     6
dtype: int64
Undersupport penalty: 0
TA Assignments (per TA): 0     3
1     3
2     2
3     2
4     2
5     1
6     1
7     3
8     4
9     3
10    1
11    1
12    3
13    2
14    4
15    1
16    2
17    2
18    2
19    1
20    3
21    1
22    3
23    3
24    5
25    1
26    3
27    1
28    2
29    2
30    2
31    2
32    2
33    1
34    0
35    0
36    1
37    3
38    3
39    4
40    3
41    3
42    1
dtype: int64
Overallocation penalty: 43
Time conflicts: 5
TA Counts per Section: 0      5
1      3
2      4
3      5
4      5
5      5
6      4
7      3
8      7
9      5
10    10
11     8
12     4
13     5
14     2
15    11
16     6
dtype: int64
Undersupport penalty: 0
TA Assignments (per TA): 0     7
1     3
2     2
3     2
4     2
5     1
6     1
7     3
8     4
9     3
10    1
11    1
12    3
13    2
14    4
15    1
16    2
17    2
18    2
19    1
20    3
21    1
22    3
23    3
24    5
25    1
26    3
27    1
28    2
29    2
30    2
31    2
32    2
33    1
34    0
35    0
36    1
37    3
38    3
39    4
40    3
41    3
42    1
dtype: int64
Overallocation penalty: 47
Time conflicts: 5
TA Counts per Section: 0      9
1      3
2      4
3      5
4      5
5      5
6      4
7      3
8      7
9      5
10    10
11     8
12     4
13     5
14     2
15    11
16     6
dtype: int64
Undersupport penalty: 0
TA Assignments (per TA): 0     12
1      3
2      2
3      2
4      2
5      1
6      1
7      3
8      4
9      3
10     1
11     1
12     3
13     2
14     4
15     1
16     2
17     2
18     2
19     1
20     3
21     1
22     3
23     3
24     5
25     1
26     3
27     1
28     2
29     2
30     2
31     2
32     2
33     1
34     0
35     0
36     1
37     3
38     3
39     4
40     3
41     3
42     1
dtype: int64
Overallocation penalty: 52
Time conflicts: 5
TA Counts per Section: 0     14
1      3
2      4
3      5
4      5
5      5
6      4
7      3
8      7
9      5
10    10
11     8
12     4
13     5
14     2
15    11
16     6
dtype: int64
Undersupport penalty: 0
TA Assignments (per TA): 0     2
1     3
2     2
3     2
4     2
5     1
6     1
7     3
8     4
9     3
10    1
11    1
12    3
13    2
14    4
15    1
16    2
17    2
18    2
19    1
20    3
21    1
22    3
23    3
24    5
25    1
26    3
27    1
28    2
29    2
30    2
31    2
32    2
33    1
34    0
35    0
36    1
37    3
38    3
39    4
40    3
41    3
42    1
dtype: int64
Overallocation penalty: 42
Time conflicts: 5
TA Counts per Section: 0      4
1      3
2      4
3      5
4      5
5      5
6      4
7      3
8      7
9      5
10    10
11     8
12     4
13     5
14     2
15    11
16     6
dtype: int64
Undersupport penalty: 0
TA Assignments (per TA): 0     7
1     3
2     2
3     2
4     2
5     1
6     1
7     3
8     4
9     3
10    1
11    1
12    3
13    2
14    4
15    1
16    2
17    2
18    2
19    1
20    3
21    1
22    3
23    3
24    5
25    1
26    3
27    1
28    2
29    2
30    2
31    2
32    2
33    1
34    0
35    0
36    1
37    3
38    3
39    4
40    3
41    3
42    1
dtype: int64
Overallocation penalty: 47
Time conflicts: 5
TA Counts per Section: 0      9
1      3
2      4
3      5
4      5
5      5
6      4
7      3
8      7
9      5
10    10
11     8
12     4
13     5
14     2
15    11
16     6
dtype: int64
Undersupport penalty: 0
TA Assignments (per TA): 0     8
1     3
2     2
3     2
4     2
5     1
6     1
7     3
8     4
9     3
10    1
11    1
12    3
13    2
14    4
15    1
16    2
17    2
18    2
19    1
20    3
21    1
22    3
23    3
24    5
25    1
26    3
27    1
28    2
29    2
30    2
31    2
32    2
33    1
34    0
35    0
36    1
37    3
38    3
39    4
40    3
41    3
42    1
dtype: int64
Overallocation penalty: 48
Time conflicts: 5
TA Counts per Section: 0     10
1      3
2      4
3      5
4      5
5      5
6      4
7      3
8      7
9      5
10    10
11     8
12     4
13     5
14     2
15    11
16     6
dtype: int64
Undersupport penalty: 0
TA Assignments (per TA): 0     5
1     3
2     2
3     2
4     2
5     1
6     1
7     3
8     4
9     3
10    1
11    1
12    3
13    2
14    4
15    1
16    2
17    2
18    2
19    1
20    3
21    1
22    3
23    3
24    5
25    1
26    3
27    1
28    2
29    2
30    2
31    2
32    2
33    1
34    0
35    0
36    1
37    3
38    3
39    4
40    3
41    3
42    1
dtype: int64
Overallocation penalty: 45
Time conflicts: 5
TA Counts per Section: 0      7
1      3
2      4
3      5
4      5
5      5
6      4
7      3
8      7
9      5
10    10
11     8
12     4
13     5
14     2
15    11
16     6
dtype: int64
Undersupport penalty: 0
TA Assignments (per TA): 0     6
1     3
2     2
3     2
4     2
5     1
6     1
7     3
8     4
9     3
10    1
11    1
12    3
13    2
14    4
15    1
16    2
17    2
18    2
19    1
20    3
21    1
22    3
23    3
24    5
25    1
26    3
27    1
28    2
29    2
30    2
31    2
32    2
33    1
34    0
35    0
36    1
37    3
38    3
39    4
40    3
41    3
42    1
dtype: int64
Overallocation penalty: 46
Time conflicts: 5
TA Counts per Section: 0      8
1      3
2      4
3      5
4      5
5      5
6      4
7      3
8      7
9      5
10    10
11     8
12     4
13     5
14     2
15    11
16     6
dtype: int64
Undersupport penalty: 0
TA Assignments (per TA): 0     10
1      3
2      2
3      2
4      2
5      1
6      1
7      3
8      4
9      3
10     1
11     1
12     3
13     2
14     4
15     1
16     2
17     2
18     2
19     1
20     3
21     1
22     3
23     3
24     5
25     1
26     3
27     1
28     2
29     2
30     2
31     2
32     2
33     1
34     0
35     0
36     1
37     3
38     3
39     4
40     3
41     3
42     1
dtype: int64
Overallocation penalty: 50
Time conflicts: 5
TA Counts per Section: 0     12
1      3
2      4
3      5
4      5
5      5
6      4
7      3
8      7
9      5
10    10
11     8
12     4
13     5
14     2
15    11
16     6
dtype: int64
Undersupport penalty: 0
TA Assignments (per TA): 0     11
1      3
2      2
3      2
4      2
5      1
6      1
7      3
8      4
9      3
10     1
11     1
12     3
13     2
14     4
15     1
16     2
17     2
18     2
19     1
20     3
21     1
22     3
23     3
24     5
25     1
26     3
27     1
28     2
29     2
30     2
31     2
32     2
33     1
34     0
35     0
36     1
37     3
38     3
39     4
40     3
41     3
42     1
dtype: int64
Overallocation penalty: 51
Time conflicts: 5
TA Counts per Section: 0     13
1      3
2      4
3      5
4      5
5      5
6      4
7      3
8      7
9      5
10    10
11     8
12     4
13     5
14     2
15    11
16     6
dtype: int64
Undersupport penalty: 0
TA Assignments (per TA): 0     9
1     3
2     2
3     2
4     2
5     1
6     1
7     3
8     4
9     3
10    1
11    1
12    3
13    2
14    4
15    1
16    2
17    2
18    2
19    1
20    3
21    1
22    3
23    3
24    5
25    1
26    3
27    1
28    2
29    2
30    2
31    2
32    2
33    1
34    0
35    0
36    1
37    3
38    3
39    4
40    3
41    3
42    1
dtype: int64
Overallocation penalty: 49
Time conflicts: 5
TA Counts per Section: 0     11
1      3
2      4
3      5
4      5
5      5
6      4
7      3
8      7
9      5
10    10
11     8
12     4
13     5
14     2
15    11
16     6
dtype: int64
Undersupport penalty: 0
TA Assignments (per TA): 0     8
1     3
2     2
3     2
4     2
5     1
6     1
7     3
8     4
9     3
10    1
11    1
12    3
13    2
14    4
15    1
16    2
17    2
18    2
19    1
20    3
21    1
22    3
23    3
24    5
25    1
26    3
27    1
28    2
29    2
30    2
31    2
32    2
33    1
34    0
35    0
36    1
37    3
38    3
39    4
40    3
41    3
42    1
dtype: int64
Overallocation penalty: 48
Time conflicts: 5
TA Counts per Section: 0     10
1      3
2      4
3      5
4      5
5      5
6      4
7      3
8      7
9      5
10    10
11     8
12     4
13     5
14     2
15    11
16     6
dtype: int64
Undersupport penalty: 0
TA Assignments (per TA): 0     2
1     3
2     2
3     2
4     2
5     1
6     1
7     3
8     4
9     3
10    1
11    1
12    3
13    2
14    4
15    1
16    2
17    2
18    2
19    1
20    3
21    1
22    3
23    3
24    5
25    1
26    3
27    1
28    2
29    2
30    2
31    2
32    2
33    1
34    0
35    0
36    1
37    3
38    3
39    4
40    3
41    3
42    1
dtype: int64
Overallocation penalty: 42
Time conflicts: 5
TA Counts per Section: 0      4
1      3
2      4
3      5
4      5
5      5
6      4
7      3
8      7
9      5
10    10
11     8
12     4
13     5
14     2
15    11
16     6
dtype: int64
Undersupport penalty: 0
TA Assignments (per TA): 0     2
1     3
2     2
3     2
4     2
5     1
6     1
7     3
8     4
9     3
10    1
11    1
12    3
13    2
14    4
15    1
16    2
17    2
18    2
19    1
20    3
21    1
22    3
23    3
24    5
25    1
26    3
27    1
28    2
29    2
30    2
31    2
32    2
33    1
34    0
35    0
36    1
37    3
38    3
39    4
40    3
41    3
42    1
dtype: int64
Overallocation penalty: 42
Time conflicts: 5
TA Counts per Section: 0      4
1      3
2      4
3      5
4      5
5      5
6      4
7      3
8      7
9      5
10    10
11     8
12     4
13     5
14     2
15    11
16     6
dtype: int64
Undersupport penalty: 0
TA Assignments (per TA): 0     3
1     3
2     2
3     2
4     2
5     1
6     1
7     3
8     4
9     3
10    1
11    1
12    3
13    2
14    4
15    1
16    2
17    2
18    2
19    1
20    3
21    1
22    3
23    3
24    5
25    1
26    3
27    1
28    2
29    2
30    2
31    2
32    2
33    1
34    0
35    0
36    1
37    3
38    3
39    4
40    3
41    3
42    1
dtype: int64
Overallocation penalty: 43
Time conflicts: 5
TA Counts per Section: 0      5
1      3
2      4
3      5
4      5
5      5
6      4
7      3
8      7
9      5
10    10
11     8
12     4
13     5
14     2
15    11
16     6
dtype: int64
Undersupport penalty: 0
TA Assignments (per TA): 0     2
1     3
2     2
3     2
4     2
5     1
6     1
7     3
8     4
9     3
10    1
11    1
12    3
13    2
14    4
15    1
16    2
17    2
18    2
19    1
20    3
21    1
22    3
23    3
24    5
25    1
26    3
27    1
28    2
29    2
30    2
31    2
32    2
33    1
34    0
35    0
36    1
37    3
38    3
39    4
40    3
41    3
42    1
dtype: int64
Overallocation penalty: 42
Time conflicts: 5
TA Counts per Section: 0      4
1      3
2      4
3      5
4      5
5      5
6      4
7      3
8      7
9      5
10    10
11     8
12     4
13     5
14     2
15    11
16     6
dtype: int64
Undersupport penalty: 0
TA Assignments (per TA): 0     4
1     3
2     2
3     2
4     2
5     1
6     1
7     3
8     4
9     3
10    1
11    1
12    3
13    2
14    4
15    1
16    2
17    2
18    2
19    1
20    3
21    1
22    3
23    3
24    5
25    1
26    3
27    1
28    2
29    2
30    2
31    2
32    2
33    1
34    0
35    0
36    1
37    3
38    3
39    4
40    3
41    3
42    1
dtype: int64
Overallocation penalty: 44
Time conflicts: 5
TA Counts per Section: 0      6
1      3
2      4
3      5
4      5
5      5
6      4
7      3
8      7
9      5
10    10
11     8
12     4
13     5
14     2
15    11
16     6
dtype: int64
Undersupport penalty: 0
TA Assignments (per TA): 0     2
1     3
2     2
3     2
4     2
5     1
6     1
7     3
8     4
9     3
10    1
11    1
12    3
13    2
14    4
15    1
16    2
17    2
18    2
19    1
20    3
21    1
22    3
23    3
24    5
25    1
26    3
27    1
28    2
29    2
30    2
31    2
32    2
33    1
34    0
35    0
36    1
37    3
38    3
39    4
40    3
41    3
42    1
dtype: int64
Overallocation penalty: 42
Time conflicts: 5
TA Counts per Section: 0      4
1      3
2      4
3      5
4      5
5      5
6      4
7      3
8      7
9      5
10    10
11     8
12     4
13     5
14     2
15    11
16     6
dtype: int64
Undersupport penalty: 0
TA Assignments (per TA): 0     3
1     3
2     2
3     2
4     2
5     1
6     1
7     3
8     4
9     3
10    1
11    1
12    3
13    2
14    4
15    1
16    2
17    2
18    2
19    1
20    3
21    1
22    3
23    3
24    5
25    1
26    3
27    1
28    2
29    2
30    2
31    2
32    2
33    1
34    0
35    0
36    1
37    3
38    3
39    4
40    3
41    3
42    1
dtype: int64
Overallocation penalty: 43
Time conflicts: 5
TA Counts per Section: 0      5
1      3
2      4
3      5
4      5
5      5
6      4
7      3
8      7
9      5
10    10
11     8
12     4
13     5
14     2
15    11
16     6
dtype: int64
Undersupport penalty: 0
TA Assignments (per TA): 0     5
1     3
2     2
3     2
4     2
5     1
6     1
7     3
8     4
9     3
10    1
11    1
12    3
13    2
14    4
15    1
16    2
17    2
18    2
19    1
20    3
21    1
22    3
23    3
24    5
25    1
26    3
27    1
28    2
29    2
30    2
31    2
32    2
33    1
34    0
35    0
36    1
37    3
38    3
39    4
40    3
41    3
42    1
dtype: int64
Overallocation penalty: 45
Time conflicts: 5
TA Counts per Section: 0      7
1      3
2      4
3      5
4      5
5      5
6      4
7      3
8      7
9      5
10    10
11     8
12     4
13     5
14     2
15    11
16     6
dtype: int64
Undersupport penalty: 0
TA Assignments (per TA): 0     2
1     3
2     2
3     2
4     2
5     1
6     1
7     3
8     4
9     3
10    1
11    1
12    3
13    2
14    4
15    1
16    2
17    2
18    2
19    1
20    3
21    1
22    3
23    3
24    5
25    1
26    3
27    1
28    2
29    2
30    2
31    2
32    2
33    1
34    0
35    0
36    1
37    3
38    3
39    4
40    3
41    3
42    1
dtype: int64
Overallocation penalty: 42
Time conflicts: 5
TA Counts per Section: 0      4
1      3
2      4
3      5
4      5
5      5
6      4
7      3
8      7
9      5
10    10
11     8
12     4
13     5
14     2
15    11
16     6
dtype: int64
Undersupport penalty: 0
TA Assignments (per TA): 0     5
1     3
2     2
3     2
4     2
5     1
6     1
7     3
8     4
9     3
10    1
11    1
12    3
13    2
14    4
15    1
16    2
17    2
18    2
19    1
20    3
21    1
22    3
23    3
24    5
25    1
26    3
27    1
28    2
29    2
30    2
31    2
32    2
33    1
34    0
35    0
36    1
37    3
38    3
39    4
40    3
41    3
42    1
dtype: int64
Overallocation penalty: 45
Time conflicts: 5
TA Counts per Section: 0      7
1      3
2      4
3      5
4      5
5      5
6      4
7      3
8      7
9      5
10    10
11     8
12     4
13     5
14     2
15    11
16     6
dtype: int64
Undersupport penalty: 0
TA Assignments (per TA): 0     4
1     3
2     2
3     2
4     2
5     1
6     1
7     3
8     4
9     3
10    1
11    1
12    3
13    2
14    4
15    1
16    2
17    2
18    2
19    1
20    3
21    1
22    3
23    3
24    5
25    1
26    3
27    1
28    2
29    2
30    2
31    2
32    2
33    1
34    0
35    0
36    1
37    3
38    3
39    4
40    3
41    3
42    1
dtype: int64
Overallocation penalty: 44
Time conflicts: 5
TA Counts per Section: 0      6
1      3
2      4
3      5
4      5
5      5
6      4
7      3
8      7
9      5
10    10
11     8
12     4
13     5
14     2
15    11
16     6
dtype: int64
Undersupport penalty: 0
TA Assignments (per TA): 0     4
1     3
2     2
3     2
4     2
5     1
6     1
7     3
8     4
9     3
10    1
11    1
12    3
13    2
14    4
15    1
16    2
17    2
18    2
19    1
20    3
21    1
22    3
23    3
24    5
25    1
26    3
27    1
28    2
29    2
30    2
31    2
32    2
33    1
34    0
35    0
36    1
37    3
38    3
39    4
40    3
41    3
42    1
dtype: int64
Overallocation penalty: 44
Time conflicts: 5
TA Counts per Section: 0      6
1      3
2      4
3      5
4      5
5      5
6      4
7      3
8      7
9      5
10    10
11     8
12     4
13     5
14     2
15    11
16     6
dtype: int64
Undersupport penalty: 0
TA Assignments (per TA): 0     4
1     3
2     2
3     2
4     2
5     1
6     1
7     3
8     4
9     3
10    1
11    1
12    3
13    2
14    4
15    1
16    2
17    2
18    2
19    1
20    3
21    1
22    3
23    3
24    5
25    1
26    3
27    1
28    2
29    2
30    2
31    2
32    2
33    1
34    0
35    0
36    1
37    3
38    3
39    4
40    3
41    3
42    1
dtype: int64
Overallocation penalty: 44
Time conflicts: 5
TA Counts per Section: 0      6
1      3
2      4
3      5
4      5
5      5
6      4
7      3
8      7
9      5
10    10
11     8
12     4
13     5
14     2
15    11
16     6
dtype: int64
Undersupport penalty: 0
TA Assignments (per TA): 0     6
1     3
2     2
3     2
4     2
5     1
6     1
7     3
8     4
9     3
10    1
11    1
12    3
13    2
14    4
15    1
16    2
17    2
18    2
19    1
20    3
21    1
22    3
23    3
24    5
25    1
26    3
27    1
28    2
29    2
30    2
31    2
32    2
33    1
34    0
35    0
36    1
37    3
38    3
39    4
40    3
41    3
42    1
dtype: int64
Overallocation penalty: 46
Time conflicts: 5
TA Counts per Section: 0      8
1      3
2      4
3      5
4      5
5      5
6      4
7      3
8      7
9      5
10    10
11     8
12     4
13     5
14     2
15    11
16     6
dtype: int64
Undersupport penalty: 0
TA Assignments (per TA): 0     5
1     3
2     2
3     2
4     2
5     1
6     1
7     3
8     4
9     3
10    1
11    1
12    3
13    2
14    4
15    1
16    2
17    2
18    2
19    1
20    3
21    1
22    3
23    3
24    5
25    1
26    3
27    1
28    2
29    2
30    2
31    2
32    2
33    1
34    0
35    0
36    1
37    3
38    3
39    4
40    3
41    3
42    1
dtype: int64
Overallocation penalty: 45
Time conflicts: 5
TA Counts per Section: 0      7
1      3
2      4
3      5
4      5
5      5
6      4
7      3
8      7
9      5
10    10
11     8
12     4
13     5
14     2
15    11
16     6
dtype: int64
Undersupport penalty: 0
TA Assignments (per TA): 0     5
1     3
2     2
3     2
4     2
5     1
6     1
7     3
8     4
9     3
10    1
11    1
12    3
13    2
14    4
15    1
16    2
17    2
18    2
19    1
20    3
21    1
22    3
23    3
24    5
25    1
26    3
27    1
28    2
29    2
30    2
31    2
32    2
33    1
34    0
35    0
36    1
37    3
38    3
39    4
40    3
41    3
42    1
dtype: int64
Overallocation penalty: 45
Time conflicts: 5
TA Counts per Section: 0      7
1      3
2      4
3      5
4      5
5      5
6      4
7      3
8      7
9      5
10    10
11     8
12     4
13     5
14     2
15    11
16     6
dtype: int64
Undersupport penalty: 0
TA Assignments (per TA): 0     3
1     3
2     2
3     2
4     2
5     1
6     1
7     3
8     4
9     3
10    1
11    1
12    3
13    2
14    4
15    1
16    2
17    2
18    2
19    1
20    3
21    1
22    3
23    3
24    5
25    1
26    3
27    1
28    2
29    2
30    2
31    2
32    2
33    1
34    0
35    0
36    1
37    3
38    3
39    4
40    3
41    3
42    1
dtype: int64
Overallocation penalty: 43
Time conflicts: 5
TA Counts per Section: 0      5
1      3
2      4
3      5
4      5
5      5
6      4
7      3
8      7
9      5
10    10
11     8
12     4
13     5
14     2
15    11
16     6
dtype: int64
Undersupport penalty: 0
TA Assignments (per TA): 0     6
1     3
2     2
3     2
4     2
5     1
6     1
7     3
8     4
9     3
10    1
11    1
12    3
13    2
14    4
15    1
16    2
17    2
18    2
19    1
20    3
21    1
22    3
23    3
24    5
25    1
26    3
27    1
28    2
29    2
30    2
31    2
32    2
33    1
34    0
35    0
36    1
37    3
38    3
39    4
40    3
41    3
42    1
dtype: int64
Overallocation penalty: 46
Time conflicts: 5
TA Counts per Section: 0      8
1      3
2      4
3      5
4      5
5      5
6      4
7      3
8      7
9      5
10    10
11     8
12     4
13     5
14     2
15    11
16     6
dtype: int64
Undersupport penalty: 0
TA Assignments (per TA): 0     3
1     3
2     2
3     2
4     2
5     1
6     1
7     3
8     4
9     3
10    1
11    1
12    3
13    2
14    4
15    1
16    2
17    2
18    2
19    1
20    3
21    1
22    3
23    3
24    5
25    1
26    3
27    1
28    2
29    2
30    2
31    2
32    2
33    1
34    0
35    0
36    1
37    3
38    3
39    4
40    3
41    3
42    1
dtype: int64
Overallocation penalty: 43
Time conflicts: 5
TA Counts per Section: 0      5
1      3
2      4
3      5
4      5
5      5
6      4
7      3
8      7
9      5
10    10
11     8
12     4
13     5
14     2
15    11
16     6
dtype: int64
Undersupport penalty: 0
TA Assignments (per TA): 0     3
1     3
2     2
3     2
4     2
5     1
6     1
7     3
8     4
9     3
10    1
11    1
12    3
13    2
14    4
15    1
16    2
17    2
18    2
19    1
20    3
21    1
22    3
23    3
24    5
25    1
26    3
27    1
28    2
29    2
30    2
31    2
32    2
33    1
34    0
35    0
36    1
37    3
38    3
39    4
40    3
41    3
42    1
dtype: int64
Overallocation penalty: 43
Time conflicts: 5
TA Counts per Section: 0      5
1      3
2      4
3      5
4      5
5      5
6      4
7      3
8      7
9      5
10    10
11     8
12     4
13     5
14     2
15    11
16     6
dtype: int64
Undersupport penalty: 0
TA Assignments (per TA): 0     6
1     3
2     2
3     2
4     2
5     1
6     1
7     3
8     4
9     3
10    1
11    1
12    3
13    2
14    4
15    1
16    2
17    2
18    2
19    1
20    3
21    1
22    3
23    3
24    5
25    1
26    3
27    1
28    2
29    2
30    2
31    2
32    2
33    1
34    0
35    0
36    1
37    3
38    3
39    4
40    3
41    3
42    1
dtype: int64
Overallocation penalty: 46
Time conflicts: 5
TA Counts per Section: 0      8
1      3
2      4
3      5
4      5
5      5
6      4
7      3
8      7
9      5
10    10
11     8
12     4
13     5
14     2
15    11
16     6
dtype: int64
Undersupport penalty: 0
TA Assignments (per TA): 0     2
1     3
2     2
3     2
4     2
5     1
6     1
7     3
8     4
9     3
10    1
11    1
12    3
13    2
14    4
15    1
16    2
17    2
18    2
19    1
20    3
21    1
22    3
23    3
24    5
25    1
26    3
27    1
28    2
29    2
30    2
31    2
32    2
33    1
34    0
35    0
36    1
37    3
38    3
39    4
40    3
41    3
42    1
dtype: int64
Overallocation penalty: 42
Time conflicts: 5
TA Counts per Section: 0      4
1      3
2      4
3      5
4      5
5      5
6      4
7      3
8      7
9      5
10    10
11     8
12     4
13     5
14     2
15    11
16     6
dtype: int64
Undersupport penalty: 0
TA Assignments (per TA): 0     7
1     3
2     2
3     2
4     2
5     1
6     1
7     3
8     4
9     3
10    1
11    1
12    3
13    2
14    4
15    1
16    2
17    2
18    2
19    1
20    3
21    1
22    3
23    3
24    5
25    1
26    3
27    1
28    2
29    2
30    2
31    2
32    2
33    1
34    0
35    0
36    1
37    3
38    3
39    4
40    3
41    3
42    1
dtype: int64
Overallocation penalty: 47
Time conflicts: 5
TA Counts per Section: 0      9
1      3
2      4
3      5
4      5
5      5
6      4
7      3
8      7
9      5
10    10
11     8
12     4
13     5
14     2
15    11
16     6
dtype: int64
Undersupport penalty: 0
TA Assignments (per TA): 0     7
1     3
2     2
3     2
4     2
5     1
6     1
7     3
8     4
9     3
10    1
11    1
12    3
13    2
14    4
15    1
16    2
17    2
18    2
19    1
20    3
21    1
22    3
23    3
24    5
25    1
26    3
27    1
28    2
29    2
30    2
31    2
32    2
33    1
34    0
35    0
36    1
37    3
38    3
39    4
40    3
41    3
42    1
dtype: int64
Overallocation penalty: 47
Time conflicts: 5
TA Counts per Section: 0      9
1      3
2      4
3      5
4      5
5      5
6      4
7      3
8      7
9      5
10    10
11     8
12     4
13     5
14     2
15    11
16     6
dtype: int64
Undersupport penalty: 0
TA Assignments (per TA): 0     7
1     3
2     2
3     2
4     2
5     1
6     1
7     3
8     4
9     3
10    1
11    1
12    3
13    2
14    4
15    1
16    2
17    2
18    2
19    1
20    3
21    1
22    3
23    3
24    5
25    1
26    3
27    1
28    2
29    2
30    2
31    2
32    2
33    1
34    0
35    0
36    1
37    3
38    3
39    4
40    3
41    3
42    1
dtype: int64
Overallocation penalty: 47
Time conflicts: 5
TA Counts per Section: 0      9
1      3
2      4
3      5
4      5
5      5
6      4
7      3
8      7
9      5
10    10
11     8
12     4
13     5
14     2
15    11
16     6
dtype: int64
Undersupport penalty: 0
TA Assignments (per TA): 0     5
1     3
2     2
3     2
4     2
5     1
6     1
7     3
8     4
9     3
10    1
11    1
12    3
13    2
14    4
15    1
16    2
17    2
18    2
19    1
20    3
21    1
22    3
23    3
24    5
25    1
26    3
27    1
28    2
29    2
30    2
31    2
32    2
33    1
34    0
35    0
36    1
37    3
38    3
39    4
40    3
41    3
42    1
dtype: int64
Overallocation penalty: 45
Time conflicts: 5
TA Counts per Section: 0      7
1      3
2      4
3      5
4      5
5      5
6      4
7      3
8      7
9      5
10    10
11     8
12     4
13     5
14     2
15    11
16     6
dtype: int64
Undersupport penalty: 0
TA Assignments (per TA): 0     5
1     3
2     2
3     2
4     2
5     1
6     1
7     3
8     4
9     3
10    1
11    1
12    3
13    2
14    4
15    1
16    2
17    2
18    2
19    1
20    3
21    1
22    3
23    3
24    5
25    1
26    3
27    1
28    2
29    2
30    2
31    2
32    2
33    1
34    0
35    0
36    1
37    3
38    3
39    4
40    3
41    3
42    1
dtype: int64
Overallocation penalty: 45
Time conflicts: 5
TA Counts per Section: 0      7
1      3
2      4
3      5
4      5
5      5
6      4
7      3
8      7
9      5
10    10
11     8
12     4
13     5
14     2
15    11
16     6
dtype: int64
Undersupport penalty: 0
TA Assignments (per TA): 0     7
1     3
2     2
3     2
4     2
5     1
6     1
7     3
8     4
9     3
10    1
11    1
12    3
13    2
14    4
15    1
16    2
17    2
18    2
19    1
20    3
21    1
22    3
23    3
24    5
25    1
26    3
27    1
28    2
29    2
30    2
31    2
32    2
33    1
34    0
35    0
36    1
37    3
38    3
39    4
40    3
41    3
42    1
dtype: int64
Overallocation penalty: 47
Time conflicts: 5
TA Counts per Section: 0      9
1      3
2      4
3      5
4      5
5      5
6      4
7      3
8      7
9      5
10    10
11     8
12     4
13     5
14     2
15    11
16     6
dtype: int64
Undersupport penalty: 0
TA Assignments (per TA): 0     5
1     3
2     2
3     2
4     2
5     1
6     1
7     3
8     4
9     3
10    1
11    1
12    3
13    2
14    4
15    1
16    2
17    2
18    2
19    1
20    3
21    1
22    3
23    3
24    5
25    1
26    3
27    1
28    2
29    2
30    2
31    2
32    2
33    1
34    0
35    0
36    1
37    3
38    3
39    4
40    3
41    3
42    1
dtype: int64
Overallocation penalty: 45
Time conflicts: 5
TA Counts per Section: 0      7
1      3
2      4
3      5
4      5
5      5
6      4
7      3
8      7
9      5
10    10
11     8
12     4
13     5
14     2
15    11
16     6
dtype: int64
Undersupport penalty: 0
TA Assignments (per TA): 0     4
1     3
2     2
3     2
4     2
5     1
6     1
7     3
8     4
9     3
10    1
11    1
12    3
13    2
14    4
15    1
16    2
17    2
18    2
19    1
20    3
21    1
22    3
23    3
24    5
25    1
26    3
27    1
28    2
29    2
30    2
31    2
32    2
33    1
34    0
35    0
36    1
37    3
38    3
39    4
40    3
41    3
42    1
dtype: int64
Overallocation penalty: 44
Time conflicts: 5
TA Counts per Section: 0      6
1      3
2      4
3      5
4      5
5      5
6      4
7      3
8      7
9      5
10    10
11     8
12     4
13     5
14     2
15    11
16     6
dtype: int64
Undersupport penalty: 0
TA Assignments (per TA): 0     2
1     3
2     2
3     2
4     2
5     1
6     1
7     3
8     4
9     3
10    1
11    1
12    3
13    2
14    4
15    1
16    2
17    2
18    2
19    1
20    3
21    1
22    3
23    3
24    5
25    1
26    3
27    1
28    2
29    2
30    2
31    2
32    2
33    1
34    0
35    0
36    1
37    3
38    3
39    4
40    3
41    3
42    1
dtype: int64
Overallocation penalty: 42
Time conflicts: 5
TA Counts per Section: 0      4
1      3
2      4
3      5
4      5
5      5
6      4
7      3
8      7
9      5
10    10
11     8
12     4
13     5
14     2
15    11
16     6
dtype: int64
Undersupport penalty: 0
TA Assignments (per TA): 0     4
1     3
2     2
3     2
4     2
5     1
6     1
7     3
8     4
9     3
10    1
11    1
12    3
13    2
14    4
15    1
16    2
17    2
18    2
19    1
20    3
21    1
22    3
23    3
24    5
25    1
26    3
27    1
28    2
29    2
30    2
31    2
32    2
33    1
34    0
35    0
36    1
37    3
38    3
39    4
40    3
41    3
42    1
dtype: int64
Overallocation penalty: 44
Time conflicts: 5
TA Counts per Section: 0      6
1      3
2      4
3      5
4      5
5      5
6      4
7      3
8      7
9      5
10    10
11     8
12     4
13     5
14     2
15    11
16     6
dtype: int64
Undersupport penalty: 0
TA Assignments (per TA): 0     4
1     3
2     2
3     2
4     2
5     1
6     1
7     3
8     4
9     3
10    1
11    1
12    3
13    2
14    4
15    1
16    2
17    2
18    2
19    1
20    3
21    1
22    3
23    3
24    5
25    1
26    3
27    1
28    2
29    2
30    2
31    2
32    2
33    1
34    0
35    0
36    1
37    3
38    3
39    4
40    3
41    3
42    1
dtype: int64
Overallocation penalty: 44
Time conflicts: 5
TA Counts per Section: 0      6
1      3
2      4
3      5
4      5
5      5
6      4
7      3
8      7
9      5
10    10
11     8
12     4
13     5
14     2
15    11
16     6
dtype: int64
Undersupport penalty: 0
TA Assignments (per TA): 0     7
1     3
2     2
3     2
4     2
5     1
6     1
7     3
8     4
9     3
10    1
11    1
12    3
13    2
14    4
15    1
16    2
17    2
18    2
19    1
20    3
21    1
22    3
23    3
24    5
25    1
26    3
27    1
28    2
29    2
30    2
31    2
32    2
33    1
34    0
35    0
36    1
37    3
38    3
39    4
40    3
41    3
42    1
dtype: int64
Overallocation penalty: 47
Time conflicts: 5
TA Counts per Section: 0      9
1      3
2      4
3      5
4      5
5      5
6      4
7      3
8      7
9      5
10    10
11     8
12     4
13     5
14     2
15    11
16     6
dtype: int64
Undersupport penalty: 0
TA Assignments (per TA): 0     7
1     3
2     2
3     2
4     2
5     1
6     1
7     3
8     4
9     3
10    1
11    1
12    3
13    2
14    4
15    1
16    2
17    2
18    2
19    1
20    3
21    1
22    3
23    3
24    5
25    1
26    3
27    1
28    2
29    2
30    2
31    2
32    2
33    1
34    0
35    0
36    1
37    3
38    3
39    4
40    3
41    3
42    1
dtype: int64
Overallocation penalty: 47
Time conflicts: 5
TA Counts per Section: 0      9
1      3
2      4
3      5
4      5
5      5
6      4
7      3
8      7
9      5
10    10
11     8
12     4
13     5
14     2
15    11
16     6
dtype: int64
Undersupport penalty: 0
TA Assignments (per TA): 0     5
1     3
2     2
3     2
4     2
5     1
6     1
7     3
8     4
9     3
10    1
11    1
12    3
13    2
14    4
15    1
16    2
17    2
18    2
19    1
20    3
21    1
22    3
23    3
24    5
25    1
26    3
27    1
28    2
29    2
30    2
31    2
32    2
33    1
34    0
35    0
36    1
37    3
38    3
39    4
40    3
41    3
42    1
dtype: int64
Overallocation penalty: 45
Time conflicts: 5
TA Counts per Section: 0      7
1      3
2      4
3      5
4      5
5      5
6      4
7      3
8      7
9      5
10    10
11     8
12     4
13     5
14     2
15    11
16     6
dtype: int64
Undersupport penalty: 0
TA Assignments (per TA): 0     5
1     3
2     2
3     2
4     2
5     1
6     1
7     3
8     4
9     3
10    1
11    1
12    3
13    2
14    4
15    1
16    2
17    2
18    2
19    1
20    3
21    1
22    3
23    3
24    5
25    1
26    3
27    1
28    2
29    2
30    2
31    2
32    2
33    1
34    0
35    0
36    1
37    3
38    3
39    4
40    3
41    3
42    1
dtype: int64
Overallocation penalty: 45
Time conflicts: 5
TA Counts per Section: 0      7
1      3
2      4
3      5
4      5
5      5
6      4
7      3
8      7
9      5
10    10
11     8
12     4
13     5
14     2
15    11
16     6
dtype: int64
Undersupport penalty: 0
TA Assignments (per TA): 0     8
1     3
2     2
3     2
4     2
5     1
6     1
7     3
8     4
9     3
10    1
11    1
12    3
13    2
14    4
15    1
16    2
17    2
18    2
19    1
20    3
21    1
22    3
23    3
24    5
25    1
26    3
27    1
28    2
29    2
30    2
31    2
32    2
33    1
34    0
35    0
36    1
37    3
38    3
39    4
40    3
41    3
42    1
dtype: int64
Overallocation penalty: 48
Time conflicts: 5
TA Counts per Section: 0     10
1      3
2      4
3      5
4      5
5      5
6      4
7      3
8      7
9      5
10    10
11     8
12     4
13     5
14     2
15    11
16     6
dtype: int64
Undersupport penalty: 0
TA Assignments (per TA): 0     5
1     3
2     2
3     2
4     2
5     1
6     1
7     3
8     4
9     3
10    1
11    1
12    3
13    2
14    4
15    1
16    2
17    2
18    2
19    1
20    3
21    1
22    3
23    3
24    5
25    1
26    3
27    1
28    2
29    2
30    2
31    2
32    2
33    1
34    0
35    0
36    1
37    3
38    3
39    4
40    3
41    3
42    1
dtype: int64
Overallocation penalty: 45
Time conflicts: 5
TA Counts per Section: 0      7
1      3
2      4
3      5
4      5
5      5
6      4
7      3
8      7
9      5
10    10
11     8
12     4
13     5
14     2
15    11
16     6
dtype: int64
Undersupport penalty: 0
TA Assignments (per TA): 0     2
1     3
2     2
3     2
4     2
5     1
6     1
7     3
8     4
9     3
10    1
11    1
12    3
13    2
14    4
15    1
16    2
17    2
18    2
19    1
20    3
21    1
22    3
23    3
24    5
25    1
26    3
27    1
28    2
29    2
30    2
31    2
32    2
33    1
34    0
35    0
36    1
37    3
38    3
39    4
40    3
41    3
42    1
dtype: int64
Overallocation penalty: 42
Time conflicts: 5
TA Counts per Section: 0      4
1      3
2      4
3      5
4      5
5      5
6      4
7      3
8      7
9      5
10    10
11     8
12     4
13     5
14     2
15    11
16     6
dtype: int64
Undersupport penalty: 0
TA Assignments (per TA): 0     6
1     3
2     2
3     2
4     2
5     1
6     1
7     3
8     4
9     3
10    1
11    1
12    3
13    2
14    4
15    1
16    2
17    2
18    2
19    1
20    3
21    1
22    3
23    3
24    5
25    1
26    3
27    1
28    2
29    2
30    2
31    2
32    2
33    1
34    0
35    0
36    1
37    3
38    3
39    4
40    3
41    3
42    1
dtype: int64
Overallocation penalty: 46
Time conflicts: 5
TA Counts per Section: 0      8
1      3
2      4
3      5
4      5
5      5
6      4
7      3
8      7
9      5
10    10
11     8
12     4
13     5
14     2
15    11
16     6
dtype: int64
Undersupport penalty: 0
TA Assignments (per TA): 0     4
1     3
2     2
3     2
4     2
5     1
6     1
7     3
8     4
9     3
10    1
11    1
12    3
13    2
14    4
15    1
16    2
17    2
18    2
19    1
20    3
21    1
22    3
23    3
24    5
25    1
26    3
27    1
28    2
29    2
30    2
31    2
32    2
33    1
34    0
35    0
36    1
37    3
38    3
39    4
40    3
41    3
42    1
dtype: int64
Overallocation penalty: 44
Time conflicts: 5
TA Counts per Section: 0      6
1      3
2      4
3      5
4      5
5      5
6      4
7      3
8      7
9      5
10    10
11     8
12     4
13     5
14     2
15    11
16     6
dtype: int64
Undersupport penalty: 0
TA Assignments (per TA): 0     2
1     3
2     2
3     2
4     2
5     1
6     1
7     3
8     4
9     3
10    1
11    1
12    3
13    2
14    4
15    1
16    2
17    2
18    2
19    1
20    3
21    1
22    3
23    3
24    5
25    1
26    3
27    1
28    2
29    2
30    2
31    2
32    2
33    1
34    0
35    0
36    1
37    3
38    3
39    4
40    3
41    3
42    1
dtype: int64
Overallocation penalty: 42
Time conflicts: 5
TA Counts per Section: 0      4
1      3
2      4
3      5
4      5
5      5
6      4
7      3
8      7
9      5
10    10
11     8
12     4
13     5
14     2
15    11
16     6
dtype: int64
Undersupport penalty: 0
TA Assignments (per TA): 0     5
1     3
2     2
3     2
4     2
5     1
6     1
7     3
8     4
9     3
10    1
11    1
12    3
13    2
14    4
15    1
16    2
17    2
18    2
19    1
20    3
21    1
22    3
23    3
24    5
25    1
26    3
27    1
28    2
29    2
30    2
31    2
32    2
33    1
34    0
35    0
36    1
37    3
38    3
39    4
40    3
41    3
42    1
dtype: int64
Overallocation penalty: 45
Time conflicts: 5
TA Counts per Section: 0      7
1      3
2      4
3      5
4      5
5      5
6      4
7      3
8      7
9      5
10    10
11     8
12     4
13     5
14     2
15    11
16     6
dtype: int64
Undersupport penalty: 0
TA Assignments (per TA): 0     4
1     3
2     2
3     2
4     2
5     1
6     1
7     3
8     4
9     3
10    1
11    1
12    3
13    2
14    4
15    1
16    2
17    2
18    2
19    1
20    3
21    1
22    3
23    3
24    5
25    1
26    3
27    1
28    2
29    2
30    2
31    2
32    2
33    1
34    0
35    0
36    1
37    3
38    3
39    4
40    3
41    3
42    1
dtype: int64
Overallocation penalty: 44
Time conflicts: 5
TA Counts per Section: 0      6
1      3
2      4
3      5
4      5
5      5
6      4
7      3
8      7
9      5
10    10
11     8
12     4
13     5
14     2
15    11
16     6
dtype: int64
Undersupport penalty: 0
TA Assignments (per TA): 0     8
1     3
2     2
3     2
4     2
5     1
6     1
7     3
8     4
9     3
10    1
11    1
12    3
13    2
14    4
15    1
16    2
17    2
18    2
19    1
20    3
21    1
22    3
23    3
24    5
25    1
26    3
27    1
28    2
29    2
30    2
31    2
32    2
33    1
34    0
35    0
36    1
37    3
38    3
39    4
40    3
41    3
42    1
dtype: int64
Overallocation penalty: 48
Time conflicts: 5
TA Counts per Section: 0     10
1      3
2      4
3      5
4      5
5      5
6      4
7      3
8      7
9      5
10    10
11     8
12     4
13     5
14     2
15    11
16     6
dtype: int64
Undersupport penalty: 0
TA Assignments (per TA): 0     2
1     3
2     2
3     2
4     2
5     1
6     1
7     3
8     4
9     3
10    1
11    1
12    3
13    2
14    4
15    1
16    2
17    2
18    2
19    1
20    3
21    1
22    3
23    3
24    5
25    1
26    3
27    1
28    2
29    2
30    2
31    2
32    2
33    1
34    0
35    0
36    1
37    3
38    3
39    4
40    3
41    3
42    1
dtype: int64
Overallocation penalty: 42
Time conflicts: 5
TA Counts per Section: 0      4
1      3
2      4
3      5
4      5
5      5
6      4
7      3
8      7
9      5
10    10
11     8
12     4
13     5
14     2
15    11
16     6
dtype: int64
Undersupport penalty: 0
TA Assignments (per TA): 0     3
1     3
2     2
3     2
4     2
5     1
6     1
7     3
8     4
9     3
10    1
11    1
12    3
13    2
14    4
15    1
16    2
17    2
18    2
19    1
20    3
21    1
22    3
23    3
24    5
25    1
26    3
27    1
28    2
29    2
30    2
31    2
32    2
33    1
34    0
35    0
36    1
37    3
38    3
39    4
40    3
41    3
42    1
dtype: int64
Overallocation penalty: 43
Time conflicts: 5
TA Counts per Section: 0      5
1      3
2      4
3      5
4      5
5      5
6      4
7      3
8      7
9      5
10    10
11     8
12     4
13     5
14     2
15    11
16     6
dtype: int64
Undersupport penalty: 0
TA Assignments (per TA): 0     5
1     3
2     2
3     2
4     2
5     1
6     1
7     3
8     4
9     3
10    1
11    1
12    3
13    2
14    4
15    1
16    2
17    2
18    2
19    1
20    3
21    1
22    3
23    3
24    5
25    1
26    3
27    1
28    2
29    2
30    2
31    2
32    2
33    1
34    0
35    0
36    1
37    3
38    3
39    4
40    3
41    3
42    1
dtype: int64
Overallocation penalty: 45
Time conflicts: 5
TA Counts per Section: 0      7
1      3
2      4
3      5
4      5
5      5
6      4
7      3
8      7
9      5
10    10
11     8
12     4
13     5
14     2
15    11
16     6
dtype: int64
Undersupport penalty: 0
TA Assignments (per TA): 0     3
1     3
2     2
3     2
4     2
5     1
6     1
7     3
8     4
9     3
10    1
11    1
12    3
13    2
14    4
15    1
16    2
17    2
18    2
19    1
20    3
21    1
22    3
23    3
24    5
25    1
26    3
27    1
28    2
29    2
30    2
31    2
32    2
33    1
34    0
35    0
36    1
37    3
38    3
39    4
40    3
41    3
42    1
dtype: int64
Overallocation penalty: 43
Time conflicts: 5
TA Counts per Section: 0      5
1      3
2      4
3      5
4      5
5      5
6      4
7      3
8      7
9      5
10    10
11     8
12     4
13     5
14     2
15    11
16     6
dtype: int64
Undersupport penalty: 0
TA Assignments (per TA): 0     4
1     3
2     2
3     2
4     2
5     1
6     1
7     3
8     4
9     3
10    1
11    1
12    3
13    2
14    4
15    1
16    2
17    2
18    2
19    1
20    3
21    1
22    3
23    3
24    5
25    1
26    3
27    1
28    2
29    2
30    2
31    2
32    2
33    1
34    0
35    0
36    1
37    3
38    3
39    4
40    3
41    3
42    1
dtype: int64
Overallocation penalty: 44
Time conflicts: 5
TA Counts per Section: 0      6
1      3
2      4
3      5
4      5
5      5
6      4
7      3
8      7
9      5
10    10
11     8
12     4
13     5
14     2
15    11
16     6
dtype: int64
Undersupport penalty: 0
TA Assignments (per TA): 0     9
1     3
2     2
3     2
4     2
5     1
6     1
7     3
8     4
9     3
10    1
11    1
12    3
13    2
14    4
15    1
16    2
17    2
18    2
19    1
20    3
21    1
22    3
23    3
24    5
25    1
26    3
27    1
28    2
29    2
30    2
31    2
32    2
33    1
34    0
35    0
36    1
37    3
38    3
39    4
40    3
41    3
42    1
dtype: int64
Overallocation penalty: 49
Time conflicts: 5
TA Counts per Section: 0     11
1      3
2      4
3      5
4      5
5      5
6      4
7      3
8      7
9      5
10    10
11     8
12     4
13     5
14     2
15    11
16     6
dtype: int64
Undersupport penalty: 0
TA Assignments (per TA): 0     6
1     3
2     2
3     2
4     2
5     1
6     1
7     3
8     4
9     3
10    1
11    1
12    3
13    2
14    4
15    1
16    2
17    2
18    2
19    1
20    3
21    1
22    3
23    3
24    5
25    1
26    3
27    1
28    2
29    2
30    2
31    2
32    2
33    1
34    0
35    0
36    1
37    3
38    3
39    4
40    3
41    3
42    1
dtype: int64
Overallocation penalty: 46
Time conflicts: 5
TA Counts per Section: 0      8
1      3
2      4
3      5
4      5
5      5
6      4
7      3
8      7
9      5
10    10
11     8
12     4
13     5
14     2
15    11
16     6
dtype: int64
Undersupport penalty: 0
TA Assignments (per TA): 0     2
1     3
2     2
3     2
4     2
5     1
6     1
7     3
8     4
9     3
10    1
11    1
12    3
13    2
14    4
15    1
16    2
17    2
18    2
19    1
20    3
21    1
22    3
23    3
24    5
25    1
26    3
27    1
28    2
29    2
30    2
31    2
32    2
33    1
34    0
35    0
36    1
37    3
38    3
39    4
40    3
41    3
42    1
dtype: int64
Overallocation penalty: 42
Time conflicts: 5
TA Counts per Section: 0      4
1      3
2      4
3      5
4      5
5      5
6      4
7      3
8      7
9      5
10    10
11     8
12     4
13     5
14     2
15    11
16     6
dtype: int64
Undersupport penalty: 0
TA Assignments (per TA): 0     9
1     3
2     2
3     2
4     2
5     1
6     1
7     3
8     4
9     3
10    1
11    1
12    3
13    2
14    4
15    1
16    2
17    2
18    2
19    1
20    3
21    1
22    3
23    3
24    5
25    1
26    3
27    1
28    2
29    2
30    2
31    2
32    2
33    1
34    0
35    0
36    1
37    3
38    3
39    4
40    3
41    3
42    1
dtype: int64
Overallocation penalty: 49
Time conflicts: 5
TA Counts per Section: 0     11
1      3
2      4
3      5
4      5
5      5
6      4
7      3
8      7
9      5
10    10
11     8
12     4
13     5
14     2
15    11
16     6
dtype: int64
Undersupport penalty: 0
TA Assignments (per TA): 0     9
1     3
2     2
3     2
4     2
5     1
6     1
7     3
8     4
9     3
10    1
11    1
12    3
13    2
14    4
15    1
16    2
17    2
18    2
19    1
20    3
21    1
22    3
23    3
24    5
25    1
26    3
27    1
28    2
29    2
30    2
31    2
32    2
33    1
34    0
35    0
36    1
37    3
38    3
39    4
40    3
41    3
42    1
dtype: int64
Overallocation penalty: 49
Time conflicts: 5
TA Counts per Section: 0     11
1      3
2      4
3      5
4      5
5      5
6      4
7      3
8      7
9      5
10    10
11     8
12     4
13     5
14     2
15    11
16     6
dtype: int64
Undersupport penalty: 0
TA Assignments (per TA): 0     6
1     3
2     2
3     2
4     2
5     1
6     1
7     3
8     4
9     3
10    1
11    1
12    3
13    2
14    4
15    1
16    2
17    2
18    2
19    1
20    3
21    1
22    3
23    3
24    5
25    1
26    3
27    1
28    2
29    2
30    2
31    2
32    2
33    1
34    0
35    0
36    1
37    3
38    3
39    4
40    3
41    3
42    1
dtype: int64
Overallocation penalty: 46
Time conflicts: 5
TA Counts per Section: 0      8
1      3
2      4
3      5
4      5
5      5
6      4
7      3
8      7
9      5
10    10
11     8
12     4
13     5
14     2
15    11
16     6
dtype: int64
Undersupport penalty: 0
TA Assignments (per TA): 0     5
1     3
2     2
3     2
4     2
5     1
6     1
7     3
8     4
9     3
10    1
11    1
12    3
13    2
14    4
15    1
16    2
17    2
18    2
19    1
20    3
21    1
22    3
23    3
24    5
25    1
26    3
27    1
28    2
29    2
30    2
31    2
32    2
33    1
34    0
35    0
36    1
37    3
38    3
39    4
40    3
41    3
42    1
dtype: int64
Overallocation penalty: 45
Time conflicts: 5
TA Counts per Section: 0      7
1      3
2      4
3      5
4      5
5      5
6      4
7      3
8      7
9      5
10    10
11     8
12     4
13     5
14     2
15    11
16     6
dtype: int64
Undersupport penalty: 0
TA Assignments (per TA): 0     5
1     3
2     2
3     2
4     2
5     1
6     1
7     3
8     4
9     3
10    1
11    1
12    3
13    2
14    4
15    1
16    2
17    2
18    2
19    1
20    3
21    1
22    3
23    3
24    5
25    1
26    3
27    1
28    2
29    2
30    2
31    2
32    2
33    1
34    0
35    0
36    1
37    3
38    3
39    4
40    3
41    3
42    1
dtype: int64
Overallocation penalty: 45
Time conflicts: 5
TA Counts per Section: 0      7
1      3
2      4
3      5
4      5
5      5
6      4
7      3
8      7
9      5
10    10
11     8
12     4
13     5
14     2
15    11
16     6
dtype: int64
Undersupport penalty: 0
TA Assignments (per TA): 0     6
1     3
2     2
3     2
4     2
5     1
6     1
7     3
8     4
9     3
10    1
11    1
12    3
13    2
14    4
15    1
16    2
17    2
18    2
19    1
20    3
21    1
22    3
23    3
24    5
25    1
26    3
27    1
28    2
29    2
30    2
31    2
32    2
33    1
34    0
35    0
36    1
37    3
38    3
39    4
40    3
41    3
42    1
dtype: int64
Overallocation penalty: 46
Time conflicts: 5
TA Counts per Section: 0      8
1      3
2      4
3      5
4      5
5      5
6      4
7      3
8      7
9      5
10    10
11     8
12     4
13     5
14     2
15    11
16     6
dtype: int64
Undersupport penalty: 0
TA Assignments (per TA): 0     7
1     3
2     2
3     2
4     2
5     1
6     1
7     3
8     4
9     3
10    1
11    1
12    3
13    2
14    4
15    1
16    2
17    2
18    2
19    1
20    3
21    1
22    3
23    3
24    5
25    1
26    3
27    1
28    2
29    2
30    2
31    2
32    2
33    1
34    0
35    0
36    1
37    3
38    3
39    4
40    3
41    3
42    1
dtype: int64
Overallocation penalty: 47
Time conflicts: 5
TA Counts per Section: 0      9
1      3
2      4
3      5
4      5
5      5
6      4
7      3
8      7
9      5
10    10
11     8
12     4
13     5
14     2
15    11
16     6
dtype: int64
Undersupport penalty: 0
TA Assignments (per TA): 0     7
1     3
2     2
3     2
4     2
5     1
6     1
7     3
8     4
9     3
10    1
11    1
12    3
13    2
14    4
15    1
16    2
17    2
18    2
19    1
20    3
21    1
22    3
23    3
24    5
25    1
26    3
27    1
28    2
29    2
30    2
31    2
32    2
33    1
34    0
35    0
36    1
37    3
38    3
39    4
40    3
41    3
42    1
dtype: int64
Overallocation penalty: 47
Time conflicts: 5
TA Counts per Section: 0      9
1      3
2      4
3      5
4      5
5      5
6      4
7      3
8      7
9      5
10    10
11     8
12     4
13     5
14     2
15    11
16     6
dtype: int64
Undersupport penalty: 0
TA Assignments (per TA): 0     6
1     3
2     2
3     2
4     2
5     1
6     1
7     3
8     4
9     3
10    1
11    1
12    3
13    2
14    4
15    1
16    2
17    2
18    2
19    1
20    3
21    1
22    3
23    3
24    5
25    1
26    3
27    1
28    2
29    2
30    2
31    2
32    2
33    1
34    0
35    0
36    1
37    3
38    3
39    4
40    3
41    3
42    1
dtype: int64
Overallocation penalty: 46
Time conflicts: 5
TA Counts per Section: 0      8
1      3
2      4
3      5
4      5
5      5
6      4
7      3
8      7
9      5
10    10
11     8
12     4
13     5
14     2
15    11
16     6
dtype: int64
Undersupport penalty: 0
TA Assignments (per TA): 0     2
1     3
2     2
3     2
4     2
5     1
6     1
7     3
8     4
9     3
10    1
11    1
12    3
13    2
14    4
15    1
16    2
17    2
18    2
19    1
20    3
21    1
22    3
23    3
24    5
25    1
26    3
27    1
28    2
29    2
30    2
31    2
32    2
33    1
34    0
35    0
36    1
37    3
38    3
39    4
40    3
41    3
42    1
dtype: int64
Overallocation penalty: 42
Time conflicts: 5
TA Counts per Section: 0      4
1      3
2      4
3      5
4      5
5      5
6      4
7      3
8      7
9      5
10    10
11     8
12     4
13     5
14     2
15    11
16     6
dtype: int64
Undersupport penalty: 0
TA Assignments (per TA): 0     8
1     3
2     2
3     2
4     2
5     1
6     1
7     3
8     4
9     3
10    1
11    1
12    3
13    2
14    4
15    1
16    2
17    2
18    2
19    1
20    3
21    1
22    3
23    3
24    5
25    1
26    3
27    1
28    2
29    2
30    2
31    2
32    2
33    1
34    0
35    0
36    1
37    3
38    3
39    4
40    3
41    3
42    1
dtype: int64
Overallocation penalty: 48
Time conflicts: 5
TA Counts per Section: 0     10
1      3
2      4
3      5
4      5
5      5
6      4
7      3
8      7
9      5
10    10
11     8
12     4
13     5
14     2
15    11
16     6
dtype: int64
Undersupport penalty: 0
TA Assignments (per TA): 0     6
1     3
2     2
3     2
4     2
5     1
6     1
7     3
8     4
9     3
10    1
11    1
12    3
13    2
14    4
15    1
16    2
17    2
18    2
19    1
20    3
21    1
22    3
23    3
24    5
25    1
26    3
27    1
28    2
29    2
30    2
31    2
32    2
33    1
34    0
35    0
36    1
37    3
38    3
39    4
40    3
41    3
42    1
dtype: int64
Overallocation penalty: 46
Time conflicts: 5
TA Counts per Section: 0      8
1      3
2      4
3      5
4      5
5      5
6      4
7      3
8      7
9      5
10    10
11     8
12     4
13     5
14     2
15    11
16     6
dtype: int64
Undersupport penalty: 0
TA Assignments (per TA): 0     3
1     3
2     2
3     2
4     2
5     1
6     1
7     3
8     4
9     3
10    1
11    1
12    3
13    2
14    4
15    1
16    2
17    2
18    2
19    1
20    3
21    1
22    3
23    3
24    5
25    1
26    3
27    1
28    2
29    2
30    2
31    2
32    2
33    1
34    0
35    0
36    1
37    3
38    3
39    4
40    3
41    3
42    1
dtype: int64
Overallocation penalty: 43
Time conflicts: 5
TA Counts per Section: 0      5
1      3
2      4
3      5
4      5
5      5
6      4
7      3
8      7
9      5
10    10
11     8
12     4
13     5
14     2
15    11
16     6
dtype: int64
Undersupport penalty: 0
TA Assignments (per TA): 0     7
1     3
2     2
3     2
4     2
5     1
6     1
7     3
8     4
9     3
10    1
11    1
12    3
13    2
14    4
15    1
16    2
17    2
18    2
19    1
20    3
21    1
22    3
23    3
24    5
25    1
26    3
27    1
28    2
29    2
30    2
31    2
32    2
33    1
34    0
35    0
36    1
37    3
38    3
39    4
40    3
41    3
42    1
dtype: int64
Overallocation penalty: 47
Time conflicts: 5
TA Counts per Section: 0      9
1      3
2      4
3      5
4      5
5      5
6      4
7      3
8      7
9      5
10    10
11     8
12     4
13     5
14     2
15    11
16     6
dtype: int64
Undersupport penalty: 0
TA Assignments (per TA): 0     6
1     3
2     2
3     2
4     2
5     1
6     1
7     3
8     4
9     3
10    1
11    1
12    3
13    2
14    4
15    1
16    2
17    2
18    2
19    1
20    3
21    1
22    3
23    3
24    5
25    1
26    3
27    1
28    2
29    2
30    2
31    2
32    2
33    1
34    0
35    0
36    1
37    3
38    3
39    4
40    3
41    3
42    1
dtype: int64
Overallocation penalty: 46
Time conflicts: 5
TA Counts per Section: 0      8
1      3
2      4
3      5
4      5
5      5
6      4
7      3
8      7
9      5
10    10
11     8
12     4
13     5
14     2
15    11
16     6
dtype: int64
Undersupport penalty: 0
TA Assignments (per TA): 0     3
1     3
2     2
3     2
4     2
5     1
6     1
7     3
8     4
9     3
10    1
11    1
12    3
13    2
14    4
15    1
16    2
17    2
18    2
19    1
20    3
21    1
22    3
23    3
24    5
25    1
26    3
27    1
28    2
29    2
30    2
31    2
32    2
33    1
34    0
35    0
36    1
37    3
38    3
39    4
40    3
41    3
42    1
dtype: int64
Overallocation penalty: 43
Time conflicts: 5
TA Counts per Section: 0      5
1      3
2      4
3      5
4      5
5      5
6      4
7      3
8      7
9      5
10    10
11     8
12     4
13     5
14     2
15    11
16     6
dtype: int64
Undersupport penalty: 0
TA Assignments (per TA): 0     7
1     3
2     2
3     2
4     2
5     1
6     1
7     3
8     4
9     3
10    1
11    1
12    3
13    2
14    4
15    1
16    2
17    2
18    2
19    1
20    3
21    1
22    3
23    3
24    5
25    1
26    3
27    1
28    2
29    2
30    2
31    2
32    2
33    1
34    0
35    0
36    1
37    3
38    3
39    4
40    3
41    3
42    1
dtype: int64
Overallocation penalty: 47
Time conflicts: 5
TA Counts per Section: 0      9
1      3
2      4
3      5
4      5
5      5
6      4
7      3
8      7
9      5
10    10
11     8
12     4
13     5
14     2
15    11
16     6
dtype: int64
Undersupport penalty: 0
TA Assignments (per TA): 0     5
1     3
2     2
3     2
4     2
5     1
6     1
7     3
8     4
9     3
10    1
11    1
12    3
13    2
14    4
15    1
16    2
17    2
18    2
19    1
20    3
21    1
22    3
23    3
24    5
25    1
26    3
27    1
28    2
29    2
30    2
31    2
32    2
33    1
34    0
35    0
36    1
37    3
38    3
39    4
40    3
41    3
42    1
dtype: int64
Overallocation penalty: 45
Time conflicts: 5
TA Counts per Section: 0      7
1      3
2      4
3      5
4      5
5      5
6      4
7      3
8      7
9      5
10    10
11     8
12     4
13     5
14     2
15    11
16     6
dtype: int64
Undersupport penalty: 0
TA Assignments (per TA): 0     6
1     3
2     2
3     2
4     2
5     1
6     1
7     3
8     4
9     3
10    1
11    1
12    3
13    2
14    4
15    1
16    2
17    2
18    2
19    1
20    3
21    1
22    3
23    3
24    5
25    1
26    3
27    1
28    2
29    2
30    2
31    2
32    2
33    1
34    0
35    0
36    1
37    3
38    3
39    4
40    3
41    3
42    1
dtype: int64
Overallocation penalty: 46
Time conflicts: 5
TA Counts per Section: 0      8
1      3
2      4
3      5
4      5
5      5
6      4
7      3
8      7
9      5
10    10
11     8
12     4
13     5
14     2
15    11
16     6
dtype: int64
Undersupport penalty: 0
TA Assignments (per TA): 0     7
1     3
2     2
3     2
4     2
5     1
6     1
7     3
8     4
9     3
10    1
11    1
12    3
13    2
14    4
15    1
16    2
17    2
18    2
19    1
20    3
21    1
22    3
23    3
24    5
25    1
26    3
27    1
28    2
29    2
30    2
31    2
32    2
33    1
34    0
35    0
36    1
37    3
38    3
39    4
40    3
41    3
42    1
dtype: int64
Overallocation penalty: 47
Time conflicts: 5
TA Counts per Section: 0      9
1      3
2      4
3      5
4      5
5      5
6      4
7      3
8      7
9      5
10    10
11     8
12     4
13     5
14     2
15    11
16     6
dtype: int64
Undersupport penalty: 0
TA Assignments (per TA): 0     8
1     3
2     2
3     2
4     2
5     1
6     1
7     3
8     4
9     3
10    1
11    1
12    3
13    2
14    4
15    1
16    2
17    2
18    2
19    1
20    3
21    1
22    3
23    3
24    5
25    1
26    3
27    1
28    2
29    2
30    2
31    2
32    2
33    1
34    0
35    0
36    1
37    3
38    3
39    4
40    3
41    3
42    1
dtype: int64
Overallocation penalty: 48
Time conflicts: 5
TA Counts per Section: 0     10
1      3
2      4
3      5
4      5
5      5
6      4
7      3
8      7
9      5
10    10
11     8
12     4
13     5
14     2
15    11
16     6
dtype: int64
Undersupport penalty: 0
TA Assignments (per TA): 0     3
1     3
2     2
3     2
4     2
5     1
6     1
7     3
8     4
9     3
10    1
11    1
12    3
13    2
14    4
15    1
16    2
17    2
18    2
19    1
20    3
21    1
22    3
23    3
24    5
25    1
26    3
27    1
28    2
29    2
30    2
31    2
32    2
33    1
34    0
35    0
36    1
37    3
38    3
39    4
40    3
41    3
42    1
dtype: int64
Overallocation penalty: 43
Time conflicts: 5
TA Counts per Section: 0      5
1      3
2      4
3      5
4      5
5      5
6      4
7      3
8      7
9      5
10    10
11     8
12     4
13     5
14     2
15    11
16     6
dtype: int64
Undersupport penalty: 0
TA Assignments (per TA): 0     3
1     3
2     2
3     2
4     2
5     1
6     1
7     3
8     4
9     3
10    1
11    1
12    3
13    2
14    4
15    1
16    2
17    2
18    2
19    1
20    3
21    1
22    3
23    3
24    5
25    1
26    3
27    1
28    2
29    2
30    2
31    2
32    2
33    1
34    0
35    0
36    1
37    3
38    3
39    4
40    3
41    3
42    1
dtype: int64
Overallocation penalty: 43
Time conflicts: 5
TA Counts per Section: 0      5
1      3
2      4
3      5
4      5
5      5
6      4
7      3
8      7
9      5
10    10
11     8
12     4
13     5
14     2
15    11
16     6
dtype: int64
Undersupport penalty: 0
TA Assignments (per TA): 0     4
1     3
2     2
3     2
4     2
5     1
6     1
7     3
8     4
9     3
10    1
11    1
12    3
13    2
14    4
15    1
16    2
17    2
18    2
19    1
20    3
21    1
22    3
23    3
24    5
25    1
26    3
27    1
28    2
29    2
30    2
31    2
32    2
33    1
34    0
35    0
36    1
37    3
38    3
39    4
40    3
41    3
42    1
dtype: int64
Overallocation penalty: 44
Time conflicts: 5
TA Counts per Section: 0      6
1      3
2      4
3      5
4      5
5      5
6      4
7      3
8      7
9      5
10    10
11     8
12     4
13     5
14     2
15    11
16     6
dtype: int64
Undersupport penalty: 0
TA Assignments (per TA): 0     2
1     3
2     2
3     2
4     2
5     1
6     1
7     3
8     4
9     3
10    1
11    1
12    3
13    2
14    4
15    1
16    2
17    2
18    2
19    1
20    3
21    1
22    3
23    3
24    5
25    1
26    3
27    1
28    2
29    2
30    2
31    2
32    2
33    1
34    0
35    0
36    1
37    3
38    3
39    4
40    3
41    3
42    1
dtype: int64
Overallocation penalty: 42
Time conflicts: 5
TA Counts per Section: 0      4
1      3
2      4
3      5
4      5
5      5
6      4
7      3
8      7
9      5
10    10
11     8
12     4
13     5
14     2
15    11
16     6
dtype: int64
Undersupport penalty: 0
TA Assignments (per TA): 0     9
1     3
2     2
3     2
4     2
5     1
6     1
7     3
8     4
9     3
10    1
11    1
12    3
13    2
14    4
15    1
16    2
17    2
18    2
19    1
20    3
21    1
22    3
23    3
24    5
25    1
26    3
27    1
28    2
29    2
30    2
31    2
32    2
33    1
34    0
35    0
36    1
37    3
38    3
39    4
40    3
41    3
42    1
dtype: int64
Overallocation penalty: 49
Time conflicts: 5
TA Counts per Section: 0     11
1      3
2      4
3      5
4      5
5      5
6      4
7      3
8      7
9      5
10    10
11     8
12     4
13     5
14     2
15    11
16     6
dtype: int64
Undersupport penalty: 0
TA Assignments (per TA): 0     7
1     3
2     2
3     2
4     2
5     1
6     1
7     3
8     4
9     3
10    1
11    1
12    3
13    2
14    4
15    1
16    2
17    2
18    2
19    1
20    3
21    1
22    3
23    3
24    5
25    1
26    3
27    1
28    2
29    2
30    2
31    2
32    2
33    1
34    0
35    0
36    1
37    3
38    3
39    4
40    3
41    3
42    1
dtype: int64
Overallocation penalty: 47
Time conflicts: 5
TA Counts per Section: 0      9
1      3
2      4
3      5
4      5
5      5
6      4
7      3
8      7
9      5
10    10
11     8
12     4
13     5
14     2
15    11
16     6
dtype: int64
Undersupport penalty: 0
TA Assignments (per TA): 0     2
1     3
2     2
3     2
4     2
5     1
6     1
7     3
8     4
9     3
10    1
11    1
12    3
13    2
14    4
15    1
16    2
17    2
18    2
19    1
20    3
21    1
22    3
23    3
24    5
25    1
26    3
27    1
28    2
29    2
30    2
31    2
32    2
33    1
34    0
35    0
36    1
37    3
38    3
39    4
40    3
41    3
42    1
dtype: int64
Overallocation penalty: 42
Time conflicts: 5
TA Counts per Section: 0      4
1      3
2      4
3      5
4      5
5      5
6      4
7      3
8      7
9      5
10    10
11     8
12     4
13     5
14     2
15    11
16     6
dtype: int64
Undersupport penalty: 0
TA Assignments (per TA): 0     9
1     3
2     2
3     2
4     2
5     1
6     1
7     3
8     4
9     3
10    1
11    1
12    3
13    2
14    4
15    1
16    2
17    2
18    2
19    1
20    3
21    1
22    3
23    3
24    5
25    1
26    3
27    1
28    2
29    2
30    2
31    2
32    2
33    1
34    0
35    0
36    1
37    3
38    3
39    4
40    3
41    3
42    1
dtype: int64
Overallocation penalty: 49
Time conflicts: 5
TA Counts per Section: 0     11
1      3
2      4
3      5
4      5
5      5
6      4
7      3
8      7
9      5
10    10
11     8
12     4
13     5
14     2
15    11
16     6
dtype: int64
Undersupport penalty: 0
TA Assignments (per TA): 0     4
1     3
2     2
3     2
4     2
5     1
6     1
7     3
8     4
9     3
10    1
11    1
12    3
13    2
14    4
15    1
16    2
17    2
18    2
19    1
20    3
21    1
22    3
23    3
24    5
25    1
26    3
27    1
28    2
29    2
30    2
31    2
32    2
33    1
34    0
35    0
36    1
37    3
38    3
39    4
40    3
41    3
42    1
dtype: int64
Overallocation penalty: 44
Time conflicts: 5
TA Counts per Section: 0      6
1      3
2      4
3      5
4      5
5      5
6      4
7      3
8      7
9      5
10    10
11     8
12     4
13     5
14     2
15    11
16     6
dtype: int64
Undersupport penalty: 0
TA Assignments (per TA): 0     5
1     3
2     2
3     2
4     2
5     1
6     1
7     3
8     4
9     3
10    1
11    1
12    3
13    2
14    4
15    1
16    2
17    2
18    2
19    1
20    3
21    1
22    3
23    3
24    5
25    1
26    3
27    1
28    2
29    2
30    2
31    2
32    2
33    1
34    0
35    0
36    1
37    3
38    3
39    4
40    3
41    3
42    1
dtype: int64
Overallocation penalty: 45
Time conflicts: 5
TA Counts per Section: 0      7
1      3
2      4
3      5
4      5
5      5
6      4
7      3
8      7
9      5
10    10
11     8
12     4
13     5
14     2
15    11
16     6
dtype: int64
Undersupport penalty: 0
TA Assignments (per TA): 0     10
1      3
2      2
3      2
4      2
5      1
6      1
7      3
8      4
9      3
10     1
11     1
12     3
13     2
14     4
15     1
16     2
17     2
18     2
19     1
20     3
21     1
22     3
23     3
24     5
25     1
26     3
27     1
28     2
29     2
30     2
31     2
32     2
33     1
34     0
35     0
36     1
37     3
38     3
39     4
40     3
41     3
42     1
dtype: int64
Overallocation penalty: 50
Time conflicts: 5
TA Counts per Section: 0     12
1      3
2      4
3      5
4      5
5      5
6      4
7      3
8      7
9      5
10    10
11     8
12     4
13     5
14     2
15    11
16     6
dtype: int64
Undersupport penalty: 0
TA Assignments (per TA): 0     3
1     3
2     2
3     2
4     2
5     1
6     1
7     3
8     4
9     3
10    1
11    1
12    3
13    2
14    4
15    1
16    2
17    2
18    2
19    1
20    3
21    1
22    3
23    3
24    5
25    1
26    3
27    1
28    2
29    2
30    2
31    2
32    2
33    1
34    0
35    0
36    1
37    3
38    3
39    4
40    3
41    3
42    1
dtype: int64
Overallocation penalty: 43
Time conflicts: 5
TA Counts per Section: 0      5
1      3
2      4
3      5
4      5
5      5
6      4
7      3
8      7
9      5
10    10
11     8
12     4
13     5
14     2
15    11
16     6
dtype: int64
Undersupport penalty: 0
TA Assignments (per TA): 0     4
1     3
2     2
3     2
4     2
5     1
6     1
7     3
8     4
9     3
10    1
11    1
12    3
13    2
14    4
15    1
16    2
17    2
18    2
19    1
20    3
21    1
22    3
23    3
24    5
25    1
26    3
27    1
28    2
29    2
30    2
31    2
32    2
33    1
34    0
35    0
36    1
37    3
38    3
39    4
40    3
41    3
42    1
dtype: int64
Overallocation penalty: 44
Time conflicts: 5
TA Counts per Section: 0      6
1      3
2      4
3      5
4      5
5      5
6      4
7      3
8      7
9      5
10    10
11     8
12     4
13     5
14     2
15    11
16     6
dtype: int64
Undersupport penalty: 0
TA Assignments (per TA): 0     10
1      3
2      2
3      2
4      2
5      1
6      1
7      3
8      4
9      3
10     1
11     1
12     3
13     2
14     4
15     1
16     2
17     2
18     2
19     1
20     3
21     1
22     3
23     3
24     5
25     1
26     3
27     1
28     2
29     2
30     2
31     2
32     2
33     1
34     0
35     0
36     1
37     3
38     3
39     4
40     3
41     3
42     1
dtype: int64
Overallocation penalty: 50
Time conflicts: 5
TA Counts per Section: 0     12
1      3
2      4
3      5
4      5
5      5
6      4
7      3
8      7
9      5
10    10
11     8
12     4
13     5
14     2
15    11
16     6
dtype: int64
Undersupport penalty: 0
TA Assignments (per TA): 0     9
1     3
2     2
3     2
4     2
5     1
6     1
7     3
8     4
9     3
10    1
11    1
12    3
13    2
14    4
15    1
16    2
17    2
18    2
19    1
20    3
21    1
22    3
23    3
24    5
25    1
26    3
27    1
28    2
29    2
30    2
31    2
32    2
33    1
34    0
35    0
36    1
37    3
38    3
39    4
40    3
41    3
42    1
dtype: int64
Overallocation penalty: 49
Time conflicts: 5
TA Counts per Section: 0     11
1      3
2      4
3      5
4      5
5      5
6      4
7      3
8      7
9      5
10    10
11     8
12     4
13     5
14     2
15    11
16     6
dtype: int64
Undersupport penalty: 0
TA Assignments (per TA): 0     8
1     3
2     2
3     2
4     2
5     1
6     1
7     3
8     4
9     3
10    1
11    1
12    3
13    2
14    4
15    1
16    2
17    2
18    2
19    1
20    3
21    1
22    3
23    3
24    5
25    1
26    3
27    1
28    2
29    2
30    2
31    2
32    2
33    1
34    0
35    0
36    1
37    3
38    3
39    4
40    3
41    3
42    1
dtype: int64
Overallocation penalty: 48
Time conflicts: 5
TA Counts per Section: 0     10
1      3
2      4
3      5
4      5
5      5
6      4
7      3
8      7
9      5
10    10
11     8
12     4
13     5
14     2
15    11
16     6
dtype: int64
Undersupport penalty: 0
TA Assignments (per TA): 0     10
1      3
2      2
3      2
4      2
5      1
6      1
7      3
8      4
9      3
10     1
11     1
12     3
13     2
14     4
15     1
16     2
17     2
18     2
19     1
20     3
21     1
22     3
23     3
24     5
25     1
26     3
27     1
28     2
29     2
30     2
31     2
32     2
33     1
34     0
35     0
36     1
37     3
38     3
39     4
40     3
41     3
42     1
dtype: int64
Overallocation penalty: 50
Time conflicts: 5
TA Counts per Section: 0     12
1      3
2      4
3      5
4      5
5      5
6      4
7      3
8      7
9      5
10    10
11     8
12     4
13     5
14     2
15    11
16     6
dtype: int64
Undersupport penalty: 0
TA Assignments (per TA): 0     7
1     3
2     2
3     2
4     2
5     1
6     1
7     3
8     4
9     3
10    1
11    1
12    3
13    2
14    4
15    1
16    2
17    2
18    2
19    1
20    3
21    1
22    3
23    3
24    5
25    1
26    3
27    1
28    2
29    2
30    2
31    2
32    2
33    1
34    0
35    0
36    1
37    3
38    3
39    4
40    3
41    3
42    1
dtype: int64
Overallocation penalty: 47
Time conflicts: 5
TA Counts per Section: 0      9
1      3
2      4
3      5
4      5
5      5
6      4
7      3
8      7
9      5
10    10
11     8
12     4
13     5
14     2
15    11
16     6
dtype: int64
Undersupport penalty: 0
TA Assignments (per TA): 0     4
1     3
2     2
3     2
4     2
5     1
6     1
7     3
8     4
9     3
10    1
11    1
12    3
13    2
14    4
15    1
16    2
17    2
18    2
19    1
20    3
21    1
22    3
23    3
24    5
25    1
26    3
27    1
28    2
29    2
30    2
31    2
32    2
33    1
34    0
35    0
36    1
37    3
38    3
39    4
40    3
41    3
42    1
dtype: int64
Overallocation penalty: 44
Time conflicts: 5
TA Counts per Section: 0      6
1      3
2      4
3      5
4      5
5      5
6      4
7      3
8      7
9      5
10    10
11     8
12     4
13     5
14     2
15    11
16     6
dtype: int64
Undersupport penalty: 0
TA Assignments (per TA): 0     5
1     3
2     2
3     2
4     2
5     1
6     1
7     3
8     4
9     3
10    1
11    1
12    3
13    2
14    4
15    1
16    2
17    2
18    2
19    1
20    3
21    1
22    3
23    3
24    5
25    1
26    3
27    1
28    2
29    2
30    2
31    2
32    2
33    1
34    0
35    0
36    1
37    3
38    3
39    4
40    3
41    3
42    1
dtype: int64
Overallocation penalty: 45
Time conflicts: 5
TA Counts per Section: 0      7
1      3
2      4
3      5
4      5
5      5
6      4
7      3
8      7
9      5
10    10
11     8
12     4
13     5
14     2
15    11
16     6
dtype: int64
Undersupport penalty: 0
TA Assignments (per TA): 0     3
1     3
2     2
3     2
4     2
5     1
6     1
7     3
8     4
9     3
10    1
11    1
12    3
13    2
14    4
15    1
16    2
17    2
18    2
19    1
20    3
21    1
22    3
23    3
24    5
25    1
26    3
27    1
28    2
29    2
30    2
31    2
32    2
33    1
34    0
35    0
36    1
37    3
38    3
39    4
40    3
41    3
42    1
dtype: int64
Overallocation penalty: 43
Time conflicts: 5
TA Counts per Section: 0      5
1      3
2      4
3      5
4      5
5      5
6      4
7      3
8      7
9      5
10    10
11     8
12     4
13     5
14     2
15    11
16     6
dtype: int64
Undersupport penalty: 0
TA Assignments (per TA): 0     3
1     3
2     2
3     2
4     2
5     1
6     1
7     3
8     4
9     3
10    1
11    1
12    3
13    2
14    4
15    1
16    2
17    2
18    2
19    1
20    3
21    1
22    3
23    3
24    5
25    1
26    3
27    1
28    2
29    2
30    2
31    2
32    2
33    1
34    0
35    0
36    1
37    3
38    3
39    4
40    3
41    3
42    1
dtype: int64
Overallocation penalty: 43
Time conflicts: 5
TA Counts per Section: 0      5
1      3
2      4
3      5
4      5
5      5
6      4
7      3
8      7
9      5
10    10
11     8
12     4
13     5
14     2
15    11
16     6
dtype: int64
Undersupport penalty: 0
TA Assignments (per TA): 0     11
1      3
2      2
3      2
4      2
5      1
6      1
7      3
8      4
9      3
10     1
11     1
12     3
13     2
14     4
15     1
16     2
17     2
18     2
19     1
20     3
21     1
22     3
23     3
24     5
25     1
26     3
27     1
28     2
29     2
30     2
31     2
32     2
33     1
34     0
35     0
36     1
37     3
38     3
39     4
40     3
41     3
42     1
dtype: int64
Overallocation penalty: 51
Time conflicts: 5
TA Counts per Section: 0     13
1      3
2      4
3      5
4      5
5      5
6      4
7      3
8      7
9      5
10    10
11     8
12     4
13     5
14     2
15    11
16     6
dtype: int64
Undersupport penalty: 0
TA Assignments (per TA): 0     10
1      3
2      2
3      2
4      2
5      1
6      1
7      3
8      4
9      3
10     1
11     1
12     3
13     2
14     4
15     1
16     2
17     2
18     2
19     1
20     3
21     1
22     3
23     3
24     5
25     1
26     3
27     1
28     2
29     2
30     2
31     2
32     2
33     1
34     0
35     0
36     1
37     3
38     3
39     4
40     3
41     3
42     1
dtype: int64
Overallocation penalty: 50
Time conflicts: 5
TA Counts per Section: 0     12
1      3
2      4
3      5
4      5
5      5
6      4
7      3
8      7
9      5
10    10
11     8
12     4
13     5
14     2
15    11
16     6
dtype: int64
Undersupport penalty: 0
TA Assignments (per TA): 0     7
1     3
2     2
3     2
4     2
5     1
6     1
7     3
8     4
9     3
10    1
11    1
12    3
13    2
14    4
15    1
16    2
17    2
18    2
19    1
20    3
21    1
22    3
23    3
24    5
25    1
26    3
27    1
28    2
29    2
30    2
31    2
32    2
33    1
34    0
35    0
36    1
37    3
38    3
39    4
40    3
41    3
42    1
dtype: int64
Overallocation penalty: 47
Time conflicts: 5
TA Counts per Section: 0      9
1      3
2      4
3      5
4      5
5      5
6      4
7      3
8      7
9      5
10    10
11     8
12     4
13     5
14     2
15    11
16     6
dtype: int64
Undersupport penalty: 0
TA Assignments (per TA): 0     2
1     3
2     2
3     2
4     2
5     1
6     1
7     3
8     4
9     3
10    1
11    1
12    3
13    2
14    4
15    1
16    2
17    2
18    2
19    1
20    3
21    1
22    3
23    3
24    5
25    1
26    3
27    1
28    2
29    2
30    2
31    2
32    2
33    1
34    0
35    0
36    1
37    3
38    3
39    4
40    3
41    3
42    1
dtype: int64
Overallocation penalty: 42
Time conflicts: 5
TA Counts per Section: 0      4
1      3
2      4
3      5
4      5
5      5
6      4
7      3
8      7
9      5
10    10
11     8
12     4
13     5
14     2
15    11
16     6
dtype: int64
Undersupport penalty: 0
TA Assignments (per TA): 0     3
1     3
2     2
3     2
4     2
5     1
6     1
7     3
8     4
9     3
10    1
11    1
12    3
13    2
14    4
15    1
16    2
17    2
18    2
19    1
20    3
21    1
22    3
23    3
24    5
25    1
26    3
27    1
28    2
29    2
30    2
31    2
32    2
33    1
34    0
35    0
36    1
37    3
38    3
39    4
40    3
41    3
42    1
dtype: int64
Overallocation penalty: 43
Time conflicts: 5
TA Counts per Section: 0      5
1      3
2      4
3      5
4      5
5      5
6      4
7      3
8      7
9      5
10    10
11     8
12     4
13     5
14     2
15    11
16     6
dtype: int64
Undersupport penalty: 0
TA Assignments (per TA): 0     2
1     3
2     2
3     2
4     2
5     1
6     1
7     3
8     4
9     3
10    1
11    1
12    3
13    2
14    4
15    1
16    2
17    2
18    2
19    1
20    3
21    1
22    3
23    3
24    5
25    1
26    3
27    1
28    2
29    2
30    2
31    2
32    2
33    1
34    0
35    0
36    1
37    3
38    3
39    4
40    3
41    3
42    1
dtype: int64
Overallocation penalty: 42
Time conflicts: 5
TA Counts per Section: 0      4
1      3
2      4
3      5
4      5
5      5
6      4
7      3
8      7
9      5
10    10
11     8
12     4
13     5
14     2
15    11
16     6
dtype: int64
Undersupport penalty: 0
TA Assignments (per TA): 0     3
1     3
2     2
3     2
4     2
5     1
6     1
7     3
8     4
9     3
10    1
11    1
12    3
13    2
14    4
15    1
16    2
17    2
18    2
19    1
20    3
21    1
22    3
23    3
24    5
25    1
26    3
27    1
28    2
29    2
30    2
31    2
32    2
33    1
34    0
35    0
36    1
37    3
38    3
39    4
40    3
41    3
42    1
dtype: int64
Overallocation penalty: 43
Time conflicts: 5
TA Counts per Section: 0      5
1      3
2      4
3      5
4      5
5      5
6      4
7      3
8      7
9      5
10    10
11     8
12     4
13     5
14     2
15    11
16     6
dtype: int64
Undersupport penalty: 0
TA Assignments (per TA): 0     4
1     3
2     2
3     2
4     2
5     1
6     1
7     3
8     4
9     3
10    1
11    1
12    3
13    2
14    4
15    1
16    2
17    2
18    2
19    1
20    3
21    1
22    3
23    3
24    5
25    1
26    3
27    1
28    2
29    2
30    2
31    2
32    2
33    1
34    0
35    0
36    1
37    3
38    3
39    4
40    3
41    3
42    1
dtype: int64
Overallocation penalty: 44
Time conflicts: 5
TA Counts per Section: 0      6
1      3
2      4
3      5
4      5
5      5
6      4
7      3
8      7
9      5
10    10
11     8
12     4
13     5
14     2
15    11
16     6
dtype: int64
Undersupport penalty: 0
TA Assignments (per TA): 0     4
1     3
2     2
3     2
4     2
5     1
6     1
7     3
8     4
9     3
10    1
11    1
12    3
13    2
14    4
15    1
16    2
17    2
18    2
19    1
20    3
21    1
22    3
23    3
24    5
25    1
26    3
27    1
28    2
29    2
30    2
31    2
32    2
33    1
34    0
35    0
36    1
37    3
38    3
39    4
40    3
41    3
42    1
dtype: int64
Overallocation penalty: 44
Time conflicts: 5
TA Counts per Section: 0      6
1      3
2      4
3      5
4      5
5      5
6      4
7      3
8      7
9      5
10    10
11     8
12     4
13     5
14     2
15    11
16     6
dtype: int64
Undersupport penalty: 0
TA Assignments (per TA): 0     5
1     3
2     2
3     2
4     2
5     1
6     1
7     3
8     4
9     3
10    1
11    1
12    3
13    2
14    4
15    1
16    2
17    2
18    2
19    1
20    3
21    1
22    3
23    3
24    5
25    1
26    3
27    1
28    2
29    2
30    2
31    2
32    2
33    1
34    0
35    0
36    1
37    3
38    3
39    4
40    3
41    3
42    1
dtype: int64
Overallocation penalty: 45
Time conflicts: 5
TA Counts per Section: 0      7
1      3
2      4
3      5
4      5
5      5
6      4
7      3
8      7
9      5
10    10
11     8
12     4
13     5
14     2
15    11
16     6
dtype: int64
Undersupport penalty: 0
TA Assignments (per TA): 0     2
1     3
2     2
3     2
4     2
5     1
6     1
7     3
8     4
9     3
10    1
11    1
12    3
13    2
14    4
15    1
16    2
17    2
18    2
19    1
20    3
21    1
22    3
23    3
24    5
25    1
26    3
27    1
28    2
29    2
30    2
31    2
32    2
33    1
34    0
35    0
36    1
37    3
38    3
39    4
40    3
41    3
42    1
dtype: int64
Overallocation penalty: 42
Time conflicts: 5
TA Counts per Section: 0      4
1      3
2      4
3      5
4      5
5      5
6      4
7      3
8      7
9      5
10    10
11     8
12     4
13     5
14     2
15    11
16     6
dtype: int64
Undersupport penalty: 0
TA Assignments (per TA): 0     5
1     3
2     2
3     2
4     2
5     1
6     1
7     3
8     4
9     3
10    1
11    1
12    3
13    2
14    4
15    1
16    2
17    2
18    2
19    1
20    3
21    1
22    3
23    3
24    5
25    1
26    3
27    1
28    2
29    2
30    2
31    2
32    2
33    1
34    0
35    0
36    1
37    3
38    3
39    4
40    3
41    3
42    1
dtype: int64
Overallocation penalty: 45
Time conflicts: 5
TA Counts per Section: 0      7
1      3
2      4
3      5
4      5
5      5
6      4
7      3
8      7
9      5
10    10
11     8
12     4
13     5
14     2
15    11
16     6
dtype: int64
Undersupport penalty: 0
TA Assignments (per TA): 0     5
1     3
2     2
3     2
4     2
5     1
6     1
7     3
8     4
9     3
10    1
11    1
12    3
13    2
14    4
15    1
16    2
17    2
18    2
19    1
20    3
21    1
22    3
23    3
24    5
25    1
26    3
27    1
28    2
29    2
30    2
31    2
32    2
33    1
34    0
35    0
36    1
37    3
38    3
39    4
40    3
41    3
42    1
dtype: int64
Overallocation penalty: 45
Time conflicts: 5
TA Counts per Section: 0      7
1      3
2      4
3      5
4      5
5      5
6      4
7      3
8      7
9      5
10    10
11     8
12     4
13     5
14     2
15    11
16     6
dtype: int64
Undersupport penalty: 0
TA Assignments (per TA): 0     5
1     3
2     2
3     2
4     2
5     1
6     1
7     3
8     4
9     3
10    1
11    1
12    3
13    2
14    4
15    1
16    2
17    2
18    2
19    1
20    3
21    1
22    3
23    3
24    5
25    1
26    3
27    1
28    2
29    2
30    2
31    2
32    2
33    1
34    0
35    0
36    1
37    3
38    3
39    4
40    3
41    3
42    1
dtype: int64
Overallocation penalty: 45
Time conflicts: 5
TA Counts per Section: 0      7
1      3
2      4
3      5
4      5
5      5
6      4
7      3
8      7
9      5
10    10
11     8
12     4
13     5
14     2
15    11
16     6
dtype: int64
Undersupport penalty: 0
TA Assignments (per TA): 0     6
1     3
2     2
3     2
4     2
5     1
6     1
7     3
8     4
9     3
10    1
11    1
12    3
13    2
14    4
15    1
16    2
17    2
18    2
19    1
20    3
21    1
22    3
23    3
24    5
25    1
26    3
27    1
28    2
29    2
30    2
31    2
32    2
33    1
34    0
35    0
36    1
37    3
38    3
39    4
40    3
41    3
42    1
dtype: int64
Overallocation penalty: 46
Time conflicts: 5
TA Counts per Section: 0      8
1      3
2      4
3      5
4      5
5      5
6      4
7      3
8      7
9      5
10    10
11     8
12     4
13     5
14     2
15    11
16     6
dtype: int64
Undersupport penalty: 0
TA Assignments (per TA): 0     5
1     3
2     2
3     2
4     2
5     1
6     1
7     3
8     4
9     3
10    1
11    1
12    3
13    2
14    4
15    1
16    2
17    2
18    2
19    1
20    3
21    1
22    3
23    3
24    5
25    1
26    3
27    1
28    2
29    2
30    2
31    2
32    2
33    1
34    0
35    0
36    1
37    3
38    3
39    4
40    3
41    3
42    1
dtype: int64
Overallocation penalty: 45
Time conflicts: 5
TA Counts per Section: 0      7
1      3
2      4
3      5
4      5
5      5
6      4
7      3
8      7
9      5
10    10
11     8
12     4
13     5
14     2
15    11
16     6
dtype: int64
Undersupport penalty: 0
TA Assignments (per TA): 0     4
1     3
2     2
3     2
4     2
5     1
6     1
7     3
8     4
9     3
10    1
11    1
12    3
13    2
14    4
15    1
16    2
17    2
18    2
19    1
20    3
21    1
22    3
23    3
24    5
25    1
26    3
27    1
28    2
29    2
30    2
31    2
32    2
33    1
34    0
35    0
36    1
37    3
38    3
39    4
40    3
41    3
42    1
dtype: int64
Overallocation penalty: 44
Time conflicts: 5
TA Counts per Section: 0      6
1      3
2      4
3      5
4      5
5      5
6      4
7      3
8      7
9      5
10    10
11     8
12     4
13     5
14     2
15    11
16     6
dtype: int64
Undersupport penalty: 0
TA Assignments (per TA): 0     7
1     3
2     2
3     2
4     2
5     1
6     1
7     3
8     4
9     3
10    1
11    1
12    3
13    2
14    4
15    1
16    2
17    2
18    2
19    1
20    3
21    1
22    3
23    3
24    5
25    1
26    3
27    1
28    2
29    2
30    2
31    2
32    2
33    1
34    0
35    0
36    1
37    3
38    3
39    4
40    3
41    3
42    1
dtype: int64
Overallocation penalty: 47
Time conflicts: 5
TA Counts per Section: 0      9
1      3
2      4
3      5
4      5
5      5
6      4
7      3
8      7
9      5
10    10
11     8
12     4
13     5
14     2
15    11
16     6
dtype: int64
Undersupport penalty: 0
TA Assignments (per TA): 0     6
1     3
2     2
3     2
4     2
5     1
6     1
7     3
8     4
9     3
10    1
11    1
12    3
13    2
14    4
15    1
16    2
17    2
18    2
19    1
20    3
21    1
22    3
23    3
24    5
25    1
26    3
27    1
28    2
29    2
30    2
31    2
32    2
33    1
34    0
35    0
36    1
37    3
38    3
39    4
40    3
41    3
42    1
dtype: int64
Overallocation penalty: 46
Time conflicts: 5
TA Counts per Section: 0      8
1      3
2      4
3      5
4      5
5      5
6      4
7      3
8      7
9      5
10    10
11     8
12     4
13     5
14     2
15    11
16     6
dtype: int64
Undersupport penalty: 0
TA Assignments (per TA): 0     5
1     3
2     2
3     2
4     2
5     1
6     1
7     3
8     4
9     3
10    1
11    1
12    3
13    2
14    4
15    1
16    2
17    2
18    2
19    1
20    3
21    1
22    3
23    3
24    5
25    1
26    3
27    1
28    2
29    2
30    2
31    2
32    2
33    1
34    0
35    0
36    1
37    3
38    3
39    4
40    3
41    3
42    1
dtype: int64
Overallocation penalty: 45
Time conflicts: 5
TA Counts per Section: 0      7
1      3
2      4
3      5
4      5
5      5
6      4
7      3
8      7
9      5
10    10
11     8
12     4
13     5
14     2
15    11
16     6
dtype: int64
Undersupport penalty: 0
TA Assignments (per TA): 0     5
1     3
2     2
3     2
4     2
5     1
6     1
7     3
8     4
9     3
10    1
11    1
12    3
13    2
14    4
15    1
16    2
17    2
18    2
19    1
20    3
21    1
22    3
23    3
24    5
25    1
26    3
27    1
28    2
29    2
30    2
31    2
32    2
33    1
34    0
35    0
36    1
37    3
38    3
39    4
40    3
41    3
42    1
dtype: int64
Overallocation penalty: 45
Time conflicts: 5
TA Counts per Section: 0      7
1      3
2      4
3      5
4      5
5      5
6      4
7      3
8      7
9      5
10    10
11     8
12     4
13     5
14     2
15    11
16     6
dtype: int64
Undersupport penalty: 0
TA Assignments (per TA): 0     4
1     3
2     2
3     2
4     2
5     1
6     1
7     3
8     4
9     3
10    1
11    1
12    3
13    2
14    4
15    1
16    2
17    2
18    2
19    1
20    3
21    1
22    3
23    3
24    5
25    1
26    3
27    1
28    2
29    2
30    2
31    2
32    2
33    1
34    0
35    0
36    1
37    3
38    3
39    4
40    3
41    3
42    1
dtype: int64
Overallocation penalty: 44
Time conflicts: 5
TA Counts per Section: 0      6
1      3
2      4
3      5
4      5
5      5
6      4
7      3
8      7
9      5
10    10
11     8
12     4
13     5
14     2
15    11
16     6
dtype: int64
Undersupport penalty: 0
TA Assignments (per TA): 0     3
1     3
2     2
3     2
4     2
5     1
6     1
7     3
8     4
9     3
10    1
11    1
12    3
13    2
14    4
15    1
16    2
17    2
18    2
19    1
20    3
21    1
22    3
23    3
24    5
25    1
26    3
27    1
28    2
29    2
30    2
31    2
32    2
33    1
34    0
35    0
36    1
37    3
38    3
39    4
40    3
41    3
42    1
dtype: int64
Overallocation penalty: 43
Time conflicts: 5
TA Counts per Section: 0      5
1      3
2      4
3      5
4      5
5      5
6      4
7      3
8      7
9      5
10    10
11     8
12     4
13     5
14     2
15    11
16     6
dtype: int64
Undersupport penalty: 0
TA Assignments (per TA): 0     7
1     3
2     2
3     2
4     2
5     1
6     1
7     3
8     4
9     3
10    1
11    1
12    3
13    2
14    4
15    1
16    2
17    2
18    2
19    1
20    3
21    1
22    3
23    3
24    5
25    1
26    3
27    1
28    2
29    2
30    2
31    2
32    2
33    1
34    0
35    0
36    1
37    3
38    3
39    4
40    3
41    3
42    1
dtype: int64
Overallocation penalty: 47
Time conflicts: 5
TA Counts per Section: 0      9
1      3
2      4
3      5
4      5
5      5
6      4
7      3
8      7
9      5
10    10
11     8
12     4
13     5
14     2
15    11
16     6
dtype: int64
Undersupport penalty: 0
TA Assignments (per TA): 0     3
1     3
2     2
3     2
4     2
5     1
6     1
7     3
8     4
9     3
10    1
11    1
12    3
13    2
14    4
15    1
16    2
17    2
18    2
19    1
20    3
21    1
22    3
23    3
24    5
25    1
26    3
27    1
28    2
29    2
30    2
31    2
32    2
33    1
34    0
35    0
36    1
37    3
38    3
39    4
40    3
41    3
42    1
dtype: int64
Overallocation penalty: 43
Time conflicts: 5
TA Counts per Section: 0      5
1      3
2      4
3      5
4      5
5      5
6      4
7      3
8      7
9      5
10    10
11     8
12     4
13     5
14     2
15    11
16     6
dtype: int64
Undersupport penalty: 0
TA Assignments (per TA): 0     3
1     3
2     2
3     2
4     2
5     1
6     1
7     3
8     4
9     3
10    1
11    1
12    3
13    2
14    4
15    1
16    2
17    2
18    2
19    1
20    3
21    1
22    3
23    3
24    5
25    1
26    3
27    1
28    2
29    2
30    2
31    2
32    2
33    1
34    0
35    0
36    1
37    3
38    3
39    4
40    3
41    3
42    1
dtype: int64
Overallocation penalty: 43
Time conflicts: 5
TA Counts per Section: 0      5
1      3
2      4
3      5
4      5
5      5
6      4
7      3
8      7
9      5
10    10
11     8
12     4
13     5
14     2
15    11
16     6
dtype: int64
Undersupport penalty: 0
TA Assignments (per TA): 0     3
1     3
2     2
3     2
4     2
5     1
6     1
7     3
8     4
9     3
10    1
11    1
12    3
13    2
14    4
15    1
16    2
17    2
18    2
19    1
20    3
21    1
22    3
23    3
24    5
25    1
26    3
27    1
28    2
29    2
30    2
31    2
32    2
33    1
34    0
35    0
36    1
37    3
38    3
39    4
40    3
41    3
42    1
dtype: int64
Overallocation penalty: 43
Time conflicts: 5
TA Counts per Section: 0      5
1      3
2      4
3      5
4      5
5      5
6      4
7      3
8      7
9      5
10    10
11     8
12     4
13     5
14     2
15    11
16     6
dtype: int64
Undersupport penalty: 0
TA Assignments (per TA): 0     3
1     3
2     2
3     2
4     2
5     1
6     1
7     3
8     4
9     3
10    1
11    1
12    3
13    2
14    4
15    1
16    2
17    2
18    2
19    1
20    3
21    1
22    3
23    3
24    5
25    1
26    3
27    1
28    2
29    2
30    2
31    2
32    2
33    1
34    0
35    0
36    1
37    3
38    3
39    4
40    3
41    3
42    1
dtype: int64
Overallocation penalty: 43
Time conflicts: 5
TA Counts per Section: 0      5
1      3
2      4
3      5
4      5
5      5
6      4
7      3
8      7
9      5
10    10
11     8
12     4
13     5
14     2
15    11
16     6
dtype: int64
Undersupport penalty: 0
TA Assignments (per TA): 0     3
1     3
2     2
3     2
4     2
5     1
6     1
7     3
8     4
9     3
10    1
11    1
12    3
13    2
14    4
15    1
16    2
17    2
18    2
19    1
20    3
21    1
22    3
23    3
24    5
25    1
26    3
27    1
28    2
29    2
30    2
31    2
32    2
33    1
34    0
35    0
36    1
37    3
38    3
39    4
40    3
41    3
42    1
dtype: int64
Overallocation penalty: 43
Time conflicts: 5
TA Counts per Section: 0      5
1      3
2      4
3      5
4      5
5      5
6      4
7      3
8      7
9      5
10    10
11     8
12     4
13     5
14     2
15    11
16     6
dtype: int64
Undersupport penalty: 0
Time limit of 15 seconds reached.
Non-dominated solutions have been saved to non_dominated_solutions.csv

test_assignta.py::test_calculate_overallocation PASSED                   [ 33%]TA Assignments (per TA): 0     1
1     3
2     2
3     2
4     2
5     1
6     1
7     3
8     4
9     3
10    1
11    1
12    3
13    2
14    4
15    1
16    2
17    2
18    2
19    1
20    3
21    1
22    3
23    3
24    5
25    1
26    3
27    1
28    2
29    2
30    2
31    2
32    2
33    1
34    0
35    0
36    1
37    3
38    3
39    4
40    3
41    3
42    1
dtype: int64
Overallocation penalty: 41

test_assignta.py::test_calculate_conflicts PASSED                        [ 50%]Time conflicts: 5

test_assignta.py::test_calculate_undersupport PASSED                     [ 66%]TA Counts per Section: 0      3
1      3
2      4
3      5
4      5
5      5
6      4
7      3
8      7
9      5
10    10
11     8
12     4
13     5
14     2
15    11
16     6
dtype: int64
Undersupport penalty: 0

test_assignta.py::test_calculate_unwilling PASSED                        [ 83%]
test_assignta.py::test_calculate_unpreferred PASSED                      [100%]

============================== 6 passed in 15.13s ==============================


